{"Type":"Monkey","MonkeyStepsCount":1,"Time":"2026-06-19 04:11:54.415","Info":"{\"act\":\"CLICK\",\"adbinput\":false,\"aid\":\"g0a8\",\"allowFuzzing\":true,\"clear\":false,\"editable\":false,\"jAction\":\"\",\"pos\":[837,143,969,275],\"rawinput\":false,\"sid\":\"\",\"text\":\"\",\"throttle\":26,\"waitTime\":0,\"widget\":\"{\\\"bounds\\\":\\\"[837,143][969,275]\\\",\\\"class\\\":\\\"android.widget.Button\\\",\\\"content-desc\\\":\\\"Sort\\\",\\\"index\\\":1,\\\"resource-id\\\":\\\"it.feio.android.omninotes.alpha:id\/menu_sort\\\",\\\"text\\\":\\\"\\\"}\"}","Screenshot":""}
{"Type":"Monkey","MonkeyStepsCount":2,"Time":"2026-06-19 04:11:54.868","Info":"{\"act\":\"SCROLL_BOTTOM_UP\",\"adbinput\":false,\"aid\":\"g0a4\",\"allowFuzzing\":true,\"clear\":false,\"editable\":false,\"jAction\":\"\",\"pos\":[422,144,1036,672],\"rawinput\":false,\"sid\":\"\",\"text\":\"\",\"throttle\":85,\"waitTime\":0,\"widget\":\"{\\\"bounds\\\":\\\"[422,144][1036,672]\\\",\\\"class\\\":\\\"android.widget.FrameLayout\\\",\\\"content-desc\\\":\\\"\\\",\\\"index\\\":0,\\\"resource-id\\\":\\\"\\\",\\\"text\\\":\\\"\\\"}\"}","Screenshot":""}
{"Type":"Monkey","MonkeyStepsCount":3,"Time":"2026-06-19 04:11:55.503","Info":"{\"act\":\"SCROLL_TOP_DOWN\",\"adbinput\":false,\"aid\":\"g0a3\",\"allowFuzzing\":true,\"clear\":false,\"editable\":false,\"jAction\":\"\",\"pos\":[422,144,1036,672],\"rawinput\":false,\"sid\":\"\",\"text\":\"\",\"throttle\":85,\"waitTime\":0,\"widget\":\"{\\\"bounds\\\":\\\"[422,144][1036,672]\\\",\\\"class\\\":\\\"android.widget.FrameLayout\\\",\\\"content-desc\\\":\\\"\\\",\\\"index\\\":0,\\\"resource-id\\\":\\\"\\\",\\\"text\\\":\\\"\\\"}\"}","Screenshot":""}
{"Type":"Monkey","MonkeyStepsCount":4,"Time":"2026-06-19 04:11:56.111","Info":"{\"act\":\"CLICK\",\"adbinput\":false,\"aid\":\"g0a14\",\"allowFuzzing\":true,\"clear\":false,\"editable\":false,\"jAction\":\"\",\"pos\":[904,166,1036,298],\"rawinput\":false,\"sid\":\"\",\"text\":\"\",\"throttle\":43,\"waitTime\":0,\"widget\":\"{\\\"bounds\\\":\\\"[904,166][1036,298]\\\",\\\"class\\\":\\\"android.widget.RadioButton\\\",\\\"content-desc\\\":\\\"\\\",\\\"index\\\":1,\\\"resource-id\\\":\\\"it.feio.android.omninotes.alpha:id\/radio\\\",\\\"text\\\":\\\"\\\"}\"}","Screenshot":""}
{"Type":"Monkey","MonkeyStepsCount":5,"Time":"2026-06-19 04:11:56.462","Info":"{\"act\":\"SCROLL_LEFT_RIGHT\",\"adbinput\":false,\"aid\":\"g0a5\",\"allowFuzzing\":true,\"clear\":false,\"editable\":false,\"jAction\":\"\",\"pos\":[0,0,1080,2016],\"rawinput\":false,\"sid\":\"\",\"text\":\"\",\"throttle\":83,\"waitTime\":0,\"widget\":\"{\\\"bounds\\\":\\\"[0,0][1080,2016]\\\",\\\"class\\\":\\\"android.widget.FrameLayout\\\",\\\"content-desc\\\":\\\"\\\",\\\"index\\\":0,\\\"resource-id\\\":\\\"\\\",\\\"text\\\":\\\"\\\"}\"}","Screenshot":""}
{"Type":"ScriptInfo","MonkeyStepsCount":5,"Time":"2026-06-19 04:11:57.105","Info":"{\"propName\":\"omni938.OmninotesCategory.test_create_note_with_new_category\",\"startStepsCount\":5,\"state\":\"start\"}","Screenshot":""}
{"Type":"Script","MonkeyStepsCount":5,"Time":"2026-06-19 04:11:57.277","Info":"{\"jsonrpc\": \"2.0\", \"id\": 1, \"method\": \"click\", \"params\": [957.0, 1969.5]}","Screenshot":""}
{"Type":"Script","MonkeyStepsCount":5,"Time":"2026-06-19 04:11:58.086","Info":"{\"jsonrpc\": \"2.0\", \"id\": 1, \"method\": \"click\", \"params\": [957.5, 1832.5]}","Screenshot":""}
{"Type":"Script","MonkeyStepsCount":5,"Time":"2026-06-19 04:11:58.867","Info":"{\"jsonrpc\": \"2.0\", \"id\": 1, \"method\": \"setText\", \"params\": [{\"mask\": 2097152, \"childOrSibling\": [], \"childOrSiblingSelector\": [], \"resourceId\": \"it.feio.android.omninotes.alpha:id\/detail_title\"}, \"HOw7IM\"]}","Screenshot":""}
{"Type":"Script","MonkeyStepsCount":5,"Time":"2026-06-19 04:11:59.100","Info":"{\"jsonrpc\": \"2.0\", \"id\": 1, \"method\": \"setText\", \"params\": [{\"mask\": 2097152, \"childOrSibling\": [], \"childOrSiblingSelector\": [], \"resourceId\": \"it.feio.android.omninotes.alpha:id\/detail_content\"}, \"test content\"]}","Screenshot":""}
{"Type":"Script","MonkeyStepsCount":5,"Time":"2026-06-19 04:11:59.821","Info":"{\"jsonrpc\": \"2.0\", \"id\": 1, \"method\": \"click\", \"params\": [639.0, 209.0]}","Screenshot":""}
{"Type":"Script","MonkeyStepsCount":5,"Time":"2026-06-19 04:12:00.628","Info":"{\"jsonrpc\": \"2.0\", \"id\": 1, \"method\": \"click\", \"params\": [768.5, 1215.0]}","Screenshot":""}
{"Type":"Script","MonkeyStepsCount":5,"Time":"2026-06-19 04:12:01.410","Info":"{\"jsonrpc\": \"2.0\", \"id\": 1, \"method\": \"setText\", \"params\": [{\"mask\": 2097152, \"childOrSibling\": [], \"childOrSiblingSelector\": [], \"resourceId\": \"it.feio.android.omninotes.alpha:id\/category_title\"}, \"rXFHz\"]}","Screenshot":""}
{"Type":"Script","MonkeyStepsCount":5,"Time":"2026-06-19 04:12:01.691","Info":"{\"jsonrpc\": \"2.0\", \"id\": 1, \"method\": \"click\", \"params\": [659.5, 1409.5]}","Screenshot":""}
{"Type":"Script","MonkeyStepsCount":5,"Time":"2026-06-19 04:12:02.548","Info":"{\"jsonrpc\": \"2.0\", \"id\": 1, \"method\": \"click\", \"params\": [77.0, 209.0]}","Screenshot":""}
{"Type":"ScriptInfo","MonkeyStepsCount":5,"Time":"2026-06-19 04:12:03.330","Info":"{\"propName\":\"omni938.OmninotesCategory.test_create_note_with_new_category\",\"startStepsCount\":5,\"state\":\"pass\"}","Screenshot":""}
{"Type":"ScriptInfo","MonkeyStepsCount":5,"Time":"2026-06-19 04:12:03.670","Info":"{\"propName\":\"omni938.OmninotesCategory.test_category_count_accuracy\",\"startStepsCount\":5,\"state\":\"start\"}","Screenshot":""}
{"Type":"Script","MonkeyStepsCount":5,"Time":"2026-06-19 04:12:03.855","Info":"{\"jsonrpc\": \"2.0\", \"id\": 1, \"method\": \"click\", \"params\": [77.0, 209.0]}","Screenshot":""}
{"Type":"Script","MonkeyStepsCount":5,"Time":"2026-06-19 04:12:05.538","Info":"{\"jsonrpc\": \"2.0\", \"id\": 1, \"method\": \"pressKey\", \"params\": [\"back\"]}","Screenshot":""}
{"Type":"Script","MonkeyStepsCount":5,"Time":"2026-06-19 04:12:06.273","Info":"{\"jsonrpc\": \"2.0\", \"id\": 1, \"method\": \"click\", \"params\": [536.0, 357.5]}","Screenshot":""}
{"Type":"Script","MonkeyStepsCount":5,"Time":"2026-06-19 04:12:07.130","Info":"{\"jsonrpc\": \"2.0\", \"id\": 1, \"method\": \"click\", \"params\": [639.0, 209.0]}","Screenshot":""}
{"Type":"Script","MonkeyStepsCount":5,"Time":"2026-06-19 04:12:08.160","Info":"{\"jsonrpc\": \"2.0\", \"id\": 1, \"method\": \"pressKey\", \"params\": [\"back\"]}","Screenshot":""}
{"Type":"Script","MonkeyStepsCount":5,"Time":"2026-06-19 04:12:09.891","Info":"{\"jsonrpc\": \"2.0\", \"id\": 1, \"method\": \"pressKey\", \"params\": [\"back\"]}","Screenshot":""}
{"Type":"ScriptInfo","MonkeyStepsCount":5,"Time":"2026-06-19 04:12:10.464","Info":"{\"propName\":\"omni938.OmninotesCategory.test_category_count_accuracy\",\"startStepsCount\":5,\"state\":\"fail\"}","Screenshot":""}
{"Type":"ScriptInfo","MonkeyStepsCount":5,"Time":"2026-06-19 04:12:10.748","Info":"{\"propName\":\"omni938.OmninotesCategory.test_create_note_without_category\",\"startStepsCount\":5,\"state\":\"start\"}","Screenshot":""}
{"Type":"Script","MonkeyStepsCount":5,"Time":"2026-06-19 04:12:10.917","Info":"{\"jsonrpc\": \"2.0\", \"id\": 1, \"method\": \"click\", \"params\": [957.0, 1969.5]}","Screenshot":""}
{"Type":"Script","MonkeyStepsCount":5,"Time":"2026-06-19 04:12:11.885","Info":"{\"jsonrpc\": \"2.0\", \"id\": 1, \"method\": \"click\", \"params\": [957.5, 1832.5]}","Screenshot":""}
{"Type":"Script","MonkeyStepsCount":5,"Time":"2026-06-19 04:12:12.659","Info":"{\"jsonrpc\": \"2.0\", \"id\": 1, \"method\": \"setText\", \"params\": [{\"mask\": 2097152, \"childOrSibling\": [], \"childOrSiblingSelector\": [], \"resourceId\": \"it.feio.android.omninotes.alpha:id\/detail_title\"}, \"0m5Ut5D\"]}","Screenshot":""}
{"Type":"Script","MonkeyStepsCount":5,"Time":"2026-06-19 04:12:12.845","Info":"{\"jsonrpc\": \"2.0\", \"id\": 1, \"method\": \"setText\", \"params\": [{\"mask\": 2097152, \"childOrSibling\": [], \"childOrSiblingSelector\": [], \"resourceId\": \"it.feio.android.omninotes.alpha:id\/detail_content\"}, \"test content\"]}","Screenshot":""}
{"Type":"Script","MonkeyStepsCount":5,"Time":"2026-06-19 04:12:13.447","Info":"{\"jsonrpc\": \"2.0\", \"id\": 1, \"method\": \"pressKey\", \"params\": [\"back\"]}","Screenshot":""}
{"Type":"ScriptInfo","MonkeyStepsCount":5,"Time":"2026-06-19 04:12:14.106","Info":"{\"propName\":\"omni938.OmninotesCategory.test_create_note_without_category\",\"startStepsCount\":5,\"state\":\"pass\"}","Screenshot":""}
{"Type":"ScriptInfo","MonkeyStepsCount":5,"Time":"2026-06-19 04:12:14.396","Info":"{\"propName\":\"omni938.OmninotesCategory.test_behavior_setting\",\"startStepsCount\":5,\"state\":\"start\"}","Screenshot":""}
{"Type":"Script","MonkeyStepsCount":5,"Time":"2026-06-19 04:12:14.758","Info":"{\"jsonrpc\": \"2.0\", \"id\": 1, \"method\": \"click\", \"params\": [77.0, 209.0]}","Screenshot":""}
{"Type":"Script","MonkeyStepsCount":5,"Time":"2026-06-19 04:12:15.563","Info":"{\"jsonrpc\": \"2.0\", \"id\": 1, \"method\": \"click\", \"params\": [478.5, 819.0]}","Screenshot":""}
{"Type":"Script","MonkeyStepsCount":5,"Time":"2026-06-19 04:12:16.437","Info":"{\"jsonrpc\": \"2.0\", \"id\": 1, \"method\": \"click\", \"params\": [140.5, 941.5]}","Screenshot":""}
{"Type":"Script","MonkeyStepsCount":5,"Time":"2026-06-19 04:12:17.293","Info":"{\"jsonrpc\": \"2.0\", \"id\": 1, \"method\": \"click\", \"params\": [972.0, 559.0]}","Screenshot":""}
{"Type":"Script","MonkeyStepsCount":5,"Time":"2026-06-19 04:12:18.080","Info":"{\"jsonrpc\": \"2.0\", \"id\": 1, \"method\": \"click\", \"params\": [972.0, 559.0]}","Screenshot":""}
{"Type":"Script","MonkeyStepsCount":5,"Time":"2026-06-19 04:12:18.820","Info":"{\"jsonrpc\": \"2.0\", \"id\": 1, \"method\": \"pressKey\", \"params\": [\"back\"]}","Screenshot":""}
{"Type":"Script","MonkeyStepsCount":5,"Time":"2026-06-19 04:12:19.423","Info":"{\"jsonrpc\": \"2.0\", \"id\": 1, \"method\": \"pressKey\", \"params\": [\"back\"]}","Screenshot":""}
{"Type":"Script","MonkeyStepsCount":5,"Time":"2026-06-19 04:12:20.654","Info":"{\"jsonrpc\": \"2.0\", \"id\": 1, \"method\": \"pressKey\", \"params\": [\"back\"]}","Screenshot":""}
{"Type":"ScriptInfo","MonkeyStepsCount":5,"Time":"2026-06-19 04:12:21.230","Info":"{\"propName\":\"omni938.OmninotesCategory.test_behavior_setting\",\"startStepsCount\":5,\"state\":\"pass\"}","Screenshot":""}
{"Type":"ScriptInfo","MonkeyStepsCount":5,"Time":"2026-06-19 04:12:21.542","Info":"{\"propName\":\"omni938.OmninotesCategory.test_data_setting\",\"startStepsCount\":5,\"state\":\"start\"}","Screenshot":""}
{"Type":"Script","MonkeyStepsCount":5,"Time":"2026-06-19 04:12:21.729","Info":"{\"jsonrpc\": \"2.0\", \"id\": 1, \"method\": \"click\", \"params\": [77.0, 209.0]}","Screenshot":""}
{"Type":"Script","MonkeyStepsCount":5,"Time":"2026-06-19 04:12:22.572","Info":"{\"jsonrpc\": \"2.0\", \"id\": 1, \"method\": \"click\", \"params\": [478.5, 819.0]}","Screenshot":""}
{"Type":"Script","MonkeyStepsCount":5,"Time":"2026-06-19 04:12:23.507","Info":"{\"jsonrpc\": \"2.0\", \"id\": 1, \"method\": \"click\", \"params\": [89.5, 500.5]}","Screenshot":""}
{"Type":"Script","MonkeyStepsCount":5,"Time":"2026-06-19 04:12:24.365","Info":"{\"jsonrpc\": \"2.0\", \"id\": 1, \"method\": \"click\", \"params\": [222.5, 359.5]}","Screenshot":""}
{"Type":"Script","MonkeyStepsCount":5,"Time":"2026-06-19 04:12:25.070","Info":"{\"jsonrpc\": \"2.0\", \"id\": 1, \"method\": \"pressKey\", \"params\": [\"back\"]}","Screenshot":""}
{"Type":"Script","MonkeyStepsCount":5,"Time":"2026-06-19 04:12:25.649","Info":"{\"jsonrpc\": \"2.0\", \"id\": 1, \"method\": \"pressKey\", \"params\": [\"back\"]}","Screenshot":""}
{"Type":"Script","MonkeyStepsCount":5,"Time":"2026-06-19 04:12:26.225","Info":"{\"jsonrpc\": \"2.0\", \"id\": 1, \"method\": \"pressKey\", \"params\": [\"back\"]}","Screenshot":""}
{"Type":"Script","MonkeyStepsCount":5,"Time":"2026-06-19 04:12:27.415","Info":"{\"jsonrpc\": \"2.0\", \"id\": 1, \"method\": \"pressKey\", \"params\": [\"back\"]}","Screenshot":""}
{"Type":"ScriptInfo","MonkeyStepsCount":5,"Time":"2026-06-19 04:12:28.011","Info":"{\"propName\":\"omni938.OmninotesCategory.test_data_setting\",\"startStepsCount\":5,\"state\":\"pass\"}","Screenshot":""}
{"Type":"ScriptInfo","MonkeyStepsCount":5,"Time":"2026-06-19 04:12:28.391","Info":"{\"propName\":\"omni938.OmninotesCategory.test_create_note_without_category\",\"startStepsCount\":5,\"state\":\"start\"}","Screenshot":""}
{"Type":"Script","MonkeyStepsCount":5,"Time":"2026-06-19 04:12:28.593","Info":"{\"jsonrpc\": \"2.0\", \"id\": 1, \"method\": \"click\", \"params\": [957.0, 1969.5]}","Screenshot":""}
{"Type":"Script","MonkeyStepsCount":5,"Time":"2026-06-19 04:12:29.433","Info":"{\"jsonrpc\": \"2.0\", \"id\": 1, \"method\": \"click\", \"params\": [957.5, 1832.5]}","Screenshot":""}
{"Type":"Script","MonkeyStepsCount":5,"Time":"2026-06-19 04:12:30.174","Info":"{\"jsonrpc\": \"2.0\", \"id\": 1, \"method\": \"setText\", \"params\": [{\"mask\": 2097152, \"childOrSibling\": [], \"childOrSiblingSelector\": [], \"resourceId\": \"it.feio.android.omninotes.alpha:id\/detail_title\"}, \"sV1e\"]}","Screenshot":""}
{"Type":"Script","MonkeyStepsCount":5,"Time":"2026-06-19 04:12:30.445","Info":"{\"jsonrpc\": \"2.0\", \"id\": 1, \"method\": \"setText\", \"params\": [{\"mask\": 2097152, \"childOrSibling\": [], \"childOrSiblingSelector\": [], \"resourceId\": \"it.feio.android.omninotes.alpha:id\/detail_content\"}, \"test content\"]}","Screenshot":""}
{"Type":"Script","MonkeyStepsCount":5,"Time":"2026-06-19 04:12:31.068","Info":"{\"jsonrpc\": \"2.0\", \"id\": 1, \"method\": \"pressKey\", \"params\": [\"back\"]}","Screenshot":""}
{"Type":"ScriptInfo","MonkeyStepsCount":5,"Time":"2026-06-19 04:12:31.736","Info":"{\"propName\":\"omni938.OmninotesCategory.test_create_note_without_category\",\"startStepsCount\":5,\"state\":\"pass\"}","Screenshot":""}
{"Type":"Monkey","MonkeyStepsCount":6,"Time":"2026-06-19 04:12:32.063","Info":"{\"act\":\"CLICK\",\"adbinput\":false,\"aid\":\"g0a7\",\"allowFuzzing\":true,\"clear\":false,\"editable\":false,\"jAction\":\"\",\"pos\":[705,143,837,275],\"rawinput\":false,\"sid\":\"\",\"text\":\"\",\"throttle\":83,\"waitTime\":0,\"widget\":\"{\\\"bounds\\\":\\\"[705,143][837,275]\\\",\\\"class\\\":\\\"android.widget.Button\\\",\\\"content-desc\\\":\\\"Search\\\",\\\"index\\\":0,\\\"resource-id\\\":\\\"it.feio.android.omninotes.alpha:id\/menu_search\\\",\\\"text\\\":\\\"\\\"}\"}","Screenshot":""}
{"Type":"ScriptInfo","MonkeyStepsCount":6,"Time":"2026-06-19 04:12:32.515","Info":"{\"propName\":\"omni938.OmninotesCategory.test_create_note_without_category\",\"startStepsCount\":6,\"state\":\"start\"}","Screenshot":""}
{"Type":"Script","MonkeyStepsCount":6,"Time":"2026-06-19 04:12:33.046","Info":"{\"jsonrpc\": \"2.0\", \"id\": 1, \"method\": \"click\", \"params\": [957.0, 1969.5]}","Screenshot":""}
{"Type":"Script","MonkeyStepsCount":6,"Time":"2026-06-19 04:12:33.912","Info":"{\"jsonrpc\": \"2.0\", \"id\": 1, \"method\": \"click\", \"params\": [957.5, 1832.5]}","Screenshot":""}
{"Type":"Script","MonkeyStepsCount":6,"Time":"2026-06-19 04:12:34.695","Info":"{\"jsonrpc\": \"2.0\", \"id\": 1, \"method\": \"setText\", \"params\": [{\"mask\": 2097152, \"childOrSibling\": [], \"childOrSiblingSelector\": [], \"resourceId\": \"it.feio.android.omninotes.alpha:id\/detail_title\"}, \"ib1OzE\"]}","Screenshot":""}
{"Type":"Script","MonkeyStepsCount":6,"Time":"2026-06-19 04:12:34.896","Info":"{\"jsonrpc\": \"2.0\", \"id\": 1, \"method\": \"setText\", \"params\": [{\"mask\": 2097152, \"childOrSibling\": [], \"childOrSiblingSelector\": [], \"resourceId\": \"it.feio.android.omninotes.alpha:id\/detail_content\"}, \"test content\"]}","Screenshot":""}
{"Type":"Script","MonkeyStepsCount":6,"Time":"2026-06-19 04:12:35.565","Info":"{\"jsonrpc\": \"2.0\", \"id\": 1, \"method\": \"pressKey\", \"params\": [\"back\"]}","Screenshot":""}
{"Type":"ScriptInfo","MonkeyStepsCount":6,"Time":"2026-06-19 04:12:36.221","Info":"{\"propName\":\"omni938.OmninotesCategory.test_create_note_without_category\",\"startStepsCount\":6,\"state\":\"pass\"}","Screenshot":""}
{"Type":"ScriptInfo","MonkeyStepsCount":6,"Time":"2026-06-19 04:12:36.517","Info":"{\"propName\":\"omni938.OmninotesCategory.test_reduced_view\",\"startStepsCount\":6,\"state\":\"start\"}","Screenshot":""}
{"Type":"Script","MonkeyStepsCount":6,"Time":"2026-06-19 04:12:36.689","Info":"{\"jsonrpc\": \"2.0\", \"id\": 1, \"method\": \"click\", \"params\": [1024.5, 209.0]}","Screenshot":""}
{"Type":"Script","MonkeyStepsCount":6,"Time":"2026-06-19 04:12:37.619","Info":"{\"jsonrpc\": \"2.0\", \"id\": 1, \"method\": \"click\", \"params\": [799.5, 231.5]}","Screenshot":""}
{"Type":"Script","MonkeyStepsCount":6,"Time":"2026-06-19 04:12:38.418","Info":"{\"jsonrpc\": \"2.0\", \"id\": 1, \"method\": \"click\", \"params\": [1024.5, 209.0]}","Screenshot":""}
{"Type":"Script","MonkeyStepsCount":6,"Time":"2026-06-19 04:12:39.238","Info":"{\"jsonrpc\": \"2.0\", \"id\": 1, \"method\": \"click\", \"params\": [799.5, 231.5]}","Screenshot":""}
{"Type":"ScriptInfo","MonkeyStepsCount":6,"Time":"2026-06-19 04:12:39.962","Info":"{\"propName\":\"omni938.OmninotesCategory.test_reduced_view\",\"startStepsCount\":6,\"state\":\"pass\"}","Screenshot":""}
{"Type":"ScriptInfo","MonkeyStepsCount":6,"Time":"2026-06-19 04:12:40.276","Info":"{\"propName\":\"omni938.OmninotesCategory.test_reduced_view\",\"startStepsCount\":6,\"state\":\"start\"}","Screenshot":""}
{"Type":"Script","MonkeyStepsCount":6,"Time":"2026-06-19 04:12:40.403","Info":"{\"jsonrpc\": \"2.0\", \"id\": 1, \"method\": \"click\", \"params\": [1024.5, 209.0]}","Screenshot":""}
{"Type":"Script","MonkeyStepsCount":6,"Time":"2026-06-19 04:12:41.270","Info":"{\"jsonrpc\": \"2.0\", \"id\": 1, \"method\": \"click\", \"params\": [799.5, 231.5]}","Screenshot":""}
{"Type":"Script","MonkeyStepsCount":6,"Time":"2026-06-19 04:12:42.143","Info":"{\"jsonrpc\": \"2.0\", \"id\": 1, \"method\": \"click\", \"params\": [1024.5, 209.0]}","Screenshot":""}
{"Type":"Script","MonkeyStepsCount":6,"Time":"2026-06-19 04:12:42.904","Info":"{\"jsonrpc\": \"2.0\", \"id\": 1, \"method\": \"click\", \"params\": [799.5, 231.5]}","Screenshot":""}
{"Type":"ScriptInfo","MonkeyStepsCount":6,"Time":"2026-06-19 04:12:43.589","Info":"{\"propName\":\"omni938.OmninotesCategory.test_reduced_view\",\"startStepsCount\":6,\"state\":\"pass\"}","Screenshot":""}
{"Type":"ScriptInfo","MonkeyStepsCount":6,"Time":"2026-06-19 04:12:43.869","Info":"{\"propName\":\"omni938.OmninotesCategory.test_category_count_accuracy\",\"startStepsCount\":6,\"state\":\"start\"}","Screenshot":""}
{"Type":"Script","MonkeyStepsCount":6,"Time":"2026-06-19 04:12:44.074","Info":"{\"jsonrpc\": \"2.0\", \"id\": 1, \"method\": \"click\", \"params\": [77.0, 209.0]}","Screenshot":""}
{"Type":"Script","MonkeyStepsCount":6,"Time":"2026-06-19 04:12:45.427","Info":"{\"jsonrpc\": \"2.0\", \"id\": 1, \"method\": \"pressKey\", \"params\": [\"back\"]}","Screenshot":""}
{"Type":"Script","MonkeyStepsCount":6,"Time":"2026-06-19 04:12:46.097","Info":"{\"jsonrpc\": \"2.0\", \"id\": 1, \"method\": \"click\", \"params\": [536.0, 957.5]}","Screenshot":""}
{"Type":"Script","MonkeyStepsCount":6,"Time":"2026-06-19 04:12:47.018","Info":"{\"jsonrpc\": \"2.0\", \"id\": 1, \"method\": \"click\", \"params\": [639.0, 209.0]}","Screenshot":""}
{"Type":"Script","MonkeyStepsCount":6,"Time":"2026-06-19 04:12:48.106","Info":"{\"jsonrpc\": \"2.0\", \"id\": 1, \"method\": \"pressKey\", \"params\": [\"back\"]}","Screenshot":""}
{"Type":"Script","MonkeyStepsCount":6,"Time":"2026-06-19 04:12:49.845","Info":"{\"jsonrpc\": \"2.0\", \"id\": 1, \"method\": \"pressKey\", \"params\": [\"back\"]}","Screenshot":""}
{"Type":"ScriptInfo","MonkeyStepsCount":6,"Time":"2026-06-19 04:12:50.447","Info":"{\"propName\":\"omni938.OmninotesCategory.test_category_count_accuracy\",\"startStepsCount\":6,\"state\":\"pass\"}","Screenshot":""}
{"Type":"ScriptInfo","MonkeyStepsCount":6,"Time":"2026-06-19 04:12:50.742","Info":"{\"propName\":\"omni938.OmninotesCategory.test_create_note_with_new_category\",\"startStepsCount\":6,\"state\":\"start\"}","Screenshot":""}
{"Type":"Script","MonkeyStepsCount":6,"Time":"2026-06-19 04:12:50.897","Info":"{\"jsonrpc\": \"2.0\", \"id\": 1, \"method\": \"click\", \"params\": [957.0, 1969.5]}","Screenshot":""}
{"Type":"Script","MonkeyStepsCount":6,"Time":"2026-06-19 04:12:51.890","Info":"{\"jsonrpc\": \"2.0\", \"id\": 1, \"method\": \"click\", \"params\": [957.5, 1832.5]}","Screenshot":""}
{"Type":"Script","MonkeyStepsCount":6,"Time":"2026-06-19 04:12:52.683","Info":"{\"jsonrpc\": \"2.0\", \"id\": 1, \"method\": \"setText\", \"params\": [{\"mask\": 2097152, \"childOrSibling\": [], \"childOrSiblingSelector\": [], \"resourceId\": \"it.feio.android.omninotes.alpha:id\/detail_title\"}, \"AMvYHFucum\"]}","Screenshot":""}
{"Type":"Script","MonkeyStepsCount":6,"Time":"2026-06-19 04:12:52.855","Info":"{\"jsonrpc\": \"2.0\", \"id\": 1, \"method\": \"setText\", \"params\": [{\"mask\": 2097152, \"childOrSibling\": [], \"childOrSiblingSelector\": [], \"resourceId\": \"it.feio.android.omninotes.alpha:id\/detail_content\"}, \"test content\"]}","Screenshot":""}
{"Type":"Script","MonkeyStepsCount":6,"Time":"2026-06-19 04:12:53.668","Info":"{\"jsonrpc\": \"2.0\", \"id\": 1, \"method\": \"click\", \"params\": [639.0, 209.0]}","Screenshot":""}
{"Type":"Script","MonkeyStepsCount":6,"Time":"2026-06-19 04:12:54.527","Info":"{\"jsonrpc\": \"2.0\", \"id\": 1, \"method\": \"click\", \"params\": [768.5, 1273.0]}","Screenshot":""}
{"Type":"Script","MonkeyStepsCount":6,"Time":"2026-06-19 04:12:55.308","Info":"{\"jsonrpc\": \"2.0\", \"id\": 1, \"method\": \"setText\", \"params\": [{\"mask\": 2097152, \"childOrSibling\": [], \"childOrSiblingSelector\": [], \"resourceId\": \"it.feio.android.omninotes.alpha:id\/category_title\"}, \"MEzz8\"]}","Screenshot":""}
{"Type":"Script","MonkeyStepsCount":6,"Time":"2026-06-19 04:12:55.591","Info":"{\"jsonrpc\": \"2.0\", \"id\": 1, \"method\": \"click\", \"params\": [659.5, 1409.5]}","Screenshot":""}
{"Type":"Script","MonkeyStepsCount":6,"Time":"2026-06-19 04:12:56.417","Info":"{\"jsonrpc\": \"2.0\", \"id\": 1, \"method\": \"click\", \"params\": [77.0, 209.0]}","Screenshot":""}
{"Type":"ScriptInfo","MonkeyStepsCount":6,"Time":"2026-06-19 04:12:57.259","Info":"{\"propName\":\"omni938.OmninotesCategory.test_create_note_with_new_category\",\"startStepsCount\":6,\"state\":\"pass\"}","Screenshot":""}
{"Type":"ScriptInfo","MonkeyStepsCount":6,"Time":"2026-06-19 04:12:57.704","Info":"{\"propName\":\"omni938.OmninotesCategory.test_reduced_view\",\"startStepsCount\":6,\"state\":\"start\"}","Screenshot":""}
{"Type":"Script","MonkeyStepsCount":6,"Time":"2026-06-19 04:12:57.853","Info":"{\"jsonrpc\": \"2.0\", \"id\": 1, \"method\": \"click\", \"params\": [1024.5, 209.0]}","Screenshot":""}
{"Type":"Script","MonkeyStepsCount":6,"Time":"2026-06-19 04:12:59.022","Info":"{\"jsonrpc\": \"2.0\", \"id\": 1, \"method\": \"click\", \"params\": [799.5, 231.5]}","Screenshot":""}
{"Type":"Script","MonkeyStepsCount":6,"Time":"2026-06-19 04:12:59.867","Info":"{\"jsonrpc\": \"2.0\", \"id\": 1, \"method\": \"click\", \"params\": [1024.5, 209.0]}","Screenshot":""}
{"Type":"Script","MonkeyStepsCount":6,"Time":"2026-06-19 04:13:00.680","Info":"{\"jsonrpc\": \"2.0\", \"id\": 1, \"method\": \"click\", \"params\": [799.5, 231.5]}","Screenshot":""}
{"Type":"ScriptInfo","MonkeyStepsCount":6,"Time":"2026-06-19 04:13:01.361","Info":"{\"propName\":\"omni938.OmninotesCategory.test_reduced_view\",\"startStepsCount\":6,\"state\":\"pass\"}","Screenshot":""}
{"Type":"ScriptInfo","MonkeyStepsCount":6,"Time":"2026-06-19 04:13:01.734","Info":"{\"propName\":\"omni938.OmninotesCategory.test_create_note_without_category\",\"startStepsCount\":6,\"state\":\"start\"}","Screenshot":""}
{"Type":"Script","MonkeyStepsCount":6,"Time":"2026-06-19 04:13:01.890","Info":"{\"jsonrpc\": \"2.0\", \"id\": 1, \"method\": \"click\", \"params\": [957.0, 1969.5]}","Screenshot":""}
{"Type":"Script","MonkeyStepsCount":6,"Time":"2026-06-19 04:13:02.754","Info":"{\"jsonrpc\": \"2.0\", \"id\": 1, \"method\": \"click\", \"params\": [957.5, 1832.5]}","Screenshot":""}
{"Type":"Script","MonkeyStepsCount":6,"Time":"2026-06-19 04:13:03.580","Info":"{\"jsonrpc\": \"2.0\", \"id\": 1, \"method\": \"setText\", \"params\": [{\"mask\": 2097152, \"childOrSibling\": [], \"childOrSiblingSelector\": [], \"resourceId\": \"it.feio.android.omninotes.alpha:id\/detail_title\"}, \"9kxAHpbiuA\"]}","Screenshot":""}
{"Type":"Script","MonkeyStepsCount":6,"Time":"2026-06-19 04:13:03.816","Info":"{\"jsonrpc\": \"2.0\", \"id\": 1, \"method\": \"setText\", \"params\": [{\"mask\": 2097152, \"childOrSibling\": [], \"childOrSiblingSelector\": [], \"resourceId\": \"it.feio.android.omninotes.alpha:id\/detail_content\"}, \"test content\"]}","Screenshot":""}
{"Type":"Script","MonkeyStepsCount":6,"Time":"2026-06-19 04:13:04.488","Info":"{\"jsonrpc\": \"2.0\", \"id\": 1, \"method\": \"pressKey\", \"params\": [\"back\"]}","Screenshot":""}
{"Type":"ScriptInfo","MonkeyStepsCount":6,"Time":"2026-06-19 04:13:05.141","Info":"{\"propName\":\"omni938.OmninotesCategory.test_create_note_without_category\",\"startStepsCount\":6,\"state\":\"pass\"}","Screenshot":""}
{"Type":"Monkey","MonkeyStepsCount":7,"Time":"2026-06-19 04:13:05.497","Info":"{\"act\":\"CLICK\",\"adbinput\":false,\"aid\":\"g0a2\",\"allowFuzzing\":true,\"clear\":false,\"editable\":false,\"jAction\":\"\",\"pos\":[0,132,154,286],\"rawinput\":false,\"sid\":\"\",\"text\":\"\",\"throttle\":62,\"waitTime\":0,\"widget\":\"{\\\"bounds\\\":\\\"[0,132][154,286]\\\",\\\"class\\\":\\\"android.widget.ImageButton\\\",\\\"content-desc\\\":\\\"drawer open\\\",\\\"index\\\":0,\\\"resource-id\\\":\\\"\\\",\\\"text\\\":\\\"\\\"}\"}","Screenshot":""}
{"Type":"ScriptInfo","MonkeyStepsCount":7,"Time":"2026-06-19 04:13:06.201","Info":"{\"propName\":\"omni938.OmninotesCategory.test_create_note_without_category\",\"startStepsCount\":7,\"state\":\"start\"}","Screenshot":""}
{"Type":"Script","MonkeyStepsCount":7,"Time":"2026-06-19 04:13:06.576","Info":"{\"jsonrpc\": \"2.0\", \"id\": 1, \"method\": \"click\", \"params\": [957.0, 1969.5]}","Screenshot":""}
{"Type":"Script","MonkeyStepsCount":7,"Time":"2026-06-19 04:13:16.515","Info":"{\"jsonrpc\": \"2.0\", \"id\": 1, \"method\": \"click\", \"params\": [957.5, 1832.5]}","Screenshot":""}
{"Type":"Script","MonkeyStepsCount":7,"Time":"2026-06-19 04:13:17.338","Info":"{\"jsonrpc\": \"2.0\", \"id\": 1, \"method\": \"setText\", \"params\": [{\"mask\": 2097152, \"childOrSibling\": [], \"childOrSiblingSelector\": [], \"resourceId\": \"it.feio.android.omninotes.alpha:id\/detail_title\"}, \"HH8s3\"]}","Screenshot":""}
{"Type":"Script","MonkeyStepsCount":7,"Time":"2026-06-19 04:13:17.577","Info":"{\"jsonrpc\": \"2.0\", \"id\": 1, \"method\": \"setText\", \"params\": [{\"mask\": 2097152, \"childOrSibling\": [], \"childOrSiblingSelector\": [], \"resourceId\": \"it.feio.android.omninotes.alpha:id\/detail_content\"}, \"test content\"]}","Screenshot":""}
{"Type":"Script","MonkeyStepsCount":7,"Time":"2026-06-19 04:13:18.253","Info":"{\"jsonrpc\": \"2.0\", \"id\": 1, \"method\": \"pressKey\", \"params\": [\"back\"]}","Screenshot":""}
{"Type":"ScriptInfo","MonkeyStepsCount":7,"Time":"2026-06-19 04:13:18.984","Info":"{\"propName\":\"omni938.OmninotesCategory.test_create_note_without_category\",\"startStepsCount\":7,\"state\":\"pass\"}","Screenshot":""}
{"Type":"ScriptInfo","MonkeyStepsCount":7,"Time":"2026-06-19 04:13:19.291","Info":"{\"propName\":\"omni938.OmninotesCategory.test_reduced_view\",\"startStepsCount\":7,\"state\":\"start\"}","Screenshot":""}
{"Type":"Script","MonkeyStepsCount":7,"Time":"2026-06-19 04:13:19.471","Info":"{\"jsonrpc\": \"2.0\", \"id\": 1, \"method\": \"click\", \"params\": [1024.5, 209.0]}","Screenshot":""}
{"Type":"Script","MonkeyStepsCount":7,"Time":"2026-06-19 04:13:20.607","Info":"{\"jsonrpc\": \"2.0\", \"id\": 1, \"method\": \"click\", \"params\": [799.5, 231.5]}","Screenshot":""}
{"Type":"Script","MonkeyStepsCount":7,"Time":"2026-06-19 04:13:21.471","Info":"{\"jsonrpc\": \"2.0\", \"id\": 1, \"method\": \"click\", \"params\": [1024.5, 209.0]}","Screenshot":""}
{"Type":"Script","MonkeyStepsCount":7,"Time":"2026-06-19 04:13:22.296","Info":"{\"jsonrpc\": \"2.0\", \"id\": 1, \"method\": \"click\", \"params\": [799.5, 231.5]}","Screenshot":""}
{"Type":"ScriptInfo","MonkeyStepsCount":7,"Time":"2026-06-19 04:13:22.998","Info":"{\"propName\":\"omni938.OmninotesCategory.test_reduced_view\",\"startStepsCount\":7,\"state\":\"pass\"}","Screenshot":""}
{"Type":"ScriptInfo","MonkeyStepsCount":7,"Time":"2026-06-19 04:13:23.325","Info":"{\"propName\":\"omni938.OmninotesCategory.test_reduced_view\",\"startStepsCount\":7,\"state\":\"start\"}","Screenshot":""}
{"Type":"Script","MonkeyStepsCount":7,"Time":"2026-06-19 04:13:23.483","Info":"{\"jsonrpc\": \"2.0\", \"id\": 1, \"method\": \"click\", \"params\": [1024.5, 209.0]}","Screenshot":""}
{"Type":"Script","MonkeyStepsCount":7,"Time":"2026-06-19 04:13:24.408","Info":"{\"jsonrpc\": \"2.0\", \"id\": 1, \"method\": \"click\", \"params\": [799.5, 231.5]}","Screenshot":""}
{"Type":"Script","MonkeyStepsCount":7,"Time":"2026-06-19 04:13:25.211","Info":"{\"jsonrpc\": \"2.0\", \"id\": 1, \"method\": \"click\", \"params\": [1024.5, 209.0]}","Screenshot":""}
{"Type":"Script","MonkeyStepsCount":7,"Time":"2026-06-19 04:13:25.990","Info":"{\"jsonrpc\": \"2.0\", \"id\": 1, \"method\": \"click\", \"params\": [799.5, 231.5]}","Screenshot":""}
{"Type":"ScriptInfo","MonkeyStepsCount":7,"Time":"2026-06-19 04:13:26.645","Info":"{\"propName\":\"omni938.OmninotesCategory.test_reduced_view\",\"startStepsCount\":7,\"state\":\"pass\"}","Screenshot":""}
{"Type":"Monkey","MonkeyStepsCount":8,"Time":"2026-06-19 04:13:26.958","Info":"{\"act\":\"CLICK\",\"adbinput\":false,\"aid\":\"g0a2\",\"allowFuzzing\":true,\"clear\":false,\"editable\":false,\"jAction\":\"\",\"pos\":[0,132,154,286],\"rawinput\":false,\"sid\":\"\",\"text\":\"\",\"throttle\":71,\"waitTime\":0,\"widget\":\"{\\\"bounds\\\":\\\"[0,132][154,286]\\\",\\\"class\\\":\\\"android.widget.ImageButton\\\",\\\"content-desc\\\":\\\"drawer open\\\",\\\"index\\\":0,\\\"resource-id\\\":\\\"\\\",\\\"text\\\":\\\"\\\"}\"}","Screenshot":""}
{"Type":"ScriptInfo","MonkeyStepsCount":8,"Time":"2026-06-19 04:13:27.517","Info":"{\"propName\":\"omni938.OmninotesCategory.test_reduced_view\",\"startStepsCount\":8,\"state\":\"start\"}","Screenshot":""}
{"Type":"Script","MonkeyStepsCount":8,"Time":"2026-06-19 04:13:27.672","Info":"{\"jsonrpc\": \"2.0\", \"id\": 1, \"method\": \"click\", \"params\": [1024.5, 209.0]}","Screenshot":""}
{"Type":"Script","MonkeyStepsCount":8,"Time":"2026-06-19 04:13:34.579","Info":"{\"jsonrpc\": \"2.0\", \"id\": 1, \"method\": \"click\", \"params\": [799.5, 231.5]}","Screenshot":""}
{"Type":"Script","MonkeyStepsCount":8,"Time":"2026-06-19 04:13:35.451","Info":"{\"jsonrpc\": \"2.0\", \"id\": 1, \"method\": \"click\", \"params\": [1024.5, 209.0]}","Screenshot":""}
{"Type":"Script","MonkeyStepsCount":8,"Time":"2026-06-19 04:13:36.247","Info":"{\"jsonrpc\": \"2.0\", \"id\": 1, \"method\": \"click\", \"params\": [799.5, 231.5]}","Screenshot":""}
{"Type":"ScriptInfo","MonkeyStepsCount":8,"Time":"2026-06-19 04:13:36.910","Info":"{\"propName\":\"omni938.OmninotesCategory.test_reduced_view\",\"startStepsCount\":8,\"state\":\"pass\"}","Screenshot":""}
{"Type":"ScriptInfo","MonkeyStepsCount":8,"Time":"2026-06-19 04:13:37.253","Info":"{\"propName\":\"omni938.OmninotesCategory.test_reduced_view\",\"startStepsCount\":8,\"state\":\"start\"}","Screenshot":""}
{"Type":"Script","MonkeyStepsCount":8,"Time":"2026-06-19 04:13:37.409","Info":"{\"jsonrpc\": \"2.0\", \"id\": 1, \"method\": \"click\", \"params\": [1024.5, 209.0]}","Screenshot":""}
{"Type":"Script","MonkeyStepsCount":8,"Time":"2026-06-19 04:13:38.585","Info":"{\"jsonrpc\": \"2.0\", \"id\": 1, \"method\": \"click\", \"params\": [799.5, 231.5]}","Screenshot":""}
{"Type":"Script","MonkeyStepsCount":8,"Time":"2026-06-19 04:13:39.408","Info":"{\"jsonrpc\": \"2.0\", \"id\": 1, \"method\": \"click\", \"params\": [1024.5, 209.0]}","Screenshot":""}
{"Type":"Script","MonkeyStepsCount":8,"Time":"2026-06-19 04:13:40.205","Info":"{\"jsonrpc\": \"2.0\", \"id\": 1, \"method\": \"click\", \"params\": [799.5, 231.5]}","Screenshot":""}
{"Type":"ScriptInfo","MonkeyStepsCount":8,"Time":"2026-06-19 04:13:40.938","Info":"{\"propName\":\"omni938.OmninotesCategory.test_reduced_view\",\"startStepsCount\":8,\"state\":\"pass\"}","Screenshot":""}
{"Type":"ScriptInfo","MonkeyStepsCount":8,"Time":"2026-06-19 04:13:41.236","Info":"{\"propName\":\"omni938.OmninotesCategory.test_category_count_accuracy\",\"startStepsCount\":8,\"state\":\"start\"}","Screenshot":""}
{"Type":"Script","MonkeyStepsCount":8,"Time":"2026-06-19 04:13:41.377","Info":"{\"jsonrpc\": \"2.0\", \"id\": 1, \"method\": \"click\", \"params\": [77.0, 209.0]}","Screenshot":""}
{"Type":"Script","MonkeyStepsCount":8,"Time":"2026-06-19 04:13:43.375","Info":"{\"jsonrpc\": \"2.0\", \"id\": 1, \"method\": \"pressKey\", \"params\": [\"back\"]}","Screenshot":""}
{"Type":"Script","MonkeyStepsCount":8,"Time":"2026-06-19 04:13:44.150","Info":"{\"jsonrpc\": \"2.0\", \"id\": 1, \"method\": \"click\", \"params\": [536.0, 1257.5]}","Screenshot":""}
{"Type":"Script","MonkeyStepsCount":8,"Time":"2026-06-19 04:13:44.988","Info":"{\"jsonrpc\": \"2.0\", \"id\": 1, \"method\": \"click\", \"params\": [639.0, 209.0]}","Screenshot":""}
{"Type":"Script","MonkeyStepsCount":8,"Time":"2026-06-19 04:13:46.322","Info":"{\"jsonrpc\": \"2.0\", \"id\": 1, \"method\": \"pressKey\", \"params\": [\"back\"]}","Screenshot":""}
{"Type":"Script","MonkeyStepsCount":8,"Time":"2026-06-19 04:13:48.070","Info":"{\"jsonrpc\": \"2.0\", \"id\": 1, \"method\": \"pressKey\", \"params\": [\"back\"]}","Screenshot":""}
{"Type":"ScriptInfo","MonkeyStepsCount":8,"Time":"2026-06-19 04:13:48.646","Info":"{\"propName\":\"omni938.OmninotesCategory.test_category_count_accuracy\",\"startStepsCount\":8,\"state\":\"pass\"}","Screenshot":""}
{"Type":"Monkey","MonkeyStepsCount":9,"Time":"2026-06-19 04:13:48.986","Info":"{\"act\":\"CLICK\",\"adbinput\":false,\"aid\":\"g0a0\",\"allowFuzzing\":true,\"clear\":false,\"editable\":false,\"jAction\":\"\",\"pos\":[856,1923,1058,2016],\"rawinput\":false,\"sid\":\"\",\"text\":\"\",\"throttle\":71,\"waitTime\":0,\"widget\":\"{\\\"bounds\\\":\\\"[856,1923][1058,2016]\\\",\\\"class\\\":\\\"android.widget.ImageButton\\\",\\\"content-desc\\\":\\\"\\\",\\\"index\\\":6,\\\"resource-id\\\":\\\"it.feio.android.omninotes.alpha:id\/fab_expand_menu_button\\\",\\\"text\\\":\\\"\\\"}\"}","Screenshot":""}
{"Type":"ScriptInfo","MonkeyStepsCount":9,"Time":"2026-06-19 04:13:49.369","Info":"{\"propName\":\"omni938.OmninotesCategory.test_reduced_view\",\"startStepsCount\":9,\"state\":\"start\"}","Screenshot":""}
{"Type":"Script","MonkeyStepsCount":9,"Time":"2026-06-19 04:13:49.556","Info":"{\"jsonrpc\": \"2.0\", \"id\": 1, \"method\": \"click\", \"params\": [1024.5, 209.0]}","Screenshot":""}
{"Type":"Script","MonkeyStepsCount":9,"Time":"2026-06-19 04:13:50.366","Info":"{\"jsonrpc\": \"2.0\", \"id\": 1, \"method\": \"click\", \"params\": [799.5, 231.5]}","Screenshot":""}
{"Type":"Script","MonkeyStepsCount":9,"Time":"2026-06-19 04:13:51.175","Info":"{\"jsonrpc\": \"2.0\", \"id\": 1, \"method\": \"click\", \"params\": [1024.5, 209.0]}","Screenshot":""}
{"Type":"Script","MonkeyStepsCount":9,"Time":"2026-06-19 04:13:51.986","Info":"{\"jsonrpc\": \"2.0\", \"id\": 1, \"method\": \"click\", \"params\": [799.5, 231.5]}","Screenshot":""}
{"Type":"ScriptInfo","MonkeyStepsCount":9,"Time":"2026-06-19 04:13:52.667","Info":"{\"propName\":\"omni938.OmninotesCategory.test_reduced_view\",\"startStepsCount\":9,\"state\":\"pass\"}","Screenshot":""}
{"Type":"ScriptInfo","MonkeyStepsCount":9,"Time":"2026-06-19 04:13:53.007","Info":"{\"propName\":\"omni938.OmninotesCategory.test_reduced_view\",\"startStepsCount\":9,\"state\":\"start\"}","Screenshot":""}
{"Type":"Script","MonkeyStepsCount":9,"Time":"2026-06-19 04:13:53.180","Info":"{\"jsonrpc\": \"2.0\", \"id\": 1, \"method\": \"click\", \"params\": [1024.5, 209.0]}","Screenshot":""}
{"Type":"Script","MonkeyStepsCount":9,"Time":"2026-06-19 04:13:54.301","Info":"{\"jsonrpc\": \"2.0\", \"id\": 1, \"method\": \"click\", \"params\": [799.5, 231.5]}","Screenshot":""}
{"Type":"Script","MonkeyStepsCount":9,"Time":"2026-06-19 04:13:55.126","Info":"{\"jsonrpc\": \"2.0\", \"id\": 1, \"method\": \"click\", \"params\": [1024.5, 209.0]}","Screenshot":""}
{"Type":"Script","MonkeyStepsCount":9,"Time":"2026-06-19 04:13:55.970","Info":"{\"jsonrpc\": \"2.0\", \"id\": 1, \"method\": \"click\", \"params\": [799.5, 231.5]}","Screenshot":""}
{"Type":"ScriptInfo","MonkeyStepsCount":9,"Time":"2026-06-19 04:13:56.625","Info":"{\"propName\":\"omni938.OmninotesCategory.test_reduced_view\",\"startStepsCount\":9,\"state\":\"pass\"}","Screenshot":""}
