{"Type":"Monkey","MonkeyStepsCount":1,"Time":"2026-04-11 12:54:07.401","Info":"{\"act\":\"LONG_CLICK\",\"adbinput\":false,\"aid\":\"g0a12\",\"allowFuzzing\":true,\"clear\":false,\"editable\":false,\"jAction\":\"\",\"pos\":[969,94,1080,226],\"rawinput\":false,\"sid\":\"\",\"text\":\"\",\"throttle\":76,\"waitTime\":0,\"widget\":\"{\\\"bounds\\\":\\\"[969,94][1080,226]\\\",\\\"class\\\":\\\"android.widget.ImageView\\\",\\\"content-desc\\\":\\\"More options\\\",\\\"index\\\":2,\\\"resource-id\\\":\\\"\\\",\\\"text\\\":\\\"\\\"}\"}","Screenshot":""}
{"Type":"ScriptInfo","MonkeyStepsCount":1,"Time":"2026-04-11 12:54:08.745","Info":"{\"propName\":\"omni945.OmniNotesBugTest.test_create_empty_category\",\"startStepsCount\":1,\"state\":\"start\"}","Screenshot":""}
{"Type":"Script","MonkeyStepsCount":1,"Time":"2026-04-11 12:54:08.952","Info":"{\"jsonrpc\": \"2.0\", \"id\": 1, \"method\": \"click\", \"params\": [957.0, 2024.5]}","Screenshot":""}
{"Type":"Script","MonkeyStepsCount":1,"Time":"2026-04-11 12:54:09.834","Info":"{\"jsonrpc\": \"2.0\", \"id\": 1, \"method\": \"click\", \"params\": [957.5, 1832.5]}","Screenshot":""}
{"Type":"Script","MonkeyStepsCount":1,"Time":"2026-04-11 12:54:10.662","Info":"{\"jsonrpc\": \"2.0\", \"id\": 1, \"method\": \"click\", \"params\": [639.0, 160.0]}","Screenshot":""}
{"Type":"Script","MonkeyStepsCount":1,"Time":"2026-04-11 12:54:11.490","Info":"{\"jsonrpc\": \"2.0\", \"id\": 1, \"method\": \"click\", \"params\": [768.5, 1191.0]}","Screenshot":""}
{"Type":"Script","MonkeyStepsCount":1,"Time":"2026-04-11 12:54:12.207","Info":"{\"jsonrpc\": \"2.0\", \"id\": 1, \"method\": \"setText\", \"params\": [{\"mask\": 2097153, \"childOrSibling\": [], \"childOrSiblingSelector\": [], \"resourceId\": \"it.feio.android.omninotes.alpha:id\/category_title\", \"text\": \"Title\"}, \"WnRumb\"]}","Screenshot":""}
{"Type":"Script","MonkeyStepsCount":1,"Time":"2026-04-11 12:54:12.914","Info":"{\"jsonrpc\": \"2.0\", \"id\": 1, \"method\": \"click\", \"params\": [659.5, 1385.5]}","Screenshot":""}
{"Type":"Script","MonkeyStepsCount":1,"Time":"2026-04-11 12:54:13.622","Info":"{\"jsonrpc\": \"2.0\", \"id\": 1, \"method\": \"pressKey\", \"params\": [\"back\"]}","Screenshot":""}
{"Type":"Script","MonkeyStepsCount":1,"Time":"2026-04-11 12:54:14.653","Info":"{\"jsonrpc\": \"2.0\", \"id\": 1, \"method\": \"click\", \"params\": [77.0, 160.0]}","Screenshot":""}
{"Type":"Script","MonkeyStepsCount":1,"Time":"2026-04-11 12:54:15.333","Info":"{\"jsonrpc\": \"2.0\", \"id\": 1, \"method\": \"pressKey\", \"params\": [\"back\"]}","Screenshot":""}
{"Type":"ScriptInfo","MonkeyStepsCount":1,"Time":"2026-04-11 12:54:15.895","Info":"{\"propName\":\"omni945.OmniNotesBugTest.test_create_empty_category\",\"startStepsCount\":1,\"state\":\"pass\"}","Screenshot":""}
{"Type":"ScriptInfo","MonkeyStepsCount":1,"Time":"2026-04-11 12:54:16.242","Info":"{\"propName\":\"omni945.OmniNotesBugTest.test_create_category_within_note\",\"startStepsCount\":1,\"state\":\"start\"}","Screenshot":""}
{"Type":"Script","MonkeyStepsCount":1,"Time":"2026-04-11 12:54:16.396","Info":"{\"jsonrpc\": \"2.0\", \"id\": 1, \"method\": \"click\", \"params\": [957.0, 2024.5]}","Screenshot":""}
{"Type":"Script","MonkeyStepsCount":1,"Time":"2026-04-11 12:54:17.269","Info":"{\"jsonrpc\": \"2.0\", \"id\": 1, \"method\": \"click\", \"params\": [957.5, 1832.5]}","Screenshot":""}
{"Type":"Script","MonkeyStepsCount":1,"Time":"2026-04-11 12:54:18.051","Info":"{\"jsonrpc\": \"2.0\", \"id\": 1, \"method\": \"setText\", \"params\": [{\"mask\": 2097152, \"childOrSibling\": [], \"childOrSiblingSelector\": [], \"resourceId\": \"it.feio.android.omninotes.alpha:id\/detail_title\"}, \"2Eiy9YnpZK\"]}","Screenshot":""}
{"Type":"Script","MonkeyStepsCount":1,"Time":"2026-04-11 12:54:18.268","Info":"{\"jsonrpc\": \"2.0\", \"id\": 1, \"method\": \"setText\", \"params\": [{\"mask\": 2097152, \"childOrSibling\": [], \"childOrSiblingSelector\": [], \"resourceId\": \"it.feio.android.omninotes.alpha:id\/detail_content\"}, \"test content\"]}","Screenshot":""}
{"Type":"Script","MonkeyStepsCount":1,"Time":"2026-04-11 12:54:18.973","Info":"{\"jsonrpc\": \"2.0\", \"id\": 1, \"method\": \"click\", \"params\": [639.0, 160.0]}","Screenshot":""}
{"Type":"Script","MonkeyStepsCount":1,"Time":"2026-04-11 12:54:19.761","Info":"{\"jsonrpc\": \"2.0\", \"id\": 1, \"method\": \"click\", \"params\": [768.5, 1249.0]}","Screenshot":""}
{"Type":"Script","MonkeyStepsCount":1,"Time":"2026-04-11 12:54:20.518","Info":"{\"jsonrpc\": \"2.0\", \"id\": 1, \"method\": \"setText\", \"params\": [{\"mask\": 2097152, \"childOrSibling\": [], \"childOrSiblingSelector\": [], \"resourceId\": \"it.feio.android.omninotes.alpha:id\/category_title\"}, \"reCPsX\"]}","Screenshot":""}
{"Type":"Script","MonkeyStepsCount":1,"Time":"2026-04-11 12:54:20.835","Info":"{\"jsonrpc\": \"2.0\", \"id\": 1, \"method\": \"click\", \"params\": [659.5, 1385.5]}","Screenshot":""}
{"Type":"Script","MonkeyStepsCount":1,"Time":"2026-04-11 12:54:21.725","Info":"{\"jsonrpc\": \"2.0\", \"id\": 1, \"method\": \"click\", \"params\": [77.0, 160.0]}","Screenshot":""}
{"Type":"ScriptInfo","MonkeyStepsCount":1,"Time":"2026-04-11 12:54:22.464","Info":"{\"propName\":\"omni945.OmniNotesBugTest.test_create_category_within_note\",\"startStepsCount\":1,\"state\":\"pass\"}","Screenshot":""}
{"Type":"Monkey","MonkeyStepsCount":2,"Time":"2026-04-11 12:54:22.766","Info":"{\"act\":\"LONG_CLICK\",\"adbinput\":false,\"aid\":\"g0a12\",\"allowFuzzing\":true,\"clear\":false,\"editable\":false,\"jAction\":\"\",\"pos\":[969,94,1080,226],\"rawinput\":false,\"sid\":\"\",\"text\":\"\",\"throttle\":38,\"waitTime\":0,\"widget\":\"{\\\"bounds\\\":\\\"[969,94][1080,226]\\\",\\\"class\\\":\\\"android.widget.ImageView\\\",\\\"content-desc\\\":\\\"More options\\\",\\\"index\\\":2,\\\"resource-id\\\":\\\"\\\",\\\"text\\\":\\\"\\\"}\"}","Screenshot":""}
{"Type":"ScriptInfo","MonkeyStepsCount":2,"Time":"2026-04-11 12:54:24.125","Info":"{\"propName\":\"omni945.OmniNotesBugTest.test_delete_category_information\",\"startStepsCount\":2,\"state\":\"start\"}","Screenshot":""}
{"Type":"Script","MonkeyStepsCount":2,"Time":"2026-04-11 12:54:24.379","Info":"{\"jsonrpc\": \"2.0\", \"id\": 1, \"method\": \"click\", \"params\": [77.0, 160.0]}","Screenshot":""}
{"Type":"Script","MonkeyStepsCount":2,"Time":"2026-04-11 12:54:26.578","Info":"{\"jsonrpc\": \"2.0\", \"id\": 1, \"method\": \"click\", \"params\": [429.0, 639.0, 1500]}","Screenshot":""}
{"Type":"Script","MonkeyStepsCount":2,"Time":"2026-04-11 12:54:28.751","Info":"{\"jsonrpc\": \"2.0\", \"id\": 1, \"method\": \"click\", \"params\": [422.0, 1385.5]}","Screenshot":""}
{"Type":"Script","MonkeyStepsCount":2,"Time":"2026-04-11 12:54:29.492","Info":"{\"jsonrpc\": \"2.0\", \"id\": 1, \"method\": \"pressKey\", \"params\": [\"back\"]}","Screenshot":""}
{"Type":"Script","MonkeyStepsCount":2,"Time":"2026-04-11 12:54:31.277","Info":"{\"jsonrpc\": \"2.0\", \"id\": 1, \"method\": \"pressKey\", \"params\": [\"back\"]}","Screenshot":""}
{"Type":"Script","MonkeyStepsCount":2,"Time":"2026-04-11 12:54:33.085","Info":"{\"jsonrpc\": \"2.0\", \"id\": 1, \"method\": \"pressKey\", \"params\": [\"back\"]}","Screenshot":""}
{"Type":"ScriptInfo","MonkeyStepsCount":2,"Time":"2026-04-11 12:54:33.663","Info":"{\"propName\":\"omni945.OmniNotesBugTest.test_delete_category_information\",\"startStepsCount\":2,\"state\":\"pass\"}","Screenshot":""}
{"Type":"ScriptInfo","MonkeyStepsCount":2,"Time":"2026-04-11 12:54:33.925","Info":"{\"propName\":\"omni945.OmniNotesBugTest.test_data_setting\",\"startStepsCount\":2,\"state\":\"start\"}","Screenshot":""}
{"Type":"Script","MonkeyStepsCount":2,"Time":"2026-04-11 12:54:34.183","Info":"{\"jsonrpc\": \"2.0\", \"id\": 1, \"method\": \"click\", \"params\": [77.0, 160.0]}","Screenshot":""}
{"Type":"Script","MonkeyStepsCount":2,"Time":"2026-04-11 12:54:35.061","Info":"{\"jsonrpc\": \"2.0\", \"id\": 1, \"method\": \"click\", \"params\": [478.5, 901.0]}","Screenshot":""}
{"Type":"Script","MonkeyStepsCount":2,"Time":"2026-04-11 12:54:35.933","Info":"{\"jsonrpc\": \"2.0\", \"id\": 1, \"method\": \"click\", \"params\": [89.5, 451.5]}","Screenshot":""}
{"Type":"Script","MonkeyStepsCount":2,"Time":"2026-04-11 12:54:36.749","Info":"{\"jsonrpc\": \"2.0\", \"id\": 1, \"method\": \"click\", \"params\": [222.5, 310.5]}","Screenshot":""}
{"Type":"Script","MonkeyStepsCount":2,"Time":"2026-04-11 12:54:37.426","Info":"{\"jsonrpc\": \"2.0\", \"id\": 1, \"method\": \"pressKey\", \"params\": [\"back\"]}","Screenshot":""}
{"Type":"Script","MonkeyStepsCount":2,"Time":"2026-04-11 12:54:37.998","Info":"{\"jsonrpc\": \"2.0\", \"id\": 1, \"method\": \"pressKey\", \"params\": [\"back\"]}","Screenshot":""}
{"Type":"Script","MonkeyStepsCount":2,"Time":"2026-04-11 12:54:38.569","Info":"{\"jsonrpc\": \"2.0\", \"id\": 1, \"method\": \"pressKey\", \"params\": [\"back\"]}","Screenshot":""}
{"Type":"Script","MonkeyStepsCount":2,"Time":"2026-04-11 12:54:39.668","Info":"{\"jsonrpc\": \"2.0\", \"id\": 1, \"method\": \"pressKey\", \"params\": [\"back\"]}","Screenshot":""}
{"Type":"ScriptInfo","MonkeyStepsCount":2,"Time":"2026-04-11 12:54:40.222","Info":"{\"propName\":\"omni945.OmniNotesBugTest.test_data_setting\",\"startStepsCount\":2,\"state\":\"pass\"}","Screenshot":""}
{"Type":"ScriptInfo","MonkeyStepsCount":2,"Time":"2026-04-11 12:54:40.538","Info":"{\"propName\":\"omni945.OmniNotesBugTest.test_create_note_with_tag_in_content\",\"startStepsCount\":2,\"state\":\"start\"}","Screenshot":""}
{"Type":"Script","MonkeyStepsCount":2,"Time":"2026-04-11 12:54:40.692","Info":"{\"jsonrpc\": \"2.0\", \"id\": 1, \"method\": \"click\", \"params\": [957.0, 2024.5]}","Screenshot":""}
{"Type":"Script","MonkeyStepsCount":2,"Time":"2026-04-11 12:54:41.492","Info":"{\"jsonrpc\": \"2.0\", \"id\": 1, \"method\": \"click\", \"params\": [957.5, 1832.5]}","Screenshot":""}
{"Type":"Script","MonkeyStepsCount":2,"Time":"2026-04-11 12:54:42.268","Info":"{\"jsonrpc\": \"2.0\", \"id\": 1, \"method\": \"setText\", \"params\": [{\"mask\": 2097152, \"childOrSibling\": [], \"childOrSiblingSelector\": [], \"resourceId\": \"it.feio.android.omninotes.alpha:id\/detail_title\"}, \"rnTx7LTkbS\"]}","Screenshot":""}
{"Type":"Script","MonkeyStepsCount":2,"Time":"2026-04-11 12:54:42.439","Info":"{\"jsonrpc\": \"2.0\", \"id\": 1, \"method\": \"setText\", \"params\": [{\"mask\": 2097152, \"childOrSibling\": [], \"childOrSiblingSelector\": [], \"resourceId\": \"it.feio.android.omninotes.alpha:id\/detail_content\"}, \"#tag1\"]}","Screenshot":""}
{"Type":"Script","MonkeyStepsCount":2,"Time":"2026-04-11 12:54:43.050","Info":"{\"jsonrpc\": \"2.0\", \"id\": 1, \"method\": \"pressKey\", \"params\": [\"back\"]}","Screenshot":""}
{"Type":"ScriptInfo","MonkeyStepsCount":2,"Time":"2026-04-11 12:54:43.601","Info":"{\"propName\":\"omni945.OmniNotesBugTest.test_create_note_with_tag_in_content\",\"startStepsCount\":2,\"state\":\"pass\"}","Screenshot":""}
{"Type":"ScriptInfo","MonkeyStepsCount":2,"Time":"2026-04-11 12:54:43.890","Info":"{\"propName\":\"omni945.OmniNotesBugTest.test_behavior_setting\",\"startStepsCount\":2,\"state\":\"start\"}","Screenshot":""}
{"Type":"Script","MonkeyStepsCount":2,"Time":"2026-04-11 12:54:44.154","Info":"{\"jsonrpc\": \"2.0\", \"id\": 1, \"method\": \"click\", \"params\": [77.0, 160.0]}","Screenshot":""}
{"Type":"Script","MonkeyStepsCount":2,"Time":"2026-04-11 12:54:45.107","Info":"{\"jsonrpc\": \"2.0\", \"id\": 1, \"method\": \"click\", \"params\": [478.5, 901.0]}","Screenshot":""}
{"Type":"Script","MonkeyStepsCount":2,"Time":"2026-04-11 12:54:45.981","Info":"{\"jsonrpc\": \"2.0\", \"id\": 1, \"method\": \"click\", \"params\": [140.5, 892.5]}","Screenshot":""}
{"Type":"Script","MonkeyStepsCount":2,"Time":"2026-04-11 12:54:46.842","Info":"{\"jsonrpc\": \"2.0\", \"id\": 1, \"method\": \"click\", \"params\": [972.0, 510.0]}","Screenshot":""}
{"Type":"Script","MonkeyStepsCount":2,"Time":"2026-04-11 12:54:47.737","Info":"{\"jsonrpc\": \"2.0\", \"id\": 1, \"method\": \"click\", \"params\": [972.0, 510.0]}","Screenshot":""}
{"Type":"Script","MonkeyStepsCount":2,"Time":"2026-04-11 12:54:48.401","Info":"{\"jsonrpc\": \"2.0\", \"id\": 1, \"method\": \"pressKey\", \"params\": [\"back\"]}","Screenshot":""}
{"Type":"Script","MonkeyStepsCount":2,"Time":"2026-04-11 12:54:48.974","Info":"{\"jsonrpc\": \"2.0\", \"id\": 1, \"method\": \"pressKey\", \"params\": [\"back\"]}","Screenshot":""}
{"Type":"Script","MonkeyStepsCount":2,"Time":"2026-04-11 12:54:50.142","Info":"{\"jsonrpc\": \"2.0\", \"id\": 1, \"method\": \"pressKey\", \"params\": [\"back\"]}","Screenshot":""}
{"Type":"ScriptInfo","MonkeyStepsCount":2,"Time":"2026-04-11 12:54:50.703","Info":"{\"propName\":\"omni945.OmniNotesBugTest.test_behavior_setting\",\"startStepsCount\":2,\"state\":\"pass\"}","Screenshot":""}
{"Type":"Monkey","MonkeyStepsCount":3,"Time":"2026-04-11 12:54:50.995","Info":"{\"act\":\"CLICK\",\"adbinput\":false,\"aid\":\"g0a0\",\"allowFuzzing\":true,\"clear\":false,\"editable\":false,\"jAction\":\"\",\"pos\":[856,1923,1058,2126],\"rawinput\":false,\"sid\":\"\",\"text\":\"\",\"throttle\":54,\"waitTime\":0,\"widget\":\"{\\\"bounds\\\":\\\"[856,1923][1058,2126]\\\",\\\"class\\\":\\\"android.widget.ImageButton\\\",\\\"content-desc\\\":\\\"\\\",\\\"index\\\":6,\\\"resource-id\\\":\\\"it.feio.android.omninotes.alpha:id\/fab_expand_menu_button\\\",\\\"text\\\":\\\"\\\"}\"}","Screenshot":""}
{"Type":"ScriptInfo","MonkeyStepsCount":3,"Time":"2026-04-11 12:54:51.277","Info":"{\"propName\":\"omni945.OmniNotesBugTest.test_reduced_view\",\"startStepsCount\":3,\"state\":\"start\"}","Screenshot":""}
{"Type":"Script","MonkeyStepsCount":3,"Time":"2026-04-11 12:54:51.443","Info":"{\"jsonrpc\": \"2.0\", \"id\": 1, \"method\": \"click\", \"params\": [1024.5, 160.0]}","Screenshot":""}
{"Type":"Script","MonkeyStepsCount":3,"Time":"2026-04-11 12:54:52.273","Info":"{\"jsonrpc\": \"2.0\", \"id\": 1, \"method\": \"click\", \"params\": [799.5, 182.5]}","Screenshot":""}
{"Type":"Script","MonkeyStepsCount":3,"Time":"2026-04-11 12:54:53.143","Info":"{\"jsonrpc\": \"2.0\", \"id\": 1, \"method\": \"click\", \"params\": [1024.5, 160.0]}","Screenshot":""}
{"Type":"Script","MonkeyStepsCount":3,"Time":"2026-04-11 12:54:53.912","Info":"{\"jsonrpc\": \"2.0\", \"id\": 1, \"method\": \"click\", \"params\": [799.5, 182.5]}","Screenshot":""}
{"Type":"ScriptInfo","MonkeyStepsCount":3,"Time":"2026-04-11 12:54:54.567","Info":"{\"propName\":\"omni945.OmniNotesBugTest.test_reduced_view\",\"startStepsCount\":3,\"state\":\"pass\"}","Screenshot":""}
{"Type":"ScriptInfo","MonkeyStepsCount":3,"Time":"2026-04-11 12:54:54.847","Info":"{\"propName\":\"omni945.OmniNotesBugTest.test_delete_category_information\",\"startStepsCount\":3,\"state\":\"start\"}","Screenshot":""}
{"Type":"Script","MonkeyStepsCount":3,"Time":"2026-04-11 12:54:55.053","Info":"{\"jsonrpc\": \"2.0\", \"id\": 1, \"method\": \"click\", \"params\": [77.0, 160.0]}","Screenshot":""}
{"Type":"Script","MonkeyStepsCount":3,"Time":"2026-04-11 12:54:57.159","Info":"{\"jsonrpc\": \"2.0\", \"id\": 1, \"method\": \"click\", \"params\": [429.0, 639.0, 1500]}","Screenshot":""}
{"Type":"Script","MonkeyStepsCount":3,"Time":"2026-04-11 12:54:59.344","Info":"{\"jsonrpc\": \"2.0\", \"id\": 1, \"method\": \"click\", \"params\": [422.0, 1385.5]}","Screenshot":""}
{"Type":"Script","MonkeyStepsCount":3,"Time":"2026-04-11 12:55:00.133","Info":"{\"jsonrpc\": \"2.0\", \"id\": 1, \"method\": \"pressKey\", \"params\": [\"back\"]}","Screenshot":""}
{"Type":"Script","MonkeyStepsCount":3,"Time":"2026-04-11 12:55:01.854","Info":"{\"jsonrpc\": \"2.0\", \"id\": 1, \"method\": \"pressKey\", \"params\": [\"back\"]}","Screenshot":""}
{"Type":"Script","MonkeyStepsCount":3,"Time":"2026-04-11 12:55:02.683","Info":"{\"jsonrpc\": \"2.0\", \"id\": 1, \"method\": \"pressKey\", \"params\": [\"back\"]}","Screenshot":""}
{"Type":"ScriptInfo","MonkeyStepsCount":3,"Time":"2026-04-11 12:55:03.241","Info":"{\"propName\":\"omni945.OmniNotesBugTest.test_delete_category_information\",\"startStepsCount\":3,\"state\":\"pass\"}","Screenshot":""}
{"Type":"ScriptInfo","MonkeyStepsCount":3,"Time":"2026-04-11 12:55:03.531","Info":"{\"propName\":\"omni945.OmniNotesBugTest.test_reduced_view\",\"startStepsCount\":3,\"state\":\"start\"}","Screenshot":""}
{"Type":"Script","MonkeyStepsCount":3,"Time":"2026-04-11 12:55:03.722","Info":"{\"jsonrpc\": \"2.0\", \"id\": 1, \"method\": \"click\", \"params\": [1024.5, 160.0]}","Screenshot":""}
{"Type":"Script","MonkeyStepsCount":3,"Time":"2026-04-11 12:55:04.598","Info":"{\"jsonrpc\": \"2.0\", \"id\": 1, \"method\": \"click\", \"params\": [799.5, 182.5]}","Screenshot":""}
{"Type":"Script","MonkeyStepsCount":3,"Time":"2026-04-11 12:55:05.416","Info":"{\"jsonrpc\": \"2.0\", \"id\": 1, \"method\": \"click\", \"params\": [1024.5, 160.0]}","Screenshot":""}
{"Type":"Script","MonkeyStepsCount":3,"Time":"2026-04-11 12:55:06.287","Info":"{\"jsonrpc\": \"2.0\", \"id\": 1, \"method\": \"click\", \"params\": [799.5, 182.5]}","Screenshot":""}
{"Type":"ScriptInfo","MonkeyStepsCount":3,"Time":"2026-04-11 12:55:06.939","Info":"{\"propName\":\"omni945.OmniNotesBugTest.test_reduced_view\",\"startStepsCount\":3,\"state\":\"pass\"}","Screenshot":""}
{"Type":"ScriptInfo","MonkeyStepsCount":3,"Time":"2026-04-11 12:55:07.230","Info":"{\"propName\":\"omni945.OmniNotesBugTest.test_delete_category_information\",\"startStepsCount\":3,\"state\":\"start\"}","Screenshot":""}
{"Type":"Script","MonkeyStepsCount":3,"Time":"2026-04-11 12:55:07.430","Info":"{\"jsonrpc\": \"2.0\", \"id\": 1, \"method\": \"click\", \"params\": [77.0, 160.0]}","Screenshot":""}
{"Type":"Script","MonkeyStepsCount":3,"Time":"2026-04-11 12:55:09.637","Info":"{\"jsonrpc\": \"2.0\", \"id\": 1, \"method\": \"click\", \"params\": [429.0, 770.0, 1500]}","Screenshot":""}
{"Type":"Script","MonkeyStepsCount":3,"Time":"2026-04-11 12:55:11.845","Info":"{\"jsonrpc\": \"2.0\", \"id\": 1, \"method\": \"click\", \"params\": [422.0, 1385.5]}","Screenshot":""}
{"Type":"Script","MonkeyStepsCount":3,"Time":"2026-04-11 12:55:12.554","Info":"{\"jsonrpc\": \"2.0\", \"id\": 1, \"method\": \"pressKey\", \"params\": [\"back\"]}","Screenshot":""}
{"Type":"Script","MonkeyStepsCount":3,"Time":"2026-04-11 12:55:14.281","Info":"{\"jsonrpc\": \"2.0\", \"id\": 1, \"method\": \"pressKey\", \"params\": [\"back\"]}","Screenshot":""}
{"Type":"Script","MonkeyStepsCount":3,"Time":"2026-04-11 12:55:15.085","Info":"{\"jsonrpc\": \"2.0\", \"id\": 1, \"method\": \"pressKey\", \"params\": [\"back\"]}","Screenshot":""}
{"Type":"ScriptInfo","MonkeyStepsCount":3,"Time":"2026-04-11 12:55:15.643","Info":"{\"propName\":\"omni945.OmniNotesBugTest.test_delete_category_information\",\"startStepsCount\":3,\"state\":\"fail\"}","Screenshot":""}
{"Type":"ScriptInfo","MonkeyStepsCount":3,"Time":"2026-04-11 12:55:15.923","Info":"{\"propName\":\"omni945.OmniNotesBugTest.test_delete_category_information\",\"startStepsCount\":3,\"state\":\"start\"}","Screenshot":""}
{"Type":"ScriptInfo","MonkeyStepsCount":3,"Time":"2026-04-11 12:55:16.768","Info":"{\"propName\":\"omni945.OmniNotesBugTest.test_delete_category_information\",\"startStepsCount\":3,\"state\":\"error\"}","Screenshot":""}
{"Type":"ScriptInfo","MonkeyStepsCount":3,"Time":"2026-04-11 12:55:17.035","Info":"{\"propName\":\"omni945.OmniNotesBugTest.test_create_empty_category\",\"startStepsCount\":3,\"state\":\"start\"}","Screenshot":""}
{"Type":"Script","MonkeyStepsCount":3,"Time":"2026-04-11 12:55:17.238","Info":"{\"jsonrpc\": \"2.0\", \"id\": 1, \"method\": \"click\", \"params\": [957.0, 2024.5]}","Screenshot":""}
{"Type":"Script","MonkeyStepsCount":3,"Time":"2026-04-11 12:55:18.060","Info":"{\"jsonrpc\": \"2.0\", \"id\": 1, \"method\": \"click\", \"params\": [957.5, 1832.5]}","Screenshot":""}
{"Type":"Script","MonkeyStepsCount":3,"Time":"2026-04-11 12:55:18.917","Info":"{\"jsonrpc\": \"2.0\", \"id\": 1, \"method\": \"click\", \"params\": [639.0, 160.0]}","Screenshot":""}
{"Type":"Script","MonkeyStepsCount":3,"Time":"2026-04-11 12:55:19.746","Info":"{\"jsonrpc\": \"2.0\", \"id\": 1, \"method\": \"click\", \"params\": [768.5, 1315.0]}","Screenshot":""}
{"Type":"Script","MonkeyStepsCount":3,"Time":"2026-04-11 12:55:20.490","Info":"{\"jsonrpc\": \"2.0\", \"id\": 1, \"method\": \"setText\", \"params\": [{\"mask\": 2097153, \"childOrSibling\": [], \"childOrSiblingSelector\": [], \"resourceId\": \"it.feio.android.omninotes.alpha:id\/category_title\", \"text\": \"Title\"}, \"4XwA4ZOd\"]}","Screenshot":""}
{"Type":"Script","MonkeyStepsCount":3,"Time":"2026-04-11 12:55:21.260","Info":"{\"jsonrpc\": \"2.0\", \"id\": 1, \"method\": \"click\", \"params\": [659.5, 1385.5]}","Screenshot":""}
{"Type":"Script","MonkeyStepsCount":3,"Time":"2026-04-11 12:55:21.992","Info":"{\"jsonrpc\": \"2.0\", \"id\": 1, \"method\": \"pressKey\", \"params\": [\"back\"]}","Screenshot":""}
{"Type":"Script","MonkeyStepsCount":3,"Time":"2026-04-11 12:55:23.126","Info":"{\"jsonrpc\": \"2.0\", \"id\": 1, \"method\": \"click\", \"params\": [77.0, 160.0]}","Screenshot":""}
{"Type":"Script","MonkeyStepsCount":3,"Time":"2026-04-11 12:55:24.455","Info":"{\"jsonrpc\": \"2.0\", \"id\": 1, \"method\": \"pressKey\", \"params\": [\"back\"]}","Screenshot":""}
{"Type":"ScriptInfo","MonkeyStepsCount":3,"Time":"2026-04-11 12:55:25.013","Info":"{\"propName\":\"omni945.OmniNotesBugTest.test_create_empty_category\",\"startStepsCount\":3,\"state\":\"pass\"}","Screenshot":""}
{"Type":"Monkey","MonkeyStepsCount":4,"Time":"2026-04-11 12:55:25.293","Info":"{\"act\":\"CLICK\",\"adbinput\":false,\"aid\":\"g0a8\",\"allowFuzzing\":true,\"clear\":false,\"editable\":false,\"jAction\":\"\",\"pos\":[837,94,969,226],\"rawinput\":false,\"sid\":\"\",\"text\":\"\",\"throttle\":40,\"waitTime\":0,\"widget\":\"{\\\"bounds\\\":\\\"[837,94][969,226]\\\",\\\"class\\\":\\\"android.widget.Button\\\",\\\"content-desc\\\":\\\"Sort\\\",\\\"index\\\":1,\\\"resource-id\\\":\\\"it.feio.android.omninotes.alpha:id\/menu_sort\\\",\\\"text\\\":\\\"\\\"}\"}","Screenshot":""}
{"Type":"Monkey","MonkeyStepsCount":5,"Time":"2026-04-11 12:55:25.613","Info":"{\"act\":\"CLICK\",\"adbinput\":false,\"aid\":\"g0a16\",\"allowFuzzing\":true,\"clear\":false,\"editable\":false,\"jAction\":\"\",\"pos\":[933,95,1036,189],\"rawinput\":false,\"sid\":\"\",\"text\":\"\",\"throttle\":40,\"waitTime\":0,\"widget\":\"{\\\"bounds\\\":\\\"[933,95][1036,189]\\\",\\\"class\\\":\\\"android.widget.RadioButton\\\",\\\"content-desc\\\":\\\"\\\",\\\"index\\\":1,\\\"resource-id\\\":\\\"it.feio.android.omninotes.alpha:id\/radio\\\",\\\"text\\\":\\\"\\\"}\"}","Screenshot":""}
{"Type":"Monkey","MonkeyStepsCount":6,"Time":"2026-04-11 12:55:25.943","Info":"{\"act\":\"LONG_CLICK\",\"adbinput\":false,\"aid\":\"g0a9\",\"allowFuzzing\":true,\"clear\":false,\"editable\":false,\"jAction\":\"\",\"pos\":[837,94,969,226],\"rawinput\":false,\"sid\":\"\",\"text\":\"\",\"throttle\":40,\"waitTime\":0,\"widget\":\"{\\\"bounds\\\":\\\"[837,94][969,226]\\\",\\\"class\\\":\\\"android.widget.Button\\\",\\\"content-desc\\\":\\\"Sort\\\",\\\"index\\\":1,\\\"resource-id\\\":\\\"it.feio.android.omninotes.alpha:id\/menu_sort\\\",\\\"text\\\":\\\"\\\"}\"}","Screenshot":""}
{"Type":"Monkey","MonkeyStepsCount":7,"Time":"2026-04-11 12:55:27.288","Info":"{\"act\":\"SCROLL_TOP_DOWN\",\"adbinput\":false,\"aid\":\"g0a3\",\"allowFuzzing\":true,\"clear\":false,\"editable\":false,\"jAction\":\"\",\"pos\":[0,0,1080,2280],\"rawinput\":false,\"sid\":\"\",\"text\":\"\",\"throttle\":99,\"waitTime\":0,\"widget\":\"{\\\"bounds\\\":\\\"[0,0][1080,2280]\\\",\\\"class\\\":\\\"android.widget.FrameLayout\\\",\\\"content-desc\\\":\\\"\\\",\\\"index\\\":0,\\\"resource-id\\\":\\\"\\\",\\\"text\\\":\\\"\\\"}\"}","Screenshot":""}
{"Type":"ScriptInfo","MonkeyStepsCount":7,"Time":"2026-04-11 12:55:27.967","Info":"{\"propName\":\"omni945.OmniNotesBugTest.test_create_category_within_note\",\"startStepsCount\":7,\"state\":\"start\"}","Screenshot":""}
{"Type":"Script","MonkeyStepsCount":7,"Time":"2026-04-11 12:55:28.347","Info":"{\"jsonrpc\": \"2.0\", \"id\": 1, \"method\": \"click\", \"params\": [957.0, 2024.5]}","Screenshot":""}
{"Type":"Script","MonkeyStepsCount":7,"Time":"2026-04-11 12:55:29.226","Info":"{\"jsonrpc\": \"2.0\", \"id\": 1, \"method\": \"click\", \"params\": [957.5, 1832.5]}","Screenshot":""}
{"Type":"Script","MonkeyStepsCount":7,"Time":"2026-04-11 12:55:29.998","Info":"{\"jsonrpc\": \"2.0\", \"id\": 1, \"method\": \"setText\", \"params\": [{\"mask\": 2097152, \"childOrSibling\": [], \"childOrSiblingSelector\": [], \"resourceId\": \"it.feio.android.omninotes.alpha:id\/detail_title\"}, \"wbQVT\"]}","Screenshot":""}
{"Type":"Script","MonkeyStepsCount":7,"Time":"2026-04-11 12:55:30.153","Info":"{\"jsonrpc\": \"2.0\", \"id\": 1, \"method\": \"setText\", \"params\": [{\"mask\": 2097152, \"childOrSibling\": [], \"childOrSiblingSelector\": [], \"resourceId\": \"it.feio.android.omninotes.alpha:id\/detail_content\"}, \"test content\"]}","Screenshot":""}
{"Type":"Script","MonkeyStepsCount":7,"Time":"2026-04-11 12:55:30.952","Info":"{\"jsonrpc\": \"2.0\", \"id\": 1, \"method\": \"click\", \"params\": [639.0, 160.0]}","Screenshot":""}
{"Type":"Script","MonkeyStepsCount":7,"Time":"2026-04-11 12:55:31.842","Info":"{\"jsonrpc\": \"2.0\", \"id\": 1, \"method\": \"click\", \"params\": [768.5, 1381.0]}","Screenshot":""}
{"Type":"Script","MonkeyStepsCount":7,"Time":"2026-04-11 12:55:32.542","Info":"{\"jsonrpc\": \"2.0\", \"id\": 1, \"method\": \"setText\", \"params\": [{\"mask\": 2097152, \"childOrSibling\": [], \"childOrSiblingSelector\": [], \"resourceId\": \"it.feio.android.omninotes.alpha:id\/category_title\"}, \"tq94Na\"]}","Screenshot":""}
{"Type":"Script","MonkeyStepsCount":7,"Time":"2026-04-11 12:55:32.864","Info":"{\"jsonrpc\": \"2.0\", \"id\": 1, \"method\": \"click\", \"params\": [659.5, 1385.5]}","Screenshot":""}
{"Type":"Script","MonkeyStepsCount":7,"Time":"2026-04-11 12:55:33.797","Info":"{\"jsonrpc\": \"2.0\", \"id\": 1, \"method\": \"click\", \"params\": [77.0, 160.0]}","Screenshot":""}
{"Type":"ScriptInfo","MonkeyStepsCount":7,"Time":"2026-04-11 12:55:34.552","Info":"{\"propName\":\"omni945.OmniNotesBugTest.test_create_category_within_note\",\"startStepsCount\":7,\"state\":\"pass\"}","Screenshot":""}
{"Type":"Monkey","MonkeyStepsCount":8,"Time":"2026-04-11 12:55:34.910","Info":"{\"act\":\"CLICK\",\"adbinput\":false,\"aid\":\"g0a14\",\"allowFuzzing\":true,\"clear\":false,\"editable\":false,\"jAction\":\"\",\"pos\":[22,259,1058,540],\"rawinput\":false,\"sid\":\"\",\"text\":\"\",\"throttle\":19,\"waitTime\":0,\"widget\":\"{\\\"bounds\\\":\\\"[22,259][1058,540]\\\",\\\"class\\\":\\\"android.widget.FrameLayout\\\",\\\"content-desc\\\":\\\"\\\",\\\"index\\\":0,\\\"resource-id\\\":\\\"it.feio.android.omninotes.alpha:id\/root\\\",\\\"text\\\":\\\"\\\"}\"}","Screenshot":""}
{"Type":"Monkey","MonkeyStepsCount":9,"Time":"2026-04-11 12:55:35.212","Info":"{\"act\":\"SCROLL_LEFT_RIGHT\",\"adbinput\":false,\"aid\":\"g0a5\",\"allowFuzzing\":true,\"clear\":false,\"editable\":false,\"jAction\":\"\",\"pos\":[0,0,1080,2280],\"rawinput\":false,\"sid\":\"\",\"text\":\"\",\"throttle\":51,\"waitTime\":0,\"widget\":\"{\\\"bounds\\\":\\\"[0,0][1080,2280]\\\",\\\"class\\\":\\\"android.widget.FrameLayout\\\",\\\"content-desc\\\":\\\"\\\",\\\"index\\\":0,\\\"resource-id\\\":\\\"\\\",\\\"text\\\":\\\"\\\"}\"}","Screenshot":""}
{"Type":"Monkey","MonkeyStepsCount":10,"Time":"2026-04-11 12:55:35.802","Info":"{\"act\":\"CLICK\",\"adbinput\":false,\"aid\":\"g0a24\",\"allowFuzzing\":true,\"clear\":false,\"editable\":false,\"jAction\":\"\",\"pos\":[705,94,837,226],\"rawinput\":false,\"sid\":\"\",\"text\":\"\",\"throttle\":51,\"waitTime\":0,\"widget\":\"{\\\"bounds\\\":\\\"[705,94][837,226]\\\",\\\"class\\\":\\\"android.widget.Button\\\",\\\"content-desc\\\":\\\"Add tags\\\",\\\"index\\\":2,\\\"resource-id\\\":\\\"it.feio.android.omninotes.alpha:id\/menu_tag\\\",\\\"text\\\":\\\"\\\"}\"}","Screenshot":""}
{"Type":"Monkey","MonkeyStepsCount":11,"Time":"2026-04-11 12:55:36.127","Info":"{\"act\":\"SCROLL_BOTTOM_UP\",\"adbinput\":false,\"aid\":\"g0a4\",\"allowFuzzing\":true,\"clear\":false,\"editable\":false,\"jAction\":\"\",\"pos\":[77,860,915,1283],\"rawinput\":false,\"sid\":\"\",\"text\":\"\",\"throttle\":39,\"waitTime\":0,\"widget\":\"{\\\"bounds\\\":\\\"[77,860][915,1283]\\\",\\\"class\\\":\\\"android.widget.FrameLayout\\\",\\\"content-desc\\\":\\\"\\\",\\\"index\\\":0,\\\"resource-id\\\":\\\"\\\",\\\"text\\\":\\\"\\\"}\"}","Screenshot":""}
{"Type":"Monkey","MonkeyStepsCount":12,"Time":"2026-04-11 12:55:36.733","Info":"{\"act\":\"SCROLL_RIGHT_LEFT\",\"adbinput\":false,\"aid\":\"g0a6\",\"allowFuzzing\":true,\"clear\":false,\"editable\":false,\"jAction\":\"\",\"pos\":[77,860,915,1283],\"rawinput\":false,\"sid\":\"\",\"text\":\"\",\"throttle\":39,\"waitTime\":0,\"widget\":\"{\\\"bounds\\\":\\\"[77,860][915,1283]\\\",\\\"class\\\":\\\"android.widget.FrameLayout\\\",\\\"content-desc\\\":\\\"\\\",\\\"index\\\":0,\\\"resource-id\\\":\\\"\\\",\\\"text\\\":\\\"\\\"}\"}","Screenshot":""}
{"Type":"Monkey","MonkeyStepsCount":13,"Time":"2026-04-11 12:55:37.297","Info":"{\"act\":\"SCROLL_LEFT_RIGHT\",\"adbinput\":false,\"aid\":\"g0a5\",\"allowFuzzing\":true,\"clear\":false,\"editable\":false,\"jAction\":\"\",\"pos\":[77,860,915,1283],\"rawinput\":false,\"sid\":\"\",\"text\":\"\",\"throttle\":90,\"waitTime\":0,\"widget\":\"{\\\"bounds\\\":\\\"[77,860][915,1283]\\\",\\\"class\\\":\\\"android.widget.FrameLayout\\\",\\\"content-desc\\\":\\\"\\\",\\\"index\\\":0,\\\"resource-id\\\":\\\"\\\",\\\"text\\\":\\\"\\\"}\"}","Screenshot":""}
{"Type":"Monkey","MonkeyStepsCount":14,"Time":"2026-04-11 12:55:37.891","Info":"{\"act\":\"CLICK\",\"adbinput\":false,\"aid\":\"g0a17\",\"allowFuzzing\":true,\"clear\":false,\"editable\":false,\"jAction\":\"\",\"pos\":[77,1039,915,1173],\"rawinput\":false,\"sid\":\"\",\"text\":\"\",\"throttle\":90,\"waitTime\":0,\"widget\":\"{\\\"bounds\\\":\\\"[77,1039][915,1173]\\\",\\\"class\\\":\\\"android.widget.LinearLayout\\\",\\\"content-desc\\\":\\\"\\\",\\\"index\\\":0,\\\"resource-id\\\":\\\"\\\",\\\"text\\\":\\\"\\\"}\"}","Screenshot":""}
{"Type":"Monkey","MonkeyStepsCount":15,"Time":"2026-04-11 12:55:38.257","Info":"{\"act\":\"CLICK\",\"adbinput\":false,\"aid\":\"g0a29\",\"allowFuzzing\":true,\"clear\":false,\"editable\":false,\"jAction\":\"\",\"pos\":[772,1217,915,1283],\"rawinput\":false,\"sid\":\"\",\"text\":\"\",\"throttle\":43,\"waitTime\":0,\"widget\":\"{\\\"bounds\\\":\\\"[772,1217][915,1283]\\\",\\\"class\\\":\\\"android.widget.TextView\\\",\\\"content-desc\\\":\\\"\\\",\\\"index\\\":2,\\\"resource-id\\\":\\\"it.feio.android.omninotes.alpha:id\/md_buttonDefaultPositive\\\",\\\"text\\\":\\\"OK\\\"}\"}","Screenshot":""}
{"Type":"Monkey","MonkeyStepsCount":16,"Time":"2026-04-11 12:55:38.591","Info":"{\"act\":\"CLICK\",\"adbinput\":false,\"aid\":\"g0a19\",\"allowFuzzing\":true,\"clear\":false,\"editable\":true,\"jAction\":\"\",\"pos\":[41,259,1058,354],\"rawinput\":false,\"sid\":\"\",\"text\":\"Created: moments ago\",\"throttle\":43,\"waitTime\":0,\"widget\":\"{\\\"bounds\\\":\\\"[41,259][1058,354]\\\",\\\"class\\\":\\\"android.widget.EditText\\\",\\\"content-desc\\\":\\\"\\\",\\\"index\\\":1,\\\"resource-id\\\":\\\"it.feio.android.omninotes.alpha:id\/detail_title\\\",\\\"text\\\":\\\"EiyYnpZK\\\"}\"}","Screenshot":""}
{"Type":"Monkey","MonkeyStepsCount":17,"Time":"2026-04-11 12:55:38.950","Info":"{\"act\":\"SCROLL_TOP_DOWN\",\"adbinput\":false,\"aid\":\"g0a3\",\"allowFuzzing\":true,\"clear\":false,\"editable\":false,\"jAction\":\"\",\"pos\":[55,337,165,447],\"rawinput\":false,\"sid\":\"\",\"text\":\"\",\"throttle\":43,\"waitTime\":0,\"widget\":\"{\\\"bounds\\\":\\\"[55,337][165,447]\\\",\\\"class\\\":\\\"android.widget.FrameLayout\\\",\\\"content-desc\\\":\\\"\\\",\\\"index\\\":0,\\\"resource-id\\\":\\\"\\\",\\\"text\\\":\\\"\\\"}\"}","Screenshot":""}
{"Type":"Monkey","MonkeyStepsCount":18,"Time":"2026-04-11 12:55:39.510","Info":"{\"act\":\"SCROLL_RIGHT_LEFT\",\"adbinput\":false,\"aid\":\"g0a6\",\"allowFuzzing\":true,\"clear\":false,\"editable\":false,\"jAction\":\"\",\"pos\":[55,337,165,447],\"rawinput\":false,\"sid\":\"\",\"text\":\"\",\"throttle\":77,\"waitTime\":0,\"widget\":\"{\\\"bounds\\\":\\\"[55,337][165,447]\\\",\\\"class\\\":\\\"android.widget.FrameLayout\\\",\\\"content-desc\\\":\\\"\\\",\\\"index\\\":0,\\\"resource-id\\\":\\\"\\\",\\\"text\\\":\\\"\\\"}\"}","Screenshot":""}
{"Type":"Monkey","MonkeyStepsCount":19,"Time":"2026-04-11 12:55:40.089","Info":"{\"act\":\"SCROLL_LEFT_RIGHT\",\"adbinput\":false,\"aid\":\"g0a5\",\"allowFuzzing\":true,\"clear\":false,\"editable\":false,\"jAction\":\"\",\"pos\":[55,337,114,447],\"rawinput\":false,\"sid\":\"\",\"text\":\"\",\"throttle\":41,\"waitTime\":0,\"widget\":\"{\\\"bounds\\\":\\\"[55,337][114,447]\\\",\\\"class\\\":\\\"android.widget.FrameLayout\\\",\\\"content-desc\\\":\\\"\\\",\\\"index\\\":0,\\\"resource-id\\\":\\\"\\\",\\\"text\\\":\\\"\\\"}\"}","Screenshot":""}
{"Type":"Monkey","MonkeyStepsCount":20,"Time":"2026-04-11 12:55:40.654","Info":"{\"act\":\"SCROLL_BOTTOM_UP\",\"adbinput\":false,\"aid\":\"g0a4\",\"allowFuzzing\":true,\"clear\":false,\"editable\":false,\"jAction\":\"\",\"pos\":[260,337,370,447],\"rawinput\":false,\"sid\":\"\",\"text\":\"\",\"throttle\":41,\"waitTime\":0,\"widget\":\"{\\\"bounds\\\":\\\"[260,337][370,447]\\\",\\\"class\\\":\\\"android.widget.FrameLayout\\\",\\\"content-desc\\\":\\\"\\\",\\\"index\\\":0,\\\"resource-id\\\":\\\"\\\",\\\"text\\\":\\\"\\\"}\"}","Screenshot":""}
{"Type":"Monkey","MonkeyStepsCount":21,"Time":"2026-04-11 12:55:41.220","Info":"{\"act\":\"SCROLL_LEFT_RIGHT\",\"adbinput\":false,\"aid\":\"g0a5\",\"allowFuzzing\":true,\"clear\":false,\"editable\":false,\"jAction\":\"\",\"pos\":[260,337,370,447],\"rawinput\":false,\"sid\":\"\",\"text\":\"\",\"throttle\":71,\"waitTime\":0,\"widget\":\"{\\\"bounds\\\":\\\"[260,337][370,447]\\\",\\\"class\\\":\\\"android.widget.FrameLayout\\\",\\\"content-desc\\\":\\\"\\\",\\\"index\\\":0,\\\"resource-id\\\":\\\"\\\",\\\"text\\\":\\\"\\\"}\"}","Screenshot":""}
{"Type":"Monkey","MonkeyStepsCount":22,"Time":"2026-04-11 12:55:41.818","Info":"{\"act\":\"SCROLL_TOP_DOWN\",\"adbinput\":false,\"aid\":\"g0a3\",\"allowFuzzing\":true,\"clear\":false,\"editable\":false,\"jAction\":\"\",\"pos\":[260,337,370,447],\"rawinput\":false,\"sid\":\"\",\"text\":\"\",\"throttle\":71,\"waitTime\":0,\"widget\":\"{\\\"bounds\\\":\\\"[260,337][370,447]\\\",\\\"class\\\":\\\"android.widget.FrameLayout\\\",\\\"content-desc\\\":\\\"\\\",\\\"index\\\":0,\\\"resource-id\\\":\\\"\\\",\\\"text\\\":\\\"\\\"}\"}","Screenshot":""}
{"Type":"Monkey","MonkeyStepsCount":23,"Time":"2026-04-11 12:55:42.404","Info":"{\"act\":\"SCROLL_RIGHT_LEFT\",\"adbinput\":false,\"aid\":\"g0a6\",\"allowFuzzing\":true,\"clear\":false,\"editable\":false,\"jAction\":\"\",\"pos\":[260,337,370,447],\"rawinput\":false,\"sid\":\"\",\"text\":\"\",\"throttle\":68,\"waitTime\":0,\"widget\":\"{\\\"bounds\\\":\\\"[260,337][370,447]\\\",\\\"class\\\":\\\"android.widget.FrameLayout\\\",\\\"content-desc\\\":\\\"\\\",\\\"index\\\":0,\\\"resource-id\\\":\\\"\\\",\\\"text\\\":\\\"\\\"}\"}","Screenshot":""}
{"Type":"Monkey","MonkeyStepsCount":24,"Time":"2026-04-11 12:55:42.992","Info":"{\"act\":\"CLICK\",\"adbinput\":false,\"aid\":\"g0a31\",\"allowFuzzing\":true,\"clear\":false,\"editable\":false,\"jAction\":\"\",\"pos\":[55,337,114,447],\"rawinput\":false,\"sid\":\"\",\"text\":\"\",\"throttle\":68,\"waitTime\":0,\"widget\":\"{\\\"bounds\\\":\\\"[55,337][114,447]\\\",\\\"class\\\":\\\"android.view.View\\\",\\\"content-desc\\\":\\\"\\\",\\\"index\\\":0,\\\"resource-id\\\":\\\"android:id\/insertion_handle\\\",\\\"text\\\":\\\"\\\"}\"}","Screenshot":""}
{"Type":"Monkey","MonkeyStepsCount":25,"Time":"2026-04-11 12:55:43.351","Info":"{\"act\":\"SCROLL_BOTTOM_UP\",\"adbinput\":false,\"aid\":\"g0a4\",\"allowFuzzing\":true,\"clear\":false,\"editable\":false,\"jAction\":\"\",\"pos\":[4,337,114,447],\"rawinput\":false,\"sid\":\"\",\"text\":\"\",\"throttle\":51,\"waitTime\":0,\"widget\":\"{\\\"bounds\\\":\\\"[4,337][114,447]\\\",\\\"class\\\":\\\"android.widget.FrameLayout\\\",\\\"content-desc\\\":\\\"\\\",\\\"index\\\":0,\\\"resource-id\\\":\\\"\\\",\\\"text\\\":\\\"\\\"}\"}","Screenshot":""}
{"Type":"Monkey","MonkeyStepsCount":26,"Time":"2026-04-11 12:55:43.925","Info":"{\"act\":\"BACK\",\"adbinput\":false,\"aid\":\"g0a13\",\"allowFuzzing\":true,\"clear\":false,\"editable\":false,\"jAction\":\"\",\"pos\":[0,0,0,0],\"rawinput\":false,\"sid\":\"\",\"text\":\"\",\"throttle\":49,\"waitTime\":0,\"widget\":\"\"}","Screenshot":""}
{"Type":"Monkey","MonkeyStepsCount":27,"Time":"2026-04-11 12:55:44.337","Info":"{\"act\":\"SCROLL_TOP_DOWN\",\"adbinput\":false,\"aid\":\"g0a3\",\"allowFuzzing\":true,\"clear\":false,\"editable\":false,\"jAction\":\"\",\"pos\":[4,337,114,447],\"rawinput\":false,\"sid\":\"\",\"text\":\"\",\"throttle\":0,\"waitTime\":0,\"widget\":\"{\\\"bounds\\\":\\\"[4,337][114,447]\\\",\\\"class\\\":\\\"android.widget.FrameLayout\\\",\\\"content-desc\\\":\\\"\\\",\\\"index\\\":0,\\\"resource-id\\\":\\\"\\\",\\\"text\\\":\\\"\\\"}\"}","Screenshot":""}
{"Type":"Monkey","MonkeyStepsCount":28,"Time":"2026-04-11 12:55:44.856","Info":"{\"act\":\"SCROLL_LEFT_RIGHT\",\"adbinput\":false,\"aid\":\"g0a5\",\"allowFuzzing\":true,\"clear\":false,\"editable\":false,\"jAction\":\"\",\"pos\":[4,337,114,447],\"rawinput\":false,\"sid\":\"\",\"text\":\"\",\"throttle\":0,\"waitTime\":0,\"widget\":\"{\\\"bounds\\\":\\\"[4,337][114,447]\\\",\\\"class\\\":\\\"android.widget.FrameLayout\\\",\\\"content-desc\\\":\\\"\\\",\\\"index\\\":0,\\\"resource-id\\\":\\\"\\\",\\\"text\\\":\\\"\\\"}\"}","Screenshot":""}
{"Type":"Monkey","MonkeyStepsCount":29,"Time":"2026-04-11 12:55:45.377","Info":"{\"act\":\"BACK\",\"adbinput\":false,\"aid\":\"g0a13\",\"allowFuzzing\":true,\"clear\":false,\"editable\":false,\"jAction\":\"\",\"pos\":[0,0,0,0],\"rawinput\":false,\"sid\":\"\",\"text\":\"\",\"throttle\":81,\"waitTime\":0,\"widget\":\"\"}","Screenshot":""}
{"Type":"ScriptInfo","MonkeyStepsCount":29,"Time":"2026-04-11 12:55:45.862","Info":"{\"propName\":\"omni945.OmniNotesBugTest.test_delete_category_information\",\"startStepsCount\":29,\"state\":\"start\"}","Screenshot":""}
{"Type":"Script","MonkeyStepsCount":29,"Time":"2026-04-11 12:55:46.125","Info":"{\"jsonrpc\": \"2.0\", \"id\": 1, \"method\": \"click\", \"params\": [77.0, 160.0]}","Screenshot":""}
{"Type":"Script","MonkeyStepsCount":29,"Time":"2026-04-11 12:55:49.304","Info":"{\"jsonrpc\": \"2.0\", \"id\": 1, \"method\": \"click\", \"params\": [429.0, 770.0, 1500]}","Screenshot":""}
{"Type":"Script","MonkeyStepsCount":29,"Time":"2026-04-11 12:55:51.539","Info":"{\"jsonrpc\": \"2.0\", \"id\": 1, \"method\": \"click\", \"params\": [422.0, 1385.5]}","Screenshot":""}
{"Type":"Script","MonkeyStepsCount":29,"Time":"2026-04-11 12:55:52.254","Info":"{\"jsonrpc\": \"2.0\", \"id\": 1, \"method\": \"pressKey\", \"params\": [\"back\"]}","Screenshot":""}
{"Type":"Script","MonkeyStepsCount":29,"Time":"2026-04-11 12:55:54.016","Info":"{\"jsonrpc\": \"2.0\", \"id\": 1, \"method\": \"pressKey\", \"params\": [\"back\"]}","Screenshot":""}
{"Type":"Script","MonkeyStepsCount":29,"Time":"2026-04-11 12:55:55.857","Info":"{\"jsonrpc\": \"2.0\", \"id\": 1, \"method\": \"pressKey\", \"params\": [\"back\"]}","Screenshot":""}
{"Type":"ScriptInfo","MonkeyStepsCount":29,"Time":"2026-04-11 12:55:56.424","Info":"{\"propName\":\"omni945.OmniNotesBugTest.test_delete_category_information\",\"startStepsCount\":29,\"state\":\"pass\"}","Screenshot":""}
{"Type":"Monkey","MonkeyStepsCount":30,"Time":"2026-04-11 12:55:56.736","Info":"{\"act\":\"CLICK\",\"adbinput\":false,\"aid\":\"g0a7\",\"allowFuzzing\":true,\"clear\":false,\"editable\":false,\"jAction\":\"\",\"pos\":[705,94,837,226],\"rawinput\":false,\"sid\":\"\",\"text\":\"\",\"throttle\":87,\"waitTime\":0,\"widget\":\"{\\\"bounds\\\":\\\"[705,94][837,226]\\\",\\\"class\\\":\\\"android.widget.Button\\\",\\\"content-desc\\\":\\\"Search\\\",\\\"index\\\":0,\\\"resource-id\\\":\\\"it.feio.android.omninotes.alpha:id\/menu_search\\\",\\\"text\\\":\\\"\\\"}\"}","Screenshot":""}
{"Type":"Monkey","MonkeyStepsCount":31,"Time":"2026-04-11 12:55:57.032","Info":"{\"act\":\"SCROLL_LEFT_RIGHT\",\"adbinput\":false,\"aid\":\"g0a5\",\"allowFuzzing\":true,\"clear\":false,\"editable\":false,\"jAction\":\"\",\"pos\":[0,0,1080,2280],\"rawinput\":false,\"sid\":\"\",\"text\":\"\",\"throttle\":96,\"waitTime\":0,\"widget\":\"{\\\"bounds\\\":\\\"[0,0][1080,2280]\\\",\\\"class\\\":\\\"android.widget.FrameLayout\\\",\\\"content-desc\\\":\\\"\\\",\\\"index\\\":0,\\\"resource-id\\\":\\\"\\\",\\\"text\\\":\\\"\\\"}\"}","Screenshot":""}
{"Type":"ScriptInfo","MonkeyStepsCount":31,"Time":"2026-04-11 12:55:57.788","Info":"{\"propName\":\"omni945.OmniNotesBugTest.test_delete_category_information\",\"startStepsCount\":31,\"state\":\"start\"}","Screenshot":""}
{"Type":"ScriptInfo","MonkeyStepsCount":31,"Time":"2026-04-11 12:55:58.717","Info":"{\"propName\":\"omni945.OmniNotesBugTest.test_delete_category_information\",\"startStepsCount\":31,\"state\":\"error\"}","Screenshot":""}
{"Type":"Monkey","MonkeyStepsCount":32,"Time":"2026-04-11 12:55:59.025","Info":"{\"act\":\"CLICK\",\"adbinput\":false,\"aid\":\"g0a38\",\"allowFuzzing\":true,\"clear\":false,\"editable\":false,\"jAction\":\"\",\"pos\":[794,1994,1036,2148],\"rawinput\":false,\"sid\":\"\",\"text\":\"\",\"throttle\":96,\"waitTime\":0,\"widget\":\"{\\\"bounds\\\":\\\"[794,1994][1036,2148]\\\",\\\"class\\\":\\\"android.widget.Button\\\",\\\"content-desc\\\":\\\"\\\",\\\"index\\\":1,\\\"resource-id\\\":\\\"it.feio.android.omninotes.alpha:id\/undobar_button\\\",\\\"text\\\":\\\"UNDO\\\"}\"}","Screenshot":""}
{"Type":"ScriptInfo","MonkeyStepsCount":32,"Time":"2026-04-11 12:55:59.393","Info":"{\"propName\":\"omni945.OmniNotesBugTest.test_reduced_view\",\"startStepsCount\":32,\"state\":\"start\"}","Screenshot":""}
{"Type":"Script","MonkeyStepsCount":32,"Time":"2026-04-11 12:56:16.447","Info":"{\"jsonrpc\": \"2.0\", \"id\": 1, \"method\": \"click\", \"params\": [1024.5, 160.0]}","Screenshot":""}
{"Type":"Script","MonkeyStepsCount":32,"Time":"2026-04-11 12:56:17.393","Info":"{\"jsonrpc\": \"2.0\", \"id\": 1, \"method\": \"click\", \"params\": [799.5, 182.5]}","Screenshot":""}
{"Type":"Script","MonkeyStepsCount":32,"Time":"2026-04-11 12:56:18.197","Info":"{\"jsonrpc\": \"2.0\", \"id\": 1, \"method\": \"click\", \"params\": [1024.5, 160.0]}","Screenshot":""}
{"Type":"Script","MonkeyStepsCount":32,"Time":"2026-04-11 12:56:19.010","Info":"{\"jsonrpc\": \"2.0\", \"id\": 1, \"method\": \"click\", \"params\": [799.5, 182.5]}","Screenshot":""}
{"Type":"ScriptInfo","MonkeyStepsCount":32,"Time":"2026-04-11 12:56:19.681","Info":"{\"propName\":\"omni945.OmniNotesBugTest.test_reduced_view\",\"startStepsCount\":32,\"state\":\"pass\"}","Screenshot":""}
