{"Type":"Monkey","MonkeyStepsCount":1,"Time":"2026-04-11 10:37:15.065","Info":"{\"act\":\"CLICK\",\"adbinput\":false,\"aid\":\"g0a7\",\"allowFuzzing\":true,\"clear\":false,\"editable\":false,\"jAction\":\"\",\"pos\":[705,94,837,226],\"rawinput\":false,\"sid\":\"\",\"text\":\"\",\"throttle\":26,\"waitTime\":0,\"widget\":\"{\\\"bounds\\\":\\\"[705,94][837,226]\\\",\\\"class\\\":\\\"android.widget.Button\\\",\\\"content-desc\\\":\\\"Search\\\",\\\"index\\\":0,\\\"resource-id\\\":\\\"it.feio.android.omninotes.alpha:id\/menu_search\\\",\\\"text\\\":\\\"\\\"}\"}","Screenshot":""}
{"Type":"Monkey","MonkeyStepsCount":2,"Time":"2026-04-11 10:37:15.384","Info":"{\"act\":\"CLICK\",\"adbinput\":false,\"aid\":\"g0a19\",\"allowFuzzing\":true,\"clear\":false,\"editable\":false,\"jAction\":\"\",\"pos\":[948,94,1080,226],\"rawinput\":false,\"sid\":\"\",\"text\":\"\",\"throttle\":21,\"waitTime\":0,\"widget\":\"{\\\"bounds\\\":\\\"[948,94][1080,226]\\\",\\\"class\\\":\\\"android.widget.Button\\\",\\\"content-desc\\\":\\\"Tags\\\",\\\"index\\\":1,\\\"resource-id\\\":\\\"it.feio.android.omninotes.alpha:id\/menu_tags\\\",\\\"text\\\":\\\"\\\"}\"}","Screenshot":""}
{"Type":"Monkey","MonkeyStepsCount":3,"Time":"2026-04-11 10:37:15.761","Info":"{\"act\":\"CLICK\",\"adbinput\":false,\"aid\":\"g0a14\",\"allowFuzzing\":true,\"clear\":false,\"editable\":true,\"jAction\":\"\",\"pos\":[220,110,640,209],\"rawinput\":false,\"sid\":\"\",\"text\":\"Nothing here!\",\"throttle\":21,\"waitTime\":0,\"widget\":\"{\\\"bounds\\\":\\\"[220,110][640,209]\\\",\\\"class\\\":\\\"android.widget.EditText\\\",\\\"content-desc\\\":\\\"\\\",\\\"index\\\":0,\\\"resource-id\\\":\\\"it.feio.android.omninotes.alpha:id\/search_src_text\\\",\\\"text\\\":\\\"Searchinnotes\\\"}\"}","Screenshot":""}
{"Type":"Monkey","MonkeyStepsCount":4,"Time":"2026-04-11 10:37:16.147","Info":"{\"act\":\"SCROLL_TOP_DOWN\",\"adbinput\":false,\"aid\":\"g0a3\",\"allowFuzzing\":true,\"clear\":false,\"editable\":false,\"jAction\":\"\",\"pos\":[0,0,1080,2280],\"rawinput\":false,\"sid\":\"\",\"text\":\"\",\"throttle\":55,\"waitTime\":0,\"widget\":\"{\\\"bounds\\\":\\\"[0,0][1080,2280]\\\",\\\"class\\\":\\\"android.widget.FrameLayout\\\",\\\"content-desc\\\":\\\"\\\",\\\"index\\\":0,\\\"resource-id\\\":\\\"\\\",\\\"text\\\":\\\"\\\"}\"}","Screenshot":""}
{"Type":"Monkey","MonkeyStepsCount":5,"Time":"2026-04-11 10:37:16.770","Info":"{\"act\":\"LONG_CLICK\",\"adbinput\":false,\"aid\":\"g0a15\",\"allowFuzzing\":true,\"clear\":false,\"editable\":true,\"jAction\":\"\",\"pos\":[220,110,640,209],\"rawinput\":false,\"sid\":\"\",\"text\":\"Nothing here!\",\"throttle\":55,\"waitTime\":0,\"widget\":\"{\\\"bounds\\\":\\\"[220,110][640,209]\\\",\\\"class\\\":\\\"android.widget.EditText\\\",\\\"content-desc\\\":\\\"\\\",\\\"index\\\":0,\\\"resource-id\\\":\\\"it.feio.android.omninotes.alpha:id\/search_src_text\\\",\\\"text\\\":\\\"Searchinnotes\\\"}\"}","Screenshot":""}
{"Type":"ScriptInfo","MonkeyStepsCount":5,"Time":"2026-04-11 10:37:18.155","Info":"{\"propName\":\"omni951.OmniNotesBugTest.test_create_note_with_tag\",\"startStepsCount\":5,\"state\":\"start\"}","Screenshot":""}
{"Type":"Script","MonkeyStepsCount":5,"Time":"2026-04-11 10:37:18.340","Info":"{\"jsonrpc\": \"2.0\", \"id\": 1, \"method\": \"click\", \"params\": [957.0, 2024.5]}","Screenshot":""}
{"Type":"Script","MonkeyStepsCount":5,"Time":"2026-04-11 10:37:19.197","Info":"{\"jsonrpc\": \"2.0\", \"id\": 1, \"method\": \"click\", \"params\": [957.5, 1832.5]}","Screenshot":""}
{"Type":"Script","MonkeyStepsCount":5,"Time":"2026-04-11 10:37:20.073","Info":"{\"jsonrpc\": \"2.0\", \"id\": 1, \"method\": \"setText\", \"params\": [{\"mask\": 2097152, \"childOrSibling\": [], \"childOrSiblingSelector\": [], \"resourceId\": \"it.feio.android.omninotes.alpha:id\/detail_title\"}, \"zM0wF3Yz\"]}","Screenshot":""}
{"Type":"Script","MonkeyStepsCount":5,"Time":"2026-04-11 10:37:20.318","Info":"{\"jsonrpc\": \"2.0\", \"id\": 1, \"method\": \"setText\", \"params\": [{\"mask\": 2097152, \"childOrSibling\": [], \"childOrSiblingSelector\": [], \"resourceId\": \"it.feio.android.omninotes.alpha:id\/detail_content\"}, \"#bZGr\"]}","Screenshot":""}
{"Type":"Script","MonkeyStepsCount":5,"Time":"2026-04-11 10:37:20.921","Info":"{\"jsonrpc\": \"2.0\", \"id\": 1, \"method\": \"pressKey\", \"params\": [\"back\"]}","Screenshot":""}
{"Type":"ScriptInfo","MonkeyStepsCount":5,"Time":"2026-04-11 10:37:21.609","Info":"{\"propName\":\"omni951.OmniNotesBugTest.test_create_note_with_tag\",\"startStepsCount\":5,\"state\":\"pass\"}","Screenshot":""}
{"Type":"ScriptInfo","MonkeyStepsCount":5,"Time":"2026-04-11 10:37:21.891","Info":"{\"propName\":\"omni951.OmniNotesBugTest.test_search_tag\",\"startStepsCount\":5,\"state\":\"start\"}","Screenshot":""}
{"Type":"Script","MonkeyStepsCount":5,"Time":"2026-04-11 10:37:22.064","Info":"{\"jsonrpc\": \"2.0\", \"id\": 1, \"method\": \"click\", \"params\": [771.0, 200.0]}","Screenshot":""}
{"Type":"Script","MonkeyStepsCount":5,"Time":"2026-04-11 10:37:23.013","Info":"{\"jsonrpc\": \"2.0\", \"id\": 1, \"method\": \"click\", \"params\": [1014.0, 200.0]}","Screenshot":""}
{"Type":"Script","MonkeyStepsCount":5,"Time":"2026-04-11 10:37:24.975","Info":"{\"jsonrpc\": \"2.0\", \"id\": 1, \"method\": \"click\", \"params\": [529.0, 1109.0]}","Screenshot":""}
{"Type":"Script","MonkeyStepsCount":5,"Time":"2026-04-11 10:37:25.861","Info":"{\"jsonrpc\": \"2.0\", \"id\": 1, \"method\": \"click\", \"params\": [876.0, 1247.0]}","Screenshot":""}
{"Type":"Script","MonkeyStepsCount":5,"Time":"2026-04-11 10:37:26.864","Info":"{\"jsonrpc\": \"2.0\", \"id\": 1, \"method\": \"click\", \"params\": [967.0, 290.5]}","Screenshot":""}
{"Type":"ScriptInfo","MonkeyStepsCount":5,"Time":"2026-04-11 10:37:27.517","Info":"{\"propName\":\"omni951.OmniNotesBugTest.test_search_tag\",\"startStepsCount\":5,\"state\":\"pass\"}","Screenshot":""}
{"Type":"ScriptInfo","MonkeyStepsCount":5,"Time":"2026-04-11 10:37:27.797","Info":"{\"propName\":\"omni951.OmniNotesBugTest.test_data_setting\",\"startStepsCount\":5,\"state\":\"start\"}","Screenshot":""}
{"Type":"Script","MonkeyStepsCount":5,"Time":"2026-04-11 10:37:28.127","Info":"{\"jsonrpc\": \"2.0\", \"id\": 1, \"method\": \"click\", \"params\": [77.0, 200.0]}","Screenshot":""}
{"Type":"Script","MonkeyStepsCount":5,"Time":"2026-04-11 10:37:29.248","Info":"{\"jsonrpc\": \"2.0\", \"id\": 1, \"method\": \"click\", \"params\": [478.5, 639.0]}","Screenshot":""}
{"Type":"Script","MonkeyStepsCount":5,"Time":"2026-04-11 10:37:30.151","Info":"{\"jsonrpc\": \"2.0\", \"id\": 1, \"method\": \"click\", \"params\": [89.5, 451.5]}","Screenshot":""}
{"Type":"Script","MonkeyStepsCount":5,"Time":"2026-04-11 10:37:31.019","Info":"{\"jsonrpc\": \"2.0\", \"id\": 1, \"method\": \"click\", \"params\": [222.5, 310.5]}","Screenshot":""}
{"Type":"Script","MonkeyStepsCount":5,"Time":"2026-04-11 10:37:31.682","Info":"{\"jsonrpc\": \"2.0\", \"id\": 1, \"method\": \"pressKey\", \"params\": [\"back\"]}","Screenshot":""}
{"Type":"Script","MonkeyStepsCount":5,"Time":"2026-04-11 10:37:32.252","Info":"{\"jsonrpc\": \"2.0\", \"id\": 1, \"method\": \"pressKey\", \"params\": [\"back\"]}","Screenshot":""}
{"Type":"Script","MonkeyStepsCount":5,"Time":"2026-04-11 10:37:32.851","Info":"{\"jsonrpc\": \"2.0\", \"id\": 1, \"method\": \"pressKey\", \"params\": [\"back\"]}","Screenshot":""}
{"Type":"Script","MonkeyStepsCount":5,"Time":"2026-04-11 10:37:34.003","Info":"{\"jsonrpc\": \"2.0\", \"id\": 1, \"method\": \"pressKey\", \"params\": [\"back\"]}","Screenshot":""}
{"Type":"ScriptInfo","MonkeyStepsCount":5,"Time":"2026-04-11 10:37:34.561","Info":"{\"propName\":\"omni951.OmniNotesBugTest.test_data_setting\",\"startStepsCount\":5,\"state\":\"pass\"}","Screenshot":""}
{"Type":"ScriptInfo","MonkeyStepsCount":5,"Time":"2026-04-11 10:37:34.856","Info":"{\"propName\":\"omni951.OmniNotesBugTest.test_create_note_with_tag\",\"startStepsCount\":5,\"state\":\"start\"}","Screenshot":""}
{"Type":"Script","MonkeyStepsCount":5,"Time":"2026-04-11 10:37:34.979","Info":"{\"jsonrpc\": \"2.0\", \"id\": 1, \"method\": \"click\", \"params\": [957.0, 2024.5]}","Screenshot":""}
{"Type":"Script","MonkeyStepsCount":5,"Time":"2026-04-11 10:37:35.795","Info":"{\"jsonrpc\": \"2.0\", \"id\": 1, \"method\": \"click\", \"params\": [957.5, 1832.5]}","Screenshot":""}
{"Type":"Script","MonkeyStepsCount":5,"Time":"2026-04-11 10:37:36.608","Info":"{\"jsonrpc\": \"2.0\", \"id\": 1, \"method\": \"setText\", \"params\": [{\"mask\": 2097152, \"childOrSibling\": [], \"childOrSiblingSelector\": [], \"resourceId\": \"it.feio.android.omninotes.alpha:id\/detail_title\"}, \"CqdadA\"]}","Screenshot":""}
{"Type":"Script","MonkeyStepsCount":5,"Time":"2026-04-11 10:37:36.805","Info":"{\"jsonrpc\": \"2.0\", \"id\": 1, \"method\": \"setText\", \"params\": [{\"mask\": 2097152, \"childOrSibling\": [], \"childOrSiblingSelector\": [], \"resourceId\": \"it.feio.android.omninotes.alpha:id\/detail_content\"}, \"#iCT\"]}","Screenshot":""}
{"Type":"Script","MonkeyStepsCount":5,"Time":"2026-04-11 10:37:37.459","Info":"{\"jsonrpc\": \"2.0\", \"id\": 1, \"method\": \"pressKey\", \"params\": [\"back\"]}","Screenshot":""}
{"Type":"ScriptInfo","MonkeyStepsCount":5,"Time":"2026-04-11 10:37:38.111","Info":"{\"propName\":\"omni951.OmniNotesBugTest.test_create_note_with_tag\",\"startStepsCount\":5,\"state\":\"pass\"}","Screenshot":""}
{"Type":"ScriptInfo","MonkeyStepsCount":5,"Time":"2026-04-11 10:37:38.393","Info":"{\"propName\":\"omni951.OmniNotesBugTest.test_behavior_setting\",\"startStepsCount\":5,\"state\":\"start\"}","Screenshot":""}
{"Type":"Script","MonkeyStepsCount":5,"Time":"2026-04-11 10:37:38.676","Info":"{\"jsonrpc\": \"2.0\", \"id\": 1, \"method\": \"click\", \"params\": [77.0, 200.0]}","Screenshot":""}
{"Type":"Script","MonkeyStepsCount":5,"Time":"2026-04-11 10:37:39.583","Info":"{\"jsonrpc\": \"2.0\", \"id\": 1, \"method\": \"click\", \"params\": [478.5, 639.0]}","Screenshot":""}
{"Type":"Script","MonkeyStepsCount":5,"Time":"2026-04-11 10:37:40.423","Info":"{\"jsonrpc\": \"2.0\", \"id\": 1, \"method\": \"click\", \"params\": [140.5, 892.5]}","Screenshot":""}
{"Type":"Script","MonkeyStepsCount":5,"Time":"2026-04-11 10:37:41.284","Info":"{\"jsonrpc\": \"2.0\", \"id\": 1, \"method\": \"click\", \"params\": [972.0, 510.0]}","Screenshot":""}
{"Type":"Script","MonkeyStepsCount":5,"Time":"2026-04-11 10:37:42.123","Info":"{\"jsonrpc\": \"2.0\", \"id\": 1, \"method\": \"click\", \"params\": [972.0, 510.0]}","Screenshot":""}
{"Type":"Script","MonkeyStepsCount":5,"Time":"2026-04-11 10:37:42.805","Info":"{\"jsonrpc\": \"2.0\", \"id\": 1, \"method\": \"pressKey\", \"params\": [\"back\"]}","Screenshot":""}
{"Type":"Script","MonkeyStepsCount":5,"Time":"2026-04-11 10:37:43.375","Info":"{\"jsonrpc\": \"2.0\", \"id\": 1, \"method\": \"pressKey\", \"params\": [\"back\"]}","Screenshot":""}
{"Type":"Script","MonkeyStepsCount":5,"Time":"2026-04-11 10:37:44.551","Info":"{\"jsonrpc\": \"2.0\", \"id\": 1, \"method\": \"pressKey\", \"params\": [\"back\"]}","Screenshot":""}
{"Type":"ScriptInfo","MonkeyStepsCount":5,"Time":"2026-04-11 10:37:45.107","Info":"{\"propName\":\"omni951.OmniNotesBugTest.test_behavior_setting\",\"startStepsCount\":5,\"state\":\"pass\"}","Screenshot":""}
{"Type":"ScriptInfo","MonkeyStepsCount":5,"Time":"2026-04-11 10:37:45.432","Info":"{\"propName\":\"omni951.OmniNotesBugTest.test_create_empty_category\",\"startStepsCount\":5,\"state\":\"start\"}","Screenshot":""}
{"Type":"Script","MonkeyStepsCount":5,"Time":"2026-04-11 10:37:45.618","Info":"{\"jsonrpc\": \"2.0\", \"id\": 1, \"method\": \"click\", \"params\": [957.0, 2024.5]}","Screenshot":""}
{"Type":"Script","MonkeyStepsCount":5,"Time":"2026-04-11 10:37:46.491","Info":"{\"jsonrpc\": \"2.0\", \"id\": 1, \"method\": \"click\", \"params\": [957.5, 1832.5]}","Screenshot":""}
{"Type":"Script","MonkeyStepsCount":5,"Time":"2026-04-11 10:37:47.388","Info":"{\"jsonrpc\": \"2.0\", \"id\": 1, \"method\": \"click\", \"params\": [639.0, 200.0]}","Screenshot":""}
{"Type":"Script","MonkeyStepsCount":5,"Time":"2026-04-11 10:37:48.279","Info":"{\"jsonrpc\": \"2.0\", \"id\": 1, \"method\": \"click\", \"params\": [768.5, 1191.0]}","Screenshot":""}
{"Type":"Script","MonkeyStepsCount":5,"Time":"2026-04-11 10:37:49.041","Info":"{\"jsonrpc\": \"2.0\", \"id\": 1, \"method\": \"setText\", \"params\": [{\"mask\": 2097153, \"childOrSibling\": [], \"childOrSiblingSelector\": [], \"resourceId\": \"it.feio.android.omninotes.alpha:id\/category_title\", \"text\": \"Title\"}, \"xl7eI\"]}","Screenshot":""}
{"Type":"Script","MonkeyStepsCount":5,"Time":"2026-04-11 10:37:49.776","Info":"{\"jsonrpc\": \"2.0\", \"id\": 1, \"method\": \"click\", \"params\": [659.5, 1385.5]}","Screenshot":""}
{"Type":"Script","MonkeyStepsCount":5,"Time":"2026-04-11 10:37:50.463","Info":"{\"jsonrpc\": \"2.0\", \"id\": 1, \"method\": \"pressKey\", \"params\": [\"back\"]}","Screenshot":""}
{"Type":"Script","MonkeyStepsCount":5,"Time":"2026-04-11 10:37:51.540","Info":"{\"jsonrpc\": \"2.0\", \"id\": 1, \"method\": \"click\", \"params\": [77.0, 200.0]}","Screenshot":""}
{"Type":"Script","MonkeyStepsCount":5,"Time":"2026-04-11 10:37:51.725","Info":"{\"jsonrpc\": \"2.0\", \"id\": 1, \"method\": \"pressKey\", \"params\": [\"back\"]}","Screenshot":""}
{"Type":"ScriptInfo","MonkeyStepsCount":5,"Time":"2026-04-11 10:37:52.363","Info":"{\"propName\":\"omni951.OmniNotesBugTest.test_create_empty_category\",\"startStepsCount\":5,\"state\":\"pass\"}","Screenshot":""}
{"Type":"Monkey","MonkeyStepsCount":6,"Time":"2026-04-11 10:37:52.783","Info":"{\"act\":\"CLICK\",\"adbinput\":false,\"aid\":\"g0a20\",\"allowFuzzing\":true,\"clear\":false,\"editable\":false,\"jAction\":\"\",\"pos\":[857,1987,1011,2141],\"rawinput\":false,\"sid\":\"\",\"text\":\"\",\"throttle\":47,\"waitTime\":0,\"widget\":\"{\\\"bounds\\\":\\\"[857,1987][1011,2141]\\\",\\\"class\\\":\\\"android.view.View\\\",\\\"content-desc\\\":\\\"Voice search\\\",\\\"index\\\":2,\\\"resource-id\\\":\\\"com.google.android.apps.nexuslauncher:id\/mic_icon\\\",\\\"text\\\":\\\"\\\"}\"}","Screenshot":""}
{"Type":"Monkey","MonkeyStepsCount":7,"Time":"2026-04-11 10:37:53.136","Info":"{\"act\":\"CLICK\",\"adbinput\":false,\"aid\":\"g0a31\",\"allowFuzzing\":true,\"clear\":false,\"editable\":false,\"jAction\":\"\",\"pos\":[52,1987,1028,2141],\"rawinput\":false,\"sid\":\"\",\"text\":\"\",\"throttle\":39,\"waitTime\":0,\"widget\":\"{\\\"bounds\\\":\\\"[52,1987][1028,2141]\\\",\\\"class\\\":\\\"android.widget.FrameLayout\\\",\\\"content-desc\\\":\\\"Search\\\",\\\"index\\\":1,\\\"resource-id\\\":\\\"com.google.android.apps.nexuslauncher:id\/search_container_all_apps\\\",\\\"text\\\":\\\"\\\"}\"}","Screenshot":""}
{"Type":"ScriptInfo","MonkeyStepsCount":7,"Time":"2026-04-11 10:37:55.515","Info":"{\"propName\":\"omni951.OmniNotesBugTest.test_reduced_view\",\"startStepsCount\":7,\"state\":\"start\"}","Screenshot":""}
{"Type":"Script","MonkeyStepsCount":7,"Time":"2026-04-11 10:37:55.642","Info":"{\"jsonrpc\": \"2.0\", \"id\": 1, \"method\": \"click\", \"params\": [1024.5, 200.0]}","Screenshot":""}
{"Type":"Script","MonkeyStepsCount":7,"Time":"2026-04-11 10:37:56.560","Info":"{\"jsonrpc\": \"2.0\", \"id\": 1, \"method\": \"click\", \"params\": [799.5, 182.5]}","Screenshot":""}
{"Type":"Script","MonkeyStepsCount":7,"Time":"2026-04-11 10:37:57.372","Info":"{\"jsonrpc\": \"2.0\", \"id\": 1, \"method\": \"click\", \"params\": [1024.5, 200.0]}","Screenshot":""}
{"Type":"Script","MonkeyStepsCount":7,"Time":"2026-04-11 10:37:58.174","Info":"{\"jsonrpc\": \"2.0\", \"id\": 1, \"method\": \"click\", \"params\": [799.5, 182.5]}","Screenshot":""}
{"Type":"ScriptInfo","MonkeyStepsCount":7,"Time":"2026-04-11 10:37:58.832","Info":"{\"propName\":\"omni951.OmniNotesBugTest.test_reduced_view\",\"startStepsCount\":7,\"state\":\"pass\"}","Screenshot":""}
{"Type":"ScriptInfo","MonkeyStepsCount":7,"Time":"2026-04-11 10:37:59.107","Info":"{\"propName\":\"omni951.OmniNotesBugTest.test_create_note_with_tag\",\"startStepsCount\":7,\"state\":\"start\"}","Screenshot":""}
{"Type":"Script","MonkeyStepsCount":7,"Time":"2026-04-11 10:37:59.326","Info":"{\"jsonrpc\": \"2.0\", \"id\": 1, \"method\": \"click\", \"params\": [957.0, 2024.5]}","Screenshot":""}
{"Type":"Script","MonkeyStepsCount":7,"Time":"2026-04-11 10:38:00.172","Info":"{\"jsonrpc\": \"2.0\", \"id\": 1, \"method\": \"click\", \"params\": [957.5, 1832.5]}","Screenshot":""}
{"Type":"Script","MonkeyStepsCount":7,"Time":"2026-04-11 10:38:00.957","Info":"{\"jsonrpc\": \"2.0\", \"id\": 1, \"method\": \"setText\", \"params\": [{\"mask\": 2097152, \"childOrSibling\": [], \"childOrSiblingSelector\": [], \"resourceId\": \"it.feio.android.omninotes.alpha:id\/detail_title\"}, \"ytneaMlBf\"]}","Screenshot":""}
{"Type":"Script","MonkeyStepsCount":7,"Time":"2026-04-11 10:38:01.156","Info":"{\"jsonrpc\": \"2.0\", \"id\": 1, \"method\": \"setText\", \"params\": [{\"mask\": 2097152, \"childOrSibling\": [], \"childOrSiblingSelector\": [], \"resourceId\": \"it.feio.android.omninotes.alpha:id\/detail_content\"}, \"#nsTqv\"]}","Screenshot":""}
{"Type":"Script","MonkeyStepsCount":7,"Time":"2026-04-11 10:38:01.797","Info":"{\"jsonrpc\": \"2.0\", \"id\": 1, \"method\": \"pressKey\", \"params\": [\"back\"]}","Screenshot":""}
{"Type":"ScriptInfo","MonkeyStepsCount":7,"Time":"2026-04-11 10:38:02.404","Info":"{\"propName\":\"omni951.OmniNotesBugTest.test_create_note_with_tag\",\"startStepsCount\":7,\"state\":\"pass\"}","Screenshot":""}
{"Type":"ScriptInfo","MonkeyStepsCount":7,"Time":"2026-04-11 10:38:02.695","Info":"{\"propName\":\"omni951.OmniNotesBugTest.test_search_tag\",\"startStepsCount\":7,\"state\":\"start\"}","Screenshot":""}
{"Type":"Script","MonkeyStepsCount":7,"Time":"2026-04-11 10:38:02.850","Info":"{\"jsonrpc\": \"2.0\", \"id\": 1, \"method\": \"click\", \"params\": [771.0, 200.0]}","Screenshot":""}
{"Type":"Script","MonkeyStepsCount":7,"Time":"2026-04-11 10:38:03.826","Info":"{\"jsonrpc\": \"2.0\", \"id\": 1, \"method\": \"click\", \"params\": [1014.0, 200.0]}","Screenshot":""}
{"Type":"Script","MonkeyStepsCount":7,"Time":"2026-04-11 10:38:05.883","Info":"{\"jsonrpc\": \"2.0\", \"id\": 1, \"method\": \"click\", \"params\": [529.0, 1241.0]}","Screenshot":""}
{"Type":"Script","MonkeyStepsCount":7,"Time":"2026-04-11 10:38:06.830","Info":"{\"jsonrpc\": \"2.0\", \"id\": 1, \"method\": \"click\", \"params\": [876.0, 1379.0]}","Screenshot":""}
{"Type":"Script","MonkeyStepsCount":7,"Time":"2026-04-11 10:38:07.796","Info":"{\"jsonrpc\": \"2.0\", \"id\": 1, \"method\": \"click\", \"params\": [967.0, 290.5]}","Screenshot":""}
{"Type":"ScriptInfo","MonkeyStepsCount":7,"Time":"2026-04-11 10:38:08.536","Info":"{\"propName\":\"omni951.OmniNotesBugTest.test_search_tag\",\"startStepsCount\":7,\"state\":\"fail\"}","Screenshot":""}
{"Type":"ScriptInfo","MonkeyStepsCount":7,"Time":"2026-04-11 10:38:08.835","Info":"{\"propName\":\"omni951.OmniNotesBugTest.test_search_tag\",\"startStepsCount\":7,\"state\":\"start\"}","Screenshot":""}
{"Type":"Script","MonkeyStepsCount":7,"Time":"2026-04-11 10:38:08.995","Info":"{\"jsonrpc\": \"2.0\", \"id\": 1, \"method\": \"click\", \"params\": [771.0, 200.0]}","Screenshot":""}
{"Type":"Script","MonkeyStepsCount":7,"Time":"2026-04-11 10:38:09.848","Info":"{\"jsonrpc\": \"2.0\", \"id\": 1, \"method\": \"click\", \"params\": [1014.0, 200.0]}","Screenshot":""}
{"Type":"Script","MonkeyStepsCount":7,"Time":"2026-04-11 10:38:11.999","Info":"{\"jsonrpc\": \"2.0\", \"id\": 1, \"method\": \"click\", \"params\": [529.0, 1241.0]}","Screenshot":""}
{"Type":"Script","MonkeyStepsCount":7,"Time":"2026-04-11 10:38:12.921","Info":"{\"jsonrpc\": \"2.0\", \"id\": 1, \"method\": \"click\", \"params\": [876.0, 1379.0]}","Screenshot":""}
{"Type":"Script","MonkeyStepsCount":7,"Time":"2026-04-11 10:38:13.831","Info":"{\"jsonrpc\": \"2.0\", \"id\": 1, \"method\": \"click\", \"params\": [967.0, 290.5]}","Screenshot":""}
{"Type":"ScriptInfo","MonkeyStepsCount":7,"Time":"2026-04-11 10:38:14.552","Info":"{\"propName\":\"omni951.OmniNotesBugTest.test_search_tag\",\"startStepsCount\":7,\"state\":\"fail\"}","Screenshot":""}
{"Type":"ScriptInfo","MonkeyStepsCount":7,"Time":"2026-04-11 10:38:14.832","Info":"{\"propName\":\"omni951.OmniNotesBugTest.test_reduced_view\",\"startStepsCount\":7,\"state\":\"start\"}","Screenshot":""}
{"Type":"Script","MonkeyStepsCount":7,"Time":"2026-04-11 10:38:14.986","Info":"{\"jsonrpc\": \"2.0\", \"id\": 1, \"method\": \"click\", \"params\": [1024.5, 200.0]}","Screenshot":""}
{"Type":"Script","MonkeyStepsCount":7,"Time":"2026-04-11 10:38:15.862","Info":"{\"jsonrpc\": \"2.0\", \"id\": 1, \"method\": \"click\", \"params\": [799.5, 182.5]}","Screenshot":""}
{"Type":"Script","MonkeyStepsCount":7,"Time":"2026-04-11 10:38:16.703","Info":"{\"jsonrpc\": \"2.0\", \"id\": 1, \"method\": \"click\", \"params\": [1024.5, 200.0]}","Screenshot":""}
{"Type":"Script","MonkeyStepsCount":7,"Time":"2026-04-11 10:38:17.547","Info":"{\"jsonrpc\": \"2.0\", \"id\": 1, \"method\": \"click\", \"params\": [799.5, 182.5]}","Screenshot":""}
{"Type":"ScriptInfo","MonkeyStepsCount":7,"Time":"2026-04-11 10:38:18.203","Info":"{\"propName\":\"omni951.OmniNotesBugTest.test_reduced_view\",\"startStepsCount\":7,\"state\":\"pass\"}","Screenshot":""}
{"Type":"Monkey","MonkeyStepsCount":8,"Time":"2026-04-11 10:38:18.507","Info":"{\"act\":\"CLICK\",\"adbinput\":false,\"aid\":\"g0a0\",\"allowFuzzing\":true,\"clear\":false,\"editable\":false,\"jAction\":\"\",\"pos\":[856,1923,1058,2126],\"rawinput\":false,\"sid\":\"\",\"text\":\"\",\"throttle\":13,\"waitTime\":0,\"widget\":\"{\\\"bounds\\\":\\\"[856,1923][1058,2126]\\\",\\\"class\\\":\\\"android.widget.ImageButton\\\",\\\"content-desc\\\":\\\"\\\",\\\"index\\\":6,\\\"resource-id\\\":\\\"it.feio.android.omninotes.alpha:id\/fab_expand_menu_button\\\",\\\"text\\\":\\\"\\\"}\"}","Screenshot":""}
{"Type":"ScriptInfo","MonkeyStepsCount":8,"Time":"2026-04-11 10:38:18.841","Info":"{\"propName\":\"omni951.OmniNotesBugTest.test_search_tag\",\"startStepsCount\":8,\"state\":\"start\"}","Screenshot":""}
{"Type":"Script","MonkeyStepsCount":8,"Time":"2026-04-11 10:38:19.015","Info":"{\"jsonrpc\": \"2.0\", \"id\": 1, \"method\": \"click\", \"params\": [771.0, 200.0]}","Screenshot":""}
{"Type":"Script","MonkeyStepsCount":8,"Time":"2026-04-11 10:38:19.846","Info":"{\"jsonrpc\": \"2.0\", \"id\": 1, \"method\": \"click\", \"params\": [1014.0, 200.0]}","Screenshot":""}
{"Type":"Script","MonkeyStepsCount":8,"Time":"2026-04-11 10:38:21.959","Info":"{\"jsonrpc\": \"2.0\", \"id\": 1, \"method\": \"click\", \"params\": [529.0, 1241.0]}","Screenshot":""}
{"Type":"Script","MonkeyStepsCount":8,"Time":"2026-04-11 10:38:22.864","Info":"{\"jsonrpc\": \"2.0\", \"id\": 1, \"method\": \"click\", \"params\": [876.0, 1379.0]}","Screenshot":""}
{"Type":"Script","MonkeyStepsCount":8,"Time":"2026-04-11 10:38:23.904","Info":"{\"jsonrpc\": \"2.0\", \"id\": 1, \"method\": \"click\", \"params\": [967.0, 290.5]}","Screenshot":""}
{"Type":"ScriptInfo","MonkeyStepsCount":8,"Time":"2026-04-11 10:38:24.554","Info":"{\"propName\":\"omni951.OmniNotesBugTest.test_search_tag\",\"startStepsCount\":8,\"state\":\"fail\"}","Screenshot":""}
{"Type":"ScriptInfo","MonkeyStepsCount":8,"Time":"2026-04-11 10:38:24.856","Info":"{\"propName\":\"omni951.OmniNotesBugTest.test_search_tag\",\"startStepsCount\":8,\"state\":\"start\"}","Screenshot":""}
{"Type":"Script","MonkeyStepsCount":8,"Time":"2026-04-11 10:38:25.042","Info":"{\"jsonrpc\": \"2.0\", \"id\": 1, \"method\": \"click\", \"params\": [771.0, 200.0]}","Screenshot":""}
{"Type":"Script","MonkeyStepsCount":8,"Time":"2026-04-11 10:38:25.914","Info":"{\"jsonrpc\": \"2.0\", \"id\": 1, \"method\": \"click\", \"params\": [1014.0, 200.0]}","Screenshot":""}
{"Type":"Script","MonkeyStepsCount":8,"Time":"2026-04-11 10:38:28.020","Info":"{\"jsonrpc\": \"2.0\", \"id\": 1, \"method\": \"click\", \"params\": [529.0, 1109.0]}","Screenshot":""}
{"Type":"Script","MonkeyStepsCount":8,"Time":"2026-04-11 10:38:28.944","Info":"{\"jsonrpc\": \"2.0\", \"id\": 1, \"method\": \"click\", \"params\": [876.0, 1379.0]}","Screenshot":""}
{"Type":"Script","MonkeyStepsCount":8,"Time":"2026-04-11 10:38:29.881","Info":"{\"jsonrpc\": \"2.0\", \"id\": 1, \"method\": \"click\", \"params\": [967.0, 290.5]}","Screenshot":""}
{"Type":"ScriptInfo","MonkeyStepsCount":8,"Time":"2026-04-11 10:38:30.584","Info":"{\"propName\":\"omni951.OmniNotesBugTest.test_search_tag\",\"startStepsCount\":8,\"state\":\"fail\"}","Screenshot":""}
{"Type":"ScriptInfo","MonkeyStepsCount":8,"Time":"2026-04-11 10:38:30.900","Info":"{\"propName\":\"omni951.OmniNotesBugTest.test_reduced_view\",\"startStepsCount\":8,\"state\":\"start\"}","Screenshot":""}
{"Type":"Script","MonkeyStepsCount":8,"Time":"2026-04-11 10:38:31.089","Info":"{\"jsonrpc\": \"2.0\", \"id\": 1, \"method\": \"click\", \"params\": [1024.5, 200.0]}","Screenshot":""}
{"Type":"Script","MonkeyStepsCount":8,"Time":"2026-04-11 10:38:32.175","Info":"{\"jsonrpc\": \"2.0\", \"id\": 1, \"method\": \"click\", \"params\": [799.5, 182.5]}","Screenshot":""}
{"Type":"Script","MonkeyStepsCount":8,"Time":"2026-04-11 10:38:32.971","Info":"{\"jsonrpc\": \"2.0\", \"id\": 1, \"method\": \"click\", \"params\": [1024.5, 200.0]}","Screenshot":""}
{"Type":"Script","MonkeyStepsCount":8,"Time":"2026-04-11 10:38:33.830","Info":"{\"jsonrpc\": \"2.0\", \"id\": 1, \"method\": \"click\", \"params\": [799.5, 182.5]}","Screenshot":""}
{"Type":"ScriptInfo","MonkeyStepsCount":8,"Time":"2026-04-11 10:38:34.507","Info":"{\"propName\":\"omni951.OmniNotesBugTest.test_reduced_view\",\"startStepsCount\":8,\"state\":\"pass\"}","Screenshot":""}
{"Type":"ScriptInfo","MonkeyStepsCount":8,"Time":"2026-04-11 10:38:34.772","Info":"{\"propName\":\"omni951.OmniNotesBugTest.test_reduced_view\",\"startStepsCount\":8,\"state\":\"start\"}","Screenshot":""}
{"Type":"Script","MonkeyStepsCount":8,"Time":"2026-04-11 10:38:34.914","Info":"{\"jsonrpc\": \"2.0\", \"id\": 1, \"method\": \"click\", \"params\": [1024.5, 200.0]}","Screenshot":""}
{"Type":"Script","MonkeyStepsCount":8,"Time":"2026-04-11 10:38:35.770","Info":"{\"jsonrpc\": \"2.0\", \"id\": 1, \"method\": \"click\", \"params\": [799.5, 182.5]}","Screenshot":""}
{"Type":"Script","MonkeyStepsCount":8,"Time":"2026-04-11 10:38:36.655","Info":"{\"jsonrpc\": \"2.0\", \"id\": 1, \"method\": \"click\", \"params\": [1024.5, 200.0]}","Screenshot":""}
{"Type":"Script","MonkeyStepsCount":8,"Time":"2026-04-11 10:38:37.436","Info":"{\"jsonrpc\": \"2.0\", \"id\": 1, \"method\": \"click\", \"params\": [799.5, 182.5]}","Screenshot":""}
{"Type":"ScriptInfo","MonkeyStepsCount":8,"Time":"2026-04-11 10:38:38.140","Info":"{\"propName\":\"omni951.OmniNotesBugTest.test_reduced_view\",\"startStepsCount\":8,\"state\":\"pass\"}","Screenshot":""}
{"Type":"ScriptInfo","MonkeyStepsCount":8,"Time":"2026-04-11 10:38:38.451","Info":"{\"propName\":\"omni951.OmniNotesBugTest.test_reduced_view\",\"startStepsCount\":8,\"state\":\"start\"}","Screenshot":""}
{"Type":"Script","MonkeyStepsCount":8,"Time":"2026-04-11 10:38:38.671","Info":"{\"jsonrpc\": \"2.0\", \"id\": 1, \"method\": \"click\", \"params\": [1024.5, 200.0]}","Screenshot":""}
{"Type":"Script","MonkeyStepsCount":8,"Time":"2026-04-11 10:38:39.480","Info":"{\"jsonrpc\": \"2.0\", \"id\": 1, \"method\": \"click\", \"params\": [799.5, 182.5]}","Screenshot":""}
{"Type":"Script","MonkeyStepsCount":8,"Time":"2026-04-11 10:38:40.294","Info":"{\"jsonrpc\": \"2.0\", \"id\": 1, \"method\": \"click\", \"params\": [1024.5, 200.0]}","Screenshot":""}
{"Type":"Script","MonkeyStepsCount":8,"Time":"2026-04-11 10:38:41.086","Info":"{\"jsonrpc\": \"2.0\", \"id\": 1, \"method\": \"click\", \"params\": [799.5, 182.5]}","Screenshot":""}
{"Type":"ScriptInfo","MonkeyStepsCount":8,"Time":"2026-04-11 10:38:41.778","Info":"{\"propName\":\"omni951.OmniNotesBugTest.test_reduced_view\",\"startStepsCount\":8,\"state\":\"pass\"}","Screenshot":""}
{"Type":"Monkey","MonkeyStepsCount":9,"Time":"2026-04-11 10:38:42.049","Info":"{\"act\":\"LONG_CLICK\",\"adbinput\":false,\"aid\":\"g0a12\",\"allowFuzzing\":true,\"clear\":false,\"editable\":false,\"jAction\":\"\",\"pos\":[969,94,1080,226],\"rawinput\":false,\"sid\":\"\",\"text\":\"\",\"throttle\":85,\"waitTime\":0,\"widget\":\"{\\\"bounds\\\":\\\"[969,94][1080,226]\\\",\\\"class\\\":\\\"android.widget.ImageView\\\",\\\"content-desc\\\":\\\"More options\\\",\\\"index\\\":2,\\\"resource-id\\\":\\\"\\\",\\\"text\\\":\\\"\\\"}\"}","Screenshot":""}
{"Type":"ScriptInfo","MonkeyStepsCount":9,"Time":"2026-04-11 10:38:43.441","Info":"{\"propName\":\"omni951.OmniNotesBugTest.test_search_tag\",\"startStepsCount\":9,\"state\":\"start\"}","Screenshot":""}
{"Type":"Script","MonkeyStepsCount":9,"Time":"2026-04-11 10:38:43.645","Info":"{\"jsonrpc\": \"2.0\", \"id\": 1, \"method\": \"click\", \"params\": [771.0, 200.0]}","Screenshot":""}
{"Type":"Script","MonkeyStepsCount":9,"Time":"2026-04-11 10:38:44.539","Info":"{\"jsonrpc\": \"2.0\", \"id\": 1, \"method\": \"click\", \"params\": [1014.0, 200.0]}","Screenshot":""}
{"Type":"Script","MonkeyStepsCount":9,"Time":"2026-04-11 10:38:46.679","Info":"{\"jsonrpc\": \"2.0\", \"id\": 1, \"method\": \"click\", \"params\": [529.0, 1109.0]}","Screenshot":""}
{"Type":"Script","MonkeyStepsCount":9,"Time":"2026-04-11 10:38:47.615","Info":"{\"jsonrpc\": \"2.0\", \"id\": 1, \"method\": \"click\", \"params\": [876.0, 1379.0]}","Screenshot":""}
{"Type":"Script","MonkeyStepsCount":9,"Time":"2026-04-11 10:38:48.535","Info":"{\"jsonrpc\": \"2.0\", \"id\": 1, \"method\": \"click\", \"params\": [967.0, 290.5]}","Screenshot":""}
{"Type":"ScriptInfo","MonkeyStepsCount":9,"Time":"2026-04-11 10:38:49.207","Info":"{\"propName\":\"omni951.OmniNotesBugTest.test_search_tag\",\"startStepsCount\":9,\"state\":\"fail\"}","Screenshot":""}
{"Type":"Monkey","MonkeyStepsCount":10,"Time":"2026-04-11 10:38:49.516","Info":"{\"act\":\"CLICK\",\"adbinput\":false,\"aid\":\"g0a8\",\"allowFuzzing\":true,\"clear\":false,\"editable\":false,\"jAction\":\"\",\"pos\":[837,94,969,226],\"rawinput\":false,\"sid\":\"\",\"text\":\"\",\"throttle\":97,\"waitTime\":0,\"widget\":\"{\\\"bounds\\\":\\\"[837,94][969,226]\\\",\\\"class\\\":\\\"android.widget.Button\\\",\\\"content-desc\\\":\\\"Sort\\\",\\\"index\\\":1,\\\"resource-id\\\":\\\"it.feio.android.omninotes.alpha:id\/menu_sort\\\",\\\"text\\\":\\\"\\\"}\"}","Screenshot":""}
{"Type":"Monkey","MonkeyStepsCount":11,"Time":"2026-04-11 10:38:49.899","Info":"{\"act\":\"CLICK\",\"adbinput\":false,\"aid\":\"g0a37\",\"allowFuzzing\":true,\"clear\":false,\"editable\":false,\"jAction\":\"\",\"pos\":[451,95,1036,189],\"rawinput\":false,\"sid\":\"\",\"text\":\"\",\"throttle\":97,\"waitTime\":0,\"widget\":\"{\\\"bounds\\\":\\\"[451,95][1036,189]\\\",\\\"class\\\":\\\"android.widget.LinearLayout\\\",\\\"content-desc\\\":\\\"\\\",\\\"index\\\":0,\\\"resource-id\\\":\\\"\\\",\\\"text\\\":\\\"\\\"}\"}","Screenshot":""}
{"Type":"ScriptInfo","MonkeyStepsCount":11,"Time":"2026-04-11 10:38:50.307","Info":"{\"propName\":\"omni951.OmniNotesBugTest.test_search_tag\",\"startStepsCount\":11,\"state\":\"start\"}","Screenshot":""}
{"Type":"Script","MonkeyStepsCount":11,"Time":"2026-04-11 10:38:50.507","Info":"{\"jsonrpc\": \"2.0\", \"id\": 1, \"method\": \"click\", \"params\": [771.0, 200.0]}","Screenshot":""}
{"Type":"Script","MonkeyStepsCount":11,"Time":"2026-04-11 10:38:51.360","Info":"{\"jsonrpc\": \"2.0\", \"id\": 1, \"method\": \"click\", \"params\": [1014.0, 200.0]}","Screenshot":""}
{"Type":"Script","MonkeyStepsCount":11,"Time":"2026-04-11 10:38:53.528","Info":"{\"jsonrpc\": \"2.0\", \"id\": 1, \"method\": \"click\", \"params\": [529.0, 977.0]}","Screenshot":""}
{"Type":"Script","MonkeyStepsCount":11,"Time":"2026-04-11 10:38:54.430","Info":"{\"jsonrpc\": \"2.0\", \"id\": 1, \"method\": \"click\", \"params\": [876.0, 1379.0]}","Screenshot":""}
{"Type":"Script","MonkeyStepsCount":11,"Time":"2026-04-11 10:38:55.396","Info":"{\"jsonrpc\": \"2.0\", \"id\": 1, \"method\": \"click\", \"params\": [967.0, 290.5]}","Screenshot":""}
{"Type":"ScriptInfo","MonkeyStepsCount":11,"Time":"2026-04-11 10:38:56.051","Info":"{\"propName\":\"omni951.OmniNotesBugTest.test_search_tag\",\"startStepsCount\":11,\"state\":\"pass\"}","Screenshot":""}
{"Type":"ScriptInfo","MonkeyStepsCount":11,"Time":"2026-04-11 10:38:56.334","Info":"{\"propName\":\"omni951.OmniNotesBugTest.test_reduced_view\",\"startStepsCount\":11,\"state\":\"start\"}","Screenshot":""}
{"Type":"Script","MonkeyStepsCount":11,"Time":"2026-04-11 10:38:56.495","Info":"{\"jsonrpc\": \"2.0\", \"id\": 1, \"method\": \"click\", \"params\": [1024.5, 200.0]}","Screenshot":""}
{"Type":"Script","MonkeyStepsCount":11,"Time":"2026-04-11 10:38:57.404","Info":"{\"jsonrpc\": \"2.0\", \"id\": 1, \"method\": \"click\", \"params\": [799.5, 182.5]}","Screenshot":""}
{"Type":"Script","MonkeyStepsCount":11,"Time":"2026-04-11 10:38:58.195","Info":"{\"jsonrpc\": \"2.0\", \"id\": 1, \"method\": \"click\", \"params\": [1024.5, 200.0]}","Screenshot":""}
{"Type":"Script","MonkeyStepsCount":11,"Time":"2026-04-11 10:38:59.009","Info":"{\"jsonrpc\": \"2.0\", \"id\": 1, \"method\": \"click\", \"params\": [799.5, 182.5]}","Screenshot":""}
{"Type":"ScriptInfo","MonkeyStepsCount":11,"Time":"2026-04-11 10:38:59.672","Info":"{\"propName\":\"omni951.OmniNotesBugTest.test_reduced_view\",\"startStepsCount\":11,\"state\":\"pass\"}","Screenshot":""}
{"Type":"ScriptInfo","MonkeyStepsCount":11,"Time":"2026-04-11 10:38:59.980","Info":"{\"propName\":\"omni951.OmniNotesBugTest.test_reduced_view\",\"startStepsCount\":11,\"state\":\"start\"}","Screenshot":""}
{"Type":"Script","MonkeyStepsCount":11,"Time":"2026-04-11 10:39:00.153","Info":"{\"jsonrpc\": \"2.0\", \"id\": 1, \"method\": \"click\", \"params\": [1024.5, 200.0]}","Screenshot":""}
{"Type":"Script","MonkeyStepsCount":11,"Time":"2026-04-11 10:39:01.049","Info":"{\"jsonrpc\": \"2.0\", \"id\": 1, \"method\": \"click\", \"params\": [799.5, 182.5]}","Screenshot":""}
{"Type":"Script","MonkeyStepsCount":11,"Time":"2026-04-11 10:39:01.895","Info":"{\"jsonrpc\": \"2.0\", \"id\": 1, \"method\": \"click\", \"params\": [1024.5, 200.0]}","Screenshot":""}
{"Type":"Script","MonkeyStepsCount":11,"Time":"2026-04-11 10:39:02.739","Info":"{\"jsonrpc\": \"2.0\", \"id\": 1, \"method\": \"click\", \"params\": [799.5, 182.5]}","Screenshot":""}
{"Type":"ScriptInfo","MonkeyStepsCount":11,"Time":"2026-04-11 10:39:03.444","Info":"{\"propName\":\"omni951.OmniNotesBugTest.test_reduced_view\",\"startStepsCount\":11,\"state\":\"pass\"}","Screenshot":""}
{"Type":"ScriptInfo","MonkeyStepsCount":11,"Time":"2026-04-11 10:39:03.738","Info":"{\"propName\":\"omni951.OmniNotesBugTest.test_search_tag\",\"startStepsCount\":11,\"state\":\"start\"}","Screenshot":""}
{"Type":"Script","MonkeyStepsCount":11,"Time":"2026-04-11 10:39:03.879","Info":"{\"jsonrpc\": \"2.0\", \"id\": 1, \"method\": \"click\", \"params\": [771.0, 200.0]}","Screenshot":""}
{"Type":"Script","MonkeyStepsCount":11,"Time":"2026-04-11 10:39:04.716","Info":"{\"jsonrpc\": \"2.0\", \"id\": 1, \"method\": \"click\", \"params\": [1014.0, 200.0]}","Screenshot":""}
{"Type":"Script","MonkeyStepsCount":11,"Time":"2026-04-11 10:39:06.864","Info":"{\"jsonrpc\": \"2.0\", \"id\": 1, \"method\": \"click\", \"params\": [529.0, 1241.0]}","Screenshot":""}
{"Type":"Script","MonkeyStepsCount":11,"Time":"2026-04-11 10:39:07.783","Info":"{\"jsonrpc\": \"2.0\", \"id\": 1, \"method\": \"click\", \"params\": [876.0, 1379.0]}","Screenshot":""}
{"Type":"Script","MonkeyStepsCount":11,"Time":"2026-04-11 10:39:08.798","Info":"{\"jsonrpc\": \"2.0\", \"id\": 1, \"method\": \"click\", \"params\": [967.0, 290.5]}","Screenshot":""}
{"Type":"ScriptInfo","MonkeyStepsCount":11,"Time":"2026-04-11 10:39:09.521","Info":"{\"propName\":\"omni951.OmniNotesBugTest.test_search_tag\",\"startStepsCount\":11,\"state\":\"fail\"}","Screenshot":""}
{"Type":"Monkey","MonkeyStepsCount":12,"Time":"2026-04-11 10:39:09.832","Info":"{\"act\":\"CLICK\",\"adbinput\":false,\"aid\":\"g0a11\",\"allowFuzzing\":true,\"clear\":false,\"editable\":false,\"jAction\":\"\",\"pos\":[969,94,1080,226],\"rawinput\":false,\"sid\":\"\",\"text\":\"\",\"throttle\":56,\"waitTime\":0,\"widget\":\"{\\\"bounds\\\":\\\"[969,94][1080,226]\\\",\\\"class\\\":\\\"android.widget.ImageView\\\",\\\"content-desc\\\":\\\"More options\\\",\\\"index\\\":2,\\\"resource-id\\\":\\\"\\\",\\\"text\\\":\\\"\\\"}\"}","Screenshot":""}
{"Type":"Monkey","MonkeyStepsCount":13,"Time":"2026-04-11 10:39:10.165","Info":"{\"act\":\"CLICK\",\"adbinput\":false,\"aid\":\"g0a37\",\"allowFuzzing\":true,\"clear\":false,\"editable\":false,\"jAction\":\"\",\"pos\":[573,110,1025,227],\"rawinput\":false,\"sid\":\"\",\"text\":\"\",\"throttle\":56,\"waitTime\":0,\"widget\":\"{\\\"bounds\\\":\\\"[573,110][1025,227]\\\",\\\"class\\\":\\\"android.widget.LinearLayout\\\",\\\"content-desc\\\":\\\"\\\",\\\"index\\\":0,\\\"resource-id\\\":\\\"\\\",\\\"text\\\":\\\"\\\"}\"}","Screenshot":""}
{"Type":"ScriptInfo","MonkeyStepsCount":13,"Time":"2026-04-11 10:39:10.507","Info":"{\"propName\":\"omni951.OmniNotesBugTest.test_search_tag\",\"startStepsCount\":13,\"state\":\"start\"}","Screenshot":""}
{"Type":"Script","MonkeyStepsCount":13,"Time":"2026-04-11 10:39:10.724","Info":"{\"jsonrpc\": \"2.0\", \"id\": 1, \"method\": \"click\", \"params\": [771.0, 200.0]}","Screenshot":""}
{"Type":"Script","MonkeyStepsCount":13,"Time":"2026-04-11 10:39:11.534","Info":"{\"jsonrpc\": \"2.0\", \"id\": 1, \"method\": \"click\", \"params\": [1014.0, 200.0]}","Screenshot":""}
{"Type":"Script","MonkeyStepsCount":13,"Time":"2026-04-11 10:39:12.783","Info":"{\"jsonrpc\": \"2.0\", \"id\": 1, \"method\": \"click\", \"params\": [529.0, 977.0]}","Screenshot":""}
{"Type":"Script","MonkeyStepsCount":13,"Time":"2026-04-11 10:39:13.674","Info":"{\"jsonrpc\": \"2.0\", \"id\": 1, \"method\": \"click\", \"params\": [876.0, 1379.0]}","Screenshot":""}
{"Type":"Script","MonkeyStepsCount":13,"Time":"2026-04-11 10:39:14.705","Info":"{\"jsonrpc\": \"2.0\", \"id\": 1, \"method\": \"click\", \"params\": [967.0, 290.5]}","Screenshot":""}
{"Type":"ScriptInfo","MonkeyStepsCount":13,"Time":"2026-04-11 10:39:15.373","Info":"{\"propName\":\"omni951.OmniNotesBugTest.test_search_tag\",\"startStepsCount\":13,\"state\":\"pass\"}","Screenshot":""}
{"Type":"ScriptInfo","MonkeyStepsCount":13,"Time":"2026-04-11 10:39:15.653","Info":"{\"propName\":\"omni951.OmniNotesBugTest.test_search_tag\",\"startStepsCount\":13,\"state\":\"start\"}","Screenshot":""}
{"Type":"Script","MonkeyStepsCount":13,"Time":"2026-04-11 10:39:15.794","Info":"{\"jsonrpc\": \"2.0\", \"id\": 1, \"method\": \"click\", \"params\": [771.0, 200.0]}","Screenshot":""}
{"Type":"Script","MonkeyStepsCount":13,"Time":"2026-04-11 10:39:16.619","Info":"{\"jsonrpc\": \"2.0\", \"id\": 1, \"method\": \"click\", \"params\": [1014.0, 200.0]}","Screenshot":""}
{"Type":"Script","MonkeyStepsCount":13,"Time":"2026-04-11 10:39:18.838","Info":"{\"jsonrpc\": \"2.0\", \"id\": 1, \"method\": \"click\", \"params\": [529.0, 977.0]}","Screenshot":""}
{"Type":"Script","MonkeyStepsCount":13,"Time":"2026-04-11 10:39:19.679","Info":"{\"jsonrpc\": \"2.0\", \"id\": 1, \"method\": \"click\", \"params\": [876.0, 1379.0]}","Screenshot":""}
{"Type":"Script","MonkeyStepsCount":13,"Time":"2026-04-11 10:39:20.684","Info":"{\"jsonrpc\": \"2.0\", \"id\": 1, \"method\": \"click\", \"params\": [967.0, 290.5]}","Screenshot":""}
{"Type":"ScriptInfo","MonkeyStepsCount":13,"Time":"2026-04-11 10:39:21.336","Info":"{\"propName\":\"omni951.OmniNotesBugTest.test_search_tag\",\"startStepsCount\":13,\"state\":\"pass\"}","Screenshot":""}
{"Type":"ScriptInfo","MonkeyStepsCount":13,"Time":"2026-04-11 10:39:21.622","Info":"{\"propName\":\"omni951.OmniNotesBugTest.test_search_tag\",\"startStepsCount\":13,\"state\":\"start\"}","Screenshot":""}
{"Type":"Script","MonkeyStepsCount":13,"Time":"2026-04-11 10:39:21.813","Info":"{\"jsonrpc\": \"2.0\", \"id\": 1, \"method\": \"click\", \"params\": [771.0, 200.0]}","Screenshot":""}
{"Type":"Script","MonkeyStepsCount":13,"Time":"2026-04-11 10:39:22.646","Info":"{\"jsonrpc\": \"2.0\", \"id\": 1, \"method\": \"click\", \"params\": [1014.0, 200.0]}","Screenshot":""}
{"Type":"Script","MonkeyStepsCount":13,"Time":"2026-04-11 10:39:24.755","Info":"{\"jsonrpc\": \"2.0\", \"id\": 1, \"method\": \"click\", \"params\": [529.0, 1109.0]}","Screenshot":""}
{"Type":"Script","MonkeyStepsCount":13,"Time":"2026-04-11 10:39:25.595","Info":"{\"jsonrpc\": \"2.0\", \"id\": 1, \"method\": \"click\", \"params\": [876.0, 1379.0]}","Screenshot":""}
{"Type":"Script","MonkeyStepsCount":13,"Time":"2026-04-11 10:39:26.613","Info":"{\"jsonrpc\": \"2.0\", \"id\": 1, \"method\": \"click\", \"params\": [967.0, 290.5]}","Screenshot":""}
{"Type":"ScriptInfo","MonkeyStepsCount":13,"Time":"2026-04-11 10:39:27.273","Info":"{\"propName\":\"omni951.OmniNotesBugTest.test_search_tag\",\"startStepsCount\":13,\"state\":\"fail\"}","Screenshot":""}
{"Type":"Monkey","MonkeyStepsCount":14,"Time":"2026-04-11 10:39:27.574","Info":"{\"act\":\"LONG_CLICK\",\"adbinput\":false,\"aid\":\"g0a1\",\"allowFuzzing\":true,\"clear\":false,\"editable\":false,\"jAction\":\"\",\"pos\":[856,1923,1058,2126],\"rawinput\":false,\"sid\":\"\",\"text\":\"\",\"throttle\":76,\"waitTime\":0,\"widget\":\"{\\\"bounds\\\":\\\"[856,1923][1058,2126]\\\",\\\"class\\\":\\\"android.widget.ImageButton\\\",\\\"content-desc\\\":\\\"\\\",\\\"index\\\":6,\\\"resource-id\\\":\\\"it.feio.android.omninotes.alpha:id\/fab_expand_menu_button\\\",\\\"text\\\":\\\"\\\"}\"}","Screenshot":""}
{"Type":"Monkey","MonkeyStepsCount":15,"Time":"2026-04-11 10:39:28.917","Info":"{\"act\":\"CLICK\",\"adbinput\":false,\"aid\":\"g0a43\",\"allowFuzzing\":true,\"clear\":false,\"editable\":false,\"jAction\":\"\",\"pos\":[837,94,969,226],\"rawinput\":false,\"sid\":\"\",\"text\":\"\",\"throttle\":18,\"waitTime\":0,\"widget\":\"{\\\"bounds\\\":\\\"[837,94][969,226]\\\",\\\"class\\\":\\\"android.widget.Button\\\",\\\"content-desc\\\":\\\"Share\\\",\\\"index\\\":3,\\\"resource-id\\\":\\\"it.feio.android.omninotes.alpha:id\/menu_share\\\",\\\"text\\\":\\\"\\\"}\"}","Screenshot":""}
{"Type":"Monkey","MonkeyStepsCount":16,"Time":"2026-04-11 10:39:29.276","Info":"{\"act\":\"CLICK\",\"adbinput\":false,\"aid\":\"g0a2\",\"allowFuzzing\":true,\"clear\":false,\"editable\":false,\"jAction\":\"\",\"pos\":[0,83,154,237],\"rawinput\":false,\"sid\":\"\",\"text\":\"\",\"throttle\":36,\"waitTime\":0,\"widget\":\"{\\\"bounds\\\":\\\"[0,83][154,237]\\\",\\\"class\\\":\\\"android.widget.ImageButton\\\",\\\"content-desc\\\":\\\"drawer open\\\",\\\"index\\\":0,\\\"resource-id\\\":\\\"\\\",\\\"text\\\":\\\"\\\"}\"}","Screenshot":""}
{"Type":"Monkey","MonkeyStepsCount":17,"Time":"2026-04-11 10:39:29.779","Info":"{\"act\":\"CLICK\",\"adbinput\":false,\"aid\":\"g0a2\",\"allowFuzzing\":true,\"clear\":false,\"editable\":false,\"jAction\":\"\",\"pos\":[0,83,154,237],\"rawinput\":false,\"sid\":\"\",\"text\":\"\",\"throttle\":36,\"waitTime\":0,\"widget\":\"{\\\"bounds\\\":\\\"[0,83][154,237]\\\",\\\"class\\\":\\\"android.widget.ImageButton\\\",\\\"content-desc\\\":\\\"drawer open\\\",\\\"index\\\":0,\\\"resource-id\\\":\\\"\\\",\\\"text\\\":\\\"\\\"}\"}","Screenshot":""}
{"Type":"ScriptInfo","MonkeyStepsCount":17,"Time":"2026-04-11 10:39:30.271","Info":"{\"propName\":\"omni951.OmniNotesBugTest.test_search_tag\",\"startStepsCount\":17,\"state\":\"start\"}","Screenshot":""}
{"Type":"Script","MonkeyStepsCount":17,"Time":"2026-04-11 10:39:30.453","Info":"{\"jsonrpc\": \"2.0\", \"id\": 1, \"method\": \"click\", \"params\": [771.0, 200.0]}","Screenshot":""}
{"Type":"Script","MonkeyStepsCount":17,"Time":"2026-04-11 10:39:43.314","Info":"{\"jsonrpc\": \"2.0\", \"id\": 1, \"method\": \"click\", \"params\": [1014.0, 200.0]}","Screenshot":""}
{"Type":"Script","MonkeyStepsCount":17,"Time":"2026-04-11 10:39:44.580","Info":"{\"jsonrpc\": \"2.0\", \"id\": 1, \"method\": \"click\", \"params\": [529.0, 1241.0]}","Screenshot":""}
{"Type":"Script","MonkeyStepsCount":17,"Time":"2026-04-11 10:39:45.424","Info":"{\"jsonrpc\": \"2.0\", \"id\": 1, \"method\": \"click\", \"params\": [876.0, 1379.0]}","Screenshot":""}
{"Type":"Script","MonkeyStepsCount":17,"Time":"2026-04-11 10:39:46.360","Info":"{\"jsonrpc\": \"2.0\", \"id\": 1, \"method\": \"click\", \"params\": [967.0, 290.5]}","Screenshot":""}
{"Type":"ScriptInfo","MonkeyStepsCount":17,"Time":"2026-04-11 10:39:47.076","Info":"{\"propName\":\"omni951.OmniNotesBugTest.test_search_tag\",\"startStepsCount\":17,\"state\":\"fail\"}","Screenshot":""}
{"Type":"ScriptInfo","MonkeyStepsCount":17,"Time":"2026-04-11 10:39:47.421","Info":"{\"propName\":\"omni951.OmniNotesBugTest.test_reduced_view\",\"startStepsCount\":17,\"state\":\"start\"}","Screenshot":""}
{"Type":"Script","MonkeyStepsCount":17,"Time":"2026-04-11 10:39:47.581","Info":"{\"jsonrpc\": \"2.0\", \"id\": 1, \"method\": \"click\", \"params\": [1024.5, 200.0]}","Screenshot":""}
{"Type":"Script","MonkeyStepsCount":17,"Time":"2026-04-11 10:39:48.389","Info":"{\"jsonrpc\": \"2.0\", \"id\": 1, \"method\": \"click\", \"params\": [799.5, 182.5]}","Screenshot":""}
{"Type":"Script","MonkeyStepsCount":17,"Time":"2026-04-11 10:39:55.113","Info":"{\"jsonrpc\": \"2.0\", \"id\": 1, \"method\": \"click\", \"params\": [799.5, 182.5]}","Screenshot":""}
{"Type":"Script","MonkeyStepsCount":17,"Time":"2026-04-11 10:39:55.965","Info":"{\"jsonrpc\": \"2.0\", \"id\": 1, \"method\": \"click\", \"params\": [1024.5, 200.0]}","Screenshot":""}
{"Type":"Script","MonkeyStepsCount":17,"Time":"2026-04-11 10:39:56.786","Info":"{\"jsonrpc\": \"2.0\", \"id\": 1, \"method\": \"click\", \"params\": [799.5, 182.5]}","Screenshot":""}
{"Type":"ScriptInfo","MonkeyStepsCount":17,"Time":"2026-04-11 10:39:57.446","Info":"{\"propName\":\"omni951.OmniNotesBugTest.test_reduced_view\",\"startStepsCount\":17,\"state\":\"pass\"}","Screenshot":""}
{"Type":"ScriptInfo","MonkeyStepsCount":17,"Time":"2026-04-11 10:39:57.761","Info":"{\"propName\":\"omni951.OmniNotesBugTest.test_reduced_view\",\"startStepsCount\":17,\"state\":\"start\"}","Screenshot":""}
{"Type":"Script","MonkeyStepsCount":17,"Time":"2026-04-11 10:39:57.883","Info":"{\"jsonrpc\": \"2.0\", \"id\": 1, \"method\": \"click\", \"params\": [1024.5, 200.0]}","Screenshot":""}
{"Type":"Script","MonkeyStepsCount":17,"Time":"2026-04-11 10:39:58.762","Info":"{\"jsonrpc\": \"2.0\", \"id\": 1, \"method\": \"click\", \"params\": [799.5, 182.5]}","Screenshot":""}
{"Type":"Script","MonkeyStepsCount":17,"Time":"2026-04-11 10:39:59.575","Info":"{\"jsonrpc\": \"2.0\", \"id\": 1, \"method\": \"click\", \"params\": [1024.5, 200.0]}","Screenshot":""}
{"Type":"Script","MonkeyStepsCount":17,"Time":"2026-04-11 10:40:00.354","Info":"{\"jsonrpc\": \"2.0\", \"id\": 1, \"method\": \"click\", \"params\": [799.5, 182.5]}","Screenshot":""}
{"Type":"ScriptInfo","MonkeyStepsCount":17,"Time":"2026-04-11 10:40:01.036","Info":"{\"propName\":\"omni951.OmniNotesBugTest.test_reduced_view\",\"startStepsCount\":17,\"state\":\"pass\"}","Screenshot":""}
{"Type":"Monkey","MonkeyStepsCount":18,"Time":"2026-04-11 10:40:01.386","Info":"{\"act\":\"SCROLL_RIGHT_LEFT\",\"adbinput\":false,\"aid\":\"g0a6\",\"allowFuzzing\":true,\"clear\":false,\"editable\":false,\"jAction\":\"\",\"pos\":[0,0,1080,2280],\"rawinput\":false,\"sid\":\"\",\"text\":\"\",\"throttle\":70,\"waitTime\":0,\"widget\":\"{\\\"bounds\\\":\\\"[0,0][1080,2280]\\\",\\\"class\\\":\\\"android.widget.FrameLayout\\\",\\\"content-desc\\\":\\\"\\\",\\\"index\\\":0,\\\"resource-id\\\":\\\"\\\",\\\"text\\\":\\\"\\\"}\"}","Screenshot":""}
{"Type":"ScriptInfo","MonkeyStepsCount":18,"Time":"2026-04-11 10:40:02.197","Info":"{\"propName\":\"omni951.OmniNotesBugTest.test_search_tag\",\"startStepsCount\":18,\"state\":\"start\"}","Screenshot":""}
{"Type":"Script","MonkeyStepsCount":18,"Time":"2026-04-11 10:40:02.686","Info":"{\"jsonrpc\": \"2.0\", \"id\": 1, \"method\": \"click\", \"params\": [771.0, 200.0]}","Screenshot":""}
{"Type":"Script","MonkeyStepsCount":18,"Time":"2026-04-11 10:40:03.482","Info":"{\"jsonrpc\": \"2.0\", \"id\": 1, \"method\": \"click\", \"params\": [1014.0, 200.0]}","Screenshot":""}
{"Type":"Script","MonkeyStepsCount":18,"Time":"2026-04-11 10:40:05.745","Info":"{\"jsonrpc\": \"2.0\", \"id\": 1, \"method\": \"click\", \"params\": [529.0, 977.0]}","Screenshot":""}
{"Type":"Script","MonkeyStepsCount":18,"Time":"2026-04-11 10:40:06.650","Info":"{\"jsonrpc\": \"2.0\", \"id\": 1, \"method\": \"click\", \"params\": [876.0, 1379.0]}","Screenshot":""}
{"Type":"Script","MonkeyStepsCount":18,"Time":"2026-04-11 10:40:07.738","Info":"{\"jsonrpc\": \"2.0\", \"id\": 1, \"method\": \"click\", \"params\": [967.0, 290.5]}","Screenshot":""}
{"Type":"ScriptInfo","MonkeyStepsCount":18,"Time":"2026-04-11 10:40:08.407","Info":"{\"propName\":\"omni951.OmniNotesBugTest.test_search_tag\",\"startStepsCount\":18,\"state\":\"pass\"}","Screenshot":""}
{"Type":"ScriptInfo","MonkeyStepsCount":18,"Time":"2026-04-11 10:40:08.702","Info":"{\"propName\":\"omni951.OmniNotesBugTest.test_search_tag\",\"startStepsCount\":18,\"state\":\"start\"}","Screenshot":""}
{"Type":"Script","MonkeyStepsCount":18,"Time":"2026-04-11 10:40:08.863","Info":"{\"jsonrpc\": \"2.0\", \"id\": 1, \"method\": \"click\", \"params\": [771.0, 200.0]}","Screenshot":""}
{"Type":"Script","MonkeyStepsCount":18,"Time":"2026-04-11 10:40:09.704","Info":"{\"jsonrpc\": \"2.0\", \"id\": 1, \"method\": \"click\", \"params\": [1014.0, 200.0]}","Screenshot":""}
{"Type":"Script","MonkeyStepsCount":18,"Time":"2026-04-11 10:40:11.816","Info":"{\"jsonrpc\": \"2.0\", \"id\": 1, \"method\": \"click\", \"params\": [529.0, 1109.0]}","Screenshot":""}
{"Type":"Script","MonkeyStepsCount":18,"Time":"2026-04-11 10:40:12.682","Info":"{\"jsonrpc\": \"2.0\", \"id\": 1, \"method\": \"click\", \"params\": [876.0, 1379.0]}","Screenshot":""}
{"Type":"Script","MonkeyStepsCount":18,"Time":"2026-04-11 10:40:13.670","Info":"{\"jsonrpc\": \"2.0\", \"id\": 1, \"method\": \"click\", \"params\": [967.0, 290.5]}","Screenshot":""}
{"Type":"ScriptInfo","MonkeyStepsCount":18,"Time":"2026-04-11 10:40:14.387","Info":"{\"propName\":\"omni951.OmniNotesBugTest.test_search_tag\",\"startStepsCount\":18,\"state\":\"fail\"}","Screenshot":""}
{"Type":"ScriptInfo","MonkeyStepsCount":18,"Time":"2026-04-11 10:40:14.700","Info":"{\"propName\":\"omni951.OmniNotesBugTest.test_reduced_view\",\"startStepsCount\":18,\"state\":\"start\"}","Screenshot":""}
{"Type":"Script","MonkeyStepsCount":18,"Time":"2026-04-11 10:40:14.874","Info":"{\"jsonrpc\": \"2.0\", \"id\": 1, \"method\": \"click\", \"params\": [1024.5, 200.0]}","Screenshot":""}
{"Type":"Script","MonkeyStepsCount":18,"Time":"2026-04-11 10:40:16.020","Info":"{\"jsonrpc\": \"2.0\", \"id\": 1, \"method\": \"click\", \"params\": [799.5, 182.5]}","Screenshot":""}
{"Type":"Script","MonkeyStepsCount":18,"Time":"2026-04-11 10:40:16.799","Info":"{\"jsonrpc\": \"2.0\", \"id\": 1, \"method\": \"click\", \"params\": [1024.5, 200.0]}","Screenshot":""}
{"Type":"Script","MonkeyStepsCount":18,"Time":"2026-04-11 10:40:17.674","Info":"{\"jsonrpc\": \"2.0\", \"id\": 1, \"method\": \"click\", \"params\": [799.5, 182.5]}","Screenshot":""}
{"Type":"ScriptInfo","MonkeyStepsCount":18,"Time":"2026-04-11 10:40:18.375","Info":"{\"propName\":\"omni951.OmniNotesBugTest.test_reduced_view\",\"startStepsCount\":18,\"state\":\"pass\"}","Screenshot":""}
{"Type":"Monkey","MonkeyStepsCount":19,"Time":"2026-04-11 10:40:18.711","Info":"{\"act\":\"SCROLL_BOTTOM_UP\",\"adbinput\":false,\"aid\":\"g0a4\",\"allowFuzzing\":true,\"clear\":false,\"editable\":false,\"jAction\":\"\",\"pos\":[0,0,1080,2280],\"rawinput\":false,\"sid\":\"\",\"text\":\"\",\"throttle\":19,\"waitTime\":0,\"widget\":\"{\\\"bounds\\\":\\\"[0,0][1080,2280]\\\",\\\"class\\\":\\\"android.widget.FrameLayout\\\",\\\"content-desc\\\":\\\"\\\",\\\"index\\\":0,\\\"resource-id\\\":\\\"\\\",\\\"text\\\":\\\"\\\"}\"}","Screenshot":""}
{"Type":"ScriptInfo","MonkeyStepsCount":19,"Time":"2026-04-11 10:40:19.307","Info":"{\"propName\":\"omni951.OmniNotesBugTest.test_search_tag\",\"startStepsCount\":19,\"state\":\"start\"}","Screenshot":""}
{"Type":"Script","MonkeyStepsCount":19,"Time":"2026-04-11 10:40:19.773","Info":"{\"jsonrpc\": \"2.0\", \"id\": 1, \"method\": \"click\", \"params\": [771.0, 200.0]}","Screenshot":""}
{"Type":"Script","MonkeyStepsCount":19,"Time":"2026-04-11 10:40:20.585","Info":"{\"jsonrpc\": \"2.0\", \"id\": 1, \"method\": \"click\", \"params\": [1014.0, 200.0]}","Screenshot":""}
{"Type":"Script","MonkeyStepsCount":19,"Time":"2026-04-11 10:40:22.740","Info":"{\"jsonrpc\": \"2.0\", \"id\": 1, \"method\": \"click\", \"params\": [529.0, 1109.0]}","Screenshot":""}
{"Type":"Script","MonkeyStepsCount":19,"Time":"2026-04-11 10:40:23.631","Info":"{\"jsonrpc\": \"2.0\", \"id\": 1, \"method\": \"click\", \"params\": [876.0, 1379.0]}","Screenshot":""}
{"Type":"Script","MonkeyStepsCount":19,"Time":"2026-04-11 10:40:24.618","Info":"{\"jsonrpc\": \"2.0\", \"id\": 1, \"method\": \"click\", \"params\": [967.0, 290.5]}","Screenshot":""}
{"Type":"ScriptInfo","MonkeyStepsCount":19,"Time":"2026-04-11 10:40:25.350","Info":"{\"propName\":\"omni951.OmniNotesBugTest.test_search_tag\",\"startStepsCount\":19,\"state\":\"fail\"}","Screenshot":""}
{"Type":"ScriptInfo","MonkeyStepsCount":19,"Time":"2026-04-11 10:40:25.666","Info":"{\"propName\":\"omni951.OmniNotesBugTest.test_search_tag\",\"startStepsCount\":19,\"state\":\"start\"}","Screenshot":""}
{"Type":"Script","MonkeyStepsCount":19,"Time":"2026-04-11 10:40:25.840","Info":"{\"jsonrpc\": \"2.0\", \"id\": 1, \"method\": \"click\", \"params\": [771.0, 200.0]}","Screenshot":""}
{"Type":"Script","MonkeyStepsCount":19,"Time":"2026-04-11 10:40:26.657","Info":"{\"jsonrpc\": \"2.0\", \"id\": 1, \"method\": \"click\", \"params\": [1014.0, 200.0]}","Screenshot":""}
{"Type":"Script","MonkeyStepsCount":19,"Time":"2026-04-11 10:40:28.811","Info":"{\"jsonrpc\": \"2.0\", \"id\": 1, \"method\": \"click\", \"params\": [529.0, 1109.0]}","Screenshot":""}
{"Type":"Script","MonkeyStepsCount":19,"Time":"2026-04-11 10:40:29.691","Info":"{\"jsonrpc\": \"2.0\", \"id\": 1, \"method\": \"click\", \"params\": [876.0, 1379.0]}","Screenshot":""}
{"Type":"Script","MonkeyStepsCount":19,"Time":"2026-04-11 10:40:30.649","Info":"{\"jsonrpc\": \"2.0\", \"id\": 1, \"method\": \"click\", \"params\": [967.0, 290.5]}","Screenshot":""}
{"Type":"ScriptInfo","MonkeyStepsCount":19,"Time":"2026-04-11 10:40:31.302","Info":"{\"propName\":\"omni951.OmniNotesBugTest.test_search_tag\",\"startStepsCount\":19,\"state\":\"fail\"}","Screenshot":""}
{"Type":"ScriptInfo","MonkeyStepsCount":19,"Time":"2026-04-11 10:40:31.605","Info":"{\"propName\":\"omni951.OmniNotesBugTest.test_reduced_view\",\"startStepsCount\":19,\"state\":\"start\"}","Screenshot":""}
{"Type":"Script","MonkeyStepsCount":19,"Time":"2026-04-11 10:40:31.746","Info":"{\"jsonrpc\": \"2.0\", \"id\": 1, \"method\": \"click\", \"params\": [1024.5, 200.0]}","Screenshot":""}
{"Type":"Script","MonkeyStepsCount":19,"Time":"2026-04-11 10:40:32.586","Info":"{\"jsonrpc\": \"2.0\", \"id\": 1, \"method\": \"click\", \"params\": [799.5, 182.5]}","Screenshot":""}
{"Type":"Script","MonkeyStepsCount":19,"Time":"2026-04-11 10:40:33.410","Info":"{\"jsonrpc\": \"2.0\", \"id\": 1, \"method\": \"click\", \"params\": [1024.5, 200.0]}","Screenshot":""}
{"Type":"Script","MonkeyStepsCount":19,"Time":"2026-04-11 10:40:34.236","Info":"{\"jsonrpc\": \"2.0\", \"id\": 1, \"method\": \"click\", \"params\": [799.5, 182.5]}","Screenshot":""}
{"Type":"ScriptInfo","MonkeyStepsCount":19,"Time":"2026-04-11 10:40:34.908","Info":"{\"propName\":\"omni951.OmniNotesBugTest.test_reduced_view\",\"startStepsCount\":19,\"state\":\"pass\"}","Screenshot":""}
{"Type":"ScriptInfo","MonkeyStepsCount":19,"Time":"2026-04-11 10:40:35.206","Info":"{\"propName\":\"omni951.OmniNotesBugTest.test_reduced_view\",\"startStepsCount\":19,\"state\":\"start\"}","Screenshot":""}
{"Type":"Script","MonkeyStepsCount":19,"Time":"2026-04-11 10:40:35.349","Info":"{\"jsonrpc\": \"2.0\", \"id\": 1, \"method\": \"click\", \"params\": [1024.5, 200.0]}","Screenshot":""}
{"Type":"Script","MonkeyStepsCount":19,"Time":"2026-04-11 10:40:36.219","Info":"{\"jsonrpc\": \"2.0\", \"id\": 1, \"method\": \"click\", \"params\": [799.5, 182.5]}","Screenshot":""}
{"Type":"Script","MonkeyStepsCount":19,"Time":"2026-04-11 10:40:37.032","Info":"{\"jsonrpc\": \"2.0\", \"id\": 1, \"method\": \"click\", \"params\": [1024.5, 200.0]}","Screenshot":""}
{"Type":"Script","MonkeyStepsCount":19,"Time":"2026-04-11 10:40:37.859","Info":"{\"jsonrpc\": \"2.0\", \"id\": 1, \"method\": \"click\", \"params\": [799.5, 182.5]}","Screenshot":""}
{"Type":"ScriptInfo","MonkeyStepsCount":19,"Time":"2026-04-11 10:40:38.544","Info":"{\"propName\":\"omni951.OmniNotesBugTest.test_reduced_view\",\"startStepsCount\":19,\"state\":\"pass\"}","Screenshot":""}
{"Type":"ScriptInfo","MonkeyStepsCount":19,"Time":"2026-04-11 10:40:38.858","Info":"{\"propName\":\"omni951.OmniNotesBugTest.test_search_tag\",\"startStepsCount\":19,\"state\":\"start\"}","Screenshot":""}
{"Type":"Script","MonkeyStepsCount":19,"Time":"2026-04-11 10:40:39.045","Info":"{\"jsonrpc\": \"2.0\", \"id\": 1, \"method\": \"click\", \"params\": [771.0, 200.0]}","Screenshot":""}
{"Type":"Script","MonkeyStepsCount":19,"Time":"2026-04-11 10:40:39.886","Info":"{\"jsonrpc\": \"2.0\", \"id\": 1, \"method\": \"click\", \"params\": [1014.0, 200.0]}","Screenshot":""}
{"Type":"Script","MonkeyStepsCount":19,"Time":"2026-04-11 10:40:42.028","Info":"{\"jsonrpc\": \"2.0\", \"id\": 1, \"method\": \"click\", \"params\": [529.0, 977.0]}","Screenshot":""}
{"Type":"Script","MonkeyStepsCount":19,"Time":"2026-04-11 10:40:42.951","Info":"{\"jsonrpc\": \"2.0\", \"id\": 1, \"method\": \"click\", \"params\": [876.0, 1379.0]}","Screenshot":""}
{"Type":"Script","MonkeyStepsCount":19,"Time":"2026-04-11 10:40:43.998","Info":"{\"jsonrpc\": \"2.0\", \"id\": 1, \"method\": \"click\", \"params\": [967.0, 290.5]}","Screenshot":""}
{"Type":"ScriptInfo","MonkeyStepsCount":19,"Time":"2026-04-11 10:40:44.663","Info":"{\"propName\":\"omni951.OmniNotesBugTest.test_search_tag\",\"startStepsCount\":19,\"state\":\"pass\"}","Screenshot":""}
{"Type":"ScriptInfo","MonkeyStepsCount":19,"Time":"2026-04-11 10:40:44.983","Info":"{\"propName\":\"omni951.OmniNotesBugTest.test_reduced_view\",\"startStepsCount\":19,\"state\":\"start\"}","Screenshot":""}
{"Type":"Script","MonkeyStepsCount":19,"Time":"2026-04-11 10:40:45.185","Info":"{\"jsonrpc\": \"2.0\", \"id\": 1, \"method\": \"click\", \"params\": [1024.5, 200.0]}","Screenshot":""}
{"Type":"Script","MonkeyStepsCount":19,"Time":"2026-04-11 10:40:46.062","Info":"{\"jsonrpc\": \"2.0\", \"id\": 1, \"method\": \"click\", \"params\": [799.5, 182.5]}","Screenshot":""}
{"Type":"Script","MonkeyStepsCount":19,"Time":"2026-04-11 10:40:46.932","Info":"{\"jsonrpc\": \"2.0\", \"id\": 1, \"method\": \"click\", \"params\": [1024.5, 200.0]}","Screenshot":""}
{"Type":"Script","MonkeyStepsCount":19,"Time":"2026-04-11 10:40:47.714","Info":"{\"jsonrpc\": \"2.0\", \"id\": 1, \"method\": \"click\", \"params\": [799.5, 182.5]}","Screenshot":""}
{"Type":"ScriptInfo","MonkeyStepsCount":19,"Time":"2026-04-11 10:40:48.389","Info":"{\"propName\":\"omni951.OmniNotesBugTest.test_reduced_view\",\"startStepsCount\":19,\"state\":\"pass\"}","Screenshot":""}
{"Type":"ScriptInfo","MonkeyStepsCount":19,"Time":"2026-04-11 10:40:48.669","Info":"{\"propName\":\"omni951.OmniNotesBugTest.test_search_tag\",\"startStepsCount\":19,\"state\":\"start\"}","Screenshot":""}
{"Type":"Script","MonkeyStepsCount":19,"Time":"2026-04-11 10:40:48.873","Info":"{\"jsonrpc\": \"2.0\", \"id\": 1, \"method\": \"click\", \"params\": [771.0, 200.0]}","Screenshot":""}
{"Type":"Script","MonkeyStepsCount":19,"Time":"2026-04-11 10:40:49.672","Info":"{\"jsonrpc\": \"2.0\", \"id\": 1, \"method\": \"click\", \"params\": [1014.0, 200.0]}","Screenshot":""}
{"Type":"Script","MonkeyStepsCount":19,"Time":"2026-04-11 10:40:51.847","Info":"{\"jsonrpc\": \"2.0\", \"id\": 1, \"method\": \"click\", \"params\": [529.0, 977.0]}","Screenshot":""}
{"Type":"Script","MonkeyStepsCount":19,"Time":"2026-04-11 10:40:52.748","Info":"{\"jsonrpc\": \"2.0\", \"id\": 1, \"method\": \"click\", \"params\": [876.0, 1379.0]}","Screenshot":""}
{"Type":"Script","MonkeyStepsCount":19,"Time":"2026-04-11 10:40:53.720","Info":"{\"jsonrpc\": \"2.0\", \"id\": 1, \"method\": \"click\", \"params\": [967.0, 290.5]}","Screenshot":""}
{"Type":"ScriptInfo","MonkeyStepsCount":19,"Time":"2026-04-11 10:40:54.390","Info":"{\"propName\":\"omni951.OmniNotesBugTest.test_search_tag\",\"startStepsCount\":19,\"state\":\"pass\"}","Screenshot":""}
{"Type":"Monkey","MonkeyStepsCount":20,"Time":"2026-04-11 10:40:54.683","Info":"{\"act\":\"CLICK\",\"adbinput\":false,\"aid\":\"g0a7\",\"allowFuzzing\":true,\"clear\":false,\"editable\":false,\"jAction\":\"\",\"pos\":[705,94,837,226],\"rawinput\":false,\"sid\":\"\",\"text\":\"\",\"throttle\":61,\"waitTime\":0,\"widget\":\"{\\\"bounds\\\":\\\"[705,94][837,226]\\\",\\\"class\\\":\\\"android.widget.Button\\\",\\\"content-desc\\\":\\\"Search\\\",\\\"index\\\":0,\\\"resource-id\\\":\\\"it.feio.android.omninotes.alpha:id\/menu_search\\\",\\\"text\\\":\\\"\\\"}\"}","Screenshot":""}
{"Type":"Monkey","MonkeyStepsCount":21,"Time":"2026-04-11 10:40:55.053","Info":"{\"act\":\"CLICK\",\"adbinput\":false,\"aid\":\"g0a16\",\"allowFuzzing\":true,\"clear\":false,\"editable\":false,\"jAction\":\"\",\"pos\":[640,94,794,226],\"rawinput\":false,\"sid\":\"\",\"text\":\"\",\"throttle\":71,\"waitTime\":0,\"widget\":\"{\\\"bounds\\\":\\\"[640,94][794,226]\\\",\\\"class\\\":\\\"android.widget.ImageView\\\",\\\"content-desc\\\":\\\"Voice search\\\",\\\"index\\\":0,\\\"resource-id\\\":\\\"it.feio.android.omninotes.alpha:id\/search_voice_btn\\\",\\\"text\\\":\\\"\\\"}\"}","Screenshot":""}
{"Type":"ScriptInfo","MonkeyStepsCount":21,"Time":"2026-04-11 10:40:55.438","Info":"{\"propName\":\"omni951.OmniNotesBugTest.test_reduced_view\",\"startStepsCount\":21,\"state\":\"start\"}","Screenshot":""}
{"Type":"Script","MonkeyStepsCount":21,"Time":"2026-04-11 10:41:10.750","Info":"{\"jsonrpc\": \"2.0\", \"id\": 1, \"method\": \"click\", \"params\": [1024.5, 200.0]}","Screenshot":""}
{"Type":"Script","MonkeyStepsCount":21,"Time":"2026-04-11 10:41:11.545","Info":"{\"jsonrpc\": \"2.0\", \"id\": 1, \"method\": \"click\", \"params\": [799.5, 182.5]}","Screenshot":""}
{"Type":"Script","MonkeyStepsCount":21,"Time":"2026-04-11 10:41:18.998","Info":"{\"jsonrpc\": \"2.0\", \"id\": 1, \"method\": \"click\", \"params\": [804.5, 180.5]}","Screenshot":""}
{"Type":"Script","MonkeyStepsCount":21,"Time":"2026-04-11 10:41:19.786","Info":"{\"jsonrpc\": \"2.0\", \"id\": 1, \"method\": \"click\", \"params\": [1024.5, 200.0]}","Screenshot":""}
{"Type":"Script","MonkeyStepsCount":21,"Time":"2026-04-11 10:41:20.627","Info":"{\"jsonrpc\": \"2.0\", \"id\": 1, \"method\": \"click\", \"params\": [799.5, 182.5]}","Screenshot":""}
{"Type":"ScriptInfo","MonkeyStepsCount":21,"Time":"2026-04-11 10:41:21.303","Info":"{\"propName\":\"omni951.OmniNotesBugTest.test_reduced_view\",\"startStepsCount\":21,\"state\":\"pass\"}","Screenshot":""}
