{"Type":"Monkey","MonkeyStepsCount":1,"Time":"2026-04-12 11:53:41.742","Info":"{\"act\":\"CLICK\",\"adbinput\":false,\"aid\":\"g0a2\",\"allowFuzzing\":true,\"clear\":false,\"editable\":false,\"jAction\":\"\",\"pos\":[0,132,154,286],\"rawinput\":false,\"sid\":\"\",\"text\":\"\",\"throttle\":35,\"waitTime\":0,\"widget\":\"{\\\"bounds\\\":\\\"[0,132][154,286]\\\",\\\"class\\\":\\\"android.widget.ImageButton\\\",\\\"content-desc\\\":\\\"drawer open\\\",\\\"index\\\":0,\\\"resource-id\\\":\\\"\\\",\\\"text\\\":\\\"\\\"}\"}","Screenshot":""}
{"Type":"ScriptInfo","MonkeyStepsCount":1,"Time":"2026-04-12 11:53:42.100","Info":"{\"propName\":\"omni981.OmniNotesBugTest.test_reduce_view\",\"startStepsCount\":1,\"state\":\"start\"}","Screenshot":""}
{"Type":"Script","MonkeyStepsCount":1,"Time":"2026-04-12 11:53:42.377","Info":"{\"jsonrpc\": \"2.0\", \"id\": 1, \"method\": \"click\", \"params\": [1024.5, 209.0]}","Screenshot":""}
{"Type":"ScriptInfo","MonkeyStepsCount":1,"Time":"2026-04-12 11:54:05.029","Info":"{\"propName\":\"omni981.OmniNotesBugTest.test_reduce_view\",\"startStepsCount\":1,\"state\":\"error\"}","Screenshot":""}
{"Type":"ScriptInfo","MonkeyStepsCount":1,"Time":"2026-04-12 11:54:05.331","Info":"{\"propName\":\"omni981.OmniNotesBugTest.test_reduce_view\",\"startStepsCount\":1,\"state\":\"start\"}","Screenshot":""}
{"Type":"Script","MonkeyStepsCount":1,"Time":"2026-04-12 11:54:05.618","Info":"{\"jsonrpc\": \"2.0\", \"id\": 1, \"method\": \"click\", \"params\": [1024.5, 209.0]}","Screenshot":""}
{"Type":"Script","MonkeyStepsCount":1,"Time":"2026-04-12 11:54:06.370","Info":"{\"jsonrpc\": \"2.0\", \"id\": 1, \"method\": \"click\", \"params\": [799.5, 231.5]}","Screenshot":""}
{"Type":"Script","MonkeyStepsCount":1,"Time":"2026-04-12 11:54:07.295","Info":"{\"jsonrpc\": \"2.0\", \"id\": 1, \"method\": \"click\", \"params\": [1024.5, 209.0]}","Screenshot":""}
{"Type":"Script","MonkeyStepsCount":1,"Time":"2026-04-12 11:54:08.135","Info":"{\"jsonrpc\": \"2.0\", \"id\": 1, \"method\": \"click\", \"params\": [799.5, 231.5]}","Screenshot":""}
{"Type":"ScriptInfo","MonkeyStepsCount":1,"Time":"2026-04-12 11:54:08.854","Info":"{\"propName\":\"omni981.OmniNotesBugTest.test_reduce_view\",\"startStepsCount\":1,\"state\":\"pass\"}","Screenshot":""}
{"Type":"ScriptInfo","MonkeyStepsCount":1,"Time":"2026-04-12 11:54:09.133","Info":"{\"propName\":\"omni981.OmniNotesBugTest.test_behavior_setting\",\"startStepsCount\":1,\"state\":\"start\"}","Screenshot":""}
{"Type":"Script","MonkeyStepsCount":1,"Time":"2026-04-12 11:54:09.465","Info":"{\"jsonrpc\": \"2.0\", \"id\": 1, \"method\": \"click\", \"params\": [77.0, 209.0]}","Screenshot":""}
{"Type":"Script","MonkeyStepsCount":1,"Time":"2026-04-12 11:54:10.289","Info":"{\"jsonrpc\": \"2.0\", \"id\": 1, \"method\": \"click\", \"params\": [478.5, 688.0]}","Screenshot":""}
{"Type":"Script","MonkeyStepsCount":1,"Time":"2026-04-12 11:54:11.116","Info":"{\"jsonrpc\": \"2.0\", \"id\": 1, \"method\": \"click\", \"params\": [140.5, 941.5]}","Screenshot":""}
{"Type":"Script","MonkeyStepsCount":1,"Time":"2026-04-12 11:54:11.948","Info":"{\"jsonrpc\": \"2.0\", \"id\": 1, \"method\": \"click\", \"params\": [972.0, 559.0]}","Screenshot":""}
{"Type":"Script","MonkeyStepsCount":1,"Time":"2026-04-12 11:54:12.754","Info":"{\"jsonrpc\": \"2.0\", \"id\": 1, \"method\": \"click\", \"params\": [972.0, 559.0]}","Screenshot":""}
{"Type":"Script","MonkeyStepsCount":1,"Time":"2026-04-12 11:54:13.451","Info":"{\"jsonrpc\": \"2.0\", \"id\": 1, \"method\": \"pressKey\", \"params\": [\"back\"]}","Screenshot":""}
{"Type":"Script","MonkeyStepsCount":1,"Time":"2026-04-12 11:54:14.016","Info":"{\"jsonrpc\": \"2.0\", \"id\": 1, \"method\": \"pressKey\", \"params\": [\"back\"]}","Screenshot":""}
{"Type":"Script","MonkeyStepsCount":1,"Time":"2026-04-12 11:54:15.091","Info":"{\"jsonrpc\": \"2.0\", \"id\": 1, \"method\": \"pressKey\", \"params\": [\"back\"]}","Screenshot":""}
{"Type":"ScriptInfo","MonkeyStepsCount":1,"Time":"2026-04-12 11:54:15.650","Info":"{\"propName\":\"omni981.OmniNotesBugTest.test_behavior_setting\",\"startStepsCount\":1,\"state\":\"pass\"}","Screenshot":""}
{"Type":"ScriptInfo","MonkeyStepsCount":1,"Time":"2026-04-12 11:54:15.966","Info":"{\"propName\":\"omni981.OmniNotesBugTest.test_create_note\",\"startStepsCount\":1,\"state\":\"start\"}","Screenshot":""}
{"Type":"Script","MonkeyStepsCount":1,"Time":"2026-04-12 11:54:16.167","Info":"{\"jsonrpc\": \"2.0\", \"id\": 1, \"method\": \"click\", \"params\": [957.0, 2024.5]}","Screenshot":""}
{"Type":"Script","MonkeyStepsCount":1,"Time":"2026-04-12 11:54:16.993","Info":"{\"jsonrpc\": \"2.0\", \"id\": 1, \"method\": \"click\", \"params\": [957.5, 1832.5]}","Screenshot":""}
{"Type":"Script","MonkeyStepsCount":1,"Time":"2026-04-12 11:54:17.709","Info":"{\"jsonrpc\": \"2.0\", \"id\": 1, \"method\": \"setText\", \"params\": [{\"mask\": 2097152, \"childOrSibling\": [], \"childOrSiblingSelector\": [], \"resourceId\": \"it.feio.android.omninotes.alpha:id\/detail_title\"}, \"dR88Vg\"]}","Screenshot":""}
{"Type":"Script","MonkeyStepsCount":1,"Time":"2026-04-12 11:54:17.945","Info":"{\"jsonrpc\": \"2.0\", \"id\": 1, \"method\": \"setText\", \"params\": [{\"mask\": 2097152, \"childOrSibling\": [], \"childOrSiblingSelector\": [], \"resourceId\": \"it.feio.android.omninotes.alpha:id\/detail_content\"}, \"test content\"]}","Screenshot":""}
{"Type":"Script","MonkeyStepsCount":1,"Time":"2026-04-12 11:54:18.588","Info":"{\"jsonrpc\": \"2.0\", \"id\": 1, \"method\": \"pressKey\", \"params\": [\"back\"]}","Screenshot":""}
{"Type":"ScriptInfo","MonkeyStepsCount":1,"Time":"2026-04-12 11:54:19.265","Info":"{\"propName\":\"omni981.OmniNotesBugTest.test_create_note\",\"startStepsCount\":1,\"state\":\"pass\"}","Screenshot":""}
{"Type":"ScriptInfo","MonkeyStepsCount":1,"Time":"2026-04-12 11:54:19.572","Info":"{\"propName\":\"omni981.OmniNotesBugTest.test_data_setting\",\"startStepsCount\":1,\"state\":\"start\"}","Screenshot":""}
{"Type":"Script","MonkeyStepsCount":1,"Time":"2026-04-12 11:54:19.819","Info":"{\"jsonrpc\": \"2.0\", \"id\": 1, \"method\": \"click\", \"params\": [77.0, 209.0]}","Screenshot":""}
{"Type":"Script","MonkeyStepsCount":1,"Time":"2026-04-12 11:54:20.663","Info":"{\"jsonrpc\": \"2.0\", \"id\": 1, \"method\": \"click\", \"params\": [478.5, 688.0]}","Screenshot":""}
{"Type":"Script","MonkeyStepsCount":1,"Time":"2026-04-12 11:54:21.541","Info":"{\"jsonrpc\": \"2.0\", \"id\": 1, \"method\": \"click\", \"params\": [89.5, 500.5]}","Screenshot":""}
{"Type":"Script","MonkeyStepsCount":1,"Time":"2026-04-12 11:54:22.312","Info":"{\"jsonrpc\": \"2.0\", \"id\": 1, \"method\": \"click\", \"params\": [222.5, 359.5]}","Screenshot":""}
{"Type":"Script","MonkeyStepsCount":1,"Time":"2026-04-12 11:54:23.018","Info":"{\"jsonrpc\": \"2.0\", \"id\": 1, \"method\": \"pressKey\", \"params\": [\"back\"]}","Screenshot":""}
{"Type":"Script","MonkeyStepsCount":1,"Time":"2026-04-12 11:54:23.587","Info":"{\"jsonrpc\": \"2.0\", \"id\": 1, \"method\": \"pressKey\", \"params\": [\"back\"]}","Screenshot":""}
{"Type":"Script","MonkeyStepsCount":1,"Time":"2026-04-12 11:54:24.149","Info":"{\"jsonrpc\": \"2.0\", \"id\": 1, \"method\": \"pressKey\", \"params\": [\"back\"]}","Screenshot":""}
{"Type":"Script","MonkeyStepsCount":1,"Time":"2026-04-12 11:54:25.201","Info":"{\"jsonrpc\": \"2.0\", \"id\": 1, \"method\": \"pressKey\", \"params\": [\"back\"]}","Screenshot":""}
{"Type":"ScriptInfo","MonkeyStepsCount":1,"Time":"2026-04-12 11:54:25.751","Info":"{\"propName\":\"omni981.OmniNotesBugTest.test_data_setting\",\"startStepsCount\":1,\"state\":\"pass\"}","Screenshot":""}
{"Type":"ScriptInfo","MonkeyStepsCount":1,"Time":"2026-04-12 11:54:26.053","Info":"{\"propName\":\"omni981.OmniNotesBugTest.test_search_note\",\"startStepsCount\":1,\"state\":\"start\"}","Screenshot":""}
{"Type":"Script","MonkeyStepsCount":1,"Time":"2026-04-12 11:54:26.225","Info":"{\"jsonrpc\": \"2.0\", \"id\": 1, \"method\": \"click\", \"params\": [771.0, 209.0]}","Screenshot":""}
{"Type":"Script","MonkeyStepsCount":1,"Time":"2026-04-12 11:54:26.959","Info":"{\"jsonrpc\": \"2.0\", \"id\": 1, \"method\": \"setText\", \"params\": [{\"mask\": 2097152, \"childOrSibling\": [], \"childOrSiblingSelector\": [], \"resourceId\": \"it.feio.android.omninotes.alpha:id\/search_src_text\"}, \"dR88Vg\"]}","Screenshot":""}
{"Type":"Script","MonkeyStepsCount":1,"Time":"2026-04-12 11:54:27.606","Info":"{\"jsonrpc\": \"2.0\", \"id\": 1, \"method\": \"pressKey\", \"params\": [\"enter\"]}","Screenshot":""}
{"Type":"ScriptInfo","MonkeyStepsCount":1,"Time":"2026-04-12 11:54:28.704","Info":"{\"propName\":\"omni981.OmniNotesBugTest.test_search_note\",\"startStepsCount\":1,\"state\":\"pass\"}","Screenshot":""}
{"Type":"ScriptInfo","MonkeyStepsCount":1,"Time":"2026-04-12 11:54:28.980","Info":"{\"propName\":\"omni981.OmniNotesBugTest.test_click_note\",\"startStepsCount\":1,\"state\":\"start\"}","Screenshot":""}
{"Type":"Script","MonkeyStepsCount":1,"Time":"2026-04-12 11:54:29.577","Info":"{\"jsonrpc\": \"2.0\", \"id\": 1, \"method\": \"click\", \"params\": [536.0, 464.5]}","Screenshot":""}
{"Type":"Script","MonkeyStepsCount":1,"Time":"2026-04-12 11:54:30.261","Info":"{\"jsonrpc\": \"2.0\", \"id\": 1, \"method\": \"pressKey\", \"params\": [\"back\"]}","Screenshot":""}
{"Type":"ScriptInfo","MonkeyStepsCount":1,"Time":"2026-04-12 11:54:30.816","Info":"{\"propName\":\"omni981.OmniNotesBugTest.test_click_note\",\"startStepsCount\":1,\"state\":\"pass\"}","Screenshot":""}
{"Type":"ScriptInfo","MonkeyStepsCount":1,"Time":"2026-04-12 11:54:31.101","Info":"{\"propName\":\"omni981.OmniNotesBugTest.test_create_empty_category\",\"startStepsCount\":1,\"state\":\"start\"}","Screenshot":""}
{"Type":"Script","MonkeyStepsCount":1,"Time":"2026-04-12 11:54:31.242","Info":"{\"jsonrpc\": \"2.0\", \"id\": 1, \"method\": \"click\", \"params\": [957.0, 2024.5]}","Screenshot":""}
{"Type":"Script","MonkeyStepsCount":1,"Time":"2026-04-12 11:54:32.229","Info":"{\"jsonrpc\": \"2.0\", \"id\": 1, \"method\": \"click\", \"params\": [957.5, 1832.5]}","Screenshot":""}
{"Type":"Script","MonkeyStepsCount":1,"Time":"2026-04-12 11:54:33.034","Info":"{\"jsonrpc\": \"2.0\", \"id\": 1, \"method\": \"click\", \"params\": [639.0, 209.0]}","Screenshot":""}
{"Type":"Script","MonkeyStepsCount":1,"Time":"2026-04-12 11:54:33.777","Info":"{\"jsonrpc\": \"2.0\", \"id\": 1, \"method\": \"click\", \"params\": [768.5, 1215.0]}","Screenshot":""}
{"Type":"Script","MonkeyStepsCount":1,"Time":"2026-04-12 11:54:34.527","Info":"{\"jsonrpc\": \"2.0\", \"id\": 1, \"method\": \"setText\", \"params\": [{\"mask\": 2097153, \"childOrSibling\": [], \"childOrSiblingSelector\": [], \"resourceId\": \"it.feio.android.omninotes.alpha:id\/category_title\", \"text\": \"Title\"}, \"tG8Y5\"]}","Screenshot":""}
{"Type":"Script","MonkeyStepsCount":1,"Time":"2026-04-12 11:54:35.292","Info":"{\"jsonrpc\": \"2.0\", \"id\": 1, \"method\": \"click\", \"params\": [659.5, 1409.5]}","Screenshot":""}
{"Type":"Script","MonkeyStepsCount":1,"Time":"2026-04-12 11:54:35.977","Info":"{\"jsonrpc\": \"2.0\", \"id\": 1, \"method\": \"pressKey\", \"params\": [\"back\"]}","Screenshot":""}
{"Type":"Script","MonkeyStepsCount":1,"Time":"2026-04-12 11:54:37.181","Info":"{\"jsonrpc\": \"2.0\", \"id\": 1, \"method\": \"click\", \"params\": [77.0, 209.0]}","Screenshot":""}
{"Type":"Script","MonkeyStepsCount":1,"Time":"2026-04-12 11:54:37.352","Info":"{\"jsonrpc\": \"2.0\", \"id\": 1, \"method\": \"pressKey\", \"params\": [\"back\"]}","Screenshot":""}
{"Type":"ScriptInfo","MonkeyStepsCount":1,"Time":"2026-04-12 11:54:38.066","Info":"{\"propName\":\"omni981.OmniNotesBugTest.test_create_empty_category\",\"startStepsCount\":1,\"state\":\"pass\"}","Screenshot":""}
{"Type":"Monkey","MonkeyStepsCount":2,"Time":"2026-04-12 11:54:38.375","Info":"{\"act\":\"CLICK\",\"adbinput\":false,\"aid\":\"g0a14\",\"allowFuzzing\":true,\"clear\":false,\"editable\":false,\"jAction\":\"\",\"pos\":[841,643,1009,775],\"rawinput\":false,\"sid\":\"\",\"text\":\"\",\"throttle\":98,\"waitTime\":0,\"widget\":\"{\\\"bounds\\\":\\\"[841,643][1009,775]\\\",\\\"class\\\":\\\"android.widget.TextView\\\",\\\"content-desc\\\":\\\"\\\",\\\"index\\\":0,\\\"resource-id\\\":\\\"com.google.android.googlequicksearchbox:id\/sign_in_button\\\",\\\"text\\\":\\\"TURNON\\\"}\"}","Screenshot":""}
{"Type":"Monkey","MonkeyStepsCount":3,"Time":"2026-04-12 11:54:38.710","Info":"{\"act\":\"SCROLL_RIGHT_LEFT\",\"adbinput\":false,\"aid\":\"g0a18\",\"allowFuzzing\":true,\"clear\":false,\"editable\":false,\"jAction\":\"\",\"pos\":[0,0,1080,2280],\"rawinput\":false,\"sid\":\"\",\"text\":\"\",\"throttle\":60,\"waitTime\":0,\"widget\":\"{\\\"bounds\\\":\\\"[0,0][1080,2280]\\\",\\\"class\\\":\\\"android.widget.FrameLayout\\\",\\\"content-desc\\\":\\\"\\\",\\\"index\\\":0,\\\"resource-id\\\":\\\"\\\",\\\"text\\\":\\\"\\\"}\"}","Screenshot":""}
{"Type":"ScriptInfo","MonkeyStepsCount":3,"Time":"2026-04-12 11:54:41.334","Info":"{\"propName\":\"omni981.OmniNotesBugTest.test_create_checklist\",\"startStepsCount\":3,\"state\":\"start\"}","Screenshot":""}
{"Type":"Script","MonkeyStepsCount":3,"Time":"2026-04-12 11:54:41.505","Info":"{\"jsonrpc\": \"2.0\", \"id\": 1, \"method\": \"click\", \"params\": [957.0, 2024.5]}","Screenshot":""}
{"Type":"Script","MonkeyStepsCount":3,"Time":"2026-04-12 11:54:42.330","Info":"{\"jsonrpc\": \"2.0\", \"id\": 1, \"method\": \"click\", \"params\": [957.5, 1662.5]}","Screenshot":""}
{"Type":"Script","MonkeyStepsCount":3,"Time":"2026-04-12 11:54:43.055","Info":"{\"jsonrpc\": \"2.0\", \"id\": 1, \"method\": \"setText\", \"params\": [{\"mask\": 2097152, \"childOrSibling\": [], \"childOrSiblingSelector\": [], \"resourceId\": \"it.feio.android.omninotes.alpha:id\/detail_title\"}, \"M7Y\"]}","Screenshot":""}
{"Type":"Script","MonkeyStepsCount":3,"Time":"2026-04-12 11:54:43.741","Info":"{\"jsonrpc\": \"2.0\", \"id\": 1, \"method\": \"setText\", \"params\": [{\"mask\": 17, \"childOrSibling\": [], \"childOrSiblingSelector\": [], \"className\": \"android.widget.EditText\", \"text\": \"New item\"}, \"VwtMNN54g1\"]}","Screenshot":""}
{"Type":"Script","MonkeyStepsCount":3,"Time":"2026-04-12 11:54:44.556","Info":"{\"jsonrpc\": \"2.0\", \"id\": 1, \"method\": \"click\", \"params\": [215.0, 514.0]}","Screenshot":""}
{"Type":"Script","MonkeyStepsCount":3,"Time":"2026-04-12 11:54:45.251","Info":"{\"jsonrpc\": \"2.0\", \"id\": 1, \"method\": \"pressKey\", \"params\": [\"back\"]}","Screenshot":""}
{"Type":"ScriptInfo","MonkeyStepsCount":3,"Time":"2026-04-12 11:54:45.811","Info":"{\"propName\":\"omni981.OmniNotesBugTest.test_create_checklist\",\"startStepsCount\":3,\"state\":\"pass\"}","Screenshot":""}
{"Type":"ScriptInfo","MonkeyStepsCount":3,"Time":"2026-04-12 11:54:46.081","Info":"{\"propName\":\"omni981.OmniNotesBugTest.test_search_note\",\"startStepsCount\":3,\"state\":\"start\"}","Screenshot":""}
{"Type":"Script","MonkeyStepsCount":3,"Time":"2026-04-12 11:54:46.235","Info":"{\"jsonrpc\": \"2.0\", \"id\": 1, \"method\": \"click\", \"params\": [771.0, 209.0]}","Screenshot":""}
{"Type":"Script","MonkeyStepsCount":3,"Time":"2026-04-12 11:54:46.955","Info":"{\"jsonrpc\": \"2.0\", \"id\": 1, \"method\": \"setText\", \"params\": [{\"mask\": 2097152, \"childOrSibling\": [], \"childOrSiblingSelector\": [], \"resourceId\": \"it.feio.android.omninotes.alpha:id\/search_src_text\"}, \"dR88Vg\"]}","Screenshot":""}
{"Type":"Script","MonkeyStepsCount":3,"Time":"2026-04-12 11:54:47.660","Info":"{\"jsonrpc\": \"2.0\", \"id\": 1, \"method\": \"pressKey\", \"params\": [\"enter\"]}","Screenshot":""}
{"Type":"ScriptInfo","MonkeyStepsCount":3,"Time":"2026-04-12 11:54:48.768","Info":"{\"propName\":\"omni981.OmniNotesBugTest.test_search_note\",\"startStepsCount\":3,\"state\":\"pass\"}","Screenshot":""}
{"Type":"ScriptInfo","MonkeyStepsCount":3,"Time":"2026-04-12 11:54:49.041","Info":"{\"propName\":\"omni981.OmniNotesBugTest.test_click_note\",\"startStepsCount\":3,\"state\":\"start\"}","Screenshot":""}
{"Type":"Script","MonkeyStepsCount":3,"Time":"2026-04-12 11:54:49.391","Info":"{\"jsonrpc\": \"2.0\", \"id\": 1, \"method\": \"click\", \"params\": [536.0, 464.5]}","Screenshot":""}
{"Type":"Script","MonkeyStepsCount":3,"Time":"2026-04-12 11:54:50.052","Info":"{\"jsonrpc\": \"2.0\", \"id\": 1, \"method\": \"pressKey\", \"params\": [\"back\"]}","Screenshot":""}
{"Type":"ScriptInfo","MonkeyStepsCount":3,"Time":"2026-04-12 11:54:50.622","Info":"{\"propName\":\"omni981.OmniNotesBugTest.test_click_note\",\"startStepsCount\":3,\"state\":\"pass\"}","Screenshot":""}
{"Type":"ScriptInfo","MonkeyStepsCount":3,"Time":"2026-04-12 11:54:50.901","Info":"{\"propName\":\"omni981.OmniNotesBugTest.test_search_note\",\"startStepsCount\":3,\"state\":\"start\"}","Screenshot":""}
{"Type":"Script","MonkeyStepsCount":3,"Time":"2026-04-12 11:54:51.044","Info":"{\"jsonrpc\": \"2.0\", \"id\": 1, \"method\": \"click\", \"params\": [771.0, 209.0]}","Screenshot":""}
{"Type":"Script","MonkeyStepsCount":3,"Time":"2026-04-12 11:54:51.781","Info":"{\"jsonrpc\": \"2.0\", \"id\": 1, \"method\": \"setText\", \"params\": [{\"mask\": 2097152, \"childOrSibling\": [], \"childOrSiblingSelector\": [], \"resourceId\": \"it.feio.android.omninotes.alpha:id\/search_src_text\"}, \"dR88Vg\"]}","Screenshot":""}
{"Type":"Script","MonkeyStepsCount":3,"Time":"2026-04-12 11:54:52.503","Info":"{\"jsonrpc\": \"2.0\", \"id\": 1, \"method\": \"pressKey\", \"params\": [\"enter\"]}","Screenshot":""}
{"Type":"ScriptInfo","MonkeyStepsCount":3,"Time":"2026-04-12 11:54:53.641","Info":"{\"propName\":\"omni981.OmniNotesBugTest.test_search_note\",\"startStepsCount\":3,\"state\":\"pass\"}","Screenshot":""}
{"Type":"ScriptInfo","MonkeyStepsCount":3,"Time":"2026-04-12 11:54:53.941","Info":"{\"propName\":\"omni981.OmniNotesBugTest.test_create_note\",\"startStepsCount\":3,\"state\":\"start\"}","Screenshot":""}
{"Type":"Script","MonkeyStepsCount":3,"Time":"2026-04-12 11:54:54.113","Info":"{\"jsonrpc\": \"2.0\", \"id\": 1, \"method\": \"click\", \"params\": [957.0, 2024.5]}","Screenshot":""}
{"Type":"Script","MonkeyStepsCount":3,"Time":"2026-04-12 11:54:54.943","Info":"{\"jsonrpc\": \"2.0\", \"id\": 1, \"method\": \"click\", \"params\": [957.5, 1832.5]}","Screenshot":""}
{"Type":"Script","MonkeyStepsCount":3,"Time":"2026-04-12 11:54:55.676","Info":"{\"jsonrpc\": \"2.0\", \"id\": 1, \"method\": \"setText\", \"params\": [{\"mask\": 2097152, \"childOrSibling\": [], \"childOrSiblingSelector\": [], \"resourceId\": \"it.feio.android.omninotes.alpha:id\/detail_title\"}, \"DuFdkL\"]}","Screenshot":""}
{"Type":"Script","MonkeyStepsCount":3,"Time":"2026-04-12 11:54:55.879","Info":"{\"jsonrpc\": \"2.0\", \"id\": 1, \"method\": \"setText\", \"params\": [{\"mask\": 2097152, \"childOrSibling\": [], \"childOrSiblingSelector\": [], \"resourceId\": \"it.feio.android.omninotes.alpha:id\/detail_content\"}, \"test content\"]}","Screenshot":""}
{"Type":"Script","MonkeyStepsCount":3,"Time":"2026-04-12 11:54:56.547","Info":"{\"jsonrpc\": \"2.0\", \"id\": 1, \"method\": \"pressKey\", \"params\": [\"back\"]}","Screenshot":""}
{"Type":"Script","MonkeyStepsCount":3,"Time":"2026-04-12 11:54:57.316","Info":"{\"jsonrpc\": \"2.0\", \"id\": 1, \"method\": \"click\", \"params\": [967.0, 339.5]}","Screenshot":""}
{"Type":"ScriptInfo","MonkeyStepsCount":3,"Time":"2026-04-12 11:54:57.693","Info":"{\"propName\":\"omni981.OmniNotesBugTest.test_create_note\",\"startStepsCount\":3,\"state\":\"pass\"}","Screenshot":""}
{"Type":"ScriptInfo","MonkeyStepsCount":3,"Time":"2026-04-12 11:54:58.175","Info":"{\"propName\":\"omni981.OmniNotesBugTest.test_click_note\",\"startStepsCount\":3,\"state\":\"start\"}","Screenshot":""}
{"Type":"Script","MonkeyStepsCount":3,"Time":"2026-04-12 11:54:58.738","Info":"{\"jsonrpc\": \"2.0\", \"id\": 1, \"method\": \"click\", \"params\": [536.0, 957.5]}","Screenshot":""}
{"Type":"Script","MonkeyStepsCount":3,"Time":"2026-04-12 11:54:59.385","Info":"{\"jsonrpc\": \"2.0\", \"id\": 1, \"method\": \"pressKey\", \"params\": [\"back\"]}","Screenshot":""}
{"Type":"ScriptInfo","MonkeyStepsCount":3,"Time":"2026-04-12 11:54:59.934","Info":"{\"propName\":\"omni981.OmniNotesBugTest.test_click_note\",\"startStepsCount\":3,\"state\":\"pass\"}","Screenshot":""}
{"Type":"ScriptInfo","MonkeyStepsCount":3,"Time":"2026-04-12 11:55:00.227","Info":"{\"propName\":\"omni981.OmniNotesBugTest.test_search_note\",\"startStepsCount\":3,\"state\":\"start\"}","Screenshot":""}
{"Type":"Script","MonkeyStepsCount":3,"Time":"2026-04-12 11:55:00.392","Info":"{\"jsonrpc\": \"2.0\", \"id\": 1, \"method\": \"click\", \"params\": [771.0, 209.0]}","Screenshot":""}
{"Type":"Script","MonkeyStepsCount":3,"Time":"2026-04-12 11:55:01.224","Info":"{\"jsonrpc\": \"2.0\", \"id\": 1, \"method\": \"setText\", \"params\": [{\"mask\": 2097152, \"childOrSibling\": [], \"childOrSiblingSelector\": [], \"resourceId\": \"it.feio.android.omninotes.alpha:id\/search_src_text\"}, \"DuFdkL\"]}","Screenshot":""}
{"Type":"Script","MonkeyStepsCount":3,"Time":"2026-04-12 11:55:01.879","Info":"{\"jsonrpc\": \"2.0\", \"id\": 1, \"method\": \"pressKey\", \"params\": [\"enter\"]}","Screenshot":""}
{"Type":"ScriptInfo","MonkeyStepsCount":3,"Time":"2026-04-12 11:55:02.984","Info":"{\"propName\":\"omni981.OmniNotesBugTest.test_search_note\",\"startStepsCount\":3,\"state\":\"pass\"}","Screenshot":""}
{"Type":"ScriptInfo","MonkeyStepsCount":3,"Time":"2026-04-12 11:55:03.247","Info":"{\"propName\":\"omni981.OmniNotesBugTest.test_create_note\",\"startStepsCount\":3,\"state\":\"start\"}","Screenshot":""}
{"Type":"Script","MonkeyStepsCount":3,"Time":"2026-04-12 11:55:03.423","Info":"{\"jsonrpc\": \"2.0\", \"id\": 1, \"method\": \"click\", \"params\": [957.0, 2024.5]}","Screenshot":""}
{"Type":"Script","MonkeyStepsCount":3,"Time":"2026-04-12 11:55:04.296","Info":"{\"jsonrpc\": \"2.0\", \"id\": 1, \"method\": \"click\", \"params\": [957.5, 1832.5]}","Screenshot":""}
{"Type":"Script","MonkeyStepsCount":3,"Time":"2026-04-12 11:55:05.049","Info":"{\"jsonrpc\": \"2.0\", \"id\": 1, \"method\": \"setText\", \"params\": [{\"mask\": 2097152, \"childOrSibling\": [], \"childOrSiblingSelector\": [], \"resourceId\": \"it.feio.android.omninotes.alpha:id\/detail_title\"}, \"6o9FhW6GD\"]}","Screenshot":""}
{"Type":"Script","MonkeyStepsCount":3,"Time":"2026-04-12 11:55:05.217","Info":"{\"jsonrpc\": \"2.0\", \"id\": 1, \"method\": \"setText\", \"params\": [{\"mask\": 2097152, \"childOrSibling\": [], \"childOrSiblingSelector\": [], \"resourceId\": \"it.feio.android.omninotes.alpha:id\/detail_content\"}, \"test content\"]}","Screenshot":""}
{"Type":"Script","MonkeyStepsCount":3,"Time":"2026-04-12 11:55:05.807","Info":"{\"jsonrpc\": \"2.0\", \"id\": 1, \"method\": \"pressKey\", \"params\": [\"back\"]}","Screenshot":""}
{"Type":"Script","MonkeyStepsCount":3,"Time":"2026-04-12 11:55:06.577","Info":"{\"jsonrpc\": \"2.0\", \"id\": 1, \"method\": \"click\", \"params\": [967.0, 339.5]}","Screenshot":""}
{"Type":"ScriptInfo","MonkeyStepsCount":3,"Time":"2026-04-12 11:55:06.824","Info":"{\"propName\":\"omni981.OmniNotesBugTest.test_create_note\",\"startStepsCount\":3,\"state\":\"pass\"}","Screenshot":""}
{"Type":"ScriptInfo","MonkeyStepsCount":3,"Time":"2026-04-12 11:55:07.348","Info":"{\"propName\":\"omni981.OmniNotesBugTest.test_click_note\",\"startStepsCount\":3,\"state\":\"start\"}","Screenshot":""}
{"Type":"Script","MonkeyStepsCount":3,"Time":"2026-04-12 11:55:08.249","Info":"{\"jsonrpc\": \"2.0\", \"id\": 1, \"method\": \"click\", \"params\": [536.0, 357.5]}","Screenshot":""}
{"Type":"Script","MonkeyStepsCount":3,"Time":"2026-04-12 11:55:08.969","Info":"{\"jsonrpc\": \"2.0\", \"id\": 1, \"method\": \"pressKey\", \"params\": [\"back\"]}","Screenshot":""}
{"Type":"ScriptInfo","MonkeyStepsCount":3,"Time":"2026-04-12 11:55:09.514","Info":"{\"propName\":\"omni981.OmniNotesBugTest.test_click_note\",\"startStepsCount\":3,\"state\":\"pass\"}","Screenshot":""}
{"Type":"ScriptInfo","MonkeyStepsCount":3,"Time":"2026-04-12 11:55:09.829","Info":"{\"propName\":\"omni981.OmniNotesBugTest.test_search_note\",\"startStepsCount\":3,\"state\":\"start\"}","Screenshot":""}
{"Type":"Script","MonkeyStepsCount":3,"Time":"2026-04-12 11:55:10.033","Info":"{\"jsonrpc\": \"2.0\", \"id\": 1, \"method\": \"click\", \"params\": [771.0, 209.0]}","Screenshot":""}
{"Type":"Script","MonkeyStepsCount":3,"Time":"2026-04-12 11:55:10.835","Info":"{\"jsonrpc\": \"2.0\", \"id\": 1, \"method\": \"setText\", \"params\": [{\"mask\": 2097152, \"childOrSibling\": [], \"childOrSiblingSelector\": [], \"resourceId\": \"it.feio.android.omninotes.alpha:id\/search_src_text\"}, \"DuFdkL\"]}","Screenshot":""}
{"Type":"Script","MonkeyStepsCount":3,"Time":"2026-04-12 11:55:11.479","Info":"{\"jsonrpc\": \"2.0\", \"id\": 1, \"method\": \"pressKey\", \"params\": [\"enter\"]}","Screenshot":""}
{"Type":"ScriptInfo","MonkeyStepsCount":3,"Time":"2026-04-12 11:55:12.607","Info":"{\"propName\":\"omni981.OmniNotesBugTest.test_search_note\",\"startStepsCount\":3,\"state\":\"pass\"}","Screenshot":""}
{"Type":"ScriptInfo","MonkeyStepsCount":3,"Time":"2026-04-12 11:55:12.890","Info":"{\"propName\":\"omni981.OmniNotesBugTest.test_click_note\",\"startStepsCount\":3,\"state\":\"start\"}","Screenshot":""}
{"Type":"Script","MonkeyStepsCount":3,"Time":"2026-04-12 11:55:13.470","Info":"{\"jsonrpc\": \"2.0\", \"id\": 1, \"method\": \"click\", \"params\": [536.0, 464.5]}","Screenshot":""}
{"Type":"Script","MonkeyStepsCount":3,"Time":"2026-04-12 11:55:14.156","Info":"{\"jsonrpc\": \"2.0\", \"id\": 1, \"method\": \"pressKey\", \"params\": [\"back\"]}","Screenshot":""}
{"Type":"ScriptInfo","MonkeyStepsCount":3,"Time":"2026-04-12 11:55:14.720","Info":"{\"propName\":\"omni981.OmniNotesBugTest.test_click_note\",\"startStepsCount\":3,\"state\":\"pass\"}","Screenshot":""}
{"Type":"ScriptInfo","MonkeyStepsCount":3,"Time":"2026-04-12 11:55:15.016","Info":"{\"propName\":\"omni981.OmniNotesBugTest.test_reduce_view\",\"startStepsCount\":3,\"state\":\"start\"}","Screenshot":""}
{"Type":"Script","MonkeyStepsCount":3,"Time":"2026-04-12 11:55:15.392","Info":"{\"jsonrpc\": \"2.0\", \"id\": 1, \"method\": \"click\", \"params\": [1024.5, 209.0]}","Screenshot":""}
{"Type":"Script","MonkeyStepsCount":3,"Time":"2026-04-12 11:55:16.292","Info":"{\"jsonrpc\": \"2.0\", \"id\": 1, \"method\": \"click\", \"params\": [799.5, 231.5]}","Screenshot":""}
{"Type":"Script","MonkeyStepsCount":3,"Time":"2026-04-12 11:55:17.680","Info":"{\"jsonrpc\": \"2.0\", \"id\": 1, \"method\": \"click\", \"params\": [1024.5, 209.0]}","Screenshot":""}
{"Type":"Script","MonkeyStepsCount":3,"Time":"2026-04-12 11:55:18.514","Info":"{\"jsonrpc\": \"2.0\", \"id\": 1, \"method\": \"click\", \"params\": [799.5, 231.5]}","Screenshot":""}
{"Type":"ScriptInfo","MonkeyStepsCount":3,"Time":"2026-04-12 11:55:19.171","Info":"{\"propName\":\"omni981.OmniNotesBugTest.test_reduce_view\",\"startStepsCount\":3,\"state\":\"fail\"}","Screenshot":""}
{"Type":"ScriptInfo","MonkeyStepsCount":3,"Time":"2026-04-12 11:55:19.444","Info":"{\"propName\":\"omni981.OmniNotesBugTest.test_click_note\",\"startStepsCount\":3,\"state\":\"start\"}","Screenshot":""}
{"Type":"Script","MonkeyStepsCount":3,"Time":"2026-04-12 11:55:20.202","Info":"{\"jsonrpc\": \"2.0\", \"id\": 1, \"method\": \"click\", \"params\": [536.0, 764.5]}","Screenshot":""}
{"Type":"Script","MonkeyStepsCount":3,"Time":"2026-04-12 11:55:20.866","Info":"{\"jsonrpc\": \"2.0\", \"id\": 1, \"method\": \"pressKey\", \"params\": [\"back\"]}","Screenshot":""}
{"Type":"ScriptInfo","MonkeyStepsCount":3,"Time":"2026-04-12 11:55:21.433","Info":"{\"propName\":\"omni981.OmniNotesBugTest.test_click_note\",\"startStepsCount\":3,\"state\":\"pass\"}","Screenshot":""}
{"Type":"ScriptInfo","MonkeyStepsCount":3,"Time":"2026-04-12 11:55:21.726","Info":"{\"propName\":\"omni981.OmniNotesBugTest.test_reduce_view\",\"startStepsCount\":3,\"state\":\"start\"}","Screenshot":""}
{"Type":"Script","MonkeyStepsCount":3,"Time":"2026-04-12 11:55:22.365","Info":"{\"jsonrpc\": \"2.0\", \"id\": 1, \"method\": \"click\", \"params\": [1024.5, 209.0]}","Screenshot":""}
{"Type":"Script","MonkeyStepsCount":3,"Time":"2026-04-12 11:55:23.132","Info":"{\"jsonrpc\": \"2.0\", \"id\": 1, \"method\": \"click\", \"params\": [799.5, 231.5]}","Screenshot":""}
{"Type":"Script","MonkeyStepsCount":3,"Time":"2026-04-12 11:55:24.457","Info":"{\"jsonrpc\": \"2.0\", \"id\": 1, \"method\": \"click\", \"params\": [1024.5, 209.0]}","Screenshot":""}
{"Type":"Script","MonkeyStepsCount":3,"Time":"2026-04-12 11:55:25.303","Info":"{\"jsonrpc\": \"2.0\", \"id\": 1, \"method\": \"click\", \"params\": [799.5, 231.5]}","Screenshot":""}
{"Type":"ScriptInfo","MonkeyStepsCount":3,"Time":"2026-04-12 11:55:25.950","Info":"{\"propName\":\"omni981.OmniNotesBugTest.test_reduce_view\",\"startStepsCount\":3,\"state\":\"pass\"}","Screenshot":""}
{"Type":"ScriptInfo","MonkeyStepsCount":3,"Time":"2026-04-12 11:55:26.249","Info":"{\"propName\":\"omni981.OmniNotesBugTest.test_click_note\",\"startStepsCount\":3,\"state\":\"start\"}","Screenshot":""}
{"Type":"Script","MonkeyStepsCount":3,"Time":"2026-04-12 11:55:27.061","Info":"{\"jsonrpc\": \"2.0\", \"id\": 1, \"method\": \"click\", \"params\": [536.0, 357.5]}","Screenshot":""}
{"Type":"Script","MonkeyStepsCount":3,"Time":"2026-04-12 11:55:27.744","Info":"{\"jsonrpc\": \"2.0\", \"id\": 1, \"method\": \"pressKey\", \"params\": [\"back\"]}","Screenshot":""}
{"Type":"ScriptInfo","MonkeyStepsCount":3,"Time":"2026-04-12 11:55:28.327","Info":"{\"propName\":\"omni981.OmniNotesBugTest.test_click_note\",\"startStepsCount\":3,\"state\":\"pass\"}","Screenshot":""}
{"Type":"ScriptInfo","MonkeyStepsCount":3,"Time":"2026-04-12 11:55:28.632","Info":"{\"propName\":\"omni981.OmniNotesBugTest.test_reduce_view\",\"startStepsCount\":3,\"state\":\"start\"}","Screenshot":""}
{"Type":"Script","MonkeyStepsCount":3,"Time":"2026-04-12 11:55:29.322","Info":"{\"jsonrpc\": \"2.0\", \"id\": 1, \"method\": \"click\", \"params\": [1024.5, 209.0]}","Screenshot":""}
{"Type":"Script","MonkeyStepsCount":3,"Time":"2026-04-12 11:55:30.116","Info":"{\"jsonrpc\": \"2.0\", \"id\": 1, \"method\": \"click\", \"params\": [799.5, 231.5]}","Screenshot":""}
{"Type":"Script","MonkeyStepsCount":3,"Time":"2026-04-12 11:55:31.509","Info":"{\"jsonrpc\": \"2.0\", \"id\": 1, \"method\": \"click\", \"params\": [1024.5, 209.0]}","Screenshot":""}
{"Type":"Script","MonkeyStepsCount":3,"Time":"2026-04-12 11:55:32.385","Info":"{\"jsonrpc\": \"2.0\", \"id\": 1, \"method\": \"click\", \"params\": [799.5, 231.5]}","Screenshot":""}
{"Type":"ScriptInfo","MonkeyStepsCount":3,"Time":"2026-04-12 11:55:33.117","Info":"{\"propName\":\"omni981.OmniNotesBugTest.test_reduce_view\",\"startStepsCount\":3,\"state\":\"pass\"}","Screenshot":""}
{"Type":"ScriptInfo","MonkeyStepsCount":3,"Time":"2026-04-12 11:55:33.417","Info":"{\"propName\":\"omni981.OmniNotesBugTest.test_click_note\",\"startStepsCount\":3,\"state\":\"start\"}","Screenshot":""}
{"Type":"Script","MonkeyStepsCount":3,"Time":"2026-04-12 11:55:34.145","Info":"{\"jsonrpc\": \"2.0\", \"id\": 1, \"method\": \"click\", \"params\": [536.0, 657.5]}","Screenshot":""}
{"Type":"Script","MonkeyStepsCount":3,"Time":"2026-04-12 11:55:34.850","Info":"{\"jsonrpc\": \"2.0\", \"id\": 1, \"method\": \"pressKey\", \"params\": [\"back\"]}","Screenshot":""}
{"Type":"ScriptInfo","MonkeyStepsCount":3,"Time":"2026-04-12 11:55:35.414","Info":"{\"propName\":\"omni981.OmniNotesBugTest.test_click_note\",\"startStepsCount\":3,\"state\":\"pass\"}","Screenshot":""}
{"Type":"ScriptInfo","MonkeyStepsCount":3,"Time":"2026-04-12 11:55:35.686","Info":"{\"propName\":\"omni981.OmniNotesBugTest.test_reduce_view\",\"startStepsCount\":3,\"state\":\"start\"}","Screenshot":""}
{"Type":"Script","MonkeyStepsCount":3,"Time":"2026-04-12 11:55:36.337","Info":"{\"jsonrpc\": \"2.0\", \"id\": 1, \"method\": \"click\", \"params\": [1024.5, 209.0]}","Screenshot":""}
{"Type":"Script","MonkeyStepsCount":3,"Time":"2026-04-12 11:55:37.083","Info":"{\"jsonrpc\": \"2.0\", \"id\": 1, \"method\": \"click\", \"params\": [799.5, 231.5]}","Screenshot":""}
{"Type":"Script","MonkeyStepsCount":3,"Time":"2026-04-12 11:55:38.431","Info":"{\"jsonrpc\": \"2.0\", \"id\": 1, \"method\": \"click\", \"params\": [1024.5, 209.0]}","Screenshot":""}
{"Type":"Script","MonkeyStepsCount":3,"Time":"2026-04-12 11:55:39.249","Info":"{\"jsonrpc\": \"2.0\", \"id\": 1, \"method\": \"click\", \"params\": [799.5, 231.5]}","Screenshot":""}
{"Type":"ScriptInfo","MonkeyStepsCount":3,"Time":"2026-04-12 11:55:39.903","Info":"{\"propName\":\"omni981.OmniNotesBugTest.test_reduce_view\",\"startStepsCount\":3,\"state\":\"pass\"}","Screenshot":""}
{"Type":"ScriptInfo","MonkeyStepsCount":3,"Time":"2026-04-12 11:55:40.207","Info":"{\"propName\":\"omni981.OmniNotesBugTest.test_reduce_view\",\"startStepsCount\":3,\"state\":\"start\"}","Screenshot":""}
{"Type":"Script","MonkeyStepsCount":3,"Time":"2026-04-12 11:55:40.926","Info":"{\"jsonrpc\": \"2.0\", \"id\": 1, \"method\": \"click\", \"params\": [1024.5, 209.0]}","Screenshot":""}
{"Type":"Script","MonkeyStepsCount":3,"Time":"2026-04-12 11:55:41.717","Info":"{\"jsonrpc\": \"2.0\", \"id\": 1, \"method\": \"click\", \"params\": [799.5, 231.5]}","Screenshot":""}
{"Type":"Script","MonkeyStepsCount":3,"Time":"2026-04-12 11:55:43.130","Info":"{\"jsonrpc\": \"2.0\", \"id\": 1, \"method\": \"click\", \"params\": [1024.5, 209.0]}","Screenshot":""}
{"Type":"Script","MonkeyStepsCount":3,"Time":"2026-04-12 11:55:44.004","Info":"{\"jsonrpc\": \"2.0\", \"id\": 1, \"method\": \"click\", \"params\": [799.5, 231.5]}","Screenshot":""}
{"Type":"ScriptInfo","MonkeyStepsCount":3,"Time":"2026-04-12 11:55:44.660","Info":"{\"propName\":\"omni981.OmniNotesBugTest.test_reduce_view\",\"startStepsCount\":3,\"state\":\"pass\"}","Screenshot":""}
