{"Type":"Monkey","MonkeyStepsCount":1,"Time":"2026-04-11 10:20:08.247","Info":"{\"act\":\"CLICK\",\"adbinput\":false,\"aid\":\"g0a7\",\"allowFuzzing\":true,\"clear\":false,\"editable\":false,\"jAction\":\"\",\"pos\":[705,94,837,226],\"rawinput\":false,\"sid\":\"\",\"text\":\"\",\"throttle\":26,\"waitTime\":0,\"widget\":\"{\\\"bounds\\\":\\\"[705,94][837,226]\\\",\\\"class\\\":\\\"android.widget.Button\\\",\\\"content-desc\\\":\\\"Search\\\",\\\"index\\\":0,\\\"resource-id\\\":\\\"it.feio.android.omninotes.alpha:id\/menu_search\\\",\\\"text\\\":\\\"\\\"}\"}","Screenshot":""}
{"Type":"ScriptInfo","MonkeyStepsCount":1,"Time":"2026-04-11 10:20:08.535","Info":"{\"propName\":\"omni950.OmniNotesBugTest.test_create_empty_category\",\"startStepsCount\":1,\"state\":\"start\"}","Screenshot":""}
{"Type":"Script","MonkeyStepsCount":1,"Time":"2026-04-11 10:20:08.730","Info":"{\"jsonrpc\": \"2.0\", \"id\": 1, \"method\": \"click\", \"params\": [957.0, 2024.5]}","Screenshot":""}
{"Type":"Script","MonkeyStepsCount":1,"Time":"2026-04-11 10:20:10.038","Info":"{\"jsonrpc\": \"2.0\", \"id\": 1, \"method\": \"click\", \"params\": [957.5, 1832.5]}","Screenshot":""}
{"Type":"Script","MonkeyStepsCount":1,"Time":"2026-04-11 10:20:11.421","Info":"{\"jsonrpc\": \"2.0\", \"id\": 1, \"method\": \"click\", \"params\": [639.0, 160.0]}","Screenshot":""}
{"Type":"Script","MonkeyStepsCount":1,"Time":"2026-04-11 10:20:12.689","Info":"{\"jsonrpc\": \"2.0\", \"id\": 1, \"method\": \"click\", \"params\": [768.5, 1191.0]}","Screenshot":""}
{"Type":"Script","MonkeyStepsCount":1,"Time":"2026-04-11 10:20:13.919","Info":"{\"jsonrpc\": \"2.0\", \"id\": 1, \"method\": \"setText\", \"params\": [{\"mask\": 2097152, \"childOrSibling\": [], \"childOrSiblingSelector\": [], \"resourceId\": \"it.feio.android.omninotes.alpha:id\/category_title\"}, \"5saAYd\"]}","Screenshot":""}
{"Type":"Script","MonkeyStepsCount":1,"Time":"2026-04-11 10:20:15.150","Info":"{\"jsonrpc\": \"2.0\", \"id\": 1, \"method\": \"click\", \"params\": [659.5, 1385.5]}","Screenshot":""}
{"Type":"Script","MonkeyStepsCount":1,"Time":"2026-04-11 10:20:16.323","Info":"{\"jsonrpc\": \"2.0\", \"id\": 1, \"method\": \"pressKey\", \"params\": [\"back\"]}","Screenshot":""}
{"Type":"Script","MonkeyStepsCount":1,"Time":"2026-04-11 10:20:17.557","Info":"{\"jsonrpc\": \"2.0\", \"id\": 1, \"method\": \"click\", \"params\": [77.0, 160.0]}","Screenshot":""}
{"Type":"Script","MonkeyStepsCount":1,"Time":"2026-04-11 10:20:18.670","Info":"{\"jsonrpc\": \"2.0\", \"id\": 1, \"method\": \"pressKey\", \"params\": [\"back\"]}","Screenshot":""}
{"Type":"ScriptInfo","MonkeyStepsCount":1,"Time":"2026-04-11 10:20:19.745","Info":"{\"propName\":\"omni950.OmniNotesBugTest.test_create_empty_category\",\"startStepsCount\":1,\"state\":\"pass\"}","Screenshot":""}
{"Type":"ScriptInfo","MonkeyStepsCount":1,"Time":"2026-04-11 10:20:20.005","Info":"{\"propName\":\"omni950.OmniNotesBugTest.test_behavior_setting\",\"startStepsCount\":1,\"state\":\"start\"}","Screenshot":""}
{"Type":"Script","MonkeyStepsCount":1,"Time":"2026-04-11 10:20:20.309","Info":"{\"jsonrpc\": \"2.0\", \"id\": 1, \"method\": \"click\", \"params\": [77.0, 160.0]}","Screenshot":""}
{"Type":"Script","MonkeyStepsCount":1,"Time":"2026-04-11 10:20:21.137","Info":"{\"jsonrpc\": \"2.0\", \"id\": 1, \"method\": \"click\", \"params\": [478.5, 770.0]}","Screenshot":""}
{"Type":"Script","MonkeyStepsCount":1,"Time":"2026-04-11 10:20:22.028","Info":"{\"jsonrpc\": \"2.0\", \"id\": 1, \"method\": \"click\", \"params\": [140.5, 892.5]}","Screenshot":""}
{"Type":"Script","MonkeyStepsCount":1,"Time":"2026-04-11 10:20:22.883","Info":"{\"jsonrpc\": \"2.0\", \"id\": 1, \"method\": \"click\", \"params\": [972.0, 510.0]}","Screenshot":""}
{"Type":"Script","MonkeyStepsCount":1,"Time":"2026-04-11 10:20:23.650","Info":"{\"jsonrpc\": \"2.0\", \"id\": 1, \"method\": \"click\", \"params\": [972.0, 510.0]}","Screenshot":""}
{"Type":"Script","MonkeyStepsCount":1,"Time":"2026-04-11 10:20:24.345","Info":"{\"jsonrpc\": \"2.0\", \"id\": 1, \"method\": \"pressKey\", \"params\": [\"back\"]}","Screenshot":""}
{"Type":"Script","MonkeyStepsCount":1,"Time":"2026-04-11 10:20:24.934","Info":"{\"jsonrpc\": \"2.0\", \"id\": 1, \"method\": \"pressKey\", \"params\": [\"back\"]}","Screenshot":""}
{"Type":"Script","MonkeyStepsCount":1,"Time":"2026-04-11 10:20:26.081","Info":"{\"jsonrpc\": \"2.0\", \"id\": 1, \"method\": \"pressKey\", \"params\": [\"back\"]}","Screenshot":""}
{"Type":"ScriptInfo","MonkeyStepsCount":1,"Time":"2026-04-11 10:20:26.662","Info":"{\"propName\":\"omni950.OmniNotesBugTest.test_behavior_setting\",\"startStepsCount\":1,\"state\":\"pass\"}","Screenshot":""}
{"Type":"ScriptInfo","MonkeyStepsCount":1,"Time":"2026-04-11 10:20:26.945","Info":"{\"propName\":\"omni950.OmniNotesBugTest.test_create_note_with_tag_in_content\",\"startStepsCount\":1,\"state\":\"start\"}","Screenshot":""}
{"Type":"Script","MonkeyStepsCount":1,"Time":"2026-04-11 10:20:27.085","Info":"{\"jsonrpc\": \"2.0\", \"id\": 1, \"method\": \"click\", \"params\": [957.0, 2024.5]}","Screenshot":""}
{"Type":"Script","MonkeyStepsCount":1,"Time":"2026-04-11 10:20:27.870","Info":"{\"jsonrpc\": \"2.0\", \"id\": 1, \"method\": \"click\", \"params\": [957.5, 1832.5]}","Screenshot":""}
{"Type":"Script","MonkeyStepsCount":1,"Time":"2026-04-11 10:20:28.652","Info":"{\"jsonrpc\": \"2.0\", \"id\": 1, \"method\": \"setText\", \"params\": [{\"mask\": 2097152, \"childOrSibling\": [], \"childOrSiblingSelector\": [], \"resourceId\": \"it.feio.android.omninotes.alpha:id\/detail_title\"}, \"MnICx92hgQ\"]}","Screenshot":""}
{"Type":"Script","MonkeyStepsCount":1,"Time":"2026-04-11 10:20:28.852","Info":"{\"jsonrpc\": \"2.0\", \"id\": 1, \"method\": \"setText\", \"params\": [{\"mask\": 2097152, \"childOrSibling\": [], \"childOrSiblingSelector\": [], \"resourceId\": \"it.feio.android.omninotes.alpha:id\/detail_content\"}, \"#tag1\"]}","Screenshot":""}
{"Type":"Script","MonkeyStepsCount":1,"Time":"2026-04-11 10:20:29.453","Info":"{\"jsonrpc\": \"2.0\", \"id\": 1, \"method\": \"pressKey\", \"params\": [\"back\"]}","Screenshot":""}
{"Type":"ScriptInfo","MonkeyStepsCount":1,"Time":"2026-04-11 10:20:30.029","Info":"{\"propName\":\"omni950.OmniNotesBugTest.test_create_note_with_tag_in_content\",\"startStepsCount\":1,\"state\":\"pass\"}","Screenshot":""}
{"Type":"ScriptInfo","MonkeyStepsCount":1,"Time":"2026-04-11 10:20:30.307","Info":"{\"propName\":\"omni950.OmniNotesBugTest.test_reduced_view\",\"startStepsCount\":1,\"state\":\"start\"}","Screenshot":""}
{"Type":"Script","MonkeyStepsCount":1,"Time":"2026-04-11 10:20:30.452","Info":"{\"jsonrpc\": \"2.0\", \"id\": 1, \"method\": \"click\", \"params\": [1024.5, 160.0]}","Screenshot":""}
{"Type":"Script","MonkeyStepsCount":1,"Time":"2026-04-11 10:20:31.483","Info":"{\"jsonrpc\": \"2.0\", \"id\": 1, \"method\": \"click\", \"params\": [799.5, 182.5]}","Screenshot":""}
{"Type":"Script","MonkeyStepsCount":1,"Time":"2026-04-11 10:20:32.262","Info":"{\"jsonrpc\": \"2.0\", \"id\": 1, \"method\": \"click\", \"params\": [1024.5, 160.0]}","Screenshot":""}
{"Type":"Script","MonkeyStepsCount":1,"Time":"2026-04-11 10:20:33.041","Info":"{\"jsonrpc\": \"2.0\", \"id\": 1, \"method\": \"click\", \"params\": [799.5, 182.5]}","Screenshot":""}
{"Type":"ScriptInfo","MonkeyStepsCount":1,"Time":"2026-04-11 10:20:33.703","Info":"{\"propName\":\"omni950.OmniNotesBugTest.test_reduced_view\",\"startStepsCount\":1,\"state\":\"pass\"}","Screenshot":""}
{"Type":"ScriptInfo","MonkeyStepsCount":1,"Time":"2026-04-11 10:20:33.980","Info":"{\"propName\":\"omni950.OmniNotesBugTest.test_data_setting\",\"startStepsCount\":1,\"state\":\"start\"}","Screenshot":""}
{"Type":"Script","MonkeyStepsCount":1,"Time":"2026-04-11 10:20:34.217","Info":"{\"jsonrpc\": \"2.0\", \"id\": 1, \"method\": \"click\", \"params\": [77.0, 160.0]}","Screenshot":""}
{"Type":"Script","MonkeyStepsCount":1,"Time":"2026-04-11 10:20:35.008","Info":"{\"jsonrpc\": \"2.0\", \"id\": 1, \"method\": \"click\", \"params\": [478.5, 770.0]}","Screenshot":""}
{"Type":"Script","MonkeyStepsCount":1,"Time":"2026-04-11 10:20:35.881","Info":"{\"jsonrpc\": \"2.0\", \"id\": 1, \"method\": \"click\", \"params\": [89.5, 451.5]}","Screenshot":""}
{"Type":"Script","MonkeyStepsCount":1,"Time":"2026-04-11 10:20:36.705","Info":"{\"jsonrpc\": \"2.0\", \"id\": 1, \"method\": \"click\", \"params\": [222.5, 310.5]}","Screenshot":""}
{"Type":"Script","MonkeyStepsCount":1,"Time":"2026-04-11 10:20:37.360","Info":"{\"jsonrpc\": \"2.0\", \"id\": 1, \"method\": \"pressKey\", \"params\": [\"back\"]}","Screenshot":""}
{"Type":"Script","MonkeyStepsCount":1,"Time":"2026-04-11 10:20:37.927","Info":"{\"jsonrpc\": \"2.0\", \"id\": 1, \"method\": \"pressKey\", \"params\": [\"back\"]}","Screenshot":""}
{"Type":"Script","MonkeyStepsCount":1,"Time":"2026-04-11 10:20:38.481","Info":"{\"jsonrpc\": \"2.0\", \"id\": 1, \"method\": \"pressKey\", \"params\": [\"back\"]}","Screenshot":""}
{"Type":"Script","MonkeyStepsCount":1,"Time":"2026-04-11 10:20:39.620","Info":"{\"jsonrpc\": \"2.0\", \"id\": 1, \"method\": \"pressKey\", \"params\": [\"back\"]}","Screenshot":""}
{"Type":"ScriptInfo","MonkeyStepsCount":1,"Time":"2026-04-11 10:20:40.174","Info":"{\"propName\":\"omni950.OmniNotesBugTest.test_data_setting\",\"startStepsCount\":1,\"state\":\"pass\"}","Screenshot":""}
{"Type":"Monkey","MonkeyStepsCount":2,"Time":"2026-04-11 10:20:40.479","Info":"{\"act\":\"CLICK\",\"adbinput\":false,\"aid\":\"g0a7\",\"allowFuzzing\":true,\"clear\":false,\"editable\":false,\"jAction\":\"\",\"pos\":[705,94,837,226],\"rawinput\":false,\"sid\":\"\",\"text\":\"\",\"throttle\":32,\"waitTime\":0,\"widget\":\"{\\\"bounds\\\":\\\"[705,94][837,226]\\\",\\\"class\\\":\\\"android.widget.Button\\\",\\\"content-desc\\\":\\\"Search\\\",\\\"index\\\":0,\\\"resource-id\\\":\\\"it.feio.android.omninotes.alpha:id\/menu_search\\\",\\\"text\\\":\\\"\\\"}\"}","Screenshot":""}
{"Type":"ScriptInfo","MonkeyStepsCount":2,"Time":"2026-04-11 10:20:40.793","Info":"{\"propName\":\"omni950.OmniNotesBugTest.test_create_empty_category\",\"startStepsCount\":2,\"state\":\"start\"}","Screenshot":""}
{"Type":"Script","MonkeyStepsCount":2,"Time":"2026-04-11 10:20:40.944","Info":"{\"jsonrpc\": \"2.0\", \"id\": 1, \"method\": \"click\", \"params\": [957.0, 2024.5]}","Screenshot":""}
{"Type":"Script","MonkeyStepsCount":2,"Time":"2026-04-11 10:20:42.327","Info":"{\"jsonrpc\": \"2.0\", \"id\": 1, \"method\": \"click\", \"params\": [957.5, 1832.5]}","Screenshot":""}
{"Type":"Script","MonkeyStepsCount":2,"Time":"2026-04-11 10:20:43.625","Info":"{\"jsonrpc\": \"2.0\", \"id\": 1, \"method\": \"click\", \"params\": [639.0, 160.0]}","Screenshot":""}
{"Type":"Script","MonkeyStepsCount":2,"Time":"2026-04-11 10:20:44.963","Info":"{\"jsonrpc\": \"2.0\", \"id\": 1, \"method\": \"click\", \"params\": [768.5, 1249.0]}","Screenshot":""}
{"Type":"Script","MonkeyStepsCount":2,"Time":"2026-04-11 10:20:46.236","Info":"{\"jsonrpc\": \"2.0\", \"id\": 1, \"method\": \"setText\", \"params\": [{\"mask\": 2097152, \"childOrSibling\": [], \"childOrSiblingSelector\": [], \"resourceId\": \"it.feio.android.omninotes.alpha:id\/category_title\"}, \"rn1O\"]}","Screenshot":""}
{"Type":"Script","MonkeyStepsCount":2,"Time":"2026-04-11 10:20:47.489","Info":"{\"jsonrpc\": \"2.0\", \"id\": 1, \"method\": \"click\", \"params\": [659.5, 1385.5]}","Screenshot":""}
{"Type":"Script","MonkeyStepsCount":2,"Time":"2026-04-11 10:20:48.666","Info":"{\"jsonrpc\": \"2.0\", \"id\": 1, \"method\": \"pressKey\", \"params\": [\"back\"]}","Screenshot":""}
{"Type":"Script","MonkeyStepsCount":2,"Time":"2026-04-11 10:20:49.948","Info":"{\"jsonrpc\": \"2.0\", \"id\": 1, \"method\": \"click\", \"params\": [77.0, 160.0]}","Screenshot":""}
{"Type":"Script","MonkeyStepsCount":2,"Time":"2026-04-11 10:20:51.341","Info":"{\"jsonrpc\": \"2.0\", \"id\": 1, \"method\": \"pressKey\", \"params\": [\"back\"]}","Screenshot":""}
{"Type":"ScriptInfo","MonkeyStepsCount":2,"Time":"2026-04-11 10:20:52.435","Info":"{\"propName\":\"omni950.OmniNotesBugTest.test_create_empty_category\",\"startStepsCount\":2,\"state\":\"pass\"}","Screenshot":""}
{"Type":"ScriptInfo","MonkeyStepsCount":2,"Time":"2026-04-11 10:20:52.735","Info":"{\"propName\":\"omni950.OmniNotesBugTest.test_create_empty_category\",\"startStepsCount\":2,\"state\":\"start\"}","Screenshot":""}
{"Type":"Script","MonkeyStepsCount":2,"Time":"2026-04-11 10:20:52.909","Info":"{\"jsonrpc\": \"2.0\", \"id\": 1, \"method\": \"click\", \"params\": [957.0, 2024.5]}","Screenshot":""}
{"Type":"Script","MonkeyStepsCount":2,"Time":"2026-04-11 10:20:54.195","Info":"{\"jsonrpc\": \"2.0\", \"id\": 1, \"method\": \"click\", \"params\": [957.5, 1832.5]}","Screenshot":""}
{"Type":"Script","MonkeyStepsCount":2,"Time":"2026-04-11 10:20:55.466","Info":"{\"jsonrpc\": \"2.0\", \"id\": 1, \"method\": \"click\", \"params\": [639.0, 160.0]}","Screenshot":""}
{"Type":"Script","MonkeyStepsCount":2,"Time":"2026-04-11 10:20:56.742","Info":"{\"jsonrpc\": \"2.0\", \"id\": 1, \"method\": \"click\", \"params\": [768.5, 1315.0]}","Screenshot":""}
{"Type":"Script","MonkeyStepsCount":2,"Time":"2026-04-11 10:20:57.964","Info":"{\"jsonrpc\": \"2.0\", \"id\": 1, \"method\": \"setText\", \"params\": [{\"mask\": 2097152, \"childOrSibling\": [], \"childOrSiblingSelector\": [], \"resourceId\": \"it.feio.android.omninotes.alpha:id\/category_title\"}, \"Bo53gPT\"]}","Screenshot":""}
{"Type":"Script","MonkeyStepsCount":2,"Time":"2026-04-11 10:20:59.205","Info":"{\"jsonrpc\": \"2.0\", \"id\": 1, \"method\": \"click\", \"params\": [659.5, 1385.5]}","Screenshot":""}
{"Type":"Script","MonkeyStepsCount":2,"Time":"2026-04-11 10:21:00.355","Info":"{\"jsonrpc\": \"2.0\", \"id\": 1, \"method\": \"pressKey\", \"params\": [\"back\"]}","Screenshot":""}
{"Type":"Script","MonkeyStepsCount":2,"Time":"2026-04-11 10:21:01.551","Info":"{\"jsonrpc\": \"2.0\", \"id\": 1, \"method\": \"click\", \"params\": [77.0, 160.0]}","Screenshot":""}
{"Type":"Script","MonkeyStepsCount":2,"Time":"2026-04-11 10:21:03.037","Info":"{\"jsonrpc\": \"2.0\", \"id\": 1, \"method\": \"pressKey\", \"params\": [\"back\"]}","Screenshot":""}
{"Type":"ScriptInfo","MonkeyStepsCount":2,"Time":"2026-04-11 10:21:04.090","Info":"{\"propName\":\"omni950.OmniNotesBugTest.test_create_empty_category\",\"startStepsCount\":2,\"state\":\"pass\"}","Screenshot":""}
{"Type":"ScriptInfo","MonkeyStepsCount":2,"Time":"2026-04-11 10:21:04.353","Info":"{\"propName\":\"omni950.OmniNotesBugTest.test_create_empty_category\",\"startStepsCount\":2,\"state\":\"start\"}","Screenshot":""}
{"Type":"Script","MonkeyStepsCount":2,"Time":"2026-04-11 10:21:04.565","Info":"{\"jsonrpc\": \"2.0\", \"id\": 1, \"method\": \"click\", \"params\": [957.0, 2024.5]}","Screenshot":""}
{"Type":"Script","MonkeyStepsCount":2,"Time":"2026-04-11 10:21:05.862","Info":"{\"jsonrpc\": \"2.0\", \"id\": 1, \"method\": \"click\", \"params\": [957.5, 1832.5]}","Screenshot":""}
{"Type":"Script","MonkeyStepsCount":2,"Time":"2026-04-11 10:21:07.139","Info":"{\"jsonrpc\": \"2.0\", \"id\": 1, \"method\": \"click\", \"params\": [639.0, 160.0]}","Screenshot":""}
{"Type":"Script","MonkeyStepsCount":2,"Time":"2026-04-11 10:21:08.505","Info":"{\"jsonrpc\": \"2.0\", \"id\": 1, \"method\": \"click\", \"params\": [768.5, 1381.0]}","Screenshot":""}
{"Type":"Script","MonkeyStepsCount":2,"Time":"2026-04-11 10:21:09.696","Info":"{\"jsonrpc\": \"2.0\", \"id\": 1, \"method\": \"setText\", \"params\": [{\"mask\": 2097152, \"childOrSibling\": [], \"childOrSiblingSelector\": [], \"resourceId\": \"it.feio.android.omninotes.alpha:id\/category_title\"}, \"rn1O\"]}","Screenshot":""}
{"Type":"Script","MonkeyStepsCount":2,"Time":"2026-04-11 10:21:10.881","Info":"{\"jsonrpc\": \"2.0\", \"id\": 1, \"method\": \"click\", \"params\": [659.5, 1385.5]}","Screenshot":""}
{"Type":"Script","MonkeyStepsCount":2,"Time":"2026-04-11 10:21:12.117","Info":"{\"jsonrpc\": \"2.0\", \"id\": 1, \"method\": \"pressKey\", \"params\": [\"back\"]}","Screenshot":""}
{"Type":"Script","MonkeyStepsCount":2,"Time":"2026-04-11 10:21:13.386","Info":"{\"jsonrpc\": \"2.0\", \"id\": 1, \"method\": \"click\", \"params\": [77.0, 160.0]}","Screenshot":""}
{"Type":"Script","MonkeyStepsCount":2,"Time":"2026-04-11 10:21:14.939","Info":"{\"jsonrpc\": \"2.0\", \"id\": 1, \"method\": \"pressKey\", \"params\": [\"back\"]}","Screenshot":""}
{"Type":"ScriptInfo","MonkeyStepsCount":2,"Time":"2026-04-11 10:21:16.005","Info":"{\"propName\":\"omni950.OmniNotesBugTest.test_create_empty_category\",\"startStepsCount\":2,\"state\":\"fail\"}","Screenshot":""}
{"Type":"ScriptInfo","MonkeyStepsCount":2,"Time":"2026-04-11 10:21:16.266","Info":"{\"propName\":\"omni950.OmniNotesBugTest.test_reduced_view\",\"startStepsCount\":2,\"state\":\"start\"}","Screenshot":""}
{"Type":"Script","MonkeyStepsCount":2,"Time":"2026-04-11 10:21:16.467","Info":"{\"jsonrpc\": \"2.0\", \"id\": 1, \"method\": \"click\", \"params\": [1024.5, 160.0]}","Screenshot":""}
{"Type":"Script","MonkeyStepsCount":2,"Time":"2026-04-11 10:21:17.292","Info":"{\"jsonrpc\": \"2.0\", \"id\": 1, \"method\": \"click\", \"params\": [799.5, 182.5]}","Screenshot":""}
{"Type":"Script","MonkeyStepsCount":2,"Time":"2026-04-11 10:21:18.119","Info":"{\"jsonrpc\": \"2.0\", \"id\": 1, \"method\": \"click\", \"params\": [1024.5, 160.0]}","Screenshot":""}
{"Type":"Script","MonkeyStepsCount":2,"Time":"2026-04-11 10:21:18.914","Info":"{\"jsonrpc\": \"2.0\", \"id\": 1, \"method\": \"click\", \"params\": [799.5, 182.5]}","Screenshot":""}
{"Type":"ScriptInfo","MonkeyStepsCount":2,"Time":"2026-04-11 10:21:19.601","Info":"{\"propName\":\"omni950.OmniNotesBugTest.test_reduced_view\",\"startStepsCount\":2,\"state\":\"pass\"}","Screenshot":""}
{"Type":"ScriptInfo","MonkeyStepsCount":2,"Time":"2026-04-11 10:21:19.863","Info":"{\"propName\":\"omni950.OmniNotesBugTest.test_reduced_view\",\"startStepsCount\":2,\"state\":\"start\"}","Screenshot":""}
{"Type":"Script","MonkeyStepsCount":2,"Time":"2026-04-11 10:21:20.010","Info":"{\"jsonrpc\": \"2.0\", \"id\": 1, \"method\": \"click\", \"params\": [1024.5, 160.0]}","Screenshot":""}
{"Type":"Script","MonkeyStepsCount":2,"Time":"2026-04-11 10:21:20.902","Info":"{\"jsonrpc\": \"2.0\", \"id\": 1, \"method\": \"click\", \"params\": [799.5, 182.5]}","Screenshot":""}
{"Type":"Script","MonkeyStepsCount":2,"Time":"2026-04-11 10:21:21.733","Info":"{\"jsonrpc\": \"2.0\", \"id\": 1, \"method\": \"click\", \"params\": [1024.5, 160.0]}","Screenshot":""}
{"Type":"Script","MonkeyStepsCount":2,"Time":"2026-04-11 10:21:22.514","Info":"{\"jsonrpc\": \"2.0\", \"id\": 1, \"method\": \"click\", \"params\": [799.5, 182.5]}","Screenshot":""}
{"Type":"ScriptInfo","MonkeyStepsCount":2,"Time":"2026-04-11 10:21:23.175","Info":"{\"propName\":\"omni950.OmniNotesBugTest.test_reduced_view\",\"startStepsCount\":2,\"state\":\"pass\"}","Screenshot":""}
{"Type":"Monkey","MonkeyStepsCount":3,"Time":"2026-04-11 10:21:23.472","Info":"{\"act\":\"CLICK\",\"adbinput\":false,\"aid\":\"g0a2\",\"allowFuzzing\":true,\"clear\":false,\"editable\":false,\"jAction\":\"\",\"pos\":[0,83,154,237],\"rawinput\":false,\"sid\":\"\",\"text\":\"\",\"throttle\":65,\"waitTime\":0,\"widget\":\"{\\\"bounds\\\":\\\"[0,83][154,237]\\\",\\\"class\\\":\\\"android.widget.ImageButton\\\",\\\"content-desc\\\":\\\"drawer open\\\",\\\"index\\\":0,\\\"resource-id\\\":\\\"\\\",\\\"text\\\":\\\"\\\"}\"}","Screenshot":""}
{"Type":"Monkey","MonkeyStepsCount":4,"Time":"2026-04-11 10:21:23.965","Info":"{\"act\":\"CLICK\",\"adbinput\":false,\"aid\":\"g0a18\",\"allowFuzzing\":true,\"clear\":false,\"editable\":false,\"jAction\":\"\",\"pos\":[0,573,838,705],\"rawinput\":false,\"sid\":\"\",\"text\":\"\",\"throttle\":65,\"waitTime\":0,\"widget\":\"{\\\"bounds\\\":\\\"[0,573][838,705]\\\",\\\"class\\\":\\\"android.widget.LinearLayout\\\",\\\"content-desc\\\":\\\"\\\",\\\"index\\\":0,\\\"resource-id\\\":\\\"\\\",\\\"text\\\":\\\"\\\"}\"}","Screenshot":""}
{"Type":"Monkey","MonkeyStepsCount":5,"Time":"2026-04-11 10:21:24.533","Info":"{\"act\":\"LONG_CLICK\",\"adbinput\":false,\"aid\":\"g0a16\",\"allowFuzzing\":true,\"clear\":false,\"editable\":false,\"jAction\":\"\",\"pos\":[0,573,35,1229],\"rawinput\":false,\"sid\":\"\",\"text\":\"\",\"throttle\":65,\"waitTime\":0,\"widget\":\"{\\\"bounds\\\":\\\"[0,573][35,1229]\\\",\\\"class\\\":\\\"android.widget.ListView\\\",\\\"content-desc\\\":\\\"\\\",\\\"index\\\":2,\\\"resource-id\\\":\\\"it.feio.android.omninotes.alpha:id\/drawer_tag_list\\\",\\\"text\\\":\\\"\\\"}\"}","Screenshot":""}
{"Type":"Monkey","MonkeyStepsCount":6,"Time":"2026-04-11 10:21:25.899","Info":"{\"act\":\"CLICK\",\"adbinput\":false,\"aid\":\"g0a20\",\"allowFuzzing\":true,\"clear\":false,\"editable\":false,\"jAction\":\"\",\"pos\":[837,94,969,226],\"rawinput\":false,\"sid\":\"\",\"text\":\"\",\"throttle\":88,\"waitTime\":0,\"widget\":\"{\\\"bounds\\\":\\\"[837,94][969,226]\\\",\\\"class\\\":\\\"android.widget.Button\\\",\\\"content-desc\\\":\\\"Hide archived notes\\\",\\\"index\\\":1,\\\"resource-id\\\":\\\"it.feio.android.omninotes.alpha:id\/menu_filter_category\\\",\\\"text\\\":\\\"\\\"}\"}","Screenshot":""}
{"Type":"ScriptInfo","MonkeyStepsCount":6,"Time":"2026-04-11 10:21:26.249","Info":"{\"propName\":\"omni950.OmniNotesBugTest.test_create_empty_category\",\"startStepsCount\":6,\"state\":\"start\"}","Screenshot":""}
{"Type":"Script","MonkeyStepsCount":6,"Time":"2026-04-11 10:21:26.358","Info":"{\"jsonrpc\": \"2.0\", \"id\": 1, \"method\": \"click\", \"params\": [957.0, 2024.5]}","Screenshot":""}
{"Type":"Script","MonkeyStepsCount":6,"Time":"2026-04-11 10:21:27.722","Info":"{\"jsonrpc\": \"2.0\", \"id\": 1, \"method\": \"click\", \"params\": [957.5, 1832.5]}","Screenshot":""}
{"Type":"Script","MonkeyStepsCount":6,"Time":"2026-04-11 10:21:29.084","Info":"{\"jsonrpc\": \"2.0\", \"id\": 1, \"method\": \"click\", \"params\": [639.0, 160.0]}","Screenshot":""}
{"Type":"Script","MonkeyStepsCount":6,"Time":"2026-04-11 10:21:30.390","Info":"{\"jsonrpc\": \"2.0\", \"id\": 1, \"method\": \"click\", \"params\": [768.5, 1447.0]}","Screenshot":""}
{"Type":"Script","MonkeyStepsCount":6,"Time":"2026-04-11 10:21:31.661","Info":"{\"jsonrpc\": \"2.0\", \"id\": 1, \"method\": \"setText\", \"params\": [{\"mask\": 2097152, \"childOrSibling\": [], \"childOrSiblingSelector\": [], \"resourceId\": \"it.feio.android.omninotes.alpha:id\/category_title\"}, \"6xj42kB\"]}","Screenshot":""}
{"Type":"Script","MonkeyStepsCount":6,"Time":"2026-04-11 10:21:32.970","Info":"{\"jsonrpc\": \"2.0\", \"id\": 1, \"method\": \"click\", \"params\": [659.5, 1385.5]}","Screenshot":""}
{"Type":"Script","MonkeyStepsCount":6,"Time":"2026-04-11 10:21:34.132","Info":"{\"jsonrpc\": \"2.0\", \"id\": 1, \"method\": \"pressKey\", \"params\": [\"back\"]}","Screenshot":""}
{"Type":"Script","MonkeyStepsCount":6,"Time":"2026-04-11 10:21:35.369","Info":"{\"jsonrpc\": \"2.0\", \"id\": 1, \"method\": \"click\", \"params\": [77.0, 160.0]}","Screenshot":""}
{"Type":"Script","MonkeyStepsCount":6,"Time":"2026-04-11 10:21:37.041","Info":"{\"jsonrpc\": \"2.0\", \"id\": 1, \"method\": \"pressKey\", \"params\": [\"back\"]}","Screenshot":""}
{"Type":"ScriptInfo","MonkeyStepsCount":6,"Time":"2026-04-11 10:21:38.155","Info":"{\"propName\":\"omni950.OmniNotesBugTest.test_create_empty_category\",\"startStepsCount\":6,\"state\":\"pass\"}","Screenshot":""}
{"Type":"ScriptInfo","MonkeyStepsCount":6,"Time":"2026-04-11 10:21:38.433","Info":"{\"propName\":\"omni950.OmniNotesBugTest.test_create_empty_category\",\"startStepsCount\":6,\"state\":\"start\"}","Screenshot":""}
{"Type":"Script","MonkeyStepsCount":6,"Time":"2026-04-11 10:21:38.594","Info":"{\"jsonrpc\": \"2.0\", \"id\": 1, \"method\": \"click\", \"params\": [957.0, 2024.5]}","Screenshot":""}
{"Type":"Script","MonkeyStepsCount":6,"Time":"2026-04-11 10:21:39.907","Info":"{\"jsonrpc\": \"2.0\", \"id\": 1, \"method\": \"click\", \"params\": [957.5, 1832.5]}","Screenshot":""}
{"Type":"Script","MonkeyStepsCount":6,"Time":"2026-04-11 10:21:41.227","Info":"{\"jsonrpc\": \"2.0\", \"id\": 1, \"method\": \"click\", \"params\": [639.0, 160.0]}","Screenshot":""}
{"Type":"Script","MonkeyStepsCount":6,"Time":"2026-04-11 10:21:42.496","Info":"{\"jsonrpc\": \"2.0\", \"id\": 1, \"method\": \"click\", \"params\": [768.5, 1513.0]}","Screenshot":""}
{"Type":"Script","MonkeyStepsCount":6,"Time":"2026-04-11 10:21:43.771","Info":"{\"jsonrpc\": \"2.0\", \"id\": 1, \"method\": \"setText\", \"params\": [{\"mask\": 2097152, \"childOrSibling\": [], \"childOrSiblingSelector\": [], \"resourceId\": \"it.feio.android.omninotes.alpha:id\/category_title\"}, \"rLNT\"]}","Screenshot":""}
{"Type":"Script","MonkeyStepsCount":6,"Time":"2026-04-11 10:21:45.022","Info":"{\"jsonrpc\": \"2.0\", \"id\": 1, \"method\": \"click\", \"params\": [659.5, 1385.5]}","Screenshot":""}
{"Type":"Script","MonkeyStepsCount":6,"Time":"2026-04-11 10:21:46.175","Info":"{\"jsonrpc\": \"2.0\", \"id\": 1, \"method\": \"pressKey\", \"params\": [\"back\"]}","Screenshot":""}
{"Type":"Script","MonkeyStepsCount":6,"Time":"2026-04-11 10:21:47.431","Info":"{\"jsonrpc\": \"2.0\", \"id\": 1, \"method\": \"click\", \"params\": [77.0, 160.0]}","Screenshot":""}
{"Type":"Script","MonkeyStepsCount":6,"Time":"2026-04-11 10:21:49.154","Info":"{\"jsonrpc\": \"2.0\", \"id\": 1, \"method\": \"pressKey\", \"params\": [\"back\"]}","Screenshot":""}
{"Type":"ScriptInfo","MonkeyStepsCount":6,"Time":"2026-04-11 10:21:50.254","Info":"{\"propName\":\"omni950.OmniNotesBugTest.test_create_empty_category\",\"startStepsCount\":6,\"state\":\"pass\"}","Screenshot":""}
{"Type":"ScriptInfo","MonkeyStepsCount":6,"Time":"2026-04-11 10:21:50.530","Info":"{\"propName\":\"omni950.OmniNotesBugTest.test_create_empty_category\",\"startStepsCount\":6,\"state\":\"start\"}","Screenshot":""}
{"Type":"Script","MonkeyStepsCount":6,"Time":"2026-04-11 10:21:50.682","Info":"{\"jsonrpc\": \"2.0\", \"id\": 1, \"method\": \"click\", \"params\": [957.0, 2024.5]}","Screenshot":""}
{"Type":"Script","MonkeyStepsCount":6,"Time":"2026-04-11 10:21:52.021","Info":"{\"jsonrpc\": \"2.0\", \"id\": 1, \"method\": \"click\", \"params\": [957.5, 1832.5]}","Screenshot":""}
{"Type":"Script","MonkeyStepsCount":6,"Time":"2026-04-11 10:21:53.346","Info":"{\"jsonrpc\": \"2.0\", \"id\": 1, \"method\": \"click\", \"params\": [639.0, 160.0]}","Screenshot":""}
{"Type":"Script","MonkeyStepsCount":6,"Time":"2026-04-11 10:21:54.677","Info":"{\"jsonrpc\": \"2.0\", \"id\": 1, \"method\": \"click\", \"params\": [768.5, 1579.0]}","Screenshot":""}
{"Type":"Script","MonkeyStepsCount":6,"Time":"2026-04-11 10:21:55.928","Info":"{\"jsonrpc\": \"2.0\", \"id\": 1, \"method\": \"setText\", \"params\": [{\"mask\": 2097152, \"childOrSibling\": [], \"childOrSiblingSelector\": [], \"resourceId\": \"it.feio.android.omninotes.alpha:id\/category_title\"}, \"IdKRLIV1o\"]}","Screenshot":""}
{"Type":"Script","MonkeyStepsCount":6,"Time":"2026-04-11 10:21:57.130","Info":"{\"jsonrpc\": \"2.0\", \"id\": 1, \"method\": \"click\", \"params\": [659.5, 1385.5]}","Screenshot":""}
{"Type":"Script","MonkeyStepsCount":6,"Time":"2026-04-11 10:21:58.355","Info":"{\"jsonrpc\": \"2.0\", \"id\": 1, \"method\": \"pressKey\", \"params\": [\"back\"]}","Screenshot":""}
{"Type":"Script","MonkeyStepsCount":6,"Time":"2026-04-11 10:21:59.603","Info":"{\"jsonrpc\": \"2.0\", \"id\": 1, \"method\": \"click\", \"params\": [77.0, 160.0]}","Screenshot":""}
{"Type":"Script","MonkeyStepsCount":6,"Time":"2026-04-11 10:22:01.495","Info":"{\"jsonrpc\": \"2.0\", \"id\": 1, \"method\": \"pressKey\", \"params\": [\"back\"]}","Screenshot":""}
{"Type":"ScriptInfo","MonkeyStepsCount":6,"Time":"2026-04-11 10:22:02.557","Info":"{\"propName\":\"omni950.OmniNotesBugTest.test_create_empty_category\",\"startStepsCount\":6,\"state\":\"pass\"}","Screenshot":""}
{"Type":"Monkey","MonkeyStepsCount":7,"Time":"2026-04-11 10:22:02.823","Info":"{\"act\":\"CLICK\",\"adbinput\":false,\"aid\":\"g0a21\",\"allowFuzzing\":true,\"clear\":false,\"editable\":false,\"jAction\":\"\",\"pos\":[837,94,969,226],\"rawinput\":false,\"sid\":\"\",\"text\":\"\",\"throttle\":52,\"waitTime\":0,\"widget\":\"{\\\"bounds\\\":\\\"[837,94][969,226]\\\",\\\"class\\\":\\\"android.widget.Button\\\",\\\"content-desc\\\":\\\"Show archived notes\\\",\\\"index\\\":1,\\\"resource-id\\\":\\\"it.feio.android.omninotes.alpha:id\/menu_filter_category_remove\\\",\\\"text\\\":\\\"\\\"}\"}","Screenshot":""}
{"Type":"Monkey","MonkeyStepsCount":8,"Time":"2026-04-11 10:22:03.121","Info":"{\"act\":\"CLICK\",\"adbinput\":false,\"aid\":\"g0a7\",\"allowFuzzing\":true,\"clear\":false,\"editable\":false,\"jAction\":\"\",\"pos\":[705,94,837,226],\"rawinput\":false,\"sid\":\"\",\"text\":\"\",\"throttle\":50,\"waitTime\":0,\"widget\":\"{\\\"bounds\\\":\\\"[705,94][837,226]\\\",\\\"class\\\":\\\"android.widget.Button\\\",\\\"content-desc\\\":\\\"Search\\\",\\\"index\\\":0,\\\"resource-id\\\":\\\"it.feio.android.omninotes.alpha:id\/menu_search\\\",\\\"text\\\":\\\"\\\"}\"}","Screenshot":""}
{"Type":"ScriptInfo","MonkeyStepsCount":8,"Time":"2026-04-11 10:22:03.457","Info":"{\"propName\":\"omni950.OmniNotesBugTest.test_create_empty_category\",\"startStepsCount\":8,\"state\":\"start\"}","Screenshot":""}
{"Type":"Script","MonkeyStepsCount":8,"Time":"2026-04-11 10:22:03.599","Info":"{\"jsonrpc\": \"2.0\", \"id\": 1, \"method\": \"click\", \"params\": [957.0, 2024.5]}","Screenshot":""}
{"Type":"Script","MonkeyStepsCount":8,"Time":"2026-04-11 10:22:04.943","Info":"{\"jsonrpc\": \"2.0\", \"id\": 1, \"method\": \"click\", \"params\": [957.5, 1832.5]}","Screenshot":""}
{"Type":"Script","MonkeyStepsCount":8,"Time":"2026-04-11 10:22:06.273","Info":"{\"jsonrpc\": \"2.0\", \"id\": 1, \"method\": \"click\", \"params\": [639.0, 160.0]}","Screenshot":""}
{"Type":"Script","MonkeyStepsCount":8,"Time":"2026-04-11 10:22:07.644","Info":"{\"jsonrpc\": \"2.0\", \"id\": 1, \"method\": \"click\", \"params\": [768.5, 1645.0]}","Screenshot":""}
{"Type":"Script","MonkeyStepsCount":8,"Time":"2026-04-11 10:22:08.885","Info":"{\"jsonrpc\": \"2.0\", \"id\": 1, \"method\": \"setText\", \"params\": [{\"mask\": 2097152, \"childOrSibling\": [], \"childOrSiblingSelector\": [], \"resourceId\": \"it.feio.android.omninotes.alpha:id\/category_title\"}, \"YakjFQHgpe\"]}","Screenshot":""}
{"Type":"Script","MonkeyStepsCount":8,"Time":"2026-04-11 10:22:10.151","Info":"{\"jsonrpc\": \"2.0\", \"id\": 1, \"method\": \"click\", \"params\": [659.5, 1385.5]}","Screenshot":""}
{"Type":"Script","MonkeyStepsCount":8,"Time":"2026-04-11 10:22:11.350","Info":"{\"jsonrpc\": \"2.0\", \"id\": 1, \"method\": \"pressKey\", \"params\": [\"back\"]}","Screenshot":""}
{"Type":"Script","MonkeyStepsCount":8,"Time":"2026-04-11 10:22:12.569","Info":"{\"jsonrpc\": \"2.0\", \"id\": 1, \"method\": \"click\", \"params\": [77.0, 160.0]}","Screenshot":""}
{"Type":"Script","MonkeyStepsCount":8,"Time":"2026-04-11 10:22:14.615","Info":"{\"jsonrpc\": \"2.0\", \"id\": 1, \"method\": \"pressKey\", \"params\": [\"back\"]}","Screenshot":""}
{"Type":"ScriptInfo","MonkeyStepsCount":8,"Time":"2026-04-11 10:22:15.689","Info":"{\"propName\":\"omni950.OmniNotesBugTest.test_create_empty_category\",\"startStepsCount\":8,\"state\":\"pass\"}","Screenshot":""}
{"Type":"ScriptInfo","MonkeyStepsCount":8,"Time":"2026-04-11 10:22:15.964","Info":"{\"propName\":\"omni950.OmniNotesBugTest.test_create_empty_category\",\"startStepsCount\":8,\"state\":\"start\"}","Screenshot":""}
{"Type":"Script","MonkeyStepsCount":8,"Time":"2026-04-11 10:22:16.126","Info":"{\"jsonrpc\": \"2.0\", \"id\": 1, \"method\": \"click\", \"params\": [957.0, 2024.5]}","Screenshot":""}
{"Type":"Script","MonkeyStepsCount":8,"Time":"2026-04-11 10:22:17.469","Info":"{\"jsonrpc\": \"2.0\", \"id\": 1, \"method\": \"click\", \"params\": [957.5, 1832.5]}","Screenshot":""}
{"Type":"Script","MonkeyStepsCount":8,"Time":"2026-04-11 10:22:18.727","Info":"{\"jsonrpc\": \"2.0\", \"id\": 1, \"method\": \"click\", \"params\": [639.0, 160.0]}","Screenshot":""}
{"Type":"Script","MonkeyStepsCount":8,"Time":"2026-04-11 10:22:21.150","Info":"{\"jsonrpc\": \"2.0\", \"id\": 1, \"method\": \"click\", \"params\": [768.5, 1711.0]}","Screenshot":""}
{"Type":"Script","MonkeyStepsCount":8,"Time":"2026-04-11 10:22:22.354","Info":"{\"jsonrpc\": \"2.0\", \"id\": 1, \"method\": \"setText\", \"params\": [{\"mask\": 2097152, \"childOrSibling\": [], \"childOrSiblingSelector\": [], \"resourceId\": \"it.feio.android.omninotes.alpha:id\/category_title\"}, \"aviNp\"]}","Screenshot":""}
{"Type":"Script","MonkeyStepsCount":8,"Time":"2026-04-11 10:22:23.592","Info":"{\"jsonrpc\": \"2.0\", \"id\": 1, \"method\": \"click\", \"params\": [659.5, 1385.5]}","Screenshot":""}
{"Type":"Script","MonkeyStepsCount":8,"Time":"2026-04-11 10:22:24.804","Info":"{\"jsonrpc\": \"2.0\", \"id\": 1, \"method\": \"pressKey\", \"params\": [\"back\"]}","Screenshot":""}
{"Type":"Script","MonkeyStepsCount":8,"Time":"2026-04-11 10:22:26.044","Info":"{\"jsonrpc\": \"2.0\", \"id\": 1, \"method\": \"click\", \"params\": [77.0, 160.0]}","Screenshot":""}
{"Type":"Script","MonkeyStepsCount":8,"Time":"2026-04-11 10:22:28.343","Info":"{\"jsonrpc\": \"2.0\", \"id\": 1, \"method\": \"pressKey\", \"params\": [\"back\"]}","Screenshot":""}
{"Type":"ScriptInfo","MonkeyStepsCount":8,"Time":"2026-04-11 10:22:29.422","Info":"{\"propName\":\"omni950.OmniNotesBugTest.test_create_empty_category\",\"startStepsCount\":8,\"state\":\"pass\"}","Screenshot":""}
{"Type":"Monkey","MonkeyStepsCount":9,"Time":"2026-04-11 10:22:29.715","Info":"{\"act\":\"SCROLL_BOTTOM_UP\",\"adbinput\":false,\"aid\":\"g0a4\",\"allowFuzzing\":true,\"clear\":false,\"editable\":false,\"jAction\":\"\",\"pos\":[0,0,1080,2280],\"rawinput\":false,\"sid\":\"\",\"text\":\"\",\"throttle\":84,\"waitTime\":0,\"widget\":\"{\\\"bounds\\\":\\\"[0,0][1080,2280]\\\",\\\"class\\\":\\\"android.widget.FrameLayout\\\",\\\"content-desc\\\":\\\"\\\",\\\"index\\\":0,\\\"resource-id\\\":\\\"\\\",\\\"text\\\":\\\"\\\"}\"}","Screenshot":""}
{"Type":"Monkey","MonkeyStepsCount":10,"Time":"2026-04-11 10:22:30.310","Info":"{\"act\":\"SCROLL_LEFT_RIGHT\",\"adbinput\":false,\"aid\":\"g0a5\",\"allowFuzzing\":true,\"clear\":false,\"editable\":false,\"jAction\":\"\",\"pos\":[0,0,1080,2280],\"rawinput\":false,\"sid\":\"\",\"text\":\"\",\"throttle\":74,\"waitTime\":0,\"widget\":\"{\\\"bounds\\\":\\\"[0,0][1080,2280]\\\",\\\"class\\\":\\\"android.widget.FrameLayout\\\",\\\"content-desc\\\":\\\"\\\",\\\"index\\\":0,\\\"resource-id\\\":\\\"\\\",\\\"text\\\":\\\"\\\"}\"}","Screenshot":""}
{"Type":"Monkey","MonkeyStepsCount":11,"Time":"2026-04-11 10:22:30.917","Info":"{\"act\":\"CLICK\",\"adbinput\":false,\"aid\":\"g0a0\",\"allowFuzzing\":true,\"clear\":false,\"editable\":false,\"jAction\":\"\",\"pos\":[856,1923,1058,2126],\"rawinput\":false,\"sid\":\"\",\"text\":\"\",\"throttle\":74,\"waitTime\":0,\"widget\":\"{\\\"bounds\\\":\\\"[856,1923][1058,2126]\\\",\\\"class\\\":\\\"android.widget.ImageButton\\\",\\\"content-desc\\\":\\\"\\\",\\\"index\\\":6,\\\"resource-id\\\":\\\"it.feio.android.omninotes.alpha:id\/fab_expand_menu_button\\\",\\\"text\\\":\\\"\\\"}\"}","Screenshot":""}
{"Type":"Monkey","MonkeyStepsCount":12,"Time":"2026-04-11 10:22:31.315","Info":"{\"act\":\"CLICK\",\"adbinput\":false,\"aid\":\"g0a7\",\"allowFuzzing\":true,\"clear\":false,\"editable\":false,\"jAction\":\"\",\"pos\":[705,94,837,226],\"rawinput\":false,\"sid\":\"\",\"text\":\"\",\"throttle\":74,\"waitTime\":0,\"widget\":\"{\\\"bounds\\\":\\\"[705,94][837,226]\\\",\\\"class\\\":\\\"android.widget.Button\\\",\\\"content-desc\\\":\\\"Search\\\",\\\"index\\\":0,\\\"resource-id\\\":\\\"it.feio.android.omninotes.alpha:id\/menu_search\\\",\\\"text\\\":\\\"\\\"}\"}","Screenshot":""}
{"Type":"ScriptInfo","MonkeyStepsCount":12,"Time":"2026-04-11 10:22:31.650","Info":"{\"propName\":\"omni950.OmniNotesBugTest.test_create_empty_category\",\"startStepsCount\":12,\"state\":\"start\"}","Screenshot":""}
{"Type":"Script","MonkeyStepsCount":12,"Time":"2026-04-11 10:22:31.816","Info":"{\"jsonrpc\": \"2.0\", \"id\": 1, \"method\": \"click\", \"params\": [957.0, 2024.5]}","Screenshot":""}
{"Type":"Script","MonkeyStepsCount":12,"Time":"2026-04-11 10:22:48.246","Info":"{\"jsonrpc\": \"2.0\", \"id\": 1, \"method\": \"click\", \"params\": [957.5, 1832.5]}","Screenshot":""}
{"Type":"Script","MonkeyStepsCount":12,"Time":"2026-04-11 10:22:49.548","Info":"{\"jsonrpc\": \"2.0\", \"id\": 1, \"method\": \"click\", \"params\": [639.0, 160.0]}","Screenshot":""}
{"Type":"Script","MonkeyStepsCount":12,"Time":"2026-04-11 10:22:50.921","Info":"{\"jsonrpc\": \"2.0\", \"id\": 1, \"method\": \"click\", \"params\": [768.5, 1777.0]}","Screenshot":""}
{"Type":"Script","MonkeyStepsCount":12,"Time":"2026-04-11 10:22:52.158","Info":"{\"jsonrpc\": \"2.0\", \"id\": 1, \"method\": \"setText\", \"params\": [{\"mask\": 2097152, \"childOrSibling\": [], \"childOrSiblingSelector\": [], \"resourceId\": \"it.feio.android.omninotes.alpha:id\/category_title\"}, \"sNIPHIAJyN\"]}","Screenshot":""}
{"Type":"Script","MonkeyStepsCount":12,"Time":"2026-04-11 10:22:53.401","Info":"{\"jsonrpc\": \"2.0\", \"id\": 1, \"method\": \"click\", \"params\": [659.5, 1385.5]}","Screenshot":""}
{"Type":"Script","MonkeyStepsCount":12,"Time":"2026-04-11 10:22:54.659","Info":"{\"jsonrpc\": \"2.0\", \"id\": 1, \"method\": \"pressKey\", \"params\": [\"back\"]}","Screenshot":""}
{"Type":"Script","MonkeyStepsCount":12,"Time":"2026-04-11 10:22:55.952","Info":"{\"jsonrpc\": \"2.0\", \"id\": 1, \"method\": \"click\", \"params\": [77.0, 160.0]}","Screenshot":""}
{"Type":"Script","MonkeyStepsCount":12,"Time":"2026-04-11 10:22:58.154","Info":"{\"jsonrpc\": \"2.0\", \"id\": 1, \"method\": \"pressKey\", \"params\": [\"back\"]}","Screenshot":""}
{"Type":"ScriptInfo","MonkeyStepsCount":12,"Time":"2026-04-11 10:22:59.231","Info":"{\"propName\":\"omni950.OmniNotesBugTest.test_create_empty_category\",\"startStepsCount\":12,\"state\":\"pass\"}","Screenshot":""}
{"Type":"Monkey","MonkeyStepsCount":13,"Time":"2026-04-11 10:22:59.534","Info":"{\"act\":\"CLICK\",\"adbinput\":false,\"aid\":\"g0a2\",\"allowFuzzing\":true,\"clear\":false,\"editable\":false,\"jAction\":\"\",\"pos\":[0,83,154,237],\"rawinput\":false,\"sid\":\"\",\"text\":\"\",\"throttle\":13,\"waitTime\":0,\"widget\":\"{\\\"bounds\\\":\\\"[0,83][154,237]\\\",\\\"class\\\":\\\"android.widget.ImageButton\\\",\\\"content-desc\\\":\\\"drawer open\\\",\\\"index\\\":0,\\\"resource-id\\\":\\\"\\\",\\\"text\\\":\\\"\\\"}\"}","Screenshot":""}
{"Type":"ScriptInfo","MonkeyStepsCount":13,"Time":"2026-04-11 10:23:00.057","Info":"{\"propName\":\"omni950.OmniNotesBugTest.test_create_empty_category\",\"startStepsCount\":13,\"state\":\"start\"}","Screenshot":""}
{"Type":"Script","MonkeyStepsCount":13,"Time":"2026-04-11 10:23:00.216","Info":"{\"jsonrpc\": \"2.0\", \"id\": 1, \"method\": \"click\", \"params\": [957.0, 2024.5]}","Screenshot":""}
{"Type":"Script","MonkeyStepsCount":13,"Time":"2026-04-11 10:23:06.734","Info":"{\"jsonrpc\": \"2.0\", \"id\": 1, \"method\": \"click\", \"params\": [957.5, 1832.5]}","Screenshot":""}
{"Type":"Script","MonkeyStepsCount":13,"Time":"2026-04-11 10:23:08.093","Info":"{\"jsonrpc\": \"2.0\", \"id\": 1, \"method\": \"click\", \"params\": [639.0, 160.0]}","Screenshot":""}
{"Type":"Script","MonkeyStepsCount":13,"Time":"2026-04-11 10:23:09.436","Info":"{\"jsonrpc\": \"2.0\", \"id\": 1, \"method\": \"click\", \"params\": [768.5, 1843.0]}","Screenshot":""}
{"Type":"Script","MonkeyStepsCount":13,"Time":"2026-04-11 10:23:10.706","Info":"{\"jsonrpc\": \"2.0\", \"id\": 1, \"method\": \"setText\", \"params\": [{\"mask\": 2097152, \"childOrSibling\": [], \"childOrSiblingSelector\": [], \"resourceId\": \"it.feio.android.omninotes.alpha:id\/category_title\"}, \"SX4fAq5OKN\"]}","Screenshot":""}
{"Type":"Script","MonkeyStepsCount":13,"Time":"2026-04-11 10:23:11.985","Info":"{\"jsonrpc\": \"2.0\", \"id\": 1, \"method\": \"click\", \"params\": [659.5, 1385.5]}","Screenshot":""}
{"Type":"Script","MonkeyStepsCount":13,"Time":"2026-04-11 10:23:13.160","Info":"{\"jsonrpc\": \"2.0\", \"id\": 1, \"method\": \"pressKey\", \"params\": [\"back\"]}","Screenshot":""}
{"Type":"Script","MonkeyStepsCount":13,"Time":"2026-04-11 10:23:14.422","Info":"{\"jsonrpc\": \"2.0\", \"id\": 1, \"method\": \"click\", \"params\": [77.0, 160.0]}","Screenshot":""}
{"Type":"Script","MonkeyStepsCount":13,"Time":"2026-04-11 10:23:16.930","Info":"{\"jsonrpc\": \"2.0\", \"id\": 1, \"method\": \"pressKey\", \"params\": [\"back\"]}","Screenshot":""}
{"Type":"ScriptInfo","MonkeyStepsCount":13,"Time":"2026-04-11 10:23:18.010","Info":"{\"propName\":\"omni950.OmniNotesBugTest.test_create_empty_category\",\"startStepsCount\":13,\"state\":\"pass\"}","Screenshot":""}
{"Type":"ScriptInfo","MonkeyStepsCount":13,"Time":"2026-04-11 10:23:18.308","Info":"{\"propName\":\"omni950.OmniNotesBugTest.test_reduced_view\",\"startStepsCount\":13,\"state\":\"start\"}","Screenshot":""}
{"Type":"Script","MonkeyStepsCount":13,"Time":"2026-04-11 10:23:18.482","Info":"{\"jsonrpc\": \"2.0\", \"id\": 1, \"method\": \"click\", \"params\": [1024.5, 160.0]}","Screenshot":""}
{"Type":"Script","MonkeyStepsCount":13,"Time":"2026-04-11 10:23:19.335","Info":"{\"jsonrpc\": \"2.0\", \"id\": 1, \"method\": \"click\", \"params\": [799.5, 314.5]}","Screenshot":""}
{"Type":"Script","MonkeyStepsCount":13,"Time":"2026-04-11 10:23:20.135","Info":"{\"jsonrpc\": \"2.0\", \"id\": 1, \"method\": \"click\", \"params\": [1024.5, 160.0]}","Screenshot":""}
{"Type":"Script","MonkeyStepsCount":13,"Time":"2026-04-11 10:23:20.932","Info":"{\"jsonrpc\": \"2.0\", \"id\": 1, \"method\": \"click\", \"params\": [799.5, 314.5]}","Screenshot":""}
{"Type":"ScriptInfo","MonkeyStepsCount":13,"Time":"2026-04-11 10:23:21.606","Info":"{\"propName\":\"omni950.OmniNotesBugTest.test_reduced_view\",\"startStepsCount\":13,\"state\":\"pass\"}","Screenshot":""}
{"Type":"ScriptInfo","MonkeyStepsCount":13,"Time":"2026-04-11 10:23:21.904","Info":"{\"propName\":\"omni950.OmniNotesBugTest.test_create_empty_category\",\"startStepsCount\":13,\"state\":\"start\"}","Screenshot":""}
{"Type":"Script","MonkeyStepsCount":13,"Time":"2026-04-11 10:23:22.107","Info":"{\"jsonrpc\": \"2.0\", \"id\": 1, \"method\": \"click\", \"params\": [957.0, 2024.5]}","Screenshot":""}
{"Type":"Script","MonkeyStepsCount":13,"Time":"2026-04-11 10:23:23.433","Info":"{\"jsonrpc\": \"2.0\", \"id\": 1, \"method\": \"click\", \"params\": [957.5, 1832.5]}","Screenshot":""}
{"Type":"Script","MonkeyStepsCount":13,"Time":"2026-04-11 10:23:24.733","Info":"{\"jsonrpc\": \"2.0\", \"id\": 1, \"method\": \"click\", \"params\": [639.0, 160.0]}","Screenshot":""}
{"Type":"Script","MonkeyStepsCount":13,"Time":"2026-04-11 10:23:26.049","Info":"{\"jsonrpc\": \"2.0\", \"id\": 1, \"method\": \"click\", \"params\": [768.5, 1909.0]}","Screenshot":""}
{"Type":"Script","MonkeyStepsCount":13,"Time":"2026-04-11 10:23:27.283","Info":"{\"jsonrpc\": \"2.0\", \"id\": 1, \"method\": \"setText\", \"params\": [{\"mask\": 2097152, \"childOrSibling\": [], \"childOrSiblingSelector\": [], \"resourceId\": \"it.feio.android.omninotes.alpha:id\/category_title\"}, \"r68lYcCFFq\"]}","Screenshot":""}
{"Type":"Script","MonkeyStepsCount":13,"Time":"2026-04-11 10:23:28.523","Info":"{\"jsonrpc\": \"2.0\", \"id\": 1, \"method\": \"click\", \"params\": [659.5, 1385.5]}","Screenshot":""}
{"Type":"Script","MonkeyStepsCount":13,"Time":"2026-04-11 10:23:29.759","Info":"{\"jsonrpc\": \"2.0\", \"id\": 1, \"method\": \"pressKey\", \"params\": [\"back\"]}","Screenshot":""}
{"Type":"Script","MonkeyStepsCount":13,"Time":"2026-04-11 10:23:31.092","Info":"{\"jsonrpc\": \"2.0\", \"id\": 1, \"method\": \"click\", \"params\": [77.0, 160.0]}","Screenshot":""}
{"Type":"Script","MonkeyStepsCount":13,"Time":"2026-04-11 10:23:33.627","Info":"{\"jsonrpc\": \"2.0\", \"id\": 1, \"method\": \"pressKey\", \"params\": [\"back\"]}","Screenshot":""}
{"Type":"ScriptInfo","MonkeyStepsCount":13,"Time":"2026-04-11 10:23:34.709","Info":"{\"propName\":\"omni950.OmniNotesBugTest.test_create_empty_category\",\"startStepsCount\":13,\"state\":\"pass\"}","Screenshot":""}
{"Type":"ScriptInfo","MonkeyStepsCount":13,"Time":"2026-04-11 10:23:35.020","Info":"{\"propName\":\"omni950.OmniNotesBugTest.test_reduced_view\",\"startStepsCount\":13,\"state\":\"start\"}","Screenshot":""}
{"Type":"Script","MonkeyStepsCount":13,"Time":"2026-04-11 10:23:35.195","Info":"{\"jsonrpc\": \"2.0\", \"id\": 1, \"method\": \"click\", \"params\": [1024.5, 160.0]}","Screenshot":""}
{"Type":"Script","MonkeyStepsCount":13,"Time":"2026-04-11 10:23:36.120","Info":"{\"jsonrpc\": \"2.0\", \"id\": 1, \"method\": \"click\", \"params\": [799.5, 314.5]}","Screenshot":""}
{"Type":"Script","MonkeyStepsCount":13,"Time":"2026-04-11 10:23:36.938","Info":"{\"jsonrpc\": \"2.0\", \"id\": 1, \"method\": \"click\", \"params\": [1024.5, 160.0]}","Screenshot":""}
{"Type":"Script","MonkeyStepsCount":13,"Time":"2026-04-11 10:23:37.739","Info":"{\"jsonrpc\": \"2.0\", \"id\": 1, \"method\": \"click\", \"params\": [799.5, 314.5]}","Screenshot":""}
{"Type":"ScriptInfo","MonkeyStepsCount":13,"Time":"2026-04-11 10:23:38.412","Info":"{\"propName\":\"omni950.OmniNotesBugTest.test_reduced_view\",\"startStepsCount\":13,\"state\":\"pass\"}","Screenshot":""}
{"Type":"Monkey","MonkeyStepsCount":14,"Time":"2026-04-11 10:23:38.730","Info":"{\"act\":\"CLICK\",\"adbinput\":false,\"aid\":\"g0a11\",\"allowFuzzing\":true,\"clear\":false,\"editable\":false,\"jAction\":\"\",\"pos\":[969,94,1080,226],\"rawinput\":false,\"sid\":\"\",\"text\":\"\",\"throttle\":63,\"waitTime\":0,\"widget\":\"{\\\"bounds\\\":\\\"[969,94][1080,226]\\\",\\\"class\\\":\\\"android.widget.ImageView\\\",\\\"content-desc\\\":\\\"More options\\\",\\\"index\\\":2,\\\"resource-id\\\":\\\"\\\",\\\"text\\\":\\\"\\\"}\"}","Screenshot":""}
{"Type":"Monkey","MonkeyStepsCount":15,"Time":"2026-04-11 10:23:39.050","Info":"{\"act\":\"CLICK\",\"adbinput\":false,\"aid\":\"g0a17\",\"allowFuzzing\":true,\"clear\":false,\"editable\":false,\"jAction\":\"\",\"pos\":[620,95,1025,185],\"rawinput\":false,\"sid\":\"\",\"text\":\"\",\"throttle\":63,\"waitTime\":0,\"widget\":\"{\\\"bounds\\\":\\\"[620,95][1025,185]\\\",\\\"class\\\":\\\"android.widget.LinearLayout\\\",\\\"content-desc\\\":\\\"\\\",\\\"index\\\":0,\\\"resource-id\\\":\\\"\\\",\\\"text\\\":\\\"\\\"}\"}","Screenshot":""}
{"Type":"Monkey","MonkeyStepsCount":16,"Time":"2026-04-11 10:23:39.442","Info":"{\"act\":\"SCROLL_TOP_DOWN\",\"adbinput\":false,\"aid\":\"g0a3\",\"allowFuzzing\":true,\"clear\":false,\"editable\":false,\"jAction\":\"\",\"pos\":[422,95,1036,755],\"rawinput\":false,\"sid\":\"\",\"text\":\"\",\"throttle\":28,\"waitTime\":0,\"widget\":\"{\\\"bounds\\\":\\\"[422,95][1036,755]\\\",\\\"class\\\":\\\"android.widget.FrameLayout\\\",\\\"content-desc\\\":\\\"\\\",\\\"index\\\":0,\\\"resource-id\\\":\\\"\\\",\\\"text\\\":\\\"\\\"}\"}","Screenshot":""}
{"Type":"Monkey","MonkeyStepsCount":17,"Time":"2026-04-11 10:23:40.048","Info":"{\"act\":\"CLICK\",\"adbinput\":false,\"aid\":\"g0a26\",\"allowFuzzing\":true,\"clear\":false,\"editable\":false,\"jAction\":\"\",\"pos\":[422,117,1036,249],\"rawinput\":false,\"sid\":\"\",\"text\":\"\",\"throttle\":28,\"waitTime\":0,\"widget\":\"{\\\"bounds\\\":\\\"[422,117][1036,249]\\\",\\\"class\\\":\\\"android.widget.FrameLayout\\\",\\\"content-desc\\\":\\\"\\\",\\\"index\\\":0,\\\"resource-id\\\":\\\"\\\",\\\"text\\\":\\\"\\\"}\"}","Screenshot":""}
{"Type":"Monkey","MonkeyStepsCount":18,"Time":"2026-04-11 10:23:40.375","Info":"{\"act\":\"CLICK\",\"adbinput\":false,\"aid\":\"g0a17\",\"allowFuzzing\":true,\"clear\":false,\"editable\":false,\"jAction\":\"\",\"pos\":[422,249,1036,381],\"rawinput\":false,\"sid\":\"\",\"text\":\"\",\"throttle\":11,\"waitTime\":0,\"widget\":\"{\\\"bounds\\\":\\\"[422,249][1036,381]\\\",\\\"class\\\":\\\"android.widget.LinearLayout\\\",\\\"content-desc\\\":\\\"\\\",\\\"index\\\":1,\\\"resource-id\\\":\\\"\\\",\\\"text\\\":\\\"\\\"}\"}","Screenshot":""}
{"Type":"Monkey","MonkeyStepsCount":19,"Time":"2026-04-11 10:23:40.665","Info":"{\"act\":\"SCROLL_TOP_DOWN\",\"adbinput\":false,\"aid\":\"g0a3\",\"allowFuzzing\":true,\"clear\":false,\"editable\":false,\"jAction\":\"\",\"pos\":[0,0,1080,2280],\"rawinput\":false,\"sid\":\"\",\"text\":\"\",\"throttle\":11,\"waitTime\":0,\"widget\":\"{\\\"bounds\\\":\\\"[0,0][1080,2280]\\\",\\\"class\\\":\\\"android.widget.FrameLayout\\\",\\\"content-desc\\\":\\\"\\\",\\\"index\\\":0,\\\"resource-id\\\":\\\"\\\",\\\"text\\\":\\\"\\\"}\"}","Screenshot":""}
{"Type":"ScriptInfo","MonkeyStepsCount":19,"Time":"2026-04-11 10:23:41.186","Info":"{\"propName\":\"omni950.OmniNotesBugTest.test_create_empty_category\",\"startStepsCount\":19,\"state\":\"start\"}","Screenshot":""}
{"Type":"Script","MonkeyStepsCount":19,"Time":"2026-04-11 10:23:41.325","Info":"{\"jsonrpc\": \"2.0\", \"id\": 1, \"method\": \"click\", \"params\": [957.0, 2024.5]}","Screenshot":""}
{"Type":"Script","MonkeyStepsCount":19,"Time":"2026-04-11 10:23:42.642","Info":"{\"jsonrpc\": \"2.0\", \"id\": 1, \"method\": \"click\", \"params\": [957.5, 1832.5]}","Screenshot":""}
{"Type":"Script","MonkeyStepsCount":19,"Time":"2026-04-11 10:23:44.026","Info":"{\"jsonrpc\": \"2.0\", \"id\": 1, \"method\": \"click\", \"params\": [639.0, 160.0]}","Screenshot":""}
{"Type":"Script","MonkeyStepsCount":19,"Time":"2026-04-11 10:23:45.385","Info":"{\"jsonrpc\": \"2.0\", \"id\": 1, \"method\": \"click\", \"params\": [768.5, 1936.0]}","Screenshot":""}
{"Type":"Script","MonkeyStepsCount":19,"Time":"2026-04-11 10:23:46.613","Info":"{\"jsonrpc\": \"2.0\", \"id\": 1, \"method\": \"setText\", \"params\": [{\"mask\": 2097152, \"childOrSibling\": [], \"childOrSiblingSelector\": [], \"resourceId\": \"it.feio.android.omninotes.alpha:id\/category_title\"}, \"IAL13GD\"]}","Screenshot":""}
{"Type":"Script","MonkeyStepsCount":19,"Time":"2026-04-11 10:23:47.863","Info":"{\"jsonrpc\": \"2.0\", \"id\": 1, \"method\": \"click\", \"params\": [659.5, 1385.5]}","Screenshot":""}
{"Type":"Script","MonkeyStepsCount":19,"Time":"2026-04-11 10:23:49.338","Info":"{\"jsonrpc\": \"2.0\", \"id\": 1, \"method\": \"pressKey\", \"params\": [\"back\"]}","Screenshot":""}
{"Type":"Script","MonkeyStepsCount":19,"Time":"2026-04-11 10:23:50.611","Info":"{\"jsonrpc\": \"2.0\", \"id\": 1, \"method\": \"click\", \"params\": [77.0, 160.0]}","Screenshot":""}
{"Type":"Script","MonkeyStepsCount":19,"Time":"2026-04-11 10:23:53.162","Info":"{\"jsonrpc\": \"2.0\", \"id\": 1, \"method\": \"pressKey\", \"params\": [\"back\"]}","Screenshot":""}
{"Type":"ScriptInfo","MonkeyStepsCount":19,"Time":"2026-04-11 10:23:54.289","Info":"{\"propName\":\"omni950.OmniNotesBugTest.test_create_empty_category\",\"startStepsCount\":19,\"state\":\"pass\"}","Screenshot":""}
{"Type":"Monkey","MonkeyStepsCount":20,"Time":"2026-04-11 10:23:54.574","Info":"{\"act\":\"LONG_CLICK\",\"adbinput\":false,\"aid\":\"g0a1\",\"allowFuzzing\":true,\"clear\":false,\"editable\":false,\"jAction\":\"\",\"pos\":[856,1923,1058,2126],\"rawinput\":false,\"sid\":\"\",\"text\":\"\",\"throttle\":62,\"waitTime\":0,\"widget\":\"{\\\"bounds\\\":\\\"[856,1923][1058,2126]\\\",\\\"class\\\":\\\"android.widget.ImageButton\\\",\\\"content-desc\\\":\\\"\\\",\\\"index\\\":6,\\\"resource-id\\\":\\\"it.feio.android.omninotes.alpha:id\/fab_expand_menu_button\\\",\\\"text\\\":\\\"\\\"}\"}","Screenshot":""}
{"Type":"Monkey","MonkeyStepsCount":21,"Time":"2026-04-11 10:23:55.921","Info":"{\"act\":\"CLICK\",\"adbinput\":false,\"aid\":\"g0a2\",\"allowFuzzing\":true,\"clear\":false,\"editable\":false,\"jAction\":\"\",\"pos\":[0,83,154,237],\"rawinput\":false,\"sid\":\"\",\"text\":\"\",\"throttle\":87,\"waitTime\":0,\"widget\":\"{\\\"bounds\\\":\\\"[0,83][154,237]\\\",\\\"class\\\":\\\"android.widget.ImageButton\\\",\\\"content-desc\\\":\\\"drawer open\\\",\\\"index\\\":0,\\\"resource-id\\\":\\\"\\\",\\\"text\\\":\\\"\\\"}\"}","Screenshot":""}
{"Type":"Monkey","MonkeyStepsCount":22,"Time":"2026-04-11 10:23:56.230","Info":"{\"act\":\"SCROLL_RIGHT_LEFT\",\"adbinput\":false,\"aid\":\"g0a6\",\"allowFuzzing\":true,\"clear\":false,\"editable\":false,\"jAction\":\"\",\"pos\":[0,0,1080,2280],\"rawinput\":false,\"sid\":\"\",\"text\":\"\",\"throttle\":12,\"waitTime\":0,\"widget\":\"{\\\"bounds\\\":\\\"[0,0][1080,2280]\\\",\\\"class\\\":\\\"android.widget.FrameLayout\\\",\\\"content-desc\\\":\\\"\\\",\\\"index\\\":0,\\\"resource-id\\\":\\\"\\\",\\\"text\\\":\\\"\\\"}\"}","Screenshot":""}
{"Type":"Monkey","MonkeyStepsCount":23,"Time":"2026-04-11 10:23:56.807","Info":"{\"act\":\"CLICK\",\"adbinput\":false,\"aid\":\"g0a10\",\"allowFuzzing\":true,\"clear\":false,\"editable\":false,\"jAction\":\"\",\"pos\":[374,1053,705,1331],\"rawinput\":false,\"sid\":\"\",\"text\":\"\",\"throttle\":12,\"waitTime\":0,\"widget\":\"{\\\"bounds\\\":\\\"[374,1053][705,1331]\\\",\\\"class\\\":\\\"android.widget.TextView\\\",\\\"content-desc\\\":\\\"\\\",\\\"index\\\":0,\\\"resource-id\\\":\\\"it.feio.android.omninotes.alpha:id\/empty_list\\\",\\\"text\\\":\\\"Nothinghere!\\\"}\"}","Screenshot":""}
{"Type":"ScriptInfo","MonkeyStepsCount":23,"Time":"2026-04-11 10:23:57.115","Info":"{\"propName\":\"omni950.OmniNotesBugTest.test_create_empty_category\",\"startStepsCount\":23,\"state\":\"start\"}","Screenshot":""}
{"Type":"Script","MonkeyStepsCount":23,"Time":"2026-04-11 10:23:57.590","Info":"{\"jsonrpc\": \"2.0\", \"id\": 1, \"method\": \"click\", \"params\": [957.0, 2024.5]}","Screenshot":""}
{"Type":"Script","MonkeyStepsCount":23,"Time":"2026-04-11 10:23:59.005","Info":"{\"jsonrpc\": \"2.0\", \"id\": 1, \"method\": \"click\", \"params\": [957.5, 1832.5]}","Screenshot":""}
{"Type":"Script","MonkeyStepsCount":23,"Time":"2026-04-11 10:24:00.317","Info":"{\"jsonrpc\": \"2.0\", \"id\": 1, \"method\": \"click\", \"params\": [639.0, 160.0]}","Screenshot":""}
{"Type":"Script","MonkeyStepsCount":23,"Time":"2026-04-11 10:24:01.633","Info":"{\"jsonrpc\": \"2.0\", \"id\": 1, \"method\": \"click\", \"params\": [768.5, 1936.0]}","Screenshot":""}
{"Type":"Script","MonkeyStepsCount":23,"Time":"2026-04-11 10:24:02.901","Info":"{\"jsonrpc\": \"2.0\", \"id\": 1, \"method\": \"setText\", \"params\": [{\"mask\": 2097152, \"childOrSibling\": [], \"childOrSiblingSelector\": [], \"resourceId\": \"it.feio.android.omninotes.alpha:id\/category_title\"}, \"3BjHMwi\"]}","Screenshot":""}
{"Type":"Script","MonkeyStepsCount":23,"Time":"2026-04-11 10:24:04.176","Info":"{\"jsonrpc\": \"2.0\", \"id\": 1, \"method\": \"click\", \"params\": [659.5, 1385.5]}","Screenshot":""}
{"Type":"Script","MonkeyStepsCount":23,"Time":"2026-04-11 10:24:05.380","Info":"{\"jsonrpc\": \"2.0\", \"id\": 1, \"method\": \"pressKey\", \"params\": [\"back\"]}","Screenshot":""}
{"Type":"Script","MonkeyStepsCount":23,"Time":"2026-04-11 10:24:06.651","Info":"{\"jsonrpc\": \"2.0\", \"id\": 1, \"method\": \"click\", \"params\": [77.0, 160.0]}","Screenshot":""}
{"Type":"Script","MonkeyStepsCount":23,"Time":"2026-04-11 10:24:09.251","Info":"{\"jsonrpc\": \"2.0\", \"id\": 1, \"method\": \"pressKey\", \"params\": [\"back\"]}","Screenshot":""}
{"Type":"ScriptInfo","MonkeyStepsCount":23,"Time":"2026-04-11 10:24:10.323","Info":"{\"propName\":\"omni950.OmniNotesBugTest.test_create_empty_category\",\"startStepsCount\":23,\"state\":\"pass\"}","Screenshot":""}
