{"Type":"Monkey","MonkeyStepsCount":1,"Time":"2026-04-09 10:06:57.162","Info":"{\"act\":\"CLICK\",\"adbinput\":false,\"aid\":\"g0a20\",\"allowFuzzing\":true,\"clear\":false,\"editable\":false,\"jAction\":\"\",\"pos\":[882,1796,1036,1950],\"rawinput\":false,\"sid\":\"\",\"text\":\"\",\"throttle\":39,\"waitTime\":0,\"widget\":\"{\\\"bounds\\\":\\\"[882,1796][1036,1950]\\\",\\\"class\\\":\\\"android.widget.ImageButton\\\",\\\"content-desc\\\":\\\"Create a new file or folder\\\",\\\"index\\\":0,\\\"resource-id\\\":\\\"net.gsantner.markor_test:id\/fab_add_new_item\\\",\\\"text\\\":\\\"\\\"}\"}","Screenshot":""}
{"Type":"Monkey","MonkeyStepsCount":2,"Time":"2026-04-09 10:06:57.562","Info":"{\"act\":\"CLICK\",\"adbinput\":false,\"aid\":\"g0a42\",\"allowFuzzing\":true,\"clear\":false,\"editable\":true,\"jAction\":\"\",\"pos\":[659,778,904,891],\"rawinput\":false,\"sid\":\"\",\"text\":\"FOLDER\",\"throttle\":39,\"waitTime\":0,\"widget\":\"{\\\"bounds\\\":\\\"[659,778][904,891]\\\",\\\"class\\\":\\\"android.widget.EditText\\\",\\\"content-desc\\\":\\\"\\\",\\\"index\\\":1,\\\"resource-id\\\":\\\"net.gsantner.markor_test:id\/new_file_dialog__ext\\\",\\\"text\\\":\\\".md\\\"}\"}","Screenshot":""}
{"Type":"Monkey","MonkeyStepsCount":3,"Time":"2026-04-09 10:06:58.013","Info":"{\"act\":\"LONG_CLICK\",\"adbinput\":false,\"aid\":\"g0a33\",\"allowFuzzing\":true,\"clear\":false,\"editable\":true,\"jAction\":\"\",\"pos\":[88,778,659,891],\"rawinput\":false,\"sid\":\"\",\"text\":\"Name\",\"throttle\":19,\"waitTime\":0,\"widget\":\"{\\\"bounds\\\":\\\"[88,778][659,891]\\\",\\\"class\\\":\\\"android.widget.EditText\\\",\\\"content-desc\\\":\\\"\\\",\\\"index\\\":0,\\\"resource-id\\\":\\\"net.gsantner.markor_test:id\/new_file_dialog__name\\\",\\\"text\\\":\\\"my_note\\\"}\"}","Screenshot":""}
{"Type":"Monkey","MonkeyStepsCount":4,"Time":"2026-04-09 10:06:59.373","Info":"{\"act\":\"LONG_CLICK\",\"adbinput\":false,\"aid\":\"g0a36\",\"allowFuzzing\":true,\"clear\":false,\"editable\":false,\"jAction\":\"\",\"pos\":[88,957,992,1023],\"rawinput\":false,\"sid\":\"\",\"text\":\"\",\"throttle\":76,\"waitTime\":0,\"widget\":\"{\\\"bounds\\\":\\\"[88,957][992,1023]\\\",\\\"class\\\":\\\"android.widget.Spinner\\\",\\\"content-desc\\\":\\\"\\\",\\\"index\\\":3,\\\"resource-id\\\":\\\"net.gsantner.markor_test:id\/new_file_dialog__type\\\",\\\"text\\\":\\\"\\\"}\"}","Screenshot":""}
{"Type":"Monkey","MonkeyStepsCount":5,"Time":"2026-04-09 10:07:00.736","Info":"{\"act\":\"SCROLL_RIGHT_LEFT\",\"adbinput\":false,\"aid\":\"g0a7\",\"allowFuzzing\":true,\"clear\":false,\"editable\":false,\"jAction\":\"\",\"pos\":[88,957,772,1529],\"rawinput\":false,\"sid\":\"\",\"text\":\"\",\"throttle\":78,\"waitTime\":0,\"widget\":\"{\\\"bounds\\\":\\\"[88,957][772,1529]\\\",\\\"class\\\":\\\"android.widget.FrameLayout\\\",\\\"content-desc\\\":\\\"\\\",\\\"index\\\":0,\\\"resource-id\\\":\\\"\\\",\\\"text\\\":\\\"\\\"}\"}","Screenshot":""}
{"Type":"Monkey","MonkeyStepsCount":6,"Time":"2026-04-09 10:07:01.308","Info":"{\"act\":\"SCROLL_LEFT_RIGHT\",\"adbinput\":false,\"aid\":\"g0a6\",\"allowFuzzing\":true,\"clear\":false,\"editable\":false,\"jAction\":\"\",\"pos\":[88,957,772,1529],\"rawinput\":false,\"sid\":\"\",\"text\":\"\",\"throttle\":85,\"waitTime\":0,\"widget\":\"{\\\"bounds\\\":\\\"[88,957][772,1529]\\\",\\\"class\\\":\\\"android.widget.FrameLayout\\\",\\\"content-desc\\\":\\\"\\\",\\\"index\\\":0,\\\"resource-id\\\":\\\"\\\",\\\"text\\\":\\\"\\\"}\"}","Screenshot":""}
{"Type":"Monkey","MonkeyStepsCount":7,"Time":"2026-04-09 10:07:01.922","Info":"{\"act\":\"CLICK\",\"adbinput\":false,\"aid\":\"g0a44\",\"allowFuzzing\":true,\"clear\":false,\"editable\":false,\"jAction\":\"\",\"pos\":[88,957,772,1089],\"rawinput\":false,\"sid\":\"\",\"text\":\"\",\"throttle\":85,\"waitTime\":0,\"widget\":\"{\\\"bounds\\\":\\\"[88,957][772,1089]\\\",\\\"class\\\":\\\"android.widget.TextView\\\",\\\"content-desc\\\":\\\"\\\",\\\"index\\\":0,\\\"resource-id\\\":\\\"android:id\/text1\\\",\\\"text\\\":\\\"Markdown\\\"}\"}","Screenshot":""}
{"Type":"Monkey","MonkeyStepsCount":8,"Time":"2026-04-09 10:07:02.312","Info":"{\"act\":\"SCROLL_LEFT_RIGHT\",\"adbinput\":false,\"aid\":\"g0a39\",\"allowFuzzing\":true,\"clear\":false,\"editable\":false,\"jAction\":\"\",\"pos\":[88,957,992,1023],\"rawinput\":false,\"sid\":\"\",\"text\":\"\",\"throttle\":85,\"waitTime\":0,\"widget\":\"{\\\"bounds\\\":\\\"[88,957][992,1023]\\\",\\\"class\\\":\\\"android.widget.Spinner\\\",\\\"content-desc\\\":\\\"\\\",\\\"index\\\":3,\\\"resource-id\\\":\\\"net.gsantner.markor_test:id\/new_file_dialog__type\\\",\\\"text\\\":\\\"\\\"}\"}","Screenshot":""}
{"Type":"Monkey","MonkeyStepsCount":9,"Time":"2026-04-09 10:07:02.971","Info":"{\"act\":\"CLICK\",\"adbinput\":false,\"aid\":\"g0a41\",\"allowFuzzing\":true,\"clear\":false,\"editable\":false,\"jAction\":\"\",\"pos\":[827,1342,992,1458],\"rawinput\":false,\"sid\":\"\",\"text\":\"\",\"throttle\":17,\"waitTime\":0,\"widget\":\"{\\\"bounds\\\":\\\"[827,1342][992,1458]\\\",\\\"class\\\":\\\"android.widget.Button\\\",\\\"content-desc\\\":\\\"\\\",\\\"index\\\":2,\\\"resource-id\\\":\\\"android:id\/button1\\\",\\\"text\\\":\\\"OK\\\"}\"}","Screenshot":""}
{"Type":"ScriptInfo","MonkeyStepsCount":9,"Time":"2026-04-09 10:07:03.265","Info":"{\"propName\":\"markor1652.Markor.test_search_note\",\"startStepsCount\":9,\"state\":\"start\"}","Screenshot":""}
{"Type":"Script","MonkeyStepsCount":9,"Time":"2026-04-09 10:07:03.404","Info":"{\"jsonrpc\": \"2.0\", \"id\": 1, \"method\": \"click\", \"params\": [135.0, 2043.0]}","Screenshot":""}
{"Type":"Script","MonkeyStepsCount":9,"Time":"2026-04-09 10:07:04.201","Info":"{\"jsonrpc\": \"2.0\", \"id\": 1, \"method\": \"click\", \"params\": [914.0, 160.0]}","Screenshot":""}
{"Type":"Script","MonkeyStepsCount":9,"Time":"2026-04-09 10:07:05.058","Info":"{\"jsonrpc\": \"2.0\", \"id\": 1, \"method\": \"setText\", \"params\": [{\"mask\": 16, \"childOrSibling\": [], \"childOrSiblingSelector\": [], \"className\": \"android.widget.EditText\"}, \"hi.md\"]}","Screenshot":""}
{"Type":"Script","MonkeyStepsCount":9,"Time":"2026-04-09 10:07:05.977","Info":"{\"jsonrpc\": \"2.0\", \"id\": 1, \"method\": \"click\", \"params\": [909.5, 1552.0]}","Screenshot":""}
{"Type":"Script","MonkeyStepsCount":9,"Time":"2026-04-09 10:07:06.723","Info":"{\"jsonrpc\": \"2.0\", \"id\": 1, \"method\": \"pressKey\", \"params\": [\"back\"]}","Screenshot":""}
{"Type":"ScriptInfo","MonkeyStepsCount":9,"Time":"2026-04-09 10:07:08.504","Info":"{\"propName\":\"markor1652.Markor.test_search_note\",\"startStepsCount\":9,\"state\":\"pass\"}","Screenshot":""}
{"Type":"ScriptInfo","MonkeyStepsCount":9,"Time":"2026-04-09 10:07:08.771","Info":"{\"propName\":\"markor1652.Markor.test_create_note\",\"startStepsCount\":9,\"state\":\"start\"}","Screenshot":""}
{"Type":"Script","MonkeyStepsCount":9,"Time":"2026-04-09 10:07:08.911","Info":"{\"jsonrpc\": \"2.0\", \"id\": 1, \"method\": \"click\", \"params\": [694.0, 160.0]}","Screenshot":""}
{"Type":"Script","MonkeyStepsCount":9,"Time":"2026-04-09 10:07:09.797","Info":"{\"jsonrpc\": \"2.0\", \"id\": 1, \"method\": \"click\", \"params\": [717.5, 1058.0]}","Screenshot":""}
{"Type":"Script","MonkeyStepsCount":9,"Time":"2026-04-09 10:07:10.657","Info":"{\"jsonrpc\": \"2.0\", \"id\": 1, \"method\": \"click\", \"params\": [959.0, 1873.0]}","Screenshot":""}
{"Type":"Script","MonkeyStepsCount":9,"Time":"2026-04-09 10:07:11.391","Info":"{\"jsonrpc\": \"2.0\", \"id\": 1, \"method\": \"setText\", \"params\": [{\"mask\": 2097152, \"childOrSibling\": [], \"childOrSiblingSelector\": [], \"resourceId\": \"net.gsantner.markor_test:id\/new_file_dialog__name\"}, \"MRA6Yipe\"]}","Screenshot":""}
{"Type":"Script","MonkeyStepsCount":9,"Time":"2026-04-09 10:07:12.172","Info":"{\"jsonrpc\": \"2.0\", \"id\": 1, \"method\": \"click\", \"params\": [909.5, 1400.0]}","Screenshot":""}
{"Type":"Script","MonkeyStepsCount":9,"Time":"2026-04-09 10:07:13.125","Info":"{\"jsonrpc\": \"2.0\", \"id\": 1, \"method\": \"pressKey\", \"params\": [\"back\"]}","Screenshot":""}
{"Type":"ScriptInfo","MonkeyStepsCount":9,"Time":"2026-04-09 10:07:13.955","Info":"{\"propName\":\"markor1652.Markor.test_create_note\",\"startStepsCount\":9,\"state\":\"pass\"}","Screenshot":""}
{"Type":"ScriptInfo","MonkeyStepsCount":9,"Time":"2026-04-09 10:07:14.223","Info":"{\"propName\":\"markor1652.Markor.test_search_note\",\"startStepsCount\":9,\"state\":\"start\"}","Screenshot":""}
{"Type":"Script","MonkeyStepsCount":9,"Time":"2026-04-09 10:07:14.388","Info":"{\"jsonrpc\": \"2.0\", \"id\": 1, \"method\": \"click\", \"params\": [135.0, 2043.0]}","Screenshot":""}
{"Type":"Script","MonkeyStepsCount":9,"Time":"2026-04-09 10:07:15.172","Info":"{\"jsonrpc\": \"2.0\", \"id\": 1, \"method\": \"click\", \"params\": [914.0, 160.0]}","Screenshot":""}
{"Type":"Script","MonkeyStepsCount":9,"Time":"2026-04-09 10:07:15.948","Info":"{\"jsonrpc\": \"2.0\", \"id\": 1, \"method\": \"setText\", \"params\": [{\"mask\": 16, \"childOrSibling\": [], \"childOrSiblingSelector\": [], \"className\": \"android.widget.EditText\"}, \"hi.md\"]}","Screenshot":""}
{"Type":"Script","MonkeyStepsCount":9,"Time":"2026-04-09 10:07:16.790","Info":"{\"jsonrpc\": \"2.0\", \"id\": 1, \"method\": \"click\", \"params\": [909.5, 1552.0]}","Screenshot":""}
{"Type":"Script","MonkeyStepsCount":9,"Time":"2026-04-09 10:07:17.535","Info":"{\"jsonrpc\": \"2.0\", \"id\": 1, \"method\": \"pressKey\", \"params\": [\"back\"]}","Screenshot":""}
{"Type":"ScriptInfo","MonkeyStepsCount":9,"Time":"2026-04-09 10:07:19.252","Info":"{\"propName\":\"markor1652.Markor.test_search_note\",\"startStepsCount\":9,\"state\":\"pass\"}","Screenshot":""}
{"Type":"ScriptInfo","MonkeyStepsCount":9,"Time":"2026-04-09 10:07:19.548","Info":"{\"propName\":\"markor1652.Markor.test_search_note\",\"startStepsCount\":9,\"state\":\"start\"}","Screenshot":""}
{"Type":"Script","MonkeyStepsCount":9,"Time":"2026-04-09 10:07:19.687","Info":"{\"jsonrpc\": \"2.0\", \"id\": 1, \"method\": \"click\", \"params\": [135.0, 2043.0]}","Screenshot":""}
{"Type":"Script","MonkeyStepsCount":9,"Time":"2026-04-09 10:07:20.522","Info":"{\"jsonrpc\": \"2.0\", \"id\": 1, \"method\": \"click\", \"params\": [914.0, 160.0]}","Screenshot":""}
{"Type":"Script","MonkeyStepsCount":9,"Time":"2026-04-09 10:07:21.227","Info":"{\"jsonrpc\": \"2.0\", \"id\": 1, \"method\": \"setText\", \"params\": [{\"mask\": 16, \"childOrSibling\": [], \"childOrSiblingSelector\": [], \"className\": \"android.widget.EditText\"}, \"hi.md\"]}","Screenshot":""}
{"Type":"Script","MonkeyStepsCount":9,"Time":"2026-04-09 10:07:22.081","Info":"{\"jsonrpc\": \"2.0\", \"id\": 1, \"method\": \"click\", \"params\": [909.5, 1552.0]}","Screenshot":""}
{"Type":"Script","MonkeyStepsCount":9,"Time":"2026-04-09 10:07:22.797","Info":"{\"jsonrpc\": \"2.0\", \"id\": 1, \"method\": \"pressKey\", \"params\": [\"back\"]}","Screenshot":""}
{"Type":"ScriptInfo","MonkeyStepsCount":9,"Time":"2026-04-09 10:07:24.518","Info":"{\"propName\":\"markor1652.Markor.test_search_note\",\"startStepsCount\":9,\"state\":\"pass\"}","Screenshot":""}
{"Type":"ScriptInfo","MonkeyStepsCount":9,"Time":"2026-04-09 10:07:24.826","Info":"{\"propName\":\"markor1652.Markor.test_search_note\",\"startStepsCount\":9,\"state\":\"start\"}","Screenshot":""}
{"Type":"Script","MonkeyStepsCount":9,"Time":"2026-04-09 10:07:24.995","Info":"{\"jsonrpc\": \"2.0\", \"id\": 1, \"method\": \"click\", \"params\": [135.0, 2043.0]}","Screenshot":""}
{"Type":"Script","MonkeyStepsCount":9,"Time":"2026-04-09 10:07:25.833","Info":"{\"jsonrpc\": \"2.0\", \"id\": 1, \"method\": \"click\", \"params\": [914.0, 160.0]}","Screenshot":""}
{"Type":"Script","MonkeyStepsCount":9,"Time":"2026-04-09 10:07:26.633","Info":"{\"jsonrpc\": \"2.0\", \"id\": 1, \"method\": \"setText\", \"params\": [{\"mask\": 16, \"childOrSibling\": [], \"childOrSiblingSelector\": [], \"className\": \"android.widget.EditText\"}, \"hi.md\"]}","Screenshot":""}
{"Type":"Script","MonkeyStepsCount":9,"Time":"2026-04-09 10:07:27.481","Info":"{\"jsonrpc\": \"2.0\", \"id\": 1, \"method\": \"click\", \"params\": [909.5, 1552.0]}","Screenshot":""}
{"Type":"Script","MonkeyStepsCount":9,"Time":"2026-04-09 10:07:28.211","Info":"{\"jsonrpc\": \"2.0\", \"id\": 1, \"method\": \"pressKey\", \"params\": [\"back\"]}","Screenshot":""}
{"Type":"ScriptInfo","MonkeyStepsCount":9,"Time":"2026-04-09 10:07:29.983","Info":"{\"propName\":\"markor1652.Markor.test_search_note\",\"startStepsCount\":9,\"state\":\"pass\"}","Screenshot":""}
{"Type":"Monkey","MonkeyStepsCount":10,"Time":"2026-04-09 10:07:30.250","Info":"{\"act\":\"CLICK\",\"adbinput\":false,\"aid\":\"g0a0\",\"allowFuzzing\":true,\"clear\":false,\"editable\":false,\"jAction\":\"\",\"pos\":[540,1994,810,2148],\"rawinput\":false,\"sid\":\"\",\"text\":\"\",\"throttle\":86,\"waitTime\":0,\"widget\":\"{\\\"bounds\\\":\\\"[540,1994][810,2148]\\\",\\\"class\\\":\\\"android.widget.FrameLayout\\\",\\\"content-desc\\\":\\\"QuickNote\\\",\\\"index\\\":2,\\\"resource-id\\\":\\\"net.gsantner.markor_test:id\/nav_quicknote\\\",\\\"text\\\":\\\"\\\"}\"}","Screenshot":""}
{"Type":"Monkey","MonkeyStepsCount":11,"Time":"2026-04-09 10:07:30.595","Info":"{\"act\":\"CLICK\",\"adbinput\":false,\"aid\":\"g0a47\",\"allowFuzzing\":true,\"clear\":false,\"editable\":false,\"jAction\":\"\",\"pos\":[419,94,529,226],\"rawinput\":false,\"sid\":\"\",\"text\":\"\",\"throttle\":86,\"waitTime\":0,\"widget\":\"{\\\"bounds\\\":\\\"[419,94][529,226]\\\",\\\"class\\\":\\\"android.widget.TextView\\\",\\\"content-desc\\\":\\\"Undo\\\",\\\"index\\\":0,\\\"resource-id\\\":\\\"net.gsantner.markor_test:id\/action_undo\\\",\\\"text\\\":\\\"\\\"}\"}","Screenshot":""}
{"Type":"Monkey","MonkeyStepsCount":12,"Time":"2026-04-09 10:07:30.998","Info":"{\"act\":\"CLICK\",\"adbinput\":false,\"aid\":\"g0a47\",\"allowFuzzing\":true,\"clear\":false,\"editable\":false,\"jAction\":\"\",\"pos\":[419,94,529,226],\"rawinput\":false,\"sid\":\"\",\"text\":\"\",\"throttle\":86,\"waitTime\":0,\"widget\":\"{\\\"bounds\\\":\\\"[419,94][529,226]\\\",\\\"class\\\":\\\"android.widget.TextView\\\",\\\"content-desc\\\":\\\"Undo\\\",\\\"index\\\":0,\\\"resource-id\\\":\\\"net.gsantner.markor_test:id\/action_undo\\\",\\\"text\\\":\\\"\\\"}\"}","Screenshot":""}
{"Type":"Monkey","MonkeyStepsCount":13,"Time":"2026-04-09 10:07:31.363","Info":"{\"act\":\"CLICK\",\"adbinput\":false,\"aid\":\"g0a51\",\"allowFuzzing\":true,\"clear\":false,\"editable\":false,\"jAction\":\"\",\"pos\":[639,94,749,226],\"rawinput\":false,\"sid\":\"\",\"text\":\"\",\"throttle\":86,\"waitTime\":0,\"widget\":\"{\\\"bounds\\\":\\\"[639,94][749,226]\\\",\\\"class\\\":\\\"android.widget.TextView\\\",\\\"content-desc\\\":\\\"View mode\\\",\\\"index\\\":2,\\\"resource-id\\\":\\\"net.gsantner.markor_test:id\/action_preview\\\",\\\"text\\\":\\\"\\\"}\"}","Screenshot":""}
{"Type":"Monkey","MonkeyStepsCount":14,"Time":"2026-04-09 10:07:31.826","Info":"{\"act\":\"CLICK\",\"adbinput\":false,\"aid\":\"g0a56\",\"allowFuzzing\":true,\"clear\":false,\"editable\":false,\"jAction\":\"\",\"pos\":[0,237,1080,1994],\"rawinput\":false,\"sid\":\"\",\"text\":\"\",\"throttle\":48,\"waitTime\":0,\"widget\":\"{\\\"bounds\\\":\\\"[0,237][1080,1994]\\\",\\\"class\\\":\\\"android.webkit.WebView\\\",\\\"content-desc\\\":\\\"\\\",\\\"index\\\":0,\\\"resource-id\\\":\\\"net.gsantner.markor_test:id\/document__fragment_view_webview\\\",\\\"text\\\":\\\"\\\"}\"}","Screenshot":""}
{"Type":"Monkey","MonkeyStepsCount":15,"Time":"2026-04-09 10:07:32.162","Info":"{\"act\":\"CLICK\",\"adbinput\":false,\"aid\":\"g0a57\",\"allowFuzzing\":true,\"clear\":false,\"editable\":false,\"jAction\":\"\",\"pos\":[749,94,859,226],\"rawinput\":false,\"sid\":\"\",\"text\":\"\",\"throttle\":48,\"waitTime\":0,\"widget\":\"{\\\"bounds\\\":\\\"[749,94][859,226]\\\",\\\"class\\\":\\\"android.widget.TextView\\\",\\\"content-desc\\\":\\\"Edit mode\\\",\\\"index\\\":0,\\\"resource-id\\\":\\\"net.gsantner.markor_test:id\/action_edit\\\",\\\"text\\\":\\\"\\\"}\"}","Screenshot":""}
{"Type":"Monkey","MonkeyStepsCount":16,"Time":"2026-04-09 10:07:32.529","Info":"{\"act\":\"SCROLL_RIGHT_LEFT\",\"adbinput\":false,\"aid\":\"g0a46\",\"allowFuzzing\":true,\"clear\":false,\"editable\":false,\"jAction\":\"\",\"pos\":[0,1867,1080,1994],\"rawinput\":false,\"sid\":\"\",\"text\":\"\",\"throttle\":10,\"waitTime\":0,\"widget\":\"{\\\"bounds\\\":\\\"[0,1867][1080,1994]\\\",\\\"class\\\":\\\"android.widget.HorizontalScrollView\\\",\\\"content-desc\\\":\\\"\\\",\\\"index\\\":1,\\\"resource-id\\\":\\\"net.gsantner.markor_test:id\/document__fragment__edit__text_actions_bar__scrolling_parent\\\",\\\"text\\\":\\\"\\\"}\"}","Screenshot":""}
{"Type":"ScriptInfo","MonkeyStepsCount":16,"Time":"2026-04-09 10:07:33.243","Info":"{\"propName\":\"markor1652.Markor.test_search_note\",\"startStepsCount\":16,\"state\":\"start\"}","Screenshot":""}
{"Type":"Script","MonkeyStepsCount":16,"Time":"2026-04-09 10:07:33.399","Info":"{\"jsonrpc\": \"2.0\", \"id\": 1, \"method\": \"click\", \"params\": [135.0, 2049.0]}","Screenshot":""}
{"Type":"Script","MonkeyStepsCount":16,"Time":"2026-04-09 10:07:34.229","Info":"{\"jsonrpc\": \"2.0\", \"id\": 1, \"method\": \"click\", \"params\": [914.0, 160.0]}","Screenshot":""}
{"Type":"Script","MonkeyStepsCount":16,"Time":"2026-04-09 10:07:34.994","Info":"{\"jsonrpc\": \"2.0\", \"id\": 1, \"method\": \"setText\", \"params\": [{\"mask\": 16, \"childOrSibling\": [], \"childOrSiblingSelector\": [], \"className\": \"android.widget.EditText\"}, \"hi.md\"]}","Screenshot":""}
{"Type":"Script","MonkeyStepsCount":16,"Time":"2026-04-09 10:07:35.801","Info":"{\"jsonrpc\": \"2.0\", \"id\": 1, \"method\": \"click\", \"params\": [909.5, 1552.0]}","Screenshot":""}
{"Type":"Script","MonkeyStepsCount":16,"Time":"2026-04-09 10:07:36.548","Info":"{\"jsonrpc\": \"2.0\", \"id\": 1, \"method\": \"pressKey\", \"params\": [\"back\"]}","Screenshot":""}
{"Type":"ScriptInfo","MonkeyStepsCount":16,"Time":"2026-04-09 10:07:38.315","Info":"{\"propName\":\"markor1652.Markor.test_search_note\",\"startStepsCount\":16,\"state\":\"pass\"}","Screenshot":""}
{"Type":"ScriptInfo","MonkeyStepsCount":16,"Time":"2026-04-09 10:07:38.582","Info":"{\"propName\":\"markor1652.Markor.test_create_note\",\"startStepsCount\":16,\"state\":\"start\"}","Screenshot":""}
{"Type":"Script","MonkeyStepsCount":16,"Time":"2026-04-09 10:07:38.744","Info":"{\"jsonrpc\": \"2.0\", \"id\": 1, \"method\": \"click\", \"params\": [694.0, 160.0]}","Screenshot":""}
{"Type":"Script","MonkeyStepsCount":16,"Time":"2026-04-09 10:07:39.612","Info":"{\"jsonrpc\": \"2.0\", \"id\": 1, \"method\": \"click\", \"params\": [717.5, 1058.0]}","Screenshot":""}
{"Type":"Script","MonkeyStepsCount":16,"Time":"2026-04-09 10:07:40.451","Info":"{\"jsonrpc\": \"2.0\", \"id\": 1, \"method\": \"click\", \"params\": [959.0, 1873.0]}","Screenshot":""}
{"Type":"Script","MonkeyStepsCount":16,"Time":"2026-04-09 10:07:41.144","Info":"{\"jsonrpc\": \"2.0\", \"id\": 1, \"method\": \"setText\", \"params\": [{\"mask\": 2097152, \"childOrSibling\": [], \"childOrSiblingSelector\": [], \"resourceId\": \"net.gsantner.markor_test:id\/new_file_dialog__name\"}, \"h2Q3XE5VXQ\"]}","Screenshot":""}
{"Type":"Script","MonkeyStepsCount":16,"Time":"2026-04-09 10:07:41.956","Info":"{\"jsonrpc\": \"2.0\", \"id\": 1, \"method\": \"click\", \"params\": [909.5, 1400.0]}","Screenshot":""}
{"Type":"Script","MonkeyStepsCount":16,"Time":"2026-04-09 10:07:42.928","Info":"{\"jsonrpc\": \"2.0\", \"id\": 1, \"method\": \"pressKey\", \"params\": [\"back\"]}","Screenshot":""}
{"Type":"ScriptInfo","MonkeyStepsCount":16,"Time":"2026-04-09 10:07:43.756","Info":"{\"propName\":\"markor1652.Markor.test_create_note\",\"startStepsCount\":16,\"state\":\"pass\"}","Screenshot":""}
{"Type":"Monkey","MonkeyStepsCount":17,"Time":"2026-04-09 10:07:44.054","Info":"{\"act\":\"LONG_CLICK\",\"adbinput\":false,\"aid\":\"g0a21\",\"allowFuzzing\":true,\"clear\":false,\"editable\":false,\"jAction\":\"\",\"pos\":[882,1796,1036,1950],\"rawinput\":false,\"sid\":\"\",\"text\":\"\",\"throttle\":60,\"waitTime\":0,\"widget\":\"{\\\"bounds\\\":\\\"[882,1796][1036,1950]\\\",\\\"class\\\":\\\"android.widget.ImageButton\\\",\\\"content-desc\\\":\\\"Create a new file or folder\\\",\\\"index\\\":0,\\\"resource-id\\\":\\\"net.gsantner.markor_test:id\/fab_add_new_item\\\",\\\"text\\\":\\\"\\\"}\"}","Screenshot":""}
{"Type":"Monkey","MonkeyStepsCount":18,"Time":"2026-04-09 10:07:45.409","Info":"{\"act\":\"CLICK\",\"adbinput\":false,\"aid\":\"g0a18\",\"allowFuzzing\":true,\"clear\":false,\"editable\":false,\"jAction\":\"\",\"pos\":[749,94,859,226],\"rawinput\":false,\"sid\":\"\",\"text\":\"\",\"throttle\":55,\"waitTime\":0,\"widget\":\"{\\\"bounds\\\":\\\"[749,94][859,226]\\\",\\\"class\\\":\\\"android.widget.TextView\\\",\\\"content-desc\\\":\\\"Go to\\\",\\\"index\\\":0,\\\"resource-id\\\":\\\"net.gsantner.markor_test:id\/action_go_to\\\",\\\"text\\\":\\\"\\\"}\"}","Screenshot":""}
{"Type":"Monkey","MonkeyStepsCount":19,"Time":"2026-04-09 10:07:45.718","Info":"{\"act\":\"SCROLL_TOP_DOWN\",\"adbinput\":false,\"aid\":\"g0a4\",\"allowFuzzing\":true,\"clear\":false,\"editable\":false,\"jAction\":\"\",\"pos\":[333,94,992,1062],\"rawinput\":false,\"sid\":\"\",\"text\":\"\",\"throttle\":55,\"waitTime\":0,\"widget\":\"{\\\"bounds\\\":\\\"[333,94][992,1062]\\\",\\\"class\\\":\\\"android.widget.FrameLayout\\\",\\\"content-desc\\\":\\\"\\\",\\\"index\\\":0,\\\"resource-id\\\":\\\"\\\",\\\"text\\\":\\\"\\\"}\"}","Screenshot":""}
{"Type":"Monkey","MonkeyStepsCount":20,"Time":"2026-04-09 10:07:46.312","Info":"{\"act\":\"CLICK\",\"adbinput\":false,\"aid\":\"g0a64\",\"allowFuzzing\":true,\"clear\":false,\"editable\":false,\"jAction\":\"\",\"pos\":[333,94,992,226],\"rawinput\":false,\"sid\":\"\",\"text\":\"\",\"throttle\":68,\"waitTime\":0,\"widget\":\"{\\\"bounds\\\":\\\"[333,94][992,226]\\\",\\\"class\\\":\\\"android.widget.LinearLayout\\\",\\\"content-desc\\\":\\\"\\\",\\\"index\\\":2,\\\"resource-id\\\":\\\"\\\",\\\"text\\\":\\\"\\\"}\"}","Screenshot":""}
{"Type":"ScriptInfo","MonkeyStepsCount":20,"Time":"2026-04-09 10:07:46.706","Info":"{\"propName\":\"markor1652.Markor.test_create_note\",\"startStepsCount\":20,\"state\":\"start\"}","Screenshot":""}
{"Type":"Script","MonkeyStepsCount":20,"Time":"2026-04-09 10:07:46.921","Info":"{\"jsonrpc\": \"2.0\", \"id\": 1, \"method\": \"click\", \"params\": [694.0, 160.0]}","Screenshot":""}
{"Type":"Script","MonkeyStepsCount":20,"Time":"2026-04-09 10:07:47.862","Info":"{\"jsonrpc\": \"2.0\", \"id\": 1, \"method\": \"click\", \"params\": [717.5, 1058.0]}","Screenshot":""}
{"Type":"Script","MonkeyStepsCount":20,"Time":"2026-04-09 10:07:48.771","Info":"{\"jsonrpc\": \"2.0\", \"id\": 1, \"method\": \"click\", \"params\": [959.0, 1873.0]}","Screenshot":""}
{"Type":"Script","MonkeyStepsCount":20,"Time":"2026-04-09 10:07:49.794","Info":"{\"jsonrpc\": \"2.0\", \"id\": 1, \"method\": \"setText\", \"params\": [{\"mask\": 2097152, \"childOrSibling\": [], \"childOrSiblingSelector\": [], \"resourceId\": \"net.gsantner.markor_test:id\/new_file_dialog__name\"}, \"tA8E5G1j\"]}","Screenshot":""}
{"Type":"Script","MonkeyStepsCount":20,"Time":"2026-04-09 10:07:50.629","Info":"{\"jsonrpc\": \"2.0\", \"id\": 1, \"method\": \"click\", \"params\": [909.5, 1400.0]}","Screenshot":""}
{"Type":"Script","MonkeyStepsCount":20,"Time":"2026-04-09 10:07:51.576","Info":"{\"jsonrpc\": \"2.0\", \"id\": 1, \"method\": \"pressKey\", \"params\": [\"back\"]}","Screenshot":""}
{"Type":"ScriptInfo","MonkeyStepsCount":20,"Time":"2026-04-09 10:07:52.392","Info":"{\"propName\":\"markor1652.Markor.test_create_note\",\"startStepsCount\":20,\"state\":\"pass\"}","Screenshot":""}
{"Type":"Monkey","MonkeyStepsCount":21,"Time":"2026-04-09 10:07:52.687","Info":"{\"act\":\"CLICK\",\"adbinput\":false,\"aid\":\"g0a10\",\"allowFuzzing\":true,\"clear\":false,\"editable\":false,\"jAction\":\"\",\"pos\":[749,94,859,226],\"rawinput\":false,\"sid\":\"\",\"text\":\"\",\"throttle\":55,\"waitTime\":0,\"widget\":\"{\\\"bounds\\\":\\\"[749,94][859,226]\\\",\\\"class\\\":\\\"android.widget.TextView\\\",\\\"content-desc\\\":\\\"Sort by\\\",\\\"index\\\":1,\\\"resource-id\\\":\\\"net.gsantner.markor_test:id\/action_sort\\\",\\\"text\\\":\\\"\\\"}\"}","Screenshot":""}
{"Type":"Monkey","MonkeyStepsCount":22,"Time":"2026-04-09 10:07:52.993","Info":"{\"act\":\"CLICK\",\"adbinput\":false,\"aid\":\"g0a65\",\"allowFuzzing\":true,\"clear\":false,\"editable\":false,\"jAction\":\"\",\"pos\":[945,275,992,363],\"rawinput\":false,\"sid\":\"\",\"text\":\"\",\"throttle\":55,\"waitTime\":0,\"widget\":\"{\\\"bounds\\\":\\\"[945,275][992,363]\\\",\\\"class\\\":\\\"android.widget.CheckBox\\\",\\\"content-desc\\\":\\\"\\\",\\\"index\\\":2,\\\"resource-id\\\":\\\"net.gsantner.markor_test:id\/checkbox\\\",\\\"text\\\":\\\"\\\"}\"}","Screenshot":""}
{"Type":"Monkey","MonkeyStepsCount":23,"Time":"2026-04-09 10:07:53.572","Info":"{\"act\":\"SCROLL_LEFT_RIGHT\",\"adbinput\":false,\"aid\":\"g0a16\",\"allowFuzzing\":true,\"clear\":false,\"editable\":false,\"jAction\":\"\",\"pos\":[0,237,1080,1994],\"rawinput\":false,\"sid\":\"\",\"text\":\"\",\"throttle\":50,\"waitTime\":0,\"widget\":\"{\\\"bounds\\\":\\\"[0,237][1080,1994]\\\",\\\"class\\\":\\\"android.support.v4.view.ViewPager\\\",\\\"content-desc\\\":\\\"\\\",\\\"index\\\":2,\\\"resource-id\\\":\\\"net.gsantner.markor_test:id\/main__view_pager_container\\\",\\\"text\\\":\\\"\\\"}\"}","Screenshot":""}
{"Type":"ScriptInfo","MonkeyStepsCount":23,"Time":"2026-04-09 10:07:54.251","Info":"{\"propName\":\"markor1652.Markor.test_back_to_root\",\"startStepsCount\":23,\"state\":\"start\"}","Screenshot":""}
{"Type":"Script","MonkeyStepsCount":23,"Time":"2026-04-09 10:07:54.559","Info":"{\"jsonrpc\": \"2.0\", \"id\": 1, \"method\": \"click\", \"params\": [180.0, 272.0]}","Screenshot":""}
{"Type":"Script","MonkeyStepsCount":23,"Time":"2026-04-09 10:07:55.417","Info":"{\"jsonrpc\": \"2.0\", \"id\": 1, \"method\": \"click\", \"params\": [180.0, 272.0]}","Screenshot":""}
{"Type":"Script","MonkeyStepsCount":23,"Time":"2026-04-09 10:07:56.369","Info":"{\"jsonrpc\": \"2.0\", \"id\": 1, \"method\": \"click\", \"params\": [180.0, 272.0]}","Screenshot":""}
{"Type":"Script","MonkeyStepsCount":23,"Time":"2026-04-09 10:07:57.289","Info":"{\"jsonrpc\": \"2.0\", \"id\": 1, \"method\": \"click\", \"params\": [180.0, 272.0]}","Screenshot":""}
{"Type":"Script","MonkeyStepsCount":23,"Time":"2026-04-09 10:07:58.122","Info":"{\"jsonrpc\": \"2.0\", \"id\": 1, \"method\": \"click\", \"params\": [180.0, 272.0]}","Screenshot":""}
{"Type":"ScriptInfo","MonkeyStepsCount":23,"Time":"2026-04-09 10:07:58.937","Info":"{\"propName\":\"markor1652.Markor.test_back_to_root\",\"startStepsCount\":23,\"state\":\"pass\"}","Screenshot":""}
{"Type":"ScriptInfo","MonkeyStepsCount":23,"Time":"2026-04-09 10:07:59.236","Info":"{\"propName\":\"markor1652.Markor.test_search_note\",\"startStepsCount\":23,\"state\":\"start\"}","Screenshot":""}
{"Type":"Script","MonkeyStepsCount":23,"Time":"2026-04-09 10:07:59.391","Info":"{\"jsonrpc\": \"2.0\", \"id\": 1, \"method\": \"click\", \"params\": [135.0, 2043.0]}","Screenshot":""}
{"Type":"Script","MonkeyStepsCount":23,"Time":"2026-04-09 10:08:00.265","Info":"{\"jsonrpc\": \"2.0\", \"id\": 1, \"method\": \"click\", \"params\": [914.0, 160.0]}","Screenshot":""}
{"Type":"Script","MonkeyStepsCount":23,"Time":"2026-04-09 10:08:01.008","Info":"{\"jsonrpc\": \"2.0\", \"id\": 1, \"method\": \"setText\", \"params\": [{\"mask\": 16, \"childOrSibling\": [], \"childOrSiblingSelector\": [], \"className\": \"android.widget.EditText\"}, \"hi.md\"]}","Screenshot":""}
{"Type":"Script","MonkeyStepsCount":23,"Time":"2026-04-09 10:08:01.924","Info":"{\"jsonrpc\": \"2.0\", \"id\": 1, \"method\": \"click\", \"params\": [909.5, 1552.0]}","Screenshot":""}
{"Type":"Script","MonkeyStepsCount":23,"Time":"2026-04-09 10:08:02.641","Info":"{\"jsonrpc\": \"2.0\", \"id\": 1, \"method\": \"pressKey\", \"params\": [\"back\"]}","Screenshot":""}
{"Type":"ScriptInfo","MonkeyStepsCount":23,"Time":"2026-04-09 10:08:04.370","Info":"{\"propName\":\"markor1652.Markor.test_search_note\",\"startStepsCount\":23,\"state\":\"fail\"}","Screenshot":""}
{"Type":"Monkey","MonkeyStepsCount":24,"Time":"2026-04-09 10:08:04.648","Info":"{\"act\":\"CLICK\",\"adbinput\":false,\"aid\":\"g0a8\",\"allowFuzzing\":true,\"clear\":false,\"editable\":false,\"jAction\":\"\",\"pos\":[0,1994,270,2148],\"rawinput\":false,\"sid\":\"\",\"text\":\"\",\"throttle\":84,\"waitTime\":0,\"widget\":\"{\\\"bounds\\\":\\\"[0,1994][270,2148]\\\",\\\"class\\\":\\\"android.widget.FrameLayout\\\",\\\"content-desc\\\":\\\"Files\\\",\\\"index\\\":0,\\\"resource-id\\\":\\\"net.gsantner.markor_test:id\/nav_notebook\\\",\\\"text\\\":\\\"\\\"}\"}","Screenshot":""}
{"Type":"Monkey","MonkeyStepsCount":25,"Time":"2026-04-09 10:08:05.030","Info":"{\"act\":\"LONG_CLICK\",\"adbinput\":false,\"aid\":\"g0a19\",\"allowFuzzing\":true,\"clear\":false,\"editable\":false,\"jAction\":\"\",\"pos\":[639,94,749,226],\"rawinput\":false,\"sid\":\"\",\"text\":\"\",\"throttle\":15,\"waitTime\":0,\"widget\":\"{\\\"bounds\\\":\\\"[639,94][749,226]\\\",\\\"class\\\":\\\"android.widget.TextView\\\",\\\"content-desc\\\":\\\"Go to\\\",\\\"index\\\":0,\\\"resource-id\\\":\\\"net.gsantner.markor_test:id\/action_go_to\\\",\\\"text\\\":\\\"\\\"}\"}","Screenshot":""}
{"Type":"ScriptInfo","MonkeyStepsCount":25,"Time":"2026-04-09 10:08:06.344","Info":"{\"propName\":\"markor1652.Markor.test_modify_note\",\"startStepsCount\":25,\"state\":\"start\"}","Screenshot":""}
{"Type":"Script","MonkeyStepsCount":25,"Time":"2026-04-09 10:08:06.490","Info":"{\"jsonrpc\": \"2.0\", \"id\": 1, \"method\": \"click\", \"params\": [694.0, 160.0]}","Screenshot":""}
{"Type":"Script","MonkeyStepsCount":25,"Time":"2026-04-09 10:08:07.392","Info":"{\"jsonrpc\": \"2.0\", \"id\": 1, \"method\": \"click\", \"params\": [717.5, 1058.0]}","Screenshot":""}
{"Type":"Script","MonkeyStepsCount":25,"Time":"2026-04-09 10:08:09.094","Info":"{\"jsonrpc\": \"2.0\", \"id\": 1, \"method\": \"click\", \"params\": [369.0, 574.0]}","Screenshot":""}
{"Type":"Script","MonkeyStepsCount":25,"Time":"2026-04-09 10:08:09.837","Info":"{\"jsonrpc\": \"2.0\", \"id\": 1, \"method\": \"setText\", \"params\": [{\"mask\": 2097152, \"childOrSibling\": [], \"childOrSiblingSelector\": [], \"resourceId\": \"net.gsantner.markor_test:id\/document__fragment__edit__highlighting_editor\"}, \"jCnb0vt9jXDmOI_yMTwcdAXh8ZwJXL9WM\"]}","Screenshot":""}
{"Type":"Script","MonkeyStepsCount":25,"Time":"2026-04-09 10:08:10.826","Info":"{\"jsonrpc\": \"2.0\", \"id\": 1, \"method\": \"pressKey\", \"params\": [\"back\"]}","Screenshot":""}
{"Type":"Script","MonkeyStepsCount":25,"Time":"2026-04-09 10:08:12.284","Info":"{\"jsonrpc\": \"2.0\", \"id\": 1, \"method\": \"click\", \"params\": [369.0, 423.0]}","Screenshot":""}
{"Type":"Script","MonkeyStepsCount":25,"Time":"2026-04-09 10:08:13.141","Info":"{\"jsonrpc\": \"2.0\", \"id\": 1, \"method\": \"pressKey\", \"params\": [\"back\"]}","Screenshot":""}
{"Type":"ScriptInfo","MonkeyStepsCount":25,"Time":"2026-04-09 10:08:14.449","Info":"{\"propName\":\"markor1652.Markor.test_modify_note\",\"startStepsCount\":25,\"state\":\"pass\"}","Screenshot":""}
{"Type":"ScriptInfo","MonkeyStepsCount":25,"Time":"2026-04-09 10:08:14.774","Info":"{\"propName\":\"markor1652.Markor.test_search_note\",\"startStepsCount\":25,\"state\":\"start\"}","Screenshot":""}
{"Type":"Script","MonkeyStepsCount":25,"Time":"2026-04-09 10:08:15.177","Info":"{\"jsonrpc\": \"2.0\", \"id\": 1, \"method\": \"click\", \"params\": [135.0, 2043.0]}","Screenshot":""}
{"Type":"Script","MonkeyStepsCount":25,"Time":"2026-04-09 10:08:15.966","Info":"{\"jsonrpc\": \"2.0\", \"id\": 1, \"method\": \"click\", \"params\": [914.0, 160.0]}","Screenshot":""}
{"Type":"Script","MonkeyStepsCount":25,"Time":"2026-04-09 10:08:16.741","Info":"{\"jsonrpc\": \"2.0\", \"id\": 1, \"method\": \"setText\", \"params\": [{\"mask\": 16, \"childOrSibling\": [], \"childOrSiblingSelector\": [], \"className\": \"android.widget.EditText\"}, \"hi.md\"]}","Screenshot":""}
{"Type":"Script","MonkeyStepsCount":25,"Time":"2026-04-09 10:08:17.709","Info":"{\"jsonrpc\": \"2.0\", \"id\": 1, \"method\": \"click\", \"params\": [909.5, 1552.0]}","Screenshot":""}
{"Type":"Script","MonkeyStepsCount":25,"Time":"2026-04-09 10:08:18.519","Info":"{\"jsonrpc\": \"2.0\", \"id\": 1, \"method\": \"pressKey\", \"params\": [\"back\"]}","Screenshot":""}
{"Type":"ScriptInfo","MonkeyStepsCount":25,"Time":"2026-04-09 10:08:20.269","Info":"{\"propName\":\"markor1652.Markor.test_search_note\",\"startStepsCount\":25,\"state\":\"pass\"}","Screenshot":""}
{"Type":"ScriptInfo","MonkeyStepsCount":25,"Time":"2026-04-09 10:08:20.597","Info":"{\"propName\":\"markor1652.Markor.test_back_to_root\",\"startStepsCount\":25,\"state\":\"start\"}","Screenshot":""}
{"Type":"Script","MonkeyStepsCount":25,"Time":"2026-04-09 10:08:20.878","Info":"{\"jsonrpc\": \"2.0\", \"id\": 1, \"method\": \"click\", \"params\": [180.0, 272.0]}","Screenshot":""}
{"Type":"Script","MonkeyStepsCount":25,"Time":"2026-04-09 10:08:21.793","Info":"{\"jsonrpc\": \"2.0\", \"id\": 1, \"method\": \"click\", \"params\": [180.0, 272.0]}","Screenshot":""}
{"Type":"Script","MonkeyStepsCount":25,"Time":"2026-04-09 10:08:22.666","Info":"{\"jsonrpc\": \"2.0\", \"id\": 1, \"method\": \"click\", \"params\": [180.0, 272.0]}","Screenshot":""}
{"Type":"Script","MonkeyStepsCount":25,"Time":"2026-04-09 10:08:23.516","Info":"{\"jsonrpc\": \"2.0\", \"id\": 1, \"method\": \"click\", \"params\": [180.0, 272.0]}","Screenshot":""}
{"Type":"Script","MonkeyStepsCount":25,"Time":"2026-04-09 10:08:24.375","Info":"{\"jsonrpc\": \"2.0\", \"id\": 1, \"method\": \"click\", \"params\": [180.0, 272.0]}","Screenshot":""}
{"Type":"ScriptInfo","MonkeyStepsCount":25,"Time":"2026-04-09 10:08:25.208","Info":"{\"propName\":\"markor1652.Markor.test_back_to_root\",\"startStepsCount\":25,\"state\":\"pass\"}","Screenshot":""}
{"Type":"Monkey","MonkeyStepsCount":26,"Time":"2026-04-09 10:08:25.525","Info":"{\"act\":\"SCROLL_BOTTOM_UP\",\"adbinput\":false,\"aid\":\"g0a5\",\"allowFuzzing\":true,\"clear\":false,\"editable\":false,\"jAction\":\"\",\"pos\":[0,0,1080,2280],\"rawinput\":false,\"sid\":\"\",\"text\":\"\",\"throttle\":95,\"waitTime\":0,\"widget\":\"{\\\"bounds\\\":\\\"[0,0][1080,2280]\\\",\\\"class\\\":\\\"android.widget.FrameLayout\\\",\\\"content-desc\\\":\\\"\\\",\\\"index\\\":0,\\\"resource-id\\\":\\\"\\\",\\\"text\\\":\\\"\\\"}\"}","Screenshot":""}
{"Type":"ScriptInfo","MonkeyStepsCount":26,"Time":"2026-04-09 10:08:26.154","Info":"{\"propName\":\"markor1652.Markor.test_go_to_note\",\"startStepsCount\":26,\"state\":\"start\"}","Screenshot":""}
{"Type":"Script","MonkeyStepsCount":26,"Time":"2026-04-09 10:08:26.352","Info":"{\"jsonrpc\": \"2.0\", \"id\": 1, \"method\": \"click\", \"params\": [694.0, 160.0]}","Screenshot":""}
{"Type":"Script","MonkeyStepsCount":26,"Time":"2026-04-09 10:08:27.197","Info":"{\"jsonrpc\": \"2.0\", \"id\": 1, \"method\": \"click\", \"params\": [717.5, 1058.0]}","Screenshot":""}
{"Type":"ScriptInfo","MonkeyStepsCount":26,"Time":"2026-04-09 10:08:27.988","Info":"{\"propName\":\"markor1652.Markor.test_go_to_note\",\"startStepsCount\":26,\"state\":\"pass\"}","Screenshot":""}
{"Type":"Monkey","MonkeyStepsCount":27,"Time":"2026-04-09 10:08:28.312","Info":"{\"act\":\"SCROLL_RIGHT_LEFT\",\"adbinput\":false,\"aid\":\"g0a17\",\"allowFuzzing\":true,\"clear\":false,\"editable\":false,\"jAction\":\"\",\"pos\":[0,237,1080,1994],\"rawinput\":false,\"sid\":\"\",\"text\":\"\",\"throttle\":71,\"waitTime\":0,\"widget\":\"{\\\"bounds\\\":\\\"[0,237][1080,1994]\\\",\\\"class\\\":\\\"android.support.v4.view.ViewPager\\\",\\\"content-desc\\\":\\\"\\\",\\\"index\\\":2,\\\"resource-id\\\":\\\"net.gsantner.markor_test:id\/main__view_pager_container\\\",\\\"text\\\":\\\"\\\"}\"}","Screenshot":""}
{"Type":"Monkey","MonkeyStepsCount":28,"Time":"2026-04-09 10:08:28.996","Info":"{\"act\":\"LONG_CLICK\",\"adbinput\":false,\"aid\":\"g0a11\",\"allowFuzzing\":true,\"clear\":false,\"editable\":false,\"jAction\":\"\",\"pos\":[749,94,859,226],\"rawinput\":false,\"sid\":\"\",\"text\":\"\",\"throttle\":71,\"waitTime\":0,\"widget\":\"{\\\"bounds\\\":\\\"[749,94][859,226]\\\",\\\"class\\\":\\\"android.widget.TextView\\\",\\\"content-desc\\\":\\\"Sort by\\\",\\\"index\\\":1,\\\"resource-id\\\":\\\"net.gsantner.markor_test:id\/action_sort\\\",\\\"text\\\":\\\"\\\"}\"}","Screenshot":""}
{"Type":"ScriptInfo","MonkeyStepsCount":28,"Time":"2026-04-09 10:08:30.408","Info":"{\"propName\":\"markor1652.Markor.test_search_note\",\"startStepsCount\":28,\"state\":\"start\"}","Screenshot":""}
{"Type":"Script","MonkeyStepsCount":28,"Time":"2026-04-09 10:08:30.582","Info":"{\"jsonrpc\": \"2.0\", \"id\": 1, \"method\": \"click\", \"params\": [135.0, 2049.0]}","Screenshot":""}
{"Type":"Script","MonkeyStepsCount":28,"Time":"2026-04-09 10:08:31.359","Info":"{\"jsonrpc\": \"2.0\", \"id\": 1, \"method\": \"click\", \"params\": [914.0, 160.0]}","Screenshot":""}
{"Type":"Script","MonkeyStepsCount":28,"Time":"2026-04-09 10:08:32.180","Info":"{\"jsonrpc\": \"2.0\", \"id\": 1, \"method\": \"setText\", \"params\": [{\"mask\": 16, \"childOrSibling\": [], \"childOrSiblingSelector\": [], \"className\": \"android.widget.EditText\"}, \"hi.md\"]}","Screenshot":""}
{"Type":"Script","MonkeyStepsCount":28,"Time":"2026-04-09 10:08:33.000","Info":"{\"jsonrpc\": \"2.0\", \"id\": 1, \"method\": \"click\", \"params\": [909.5, 1552.0]}","Screenshot":""}
{"Type":"Script","MonkeyStepsCount":28,"Time":"2026-04-09 10:08:33.719","Info":"{\"jsonrpc\": \"2.0\", \"id\": 1, \"method\": \"pressKey\", \"params\": [\"back\"]}","Screenshot":""}
{"Type":"ScriptInfo","MonkeyStepsCount":28,"Time":"2026-04-09 10:08:35.439","Info":"{\"propName\":\"markor1652.Markor.test_search_note\",\"startStepsCount\":28,\"state\":\"pass\"}","Screenshot":""}
{"Type":"ScriptInfo","MonkeyStepsCount":28,"Time":"2026-04-09 10:08:35.735","Info":"{\"propName\":\"markor1652.Markor.test_back_to_root\",\"startStepsCount\":28,\"state\":\"start\"}","Screenshot":""}
{"Type":"Script","MonkeyStepsCount":28,"Time":"2026-04-09 10:08:36.006","Info":"{\"jsonrpc\": \"2.0\", \"id\": 1, \"method\": \"click\", \"params\": [180.0, 272.0]}","Screenshot":""}
{"Type":"Script","MonkeyStepsCount":28,"Time":"2026-04-09 10:08:36.895","Info":"{\"jsonrpc\": \"2.0\", \"id\": 1, \"method\": \"click\", \"params\": [180.0, 272.0]}","Screenshot":""}
{"Type":"Script","MonkeyStepsCount":28,"Time":"2026-04-09 10:08:37.743","Info":"{\"jsonrpc\": \"2.0\", \"id\": 1, \"method\": \"click\", \"params\": [180.0, 272.0]}","Screenshot":""}
{"Type":"Script","MonkeyStepsCount":28,"Time":"2026-04-09 10:08:38.630","Info":"{\"jsonrpc\": \"2.0\", \"id\": 1, \"method\": \"click\", \"params\": [180.0, 272.0]}","Screenshot":""}
{"Type":"Script","MonkeyStepsCount":28,"Time":"2026-04-09 10:08:39.554","Info":"{\"jsonrpc\": \"2.0\", \"id\": 1, \"method\": \"click\", \"params\": [180.0, 272.0]}","Screenshot":""}
{"Type":"ScriptInfo","MonkeyStepsCount":28,"Time":"2026-04-09 10:08:40.320","Info":"{\"propName\":\"markor1652.Markor.test_back_to_root\",\"startStepsCount\":28,\"state\":\"pass\"}","Screenshot":""}
{"Type":"Monkey","MonkeyStepsCount":29,"Time":"2026-04-09 10:08:40.612","Info":"{\"act\":\"SCROLL_LEFT_RIGHT\",\"adbinput\":false,\"aid\":\"g0a6\",\"allowFuzzing\":true,\"clear\":false,\"editable\":false,\"jAction\":\"\",\"pos\":[0,0,1080,2280],\"rawinput\":false,\"sid\":\"\",\"text\":\"\",\"throttle\":50,\"waitTime\":0,\"widget\":\"{\\\"bounds\\\":\\\"[0,0][1080,2280]\\\",\\\"class\\\":\\\"android.widget.FrameLayout\\\",\\\"content-desc\\\":\\\"\\\",\\\"index\\\":0,\\\"resource-id\\\":\\\"\\\",\\\"text\\\":\\\"\\\"}\"}","Screenshot":""}
{"Type":"ScriptInfo","MonkeyStepsCount":29,"Time":"2026-04-09 10:08:41.296","Info":"{\"propName\":\"markor1652.Markor.test_search_note\",\"startStepsCount\":29,\"state\":\"start\"}","Screenshot":""}
{"Type":"Script","MonkeyStepsCount":29,"Time":"2026-04-09 10:08:41.512","Info":"{\"jsonrpc\": \"2.0\", \"id\": 1, \"method\": \"click\", \"params\": [135.0, 2043.0]}","Screenshot":""}
{"Type":"Script","MonkeyStepsCount":29,"Time":"2026-04-09 10:08:42.266","Info":"{\"jsonrpc\": \"2.0\", \"id\": 1, \"method\": \"click\", \"params\": [914.0, 160.0]}","Screenshot":""}
{"Type":"Script","MonkeyStepsCount":29,"Time":"2026-04-09 10:08:43.034","Info":"{\"jsonrpc\": \"2.0\", \"id\": 1, \"method\": \"setText\", \"params\": [{\"mask\": 16, \"childOrSibling\": [], \"childOrSiblingSelector\": [], \"className\": \"android.widget.EditText\"}, \"hi.md\"]}","Screenshot":""}
{"Type":"Script","MonkeyStepsCount":29,"Time":"2026-04-09 10:08:43.936","Info":"{\"jsonrpc\": \"2.0\", \"id\": 1, \"method\": \"click\", \"params\": [909.5, 1552.0]}","Screenshot":""}
{"Type":"Script","MonkeyStepsCount":29,"Time":"2026-04-09 10:08:44.659","Info":"{\"jsonrpc\": \"2.0\", \"id\": 1, \"method\": \"pressKey\", \"params\": [\"back\"]}","Screenshot":""}
{"Type":"ScriptInfo","MonkeyStepsCount":29,"Time":"2026-04-09 10:08:46.437","Info":"{\"propName\":\"markor1652.Markor.test_search_note\",\"startStepsCount\":29,\"state\":\"fail\"}","Screenshot":""}
{"Type":"ScriptInfo","MonkeyStepsCount":29,"Time":"2026-04-09 10:08:46.753","Info":"{\"propName\":\"markor1652.Markor.test_go_to_note\",\"startStepsCount\":29,\"state\":\"start\"}","Screenshot":""}
{"Type":"Script","MonkeyStepsCount":29,"Time":"2026-04-09 10:08:46.941","Info":"{\"jsonrpc\": \"2.0\", \"id\": 1, \"method\": \"click\", \"params\": [694.0, 160.0]}","Screenshot":""}
{"Type":"Script","MonkeyStepsCount":29,"Time":"2026-04-09 10:08:47.800","Info":"{\"jsonrpc\": \"2.0\", \"id\": 1, \"method\": \"click\", \"params\": [717.5, 1058.0]}","Screenshot":""}
{"Type":"ScriptInfo","MonkeyStepsCount":29,"Time":"2026-04-09 10:08:48.605","Info":"{\"propName\":\"markor1652.Markor.test_go_to_note\",\"startStepsCount\":29,\"state\":\"pass\"}","Screenshot":""}
{"Type":"Monkey","MonkeyStepsCount":30,"Time":"2026-04-09 10:08:48.896","Info":"{\"act\":\"CLICK\",\"adbinput\":false,\"aid\":\"g0a13\",\"allowFuzzing\":true,\"clear\":false,\"editable\":false,\"jAction\":\"\",\"pos\":[859,94,969,226],\"rawinput\":false,\"sid\":\"\",\"text\":\"\",\"throttle\":43,\"waitTime\":0,\"widget\":\"{\\\"bounds\\\":\\\"[859,94][969,226]\\\",\\\"class\\\":\\\"android.widget.TextView\\\",\\\"content-desc\\\":\\\"Search\\\",\\\"index\\\":2,\\\"resource-id\\\":\\\"net.gsantner.markor_test:id\/action_search\\\",\\\"text\\\":\\\"\\\"}\"}","Screenshot":""}
{"Type":"Monkey","MonkeyStepsCount":31,"Time":"2026-04-09 10:08:49.244","Info":"{\"act\":\"CLICK\",\"adbinput\":false,\"aid\":\"g0a70\",\"allowFuzzing\":true,\"clear\":false,\"editable\":false,\"jAction\":\"\",\"pos\":[44,921,1036,1043],\"rawinput\":false,\"sid\":\"\",\"text\":\"\",\"throttle\":43,\"waitTime\":0,\"widget\":\"{\\\"bounds\\\":\\\"[44,921][1036,1043]\\\",\\\"class\\\":\\\"android.widget.Spinner\\\",\\\"content-desc\\\":\\\"\\\",\\\"index\\\":2,\\\"resource-id\\\":\\\"\\\",\\\"text\\\":\\\"\\\"}\"}","Screenshot":""}
{"Type":"Monkey","MonkeyStepsCount":32,"Time":"2026-04-09 10:08:49.578","Info":"{\"act\":\"SCROLL_TOP_DOWN\",\"adbinput\":false,\"aid\":\"g0a4\",\"allowFuzzing\":true,\"clear\":false,\"editable\":false,\"jAction\":\"\",\"pos\":[44,921,816,955],\"rawinput\":false,\"sid\":\"\",\"text\":\"\",\"throttle\":82,\"waitTime\":0,\"widget\":\"{\\\"bounds\\\":\\\"[44,921][816,955]\\\",\\\"class\\\":\\\"android.widget.FrameLayout\\\",\\\"content-desc\\\":\\\"\\\",\\\"index\\\":0,\\\"resource-id\\\":\\\"\\\",\\\"text\\\":\\\"\\\"}\"}","Screenshot":""}
{"Type":"Monkey","MonkeyStepsCount":33,"Time":"2026-04-09 10:08:50.214","Info":"{\"act\":\"SCROLL_BOTTOM_UP\",\"adbinput\":false,\"aid\":\"g0a5\",\"allowFuzzing\":true,\"clear\":false,\"editable\":false,\"jAction\":\"\",\"pos\":[44,921,816,955],\"rawinput\":false,\"sid\":\"\",\"text\":\"\",\"throttle\":72,\"waitTime\":0,\"widget\":\"{\\\"bounds\\\":\\\"[44,921][816,955]\\\",\\\"class\\\":\\\"android.widget.FrameLayout\\\",\\\"content-desc\\\":\\\"\\\",\\\"index\\\":0,\\\"resource-id\\\":\\\"\\\",\\\"text\\\":\\\"\\\"}\"}","Screenshot":""}
{"Type":"Monkey","MonkeyStepsCount":34,"Time":"2026-04-09 10:08:50.836","Info":"{\"act\":\"BACK\",\"adbinput\":false,\"aid\":\"g0a24\",\"allowFuzzing\":true,\"clear\":false,\"editable\":false,\"jAction\":\"\",\"pos\":[0,0,0,0],\"rawinput\":false,\"sid\":\"\",\"text\":\"\",\"throttle\":11,\"waitTime\":0,\"widget\":\"\"}","Screenshot":""}
{"Type":"Monkey","MonkeyStepsCount":35,"Time":"2026-04-09 10:08:51.182","Info":"{\"act\":\"CLICK\",\"adbinput\":false,\"aid\":\"g0a69\",\"allowFuzzing\":true,\"clear\":false,\"editable\":false,\"jAction\":\"\",\"pos\":[99,1054,981,1142],\"rawinput\":false,\"sid\":\"\",\"text\":\"\",\"throttle\":72,\"waitTime\":0,\"widget\":\"{\\\"bounds\\\":\\\"[99,1054][981,1142]\\\",\\\"class\\\":\\\"android.widget.CheckBox\\\",\\\"content-desc\\\":\\\"\\\",\\\"index\\\":3,\\\"resource-id\\\":\\\"\\\",\\\"text\\\":\\\"Regexsearch\\\"}\"}","Screenshot":""}
{"Type":"Monkey","MonkeyStepsCount":36,"Time":"2026-04-09 10:08:51.621","Info":"{\"act\":\"LONG_CLICK\",\"adbinput\":false,\"aid\":\"g0a68\",\"allowFuzzing\":true,\"clear\":false,\"editable\":true,\"jAction\":\"\",\"pos\":[99,786,981,910],\"rawinput\":false,\"sid\":\"\",\"text\":\"todo.txt\",\"throttle\":34,\"waitTime\":0,\"widget\":\"{\\\"bounds\\\":\\\"[99,786][981,910]\\\",\\\"class\\\":\\\"android.widget.EditText\\\",\\\"content-desc\\\":\\\"\\\",\\\"index\\\":1,\\\"resource-id\\\":\\\"\\\",\\\"text\\\":\\\"hi.md\\\"}\"}","Screenshot":""}
{"Type":"Monkey","MonkeyStepsCount":37,"Time":"2026-04-09 10:08:52.994","Info":"{\"act\":\"LONG_CLICK\",\"adbinput\":false,\"aid\":\"g0a71\",\"allowFuzzing\":true,\"clear\":false,\"editable\":false,\"jAction\":\"\",\"pos\":[44,921,992,1043],\"rawinput\":false,\"sid\":\"\",\"text\":\"\",\"throttle\":55,\"waitTime\":0,\"widget\":\"{\\\"bounds\\\":\\\"[44,921][992,1043]\\\",\\\"class\\\":\\\"android.widget.Spinner\\\",\\\"content-desc\\\":\\\"\\\",\\\"index\\\":2,\\\"resource-id\\\":\\\"\\\",\\\"text\\\":\\\"\\\"}\"}","Screenshot":""}
{"Type":"Monkey","MonkeyStepsCount":38,"Time":"2026-04-09 10:08:54.361","Info":"{\"act\":\"CLICK\",\"adbinput\":false,\"aid\":\"g0a44\",\"allowFuzzing\":true,\"clear\":false,\"editable\":false,\"jAction\":\"\",\"pos\":[47,921,816,955],\"rawinput\":false,\"sid\":\"\",\"text\":\"\",\"throttle\":0,\"waitTime\":0,\"widget\":\"{\\\"bounds\\\":\\\"[47,921][816,955]\\\",\\\"class\\\":\\\"android.widget.TextView\\\",\\\"content-desc\\\":\\\"\\\",\\\"index\\\":0,\\\"resource-id\\\":\\\"android:id\/text1\\\",\\\"text\\\":\\\"hi.md\\\"}\"}","Screenshot":""}
{"Type":"Monkey","MonkeyStepsCount":39,"Time":"2026-04-09 10:08:54.645","Info":"{\"act\":\"CLICK\",\"adbinput\":false,\"aid\":\"g0a67\",\"allowFuzzing\":true,\"clear\":false,\"editable\":true,\"jAction\":\"\",\"pos\":[99,786,981,910],\"rawinput\":false,\"sid\":\"\",\"text\":\"Files\",\"throttle\":78,\"waitTime\":0,\"widget\":\"{\\\"bounds\\\":\\\"[99,786][981,910]\\\",\\\"class\\\":\\\"android.widget.EditText\\\",\\\"content-desc\\\":\\\"\\\",\\\"index\\\":1,\\\"resource-id\\\":\\\"\\\",\\\"text\\\":\\\"hi.md\\\"}\"}","Screenshot":""}
{"Type":"Monkey","MonkeyStepsCount":40,"Time":"2026-04-09 10:08:55.050","Info":"{\"act\":\"SCROLL_RIGHT_LEFT\",\"adbinput\":false,\"aid\":\"g0a7\",\"allowFuzzing\":true,\"clear\":false,\"editable\":false,\"jAction\":\"\",\"pos\":[0,532,992,1610],\"rawinput\":false,\"sid\":\"\",\"text\":\"\",\"throttle\":19,\"waitTime\":0,\"widget\":\"{\\\"bounds\\\":\\\"[0,532][992,1610]\\\",\\\"class\\\":\\\"android.widget.FrameLayout\\\",\\\"content-desc\\\":\\\"\\\",\\\"index\\\":0,\\\"resource-id\\\":\\\"\\\",\\\"text\\\":\\\"\\\"}\"}","Screenshot":""}
{"Type":"Monkey","MonkeyStepsCount":41,"Time":"2026-04-09 10:08:55.609","Info":"{\"act\":\"SCROLL_BOTTOM_UP\",\"adbinput\":false,\"aid\":\"g0a5\",\"allowFuzzing\":true,\"clear\":false,\"editable\":false,\"jAction\":\"\",\"pos\":[0,532,992,1610],\"rawinput\":false,\"sid\":\"\",\"text\":\"\",\"throttle\":19,\"waitTime\":0,\"widget\":\"{\\\"bounds\\\":\\\"[0,532][992,1610]\\\",\\\"class\\\":\\\"android.widget.FrameLayout\\\",\\\"content-desc\\\":\\\"\\\",\\\"index\\\":0,\\\"resource-id\\\":\\\"\\\",\\\"text\\\":\\\"\\\"}\"}","Screenshot":""}
{"Type":"Monkey","MonkeyStepsCount":42,"Time":"2026-04-09 10:08:56.162","Info":"{\"act\":\"CLICK\",\"adbinput\":false,\"aid\":\"g0a34\",\"allowFuzzing\":true,\"clear\":false,\"editable\":false,\"jAction\":\"\",\"pos\":[614,1494,827,1610],\"rawinput\":false,\"sid\":\"\",\"text\":\"\",\"throttle\":66,\"waitTime\":0,\"widget\":\"{\\\"bounds\\\":\\\"[614,1494][827,1610]\\\",\\\"class\\\":\\\"android.widget.Button\\\",\\\"content-desc\\\":\\\"\\\",\\\"index\\\":0,\\\"resource-id\\\":\\\"android:id\/button2\\\",\\\"text\\\":\\\"CANCEL\\\"}\"}","Screenshot":""}
{"Type":"ScriptInfo","MonkeyStepsCount":42,"Time":"2026-04-09 10:08:56.488","Info":"{\"propName\":\"markor1652.Markor.test_back_to_root\",\"startStepsCount\":42,\"state\":\"start\"}","Screenshot":""}
{"Type":"Script","MonkeyStepsCount":42,"Time":"2026-04-09 10:08:56.750","Info":"{\"jsonrpc\": \"2.0\", \"id\": 1, \"method\": \"click\", \"params\": [180.0, 272.0]}","Screenshot":""}
{"Type":"Script","MonkeyStepsCount":42,"Time":"2026-04-09 10:08:57.592","Info":"{\"jsonrpc\": \"2.0\", \"id\": 1, \"method\": \"click\", \"params\": [180.0, 272.0]}","Screenshot":""}
{"Type":"Script","MonkeyStepsCount":42,"Time":"2026-04-09 10:08:58.539","Info":"{\"jsonrpc\": \"2.0\", \"id\": 1, \"method\": \"click\", \"params\": [180.0, 272.0]}","Screenshot":""}
{"Type":"Script","MonkeyStepsCount":42,"Time":"2026-04-09 10:08:59.380","Info":"{\"jsonrpc\": \"2.0\", \"id\": 1, \"method\": \"click\", \"params\": [180.0, 272.0]}","Screenshot":""}
{"Type":"Script","MonkeyStepsCount":42,"Time":"2026-04-09 10:09:00.288","Info":"{\"jsonrpc\": \"2.0\", \"id\": 1, \"method\": \"click\", \"params\": [180.0, 272.0]}","Screenshot":""}
{"Type":"ScriptInfo","MonkeyStepsCount":42,"Time":"2026-04-09 10:09:01.063","Info":"{\"propName\":\"markor1652.Markor.test_back_to_root\",\"startStepsCount\":42,\"state\":\"pass\"}","Screenshot":""}
{"Type":"Monkey","MonkeyStepsCount":43,"Time":"2026-04-09 10:09:01.355","Info":"{\"act\":\"CLICK\",\"adbinput\":false,\"aid\":\"g0a2\",\"allowFuzzing\":true,\"clear\":false,\"editable\":false,\"jAction\":\"\",\"pos\":[0,237,1080,363],\"rawinput\":false,\"sid\":\"\",\"text\":\"\",\"throttle\":18,\"waitTime\":0,\"widget\":\"{\\\"bounds\\\":\\\"[0,237][1080,363]\\\",\\\"class\\\":\\\"android.widget.LinearLayout\\\",\\\"content-desc\\\":\\\"Folder appdata-public (storage) 4\/9\/2026, 10:04 AM\\\",\\\"index\\\":0,\\\"resource-id\\\":\\\"net.gsantner.markor_test:id\/opoc_filesystem_item__root\\\",\\\"text\\\":\\\"\\\"}\"}","Screenshot":""}
{"Type":"ScriptInfo","MonkeyStepsCount":43,"Time":"2026-04-09 10:09:01.647","Info":"{\"propName\":\"markor1652.Markor.test_search_note\",\"startStepsCount\":43,\"state\":\"start\"}","Screenshot":""}
{"Type":"Script","MonkeyStepsCount":43,"Time":"2026-04-09 10:09:01.806","Info":"{\"jsonrpc\": \"2.0\", \"id\": 1, \"method\": \"click\", \"params\": [135.0, 2043.0]}","Screenshot":""}
{"Type":"Script","MonkeyStepsCount":43,"Time":"2026-04-09 10:09:02.579","Info":"{\"jsonrpc\": \"2.0\", \"id\": 1, \"method\": \"click\", \"params\": [914.0, 160.0]}","Screenshot":""}
{"Type":"Script","MonkeyStepsCount":43,"Time":"2026-04-09 10:09:03.361","Info":"{\"jsonrpc\": \"2.0\", \"id\": 1, \"method\": \"setText\", \"params\": [{\"mask\": 16, \"childOrSibling\": [], \"childOrSiblingSelector\": [], \"className\": \"android.widget.EditText\"}, \"hi.md\"]}","Screenshot":""}
{"Type":"Script","MonkeyStepsCount":43,"Time":"2026-04-09 10:09:04.246","Info":"{\"jsonrpc\": \"2.0\", \"id\": 1, \"method\": \"click\", \"params\": [909.5, 1552.0]}","Screenshot":""}
{"Type":"Script","MonkeyStepsCount":43,"Time":"2026-04-09 10:09:04.984","Info":"{\"jsonrpc\": \"2.0\", \"id\": 1, \"method\": \"pressKey\", \"params\": [\"back\"]}","Screenshot":""}
{"Type":"ScriptInfo","MonkeyStepsCount":43,"Time":"2026-04-09 10:09:06.704","Info":"{\"propName\":\"markor1652.Markor.test_search_note\",\"startStepsCount\":43,\"state\":\"fail\"}","Screenshot":""}
{"Type":"Monkey","MonkeyStepsCount":44,"Time":"2026-04-09 10:09:06.993","Info":"{\"act\":\"SCROLL_RIGHT_LEFT\",\"adbinput\":false,\"aid\":\"g0a7\",\"allowFuzzing\":true,\"clear\":false,\"editable\":false,\"jAction\":\"\",\"pos\":[0,0,1080,2280],\"rawinput\":false,\"sid\":\"\",\"text\":\"\",\"throttle\":80,\"waitTime\":0,\"widget\":\"{\\\"bounds\\\":\\\"[0,0][1080,2280]\\\",\\\"class\\\":\\\"android.widget.FrameLayout\\\",\\\"content-desc\\\":\\\"\\\",\\\"index\\\":0,\\\"resource-id\\\":\\\"\\\",\\\"text\\\":\\\"\\\"}\"}","Screenshot":""}
{"Type":"Monkey","MonkeyStepsCount":45,"Time":"2026-04-09 10:09:07.654","Info":"{\"act\":\"LONG_CLICK\",\"adbinput\":false,\"aid\":\"g0a19\",\"allowFuzzing\":true,\"clear\":false,\"editable\":false,\"jAction\":\"\",\"pos\":[639,94,749,226],\"rawinput\":false,\"sid\":\"\",\"text\":\"\",\"throttle\":55,\"waitTime\":0,\"widget\":\"{\\\"bounds\\\":\\\"[639,94][749,226]\\\",\\\"class\\\":\\\"android.widget.TextView\\\",\\\"content-desc\\\":\\\"Go to\\\",\\\"index\\\":0,\\\"resource-id\\\":\\\"net.gsantner.markor_test:id\/action_go_to\\\",\\\"text\\\":\\\"\\\"}\"}","Screenshot":""}
{"Type":"Monkey","MonkeyStepsCount":46,"Time":"2026-04-09 10:09:08.995","Info":"{\"act\":\"LONG_CLICK\",\"adbinput\":false,\"aid\":\"g0a54\",\"allowFuzzing\":true,\"clear\":false,\"editable\":false,\"jAction\":\"\",\"pos\":[529,94,639,226],\"rawinput\":false,\"sid\":\"\",\"text\":\"\",\"throttle\":55,\"waitTime\":0,\"widget\":\"{\\\"bounds\\\":\\\"[529,94][639,226]\\\",\\\"class\\\":\\\"android.widget.TextView\\\",\\\"content-desc\\\":\\\"Redo\\\",\\\"index\\\":1,\\\"resource-id\\\":\\\"net.gsantner.markor_test:id\/action_redo\\\",\\\"text\\\":\\\"\\\"}\"}","Screenshot":""}
{"Type":"ScriptInfo","MonkeyStepsCount":46,"Time":"2026-04-09 10:09:10.323","Info":"{\"propName\":\"markor1652.Markor.test_search_note\",\"startStepsCount\":46,\"state\":\"start\"}","Screenshot":""}
{"Type":"Script","MonkeyStepsCount":46,"Time":"2026-04-09 10:09:10.516","Info":"{\"jsonrpc\": \"2.0\", \"id\": 1, \"method\": \"click\", \"params\": [135.0, 2049.0]}","Screenshot":""}
{"Type":"Script","MonkeyStepsCount":46,"Time":"2026-04-09 10:09:11.295","Info":"{\"jsonrpc\": \"2.0\", \"id\": 1, \"method\": \"click\", \"params\": [914.0, 160.0]}","Screenshot":""}
{"Type":"Script","MonkeyStepsCount":46,"Time":"2026-04-09 10:09:12.026","Info":"{\"jsonrpc\": \"2.0\", \"id\": 1, \"method\": \"setText\", \"params\": [{\"mask\": 16, \"childOrSibling\": [], \"childOrSiblingSelector\": [], \"className\": \"android.widget.EditText\"}, \"hi.md\"]}","Screenshot":""}
{"Type":"Script","MonkeyStepsCount":46,"Time":"2026-04-09 10:09:12.809","Info":"{\"jsonrpc\": \"2.0\", \"id\": 1, \"method\": \"click\", \"params\": [909.5, 1552.0]}","Screenshot":""}
{"Type":"Script","MonkeyStepsCount":46,"Time":"2026-04-09 10:09:13.587","Info":"{\"jsonrpc\": \"2.0\", \"id\": 1, \"method\": \"pressKey\", \"params\": [\"back\"]}","Screenshot":""}
{"Type":"ScriptInfo","MonkeyStepsCount":46,"Time":"2026-04-09 10:09:15.302","Info":"{\"propName\":\"markor1652.Markor.test_search_note\",\"startStepsCount\":46,\"state\":\"fail\"}","Screenshot":""}
{"Type":"Monkey","MonkeyStepsCount":47,"Time":"2026-04-09 10:09:15.580","Info":"{\"act\":\"CLICK\",\"adbinput\":false,\"aid\":\"g0a12\",\"allowFuzzing\":true,\"clear\":false,\"editable\":false,\"jAction\":\"\",\"pos\":[270,1994,540,2148],\"rawinput\":false,\"sid\":\"\",\"text\":\"\",\"throttle\":25,\"waitTime\":0,\"widget\":\"{\\\"bounds\\\":\\\"[270,1994][540,2148]\\\",\\\"class\\\":\\\"android.widget.FrameLayout\\\",\\\"content-desc\\\":\\\"To-Do\\\",\\\"index\\\":1,\\\"resource-id\\\":\\\"net.gsantner.markor_test:id\/nav_todo\\\",\\\"text\\\":\\\"\\\"}\"}","Screenshot":""}
{"Type":"ScriptInfo","MonkeyStepsCount":47,"Time":"2026-04-09 10:09:15.926","Info":"{\"propName\":\"markor1652.Markor.test_search_note\",\"startStepsCount\":47,\"state\":\"start\"}","Screenshot":""}
{"Type":"Script","MonkeyStepsCount":47,"Time":"2026-04-09 10:09:16.144","Info":"{\"jsonrpc\": \"2.0\", \"id\": 1, \"method\": \"click\", \"params\": [135.0, 2049.0]}","Screenshot":""}
{"Type":"Script","MonkeyStepsCount":47,"Time":"2026-04-09 10:09:16.959","Info":"{\"jsonrpc\": \"2.0\", \"id\": 1, \"method\": \"click\", \"params\": [914.0, 160.0]}","Screenshot":""}
{"Type":"Script","MonkeyStepsCount":47,"Time":"2026-04-09 10:09:17.709","Info":"{\"jsonrpc\": \"2.0\", \"id\": 1, \"method\": \"setText\", \"params\": [{\"mask\": 16, \"childOrSibling\": [], \"childOrSiblingSelector\": [], \"className\": \"android.widget.EditText\"}, \"hi.md\"]}","Screenshot":""}
{"Type":"Script","MonkeyStepsCount":47,"Time":"2026-04-09 10:09:18.579","Info":"{\"jsonrpc\": \"2.0\", \"id\": 1, \"method\": \"click\", \"params\": [909.5, 1552.0]}","Screenshot":""}
{"Type":"Script","MonkeyStepsCount":47,"Time":"2026-04-09 10:09:19.314","Info":"{\"jsonrpc\": \"2.0\", \"id\": 1, \"method\": \"pressKey\", \"params\": [\"back\"]}","Screenshot":""}
{"Type":"ScriptInfo","MonkeyStepsCount":47,"Time":"2026-04-09 10:09:21.036","Info":"{\"propName\":\"markor1652.Markor.test_search_note\",\"startStepsCount\":47,\"state\":\"fail\"}","Screenshot":""}
{"Type":"ScriptInfo","MonkeyStepsCount":47,"Time":"2026-04-09 10:09:21.320","Info":"{\"propName\":\"markor1652.Markor.test_back_to_root\",\"startStepsCount\":47,\"state\":\"start\"}","Screenshot":""}
{"Type":"Script","MonkeyStepsCount":47,"Time":"2026-04-09 10:09:21.612","Info":"{\"jsonrpc\": \"2.0\", \"id\": 1, \"method\": \"click\", \"params\": [180.0, 272.0]}","Screenshot":""}
{"Type":"Script","MonkeyStepsCount":47,"Time":"2026-04-09 10:09:22.460","Info":"{\"jsonrpc\": \"2.0\", \"id\": 1, \"method\": \"click\", \"params\": [180.0, 272.0]}","Screenshot":""}
{"Type":"Script","MonkeyStepsCount":47,"Time":"2026-04-09 10:09:23.326","Info":"{\"jsonrpc\": \"2.0\", \"id\": 1, \"method\": \"click\", \"params\": [180.0, 272.0]}","Screenshot":""}
{"Type":"Script","MonkeyStepsCount":47,"Time":"2026-04-09 10:09:24.300","Info":"{\"jsonrpc\": \"2.0\", \"id\": 1, \"method\": \"click\", \"params\": [180.0, 272.0]}","Screenshot":""}
{"Type":"Script","MonkeyStepsCount":47,"Time":"2026-04-09 10:09:25.185","Info":"{\"jsonrpc\": \"2.0\", \"id\": 1, \"method\": \"click\", \"params\": [180.0, 272.0]}","Screenshot":""}
{"Type":"Script","MonkeyStepsCount":47,"Time":"2026-04-09 10:09:26.090","Info":"{\"jsonrpc\": \"2.0\", \"id\": 1, \"method\": \"click\", \"params\": [180.0, 272.0]}","Screenshot":""}
{"Type":"ScriptInfo","MonkeyStepsCount":47,"Time":"2026-04-09 10:09:26.885","Info":"{\"propName\":\"markor1652.Markor.test_back_to_root\",\"startStepsCount\":47,\"state\":\"pass\"}","Screenshot":""}
{"Type":"ScriptInfo","MonkeyStepsCount":47,"Time":"2026-04-09 10:09:27.173","Info":"{\"propName\":\"markor1652.Markor.test_search_note\",\"startStepsCount\":47,\"state\":\"start\"}","Screenshot":""}
{"Type":"Script","MonkeyStepsCount":47,"Time":"2026-04-09 10:09:27.315","Info":"{\"jsonrpc\": \"2.0\", \"id\": 1, \"method\": \"click\", \"params\": [135.0, 2043.0]}","Screenshot":""}
{"Type":"Script","MonkeyStepsCount":47,"Time":"2026-04-09 10:09:28.145","Info":"{\"jsonrpc\": \"2.0\", \"id\": 1, \"method\": \"click\", \"params\": [914.0, 160.0]}","Screenshot":""}
{"Type":"Script","MonkeyStepsCount":47,"Time":"2026-04-09 10:09:28.903","Info":"{\"jsonrpc\": \"2.0\", \"id\": 1, \"method\": \"setText\", \"params\": [{\"mask\": 16, \"childOrSibling\": [], \"childOrSiblingSelector\": [], \"className\": \"android.widget.EditText\"}, \"hi.md\"]}","Screenshot":""}
{"Type":"Script","MonkeyStepsCount":47,"Time":"2026-04-09 10:09:29.826","Info":"{\"jsonrpc\": \"2.0\", \"id\": 1, \"method\": \"click\", \"params\": [909.5, 1552.0]}","Screenshot":""}
{"Type":"Script","MonkeyStepsCount":47,"Time":"2026-04-09 10:09:30.608","Info":"{\"jsonrpc\": \"2.0\", \"id\": 1, \"method\": \"pressKey\", \"params\": [\"back\"]}","Screenshot":""}
{"Type":"ScriptInfo","MonkeyStepsCount":47,"Time":"2026-04-09 10:09:32.342","Info":"{\"propName\":\"markor1652.Markor.test_search_note\",\"startStepsCount\":47,\"state\":\"fail\"}","Screenshot":""}
{"Type":"Monkey","MonkeyStepsCount":48,"Time":"2026-04-09 10:09:32.626","Info":"{\"act\":\"CLICK\",\"adbinput\":false,\"aid\":\"g0a14\",\"allowFuzzing\":true,\"clear\":false,\"editable\":false,\"jAction\":\"\",\"pos\":[0,83,1080,237],\"rawinput\":false,\"sid\":\"\",\"text\":\"\",\"throttle\":76,\"waitTime\":0,\"widget\":\"{\\\"bounds\\\":\\\"[0,83][1080,237]\\\",\\\"class\\\":\\\"android.view.ViewGroup\\\",\\\"content-desc\\\":\\\"\\\",\\\"index\\\":0,\\\"resource-id\\\":\\\"net.gsantner.markor_test:id\/toolbar\\\",\\\"text\\\":\\\"\\\"}\"}","Screenshot":""}
{"Type":"Monkey","MonkeyStepsCount":49,"Time":"2026-04-09 10:09:32.968","Info":"{\"act\":\"LONG_CLICK\",\"adbinput\":false,\"aid\":\"g0a3\",\"allowFuzzing\":true,\"clear\":false,\"editable\":false,\"jAction\":\"\",\"pos\":[0,237,1080,363],\"rawinput\":false,\"sid\":\"\",\"text\":\"\",\"throttle\":76,\"waitTime\":0,\"widget\":\"{\\\"bounds\\\":\\\"[0,237][1080,363]\\\",\\\"class\\\":\\\"android.widget.LinearLayout\\\",\\\"content-desc\\\":\\\"Folder appdata-public (storage) 4\/9\/2026, 10:04 AM\\\",\\\"index\\\":0,\\\"resource-id\\\":\\\"net.gsantner.markor_test:id\/opoc_filesystem_item__root\\\",\\\"text\\\":\\\"\\\"}\"}","Screenshot":""}
{"Type":"Monkey","MonkeyStepsCount":50,"Time":"2026-04-09 10:09:34.321","Info":"{\"act\":\"LONG_CLICK\",\"adbinput\":false,\"aid\":\"g0a76\",\"allowFuzzing\":true,\"clear\":false,\"editable\":false,\"jAction\":\"\",\"pos\":[639,94,749,226],\"rawinput\":false,\"sid\":\"\",\"text\":\"\",\"throttle\":76,\"waitTime\":0,\"widget\":\"{\\\"bounds\\\":\\\"[639,94][749,226]\\\",\\\"class\\\":\\\"android.widget.TextView\\\",\\\"content-desc\\\":\\\"Rename\\\",\\\"index\\\":1,\\\"resource-id\\\":\\\"net.gsantner.markor_test:id\/action_rename_selected_item\\\",\\\"text\\\":\\\"\\\"}\"}","Screenshot":""}
{"Type":"ScriptInfo","MonkeyStepsCount":50,"Time":"2026-04-09 10:09:35.685","Info":"{\"propName\":\"markor1652.Markor.test_go_to_note\",\"startStepsCount\":50,\"state\":\"start\"}","Screenshot":""}
{"Type":"ScriptInfo","MonkeyStepsCount":50,"Time":"2026-04-09 10:10:05.932","Info":"{\"propName\":\"markor1652.Markor.test_go_to_note\",\"startStepsCount\":50,\"state\":\"error\"}","Screenshot":""}
