{"Type":"Monkey","MonkeyStepsCount":1,"Time":"2026-05-31 01:45:12.295","Info":"{\"act\":\"BACK\",\"adbinput\":false,\"aid\":\"g0a9\",\"allowFuzzing\":true,\"clear\":false,\"editable\":false,\"jAction\":\"\",\"pos\":[0,0,0,0],\"rawinput\":false,\"sid\":\"\",\"text\":\"\",\"throttle\":26,\"waitTime\":0,\"widget\":\"\"}","Screenshot":""}
{"Type":"ScriptInfo","MonkeyStepsCount":1,"Time":"2026-05-31 01:45:14.634","Info":"{\"propName\":\"anki_droid.AnkiTest.test_create_deck\",\"startStepsCount\":1,\"state\":\"start\"}","Screenshot":""}
{"Type":"Script","MonkeyStepsCount":1,"Time":"2026-05-31 01:45:14.778","Info":"{\"jsonrpc\": \"2.0\", \"id\": 1, \"method\": \"click\", \"params\": [1100.0, 2602.0]}","Screenshot":""}
{"Type":"Script","MonkeyStepsCount":1,"Time":"2026-05-31 01:45:17.091","Info":"{\"jsonrpc\": \"2.0\", \"id\": 1, \"method\": \"click\", \"params\": [1112.0, 2397.0]}","Screenshot":""}
{"Type":"Script","MonkeyStepsCount":1,"Time":"2026-05-31 01:45:19.314","Info":"{\"jsonrpc\": \"2.0\", \"id\": 1, \"method\": \"setText\", \"params\": [{\"mask\": 2097152, \"childOrSibling\": [], \"childOrSiblingSelector\": [], \"resourceId\": \"com.ichi2.anki.debug:id\/dialog_text_input\"}, \">\"]}","Screenshot":""}
{"Type":"Script","MonkeyStepsCount":1,"Time":"2026-05-31 01:45:19.587","Info":"{\"jsonrpc\": \"2.0\", \"id\": 1, \"method\": \"click\", \"params\": [1004.5, 1697.0]}","Screenshot":""}
{"Type":"ScriptInfo","MonkeyStepsCount":1,"Time":"2026-05-31 01:45:21.925","Info":"{\"propName\":\"anki_droid.AnkiTest.test_create_deck\",\"startStepsCount\":1,\"state\":\"pass\"}","Screenshot":""}
{"Type":"ScriptInfo","MonkeyStepsCount":1,"Time":"2026-05-31 01:45:22.205","Info":"{\"propName\":\"anki_droid.AnkiTest.test_check_cardbrowser\",\"startStepsCount\":1,\"state\":\"start\"}","Screenshot":""}
{"Type":"Script","MonkeyStepsCount":1,"Time":"2026-05-31 01:45:22.376","Info":"{\"jsonrpc\": \"2.0\", \"id\": 1, \"method\": \"click\", \"params\": [84.0, 252.0]}","Screenshot":""}
{"Type":"Script","MonkeyStepsCount":1,"Time":"2026-05-31 01:45:24.711","Info":"{\"jsonrpc\": \"2.0\", \"id\": 1, \"method\": \"click\", \"params\": [420.0, 686.0]}","Screenshot":""}
{"Type":"Script","MonkeyStepsCount":1,"Time":"2026-05-31 01:45:27.082","Info":"{\"jsonrpc\": \"2.0\", \"id\": 1, \"method\": \"click\", \"params\": [520.0, 223.0]}","Screenshot":""}
{"Type":"Script","MonkeyStepsCount":1,"Time":"2026-05-31 01:45:29.752","Info":"{\"jsonrpc\": \"2.0\", \"id\": 1, \"method\": \"click\", \"params\": [707.5, 1536.0]}","Screenshot":""}
{"Type":"Script","MonkeyStepsCount":1,"Time":"2026-05-31 01:45:32.109","Info":"{\"jsonrpc\": \"2.0\", \"id\": 1, \"method\": \"click\", \"params\": [84.0, 252.0]}","Screenshot":""}
{"Type":"Script","MonkeyStepsCount":1,"Time":"2026-05-31 01:45:34.456","Info":"{\"jsonrpc\": \"2.0\", \"id\": 1, \"method\": \"click\", \"params\": [420.0, 546.0]}","Screenshot":""}
{"Type":"ScriptInfo","MonkeyStepsCount":1,"Time":"2026-05-31 01:45:34.692","Info":"{\"propName\":\"anki_droid.AnkiTest.test_check_cardbrowser\",\"startStepsCount\":1,\"state\":\"pass\"}","Screenshot":""}
{"Type":"ScriptInfo","MonkeyStepsCount":1,"Time":"2026-05-31 01:45:35.050","Info":"{\"propName\":\"anki_droid.AnkiTest.test_rename_deck\",\"startStepsCount\":1,\"state\":\"start\"}","Screenshot":""}
{"Type":"Script","MonkeyStepsCount":1,"Time":"2026-05-31 01:45:37.388","Info":"{\"jsonrpc\": \"2.0\", \"id\": 1, \"method\": \"click\", \"params\": [100, 420.0, 1000]}","Screenshot":""}
{"Type":"Script","MonkeyStepsCount":1,"Time":"2026-05-31 01:45:43.256","Info":"{\"jsonrpc\": \"2.0\", \"id\": 1, \"method\": \"click\", \"params\": [634.5, 1231.5]}","Screenshot":""}
{"Type":"Script","MonkeyStepsCount":1,"Time":"2026-05-31 01:45:46.219","Info":"{\"jsonrpc\": \"2.0\", \"id\": 1, \"method\": \"setText\", \"params\": [{\"mask\": 2097152, \"childOrSibling\": [], \"childOrSiblingSelector\": [], \"resourceId\": \"com.ichi2.anki.debug:id\/dialog_text_input\"}, \"2eLLEzh\"]}","Screenshot":""}
{"Type":"Script","MonkeyStepsCount":1,"Time":"2026-05-31 01:45:46.533","Info":"{\"jsonrpc\": \"2.0\", \"id\": 1, \"method\": \"click\", \"params\": [989.5, 1697.0]}","Screenshot":""}
{"Type":"ScriptInfo","MonkeyStepsCount":1,"Time":"2026-05-31 01:45:48.768","Info":"{\"propName\":\"anki_droid.AnkiTest.test_rename_deck\",\"startStepsCount\":1,\"state\":\"pass\"}","Screenshot":""}
{"Type":"ScriptInfo","MonkeyStepsCount":1,"Time":"2026-05-31 01:45:49.046","Info":"{\"propName\":\"anki_droid.AnkiTest.test_check_cardbrowser\",\"startStepsCount\":1,\"state\":\"start\"}","Screenshot":""}
{"Type":"Script","MonkeyStepsCount":1,"Time":"2026-05-31 01:45:49.197","Info":"{\"jsonrpc\": \"2.0\", \"id\": 1, \"method\": \"click\", \"params\": [84.0, 252.0]}","Screenshot":""}
{"Type":"Script","MonkeyStepsCount":1,"Time":"2026-05-31 01:45:51.566","Info":"{\"jsonrpc\": \"2.0\", \"id\": 1, \"method\": \"click\", \"params\": [420.0, 686.0]}","Screenshot":""}
{"Type":"Script","MonkeyStepsCount":1,"Time":"2026-05-31 01:45:53.927","Info":"{\"jsonrpc\": \"2.0\", \"id\": 1, \"method\": \"click\", \"params\": [520.0, 223.0]}","Screenshot":""}
{"Type":"Script","MonkeyStepsCount":1,"Time":"2026-05-31 01:45:56.528","Info":"{\"jsonrpc\": \"2.0\", \"id\": 1, \"method\": \"click\", \"params\": [707.5, 1365.0]}","Screenshot":""}
{"Type":"Script","MonkeyStepsCount":1,"Time":"2026-05-31 01:45:58.935","Info":"{\"jsonrpc\": \"2.0\", \"id\": 1, \"method\": \"click\", \"params\": [84.0, 252.0]}","Screenshot":""}
{"Type":"Script","MonkeyStepsCount":1,"Time":"2026-05-31 01:46:01.238","Info":"{\"jsonrpc\": \"2.0\", \"id\": 1, \"method\": \"click\", \"params\": [420.0, 546.0]}","Screenshot":""}
{"Type":"ScriptInfo","MonkeyStepsCount":1,"Time":"2026-05-31 01:46:01.519","Info":"{\"propName\":\"anki_droid.AnkiTest.test_check_cardbrowser\",\"startStepsCount\":1,\"state\":\"pass\"}","Screenshot":""}
{"Type":"ScriptInfo","MonkeyStepsCount":1,"Time":"2026-05-31 01:46:01.817","Info":"{\"propName\":\"anki_droid.AnkiTest.test_add_card\",\"startStepsCount\":1,\"state\":\"start\"}","Screenshot":""}
{"Type":"Script","MonkeyStepsCount":1,"Time":"2026-05-31 01:46:04.180","Info":"{\"jsonrpc\": \"2.0\", \"id\": 1, \"method\": \"click\", \"params\": [186.5, 420.0, 500]}","Screenshot":""}
{"Type":"Script","MonkeyStepsCount":1,"Time":"2026-05-31 01:46:07.336","Info":"{\"jsonrpc\": \"2.0\", \"id\": 1, \"method\": \"click\", \"params\": [640.0, 909.0]}","Screenshot":""}
{"Type":"Script","MonkeyStepsCount":1,"Time":"2026-05-31 01:46:10.299","Info":"{\"jsonrpc\": \"2.0\", \"id\": 1, \"method\": \"setText\", \"params\": [{\"mask\": 64, \"childOrSibling\": [], \"childOrSiblingSelector\": [], \"description\": \"Front\"}, \",Ii7\"]}","Screenshot":""}
{"Type":"Script","MonkeyStepsCount":1,"Time":"2026-05-31 01:46:12.471","Info":"{\"jsonrpc\": \"2.0\", \"id\": 1, \"method\": \"setText\", \"params\": [{\"mask\": 64, \"childOrSibling\": [], \"childOrSiblingSelector\": [], \"description\": \"Back\"}, \"\\\\NWGylWe0l\"]}","Screenshot":""}
{"Type":"Script","MonkeyStepsCount":1,"Time":"2026-05-31 01:46:14.723","Info":"{\"jsonrpc\": \"2.0\", \"id\": 1, \"method\": \"click\", \"params\": [944.0, 252.0]}","Screenshot":""}
{"Type":"Script","MonkeyStepsCount":1,"Time":"2026-05-31 01:46:17.070","Info":"{\"jsonrpc\": \"2.0\", \"id\": 1, \"method\": \"click\", \"params\": [84.0, 252.0]}","Screenshot":""}
{"Type":"ScriptInfo","MonkeyStepsCount":1,"Time":"2026-05-31 01:46:19.346","Info":"{\"propName\":\"anki_droid.AnkiTest.test_add_card\",\"startStepsCount\":1,\"state\":\"pass\"}","Screenshot":""}
{"Type":"ScriptInfo","MonkeyStepsCount":1,"Time":"2026-05-31 01:46:19.657","Info":"{\"propName\":\"anki_droid.AnkiTest.test_create_subdeck\",\"startStepsCount\":1,\"state\":\"start\"}","Screenshot":""}
{"Type":"Script","MonkeyStepsCount":1,"Time":"2026-05-31 01:46:21.973","Info":"{\"jsonrpc\": \"2.0\", \"id\": 1, \"method\": \"click\", \"params\": [186.5, 420.0, 500]}","Screenshot":""}
{"Type":"Script","MonkeyStepsCount":1,"Time":"2026-05-31 01:46:25.220","Info":"{\"jsonrpc\": \"2.0\", \"id\": 1, \"method\": \"click\", \"params\": [640.0, 1341.0]}","Screenshot":""}
{"Type":"Script","MonkeyStepsCount":1,"Time":"2026-05-31 01:46:28.000","Info":"{\"jsonrpc\": \"2.0\", \"id\": 1, \"method\": \"setText\", \"params\": [{\"mask\": 2097152, \"childOrSibling\": [], \"childOrSiblingSelector\": [], \"resourceId\": \"com.ichi2.anki.debug:id\/dialog_text_input\"}, \"K!IP%:x\"]}","Screenshot":""}
{"Type":"Script","MonkeyStepsCount":1,"Time":"2026-05-31 01:46:28.267","Info":"{\"jsonrpc\": \"2.0\", \"id\": 1, \"method\": \"click\", \"params\": [1004.5, 1697.0]}","Screenshot":""}
{"Type":"ScriptInfo","MonkeyStepsCount":1,"Time":"2026-05-31 01:46:30.511","Info":"{\"propName\":\"anki_droid.AnkiTest.test_create_subdeck\",\"startStepsCount\":1,\"state\":\"pass\"}","Screenshot":""}
{"Type":"ScriptInfo","MonkeyStepsCount":1,"Time":"2026-05-31 01:46:30.840","Info":"{\"propName\":\"anki_droid.AnkiTest.test_edit_deck_description\",\"startStepsCount\":1,\"state\":\"start\"}","Screenshot":""}
{"Type":"Script","MonkeyStepsCount":1,"Time":"2026-05-31 01:46:33.180","Info":"{\"jsonrpc\": \"2.0\", \"id\": 1, \"method\": \"click\", \"params\": [258.5, 420.0, 500]}","Screenshot":""}
{"Type":"Script","MonkeyStepsCount":1,"Time":"2026-05-31 01:46:36.361","Info":"{\"jsonrpc\": \"2.0\", \"id\": 1, \"method\": \"click\", \"params\": [640.0, 2061.0]}","Screenshot":""}
{"Type":"Script","MonkeyStepsCount":1,"Time":"2026-05-31 01:46:39.190","Info":"{\"jsonrpc\": \"2.0\", \"id\": 1, \"method\": \"setText\", \"params\": [{\"mask\": 2097152, \"childOrSibling\": [], \"childOrSiblingSelector\": [], \"resourceId\": \"com.ichi2.anki.debug:id\/deck_description_input\"}, \"LC3Ap~L%pb\"]}","Screenshot":""}
{"Type":"Script","MonkeyStepsCount":1,"Time":"2026-05-31 01:46:39.483","Info":"{\"jsonrpc\": \"2.0\", \"id\": 1, \"method\": \"click\", \"params\": [1008.0, 1741.0]}","Screenshot":""}
{"Type":"ScriptInfo","MonkeyStepsCount":1,"Time":"2026-05-31 01:46:41.729","Info":"{\"propName\":\"anki_droid.AnkiTest.test_edit_deck_description\",\"startStepsCount\":1,\"state\":\"pass\"}","Screenshot":""}
{"Type":"ScriptInfo","MonkeyStepsCount":1,"Time":"2026-05-31 01:46:42.028","Info":"{\"propName\":\"anki_droid.AnkiTest.test_check_cardbrowser\",\"startStepsCount\":1,\"state\":\"start\"}","Screenshot":""}
{"Type":"Script","MonkeyStepsCount":1,"Time":"2026-05-31 01:46:42.184","Info":"{\"jsonrpc\": \"2.0\", \"id\": 1, \"method\": \"click\", \"params\": [84.0, 252.0]}","Screenshot":""}
{"Type":"Script","MonkeyStepsCount":1,"Time":"2026-05-31 01:46:44.510","Info":"{\"jsonrpc\": \"2.0\", \"id\": 1, \"method\": \"click\", \"params\": [420.0, 686.0]}","Screenshot":""}
{"Type":"Script","MonkeyStepsCount":1,"Time":"2026-05-31 01:46:46.896","Info":"{\"jsonrpc\": \"2.0\", \"id\": 1, \"method\": \"click\", \"params\": [520.0, 223.0]}","Screenshot":""}
{"Type":"Script","MonkeyStepsCount":1,"Time":"2026-05-31 01:46:49.499","Info":"{\"jsonrpc\": \"2.0\", \"id\": 1, \"method\": \"click\", \"params\": [707.5, 1536.0]}","Screenshot":""}
{"Type":"Script","MonkeyStepsCount":1,"Time":"2026-05-31 01:46:51.856","Info":"{\"jsonrpc\": \"2.0\", \"id\": 1, \"method\": \"click\", \"params\": [84.0, 252.0]}","Screenshot":""}
{"Type":"Script","MonkeyStepsCount":1,"Time":"2026-05-31 01:46:54.196","Info":"{\"jsonrpc\": \"2.0\", \"id\": 1, \"method\": \"click\", \"params\": [420.0, 546.0]}","Screenshot":""}
{"Type":"ScriptInfo","MonkeyStepsCount":1,"Time":"2026-05-31 01:46:54.825","Info":"{\"propName\":\"anki_droid.AnkiTest.test_check_cardbrowser\",\"startStepsCount\":1,\"state\":\"pass\"}","Screenshot":""}
{"Type":"Monkey","MonkeyStepsCount":2,"Time":"2026-05-31 01:46:55.160","Info":"{\"act\":\"CLICK\",\"adbinput\":false,\"aid\":\"g0a13\",\"allowFuzzing\":true,\"clear\":false,\"editable\":false,\"jAction\":\"\",\"pos\":[-283,360,-139,504],\"rawinput\":false,\"sid\":\"\",\"text\":\"\",\"throttle\":47,\"waitTime\":0,\"widget\":\"{\\\"bounds\\\":\\\"[-283,360][-139,504]\\\",\\\"class\\\":\\\"android.widget.ImageButton\\\",\\\"content-desc\\\":\\\"Expand\\\",\\\"index\\\":0,\\\"resource-id\\\":\\\"com.ichi2.anki.debug:id\/deck_expander\\\",\\\"text\\\":\\\"\\\"}\"}","Screenshot":""}
{"Type":"Monkey","MonkeyStepsCount":3,"Time":"2026-05-31 01:46:55.606","Info":"{\"act\":\"CLICK\",\"adbinput\":false,\"aid\":\"g0a10\",\"allowFuzzing\":true,\"clear\":false,\"editable\":false,\"jAction\":\"\",\"pos\":[1058,348,1268,492],\"rawinput\":false,\"sid\":\"\",\"text\":\"\",\"throttle\":36,\"waitTime\":0,\"widget\":\"{\\\"bounds\\\":\\\"[1058,348][1268,492]\\\",\\\"class\\\":\\\"android.widget.LinearLayout\\\",\\\"content-desc\\\":\\\"Open the deck overview page containing the number of cards to see today.\\\",\\\"index\\\":2,\\\"resource-id\\\":\\\"com.ichi2.anki.debug:id\/counts_layout\\\",\\\"text\\\":\\\"\\\"}\"}","Screenshot":""}
{"Type":"Monkey","MonkeyStepsCount":4,"Time":"2026-05-31 01:46:56.133","Info":"{\"act\":\"CLICK\",\"adbinput\":false,\"aid\":\"g0a19\",\"allowFuzzing\":true,\"clear\":false,\"editable\":false,\"jAction\":\"\",\"pos\":[1136,180,1280,324],\"rawinput\":false,\"sid\":\"\",\"text\":\"\",\"throttle\":36,\"waitTime\":0,\"widget\":\"{\\\"bounds\\\":\\\"[1136,180][1280,324]\\\",\\\"class\\\":\\\"android.widget.Button\\\",\\\"content-desc\\\":\\\"Deck options\\\",\\\"index\\\":2,\\\"resource-id\\\":\\\"com.ichi2.anki.debug:id\/action_deck_or_study_options\\\",\\\"text\\\":\\\"\\\"}\"}","Screenshot":""}
{"Type":"Monkey","MonkeyStepsCount":5,"Time":"2026-05-31 01:46:56.628","Info":"{\"act\":\"SCROLL_RIGHT_LEFT\",\"adbinput\":false,\"aid\":\"g0a26\",\"allowFuzzing\":true,\"clear\":false,\"editable\":false,\"jAction\":\"\",\"pos\":[0,156,1280,2856],\"rawinput\":false,\"sid\":\"\",\"text\":\"\",\"throttle\":12,\"waitTime\":0,\"widget\":\"{\\\"bounds\\\":\\\"[0,156][1280,2856]\\\",\\\"class\\\":\\\"android.widget.FrameLayout\\\",\\\"content-desc\\\":\\\"\\\",\\\"index\\\":0,\\\"resource-id\\\":\\\"\\\",\\\"text\\\":\\\"\\\"}\"}","Screenshot":""}
{"Type":"Monkey","MonkeyStepsCount":6,"Time":"2026-05-31 01:46:57.201","Info":"{\"act\":\"SCROLL_BOTTOM_UP\",\"adbinput\":false,\"aid\":\"g0a24\",\"allowFuzzing\":true,\"clear\":false,\"editable\":false,\"jAction\":\"\",\"pos\":[0,156,1280,2856],\"rawinput\":false,\"sid\":\"\",\"text\":\"\",\"throttle\":12,\"waitTime\":0,\"widget\":\"{\\\"bounds\\\":\\\"[0,156][1280,2856]\\\",\\\"class\\\":\\\"android.widget.FrameLayout\\\",\\\"content-desc\\\":\\\"\\\",\\\"index\\\":0,\\\"resource-id\\\":\\\"\\\",\\\"text\\\":\\\"\\\"}\"}","Screenshot":""}
{"Type":"Monkey","MonkeyStepsCount":7,"Time":"2026-05-31 01:46:57.996","Info":"{\"act\":\"SCROLL_TOP_DOWN\",\"adbinput\":false,\"aid\":\"g0a23\",\"allowFuzzing\":true,\"clear\":false,\"editable\":false,\"jAction\":\"\",\"pos\":[0,156,1280,2856],\"rawinput\":false,\"sid\":\"\",\"text\":\"\",\"throttle\":98,\"waitTime\":0,\"widget\":\"{\\\"bounds\\\":\\\"[0,156][1280,2856]\\\",\\\"class\\\":\\\"android.widget.FrameLayout\\\",\\\"content-desc\\\":\\\"\\\",\\\"index\\\":0,\\\"resource-id\\\":\\\"\\\",\\\"text\\\":\\\"\\\"}\"}","Screenshot":""}
{"Type":"Monkey","MonkeyStepsCount":8,"Time":"2026-05-31 01:46:58.870","Info":"{\"act\":\"CLICK\",\"adbinput\":false,\"aid\":\"g0a30\",\"allowFuzzing\":true,\"clear\":false,\"editable\":false,\"jAction\":\"\",\"pos\":[0,369,1008,444],\"rawinput\":false,\"sid\":\"\",\"text\":\"\",\"throttle\":98,\"waitTime\":0,\"widget\":\"{\\\"bounds\\\":\\\"[0,369][1008,444]\\\",\\\"class\\\":\\\"android.widget.Spinner\\\",\\\"content-desc\\\":\\\"\\\",\\\"index\\\":0,\\\"resource-id\\\":\\\"\\\",\\\"text\\\":\\\"Default(usedby⁨⁨⁩decks⁩)\\\"}\"}","Screenshot":""}
{"Type":"Monkey","MonkeyStepsCount":9,"Time":"2026-05-31 01:46:59.559","Info":"{\"act\":\"CLICK\",\"adbinput\":false,\"aid\":\"g0a30\",\"allowFuzzing\":true,\"clear\":false,\"editable\":false,\"jAction\":\"\",\"pos\":[0,369,1008,444],\"rawinput\":false,\"sid\":\"\",\"text\":\"\",\"throttle\":67,\"waitTime\":0,\"widget\":\"{\\\"bounds\\\":\\\"[0,369][1008,444]\\\",\\\"class\\\":\\\"android.widget.Spinner\\\",\\\"content-desc\\\":\\\"\\\",\\\"index\\\":0,\\\"resource-id\\\":\\\"\\\",\\\"text\\\":\\\"Default(usedby⁨⁨⁩decks⁩)\\\"}\"}","Screenshot":""}
{"Type":"Monkey","MonkeyStepsCount":10,"Time":"2026-05-31 01:47:00.157","Info":"{\"act\":\"SCROLL_TOP_DOWN\",\"adbinput\":false,\"aid\":\"g0a31\",\"allowFuzzing\":true,\"clear\":false,\"editable\":false,\"jAction\":\"\",\"pos\":[0,348,1280,2784],\"rawinput\":false,\"sid\":\"\",\"text\":\"\",\"throttle\":20,\"waitTime\":0,\"widget\":\"{\\\"bounds\\\":\\\"[0,348][1280,2784]\\\",\\\"class\\\":\\\"android.webkit.WebView\\\",\\\"content-desc\\\":\\\"\\\",\\\"index\\\":0,\\\"resource-id\\\":\\\"\\\",\\\"text\\\":\\\"\\\"}\"}","Screenshot":""}
{"Type":"Monkey","MonkeyStepsCount":11,"Time":"2026-05-31 01:47:00.973","Info":"{\"act\":\"SCROLL_LEFT_RIGHT\",\"adbinput\":false,\"aid\":\"g0a25\",\"allowFuzzing\":true,\"clear\":false,\"editable\":false,\"jAction\":\"\",\"pos\":[0,156,1280,2856],\"rawinput\":false,\"sid\":\"\",\"text\":\"\",\"throttle\":42,\"waitTime\":0,\"widget\":\"{\\\"bounds\\\":\\\"[0,156][1280,2856]\\\",\\\"class\\\":\\\"android.widget.FrameLayout\\\",\\\"content-desc\\\":\\\"\\\",\\\"index\\\":0,\\\"resource-id\\\":\\\"\\\",\\\"text\\\":\\\"\\\"}\"}","Screenshot":""}
{"Type":"Monkey","MonkeyStepsCount":12,"Time":"2026-05-31 01:47:01.746","Info":"{\"act\":\"CLICK\",\"adbinput\":false,\"aid\":\"g0a47\",\"allowFuzzing\":true,\"clear\":false,\"editable\":false,\"jAction\":\"\",\"pos\":[1050,369,1215,444],\"rawinput\":false,\"sid\":\"\",\"text\":\"\",\"throttle\":42,\"waitTime\":0,\"widget\":\"{\\\"bounds\\\":\\\"[1050,369][1215,444]\\\",\\\"class\\\":\\\"android.widget.Button\\\",\\\"content-desc\\\":\\\"\\\",\\\"index\\\":2,\\\"resource-id\\\":\\\"\\\",\\\"text\\\":\\\"Save\\\"}\"}","Screenshot":""}
{"Type":"Monkey","MonkeyStepsCount":13,"Time":"2026-05-31 01:47:02.246","Info":"{\"act\":\"SCROLL_TOP_DOWN\",\"adbinput\":false,\"aid\":\"g0a15\",\"allowFuzzing\":true,\"clear\":false,\"editable\":false,\"jAction\":\"\",\"pos\":[0,156,992,2856],\"rawinput\":false,\"sid\":\"\",\"text\":\"\",\"throttle\":62,\"waitTime\":0,\"widget\":\"{\\\"bounds\\\":\\\"[0,156][992,2856]\\\",\\\"class\\\":\\\"android.widget.FrameLayout\\\",\\\"content-desc\\\":\\\"\\\",\\\"index\\\":0,\\\"resource-id\\\":\\\"\\\",\\\"text\\\":\\\"\\\"}\"}","Screenshot":""}
{"Type":"Monkey","MonkeyStepsCount":14,"Time":"2026-05-31 01:47:02.818","Info":"{\"act\":\"SCROLL_LEFT_RIGHT\",\"adbinput\":false,\"aid\":\"g0a17\",\"allowFuzzing\":true,\"clear\":false,\"editable\":false,\"jAction\":\"\",\"pos\":[0,156,1280,2856],\"rawinput\":false,\"sid\":\"\",\"text\":\"\",\"throttle\":76,\"waitTime\":0,\"widget\":\"{\\\"bounds\\\":\\\"[0,156][1280,2856]\\\",\\\"class\\\":\\\"android.widget.FrameLayout\\\",\\\"content-desc\\\":\\\"\\\",\\\"index\\\":0,\\\"resource-id\\\":\\\"\\\",\\\"text\\\":\\\"\\\"}\"}","Screenshot":""}
{"Type":"Monkey","MonkeyStepsCount":15,"Time":"2026-05-31 01:47:03.411","Info":"{\"act\":\"CLICK\",\"adbinput\":false,\"aid\":\"g0a14\",\"allowFuzzing\":true,\"clear\":false,\"editable\":false,\"jAction\":\"\",\"pos\":[992,180,1136,324],\"rawinput\":false,\"sid\":\"\",\"text\":\"\",\"throttle\":76,\"waitTime\":0,\"widget\":\"{\\\"bounds\\\":\\\"[992,180][1136,324]\\\",\\\"class\\\":\\\"android.widget.Button\\\",\\\"content-desc\\\":\\\"Custom study\\\",\\\"index\\\":1,\\\"resource-id\\\":\\\"com.ichi2.anki.debug:id\/action_custom_study\\\",\\\"text\\\":\\\"\\\"}\"}","Screenshot":""}
{"Type":"Monkey","MonkeyStepsCount":16,"Time":"2026-05-31 01:47:03.852","Info":"{\"act\":\"SCROLL_BOTTOM_UP\",\"adbinput\":false,\"aid\":\"g0a16\",\"allowFuzzing\":true,\"clear\":false,\"editable\":false,\"jAction\":\"\",\"pos\":[0,156,1280,2856],\"rawinput\":false,\"sid\":\"\",\"text\":\"\",\"throttle\":15,\"waitTime\":0,\"widget\":\"{\\\"bounds\\\":\\\"[0,156][1280,2856]\\\",\\\"class\\\":\\\"android.widget.FrameLayout\\\",\\\"content-desc\\\":\\\"\\\",\\\"index\\\":0,\\\"resource-id\\\":\\\"\\\",\\\"text\\\":\\\"\\\"}\"}","Screenshot":""}
{"Type":"Monkey","MonkeyStepsCount":17,"Time":"2026-05-31 01:47:04.388","Info":"{\"act\":\"SCROLL_BOTTOM_UP\",\"adbinput\":false,\"aid\":\"g0a16\",\"allowFuzzing\":true,\"clear\":false,\"editable\":false,\"jAction\":\"\",\"pos\":[32,887,1248,2052],\"rawinput\":false,\"sid\":\"\",\"text\":\"\",\"throttle\":15,\"waitTime\":0,\"widget\":\"{\\\"bounds\\\":\\\"[32,887][1248,2052]\\\",\\\"class\\\":\\\"android.widget.FrameLayout\\\",\\\"content-desc\\\":\\\"\\\",\\\"index\\\":0,\\\"resource-id\\\":\\\"\\\",\\\"text\\\":\\\"\\\"}\"}","Screenshot":""}
{"Type":"Monkey","MonkeyStepsCount":18,"Time":"2026-05-31 01:47:04.910","Info":"{\"act\":\"SCROLL_RIGHT_LEFT\",\"adbinput\":false,\"aid\":\"g0a18\",\"allowFuzzing\":true,\"clear\":false,\"editable\":false,\"jAction\":\"\",\"pos\":[32,887,1248,2052],\"rawinput\":false,\"sid\":\"\",\"text\":\"\",\"throttle\":21,\"waitTime\":0,\"widget\":\"{\\\"bounds\\\":\\\"[32,887][1248,2052]\\\",\\\"class\\\":\\\"android.widget.FrameLayout\\\",\\\"content-desc\\\":\\\"\\\",\\\"index\\\":0,\\\"resource-id\\\":\\\"\\\",\\\"text\\\":\\\"\\\"}\"}","Screenshot":""}
{"Type":"Monkey","MonkeyStepsCount":19,"Time":"2026-05-31 01:47:05.471","Info":"{\"act\":\"CLICK\",\"adbinput\":false,\"aid\":\"g0a51\",\"allowFuzzing\":true,\"clear\":false,\"editable\":false,\"jAction\":\"\",\"pos\":[131,1113,1149,1257],\"rawinput\":false,\"sid\":\"\",\"text\":\"\",\"throttle\":21,\"waitTime\":0,\"widget\":\"{\\\"bounds\\\":\\\"[131,1113][1149,1257]\\\",\\\"class\\\":\\\"android.widget.TextView\\\",\\\"content-desc\\\":\\\"\\\",\\\"index\\\":0,\\\"resource-id\\\":\\\"android:id\/text1\\\",\\\"text\\\":\\\"Increasetoday'snewcardlimit\\\"}\"}","Screenshot":""}
{"Type":"Monkey","MonkeyStepsCount":20,"Time":"2026-05-31 01:47:05.827","Info":"{\"act\":\"CLICK\",\"adbinput\":false,\"aid\":\"g0a20\",\"allowFuzzing\":true,\"clear\":false,\"editable\":false,\"jAction\":\"\",\"pos\":[340,2544,940,2688],\"rawinput\":false,\"sid\":\"\",\"text\":\"\",\"throttle\":74,\"waitTime\":0,\"widget\":\"{\\\"bounds\\\":\\\"[340,2544][940,2688]\\\",\\\"class\\\":\\\"android.widget.Button\\\",\\\"content-desc\\\":\\\"\\\",\\\"index\\\":1,\\\"resource-id\\\":\\\"com.ichi2.anki.debug:id\/studyoptions_start\\\",\\\"text\\\":\\\"Study\\\"}\"}","Screenshot":""}
{"Type":"Monkey","MonkeyStepsCount":21,"Time":"2026-05-31 01:47:06.189","Info":"{\"act\":\"CLICK\",\"adbinput\":false,\"aid\":\"g0a21\",\"allowFuzzing\":true,\"clear\":false,\"editable\":false,\"jAction\":\"\",\"pos\":[0,168,168,336],\"rawinput\":false,\"sid\":\"\",\"text\":\"\",\"throttle\":74,\"waitTime\":0,\"widget\":\"{\\\"bounds\\\":\\\"[0,168][168,336]\\\",\\\"class\\\":\\\"android.widget.ImageButton\\\",\\\"content-desc\\\":\\\"Navigate up\\\",\\\"index\\\":0,\\\"resource-id\\\":\\\"\\\",\\\"text\\\":\\\"\\\"}\"}","Screenshot":""}
{"Type":"Monkey","MonkeyStepsCount":22,"Time":"2026-05-31 01:47:06.512","Info":"{\"act\":\"BACK\",\"adbinput\":false,\"aid\":\"g0a22\",\"allowFuzzing\":true,\"clear\":false,\"editable\":false,\"jAction\":\"\",\"pos\":[0,0,0,0],\"rawinput\":false,\"sid\":\"\",\"text\":\"\",\"throttle\":94,\"waitTime\":0,\"widget\":\"\"}","Screenshot":""}
{"Type":"ScriptInfo","MonkeyStepsCount":22,"Time":"2026-05-31 01:47:06.886","Info":"{\"propName\":\"anki_droid.AnkiTest.test_delete_deck\",\"startStepsCount\":22,\"state\":\"start\"}","Screenshot":""}
{"Type":"Script","MonkeyStepsCount":22,"Time":"2026-05-31 01:47:09.223","Info":"{\"jsonrpc\": \"2.0\", \"id\": 1, \"method\": \"click\", \"params\": [258.5, 420.0, 500]}","Screenshot":""}
{"Type":"Script","MonkeyStepsCount":22,"Time":"2026-05-31 01:47:12.396","Info":"{\"jsonrpc\": \"2.0\", \"id\": 1, \"method\": \"click\", \"params\": [640.0, 2205.0]}","Screenshot":""}
{"Type":"ScriptInfo","MonkeyStepsCount":22,"Time":"2026-05-31 01:47:14.801","Info":"{\"propName\":\"anki_droid.AnkiTest.test_delete_deck\",\"startStepsCount\":22,\"state\":\"pass\"}","Screenshot":""}
{"Type":"ScriptInfo","MonkeyStepsCount":22,"Time":"2026-05-31 01:47:15.120","Info":"{\"propName\":\"anki_droid.AnkiTest.test_check_cardbrowser\",\"startStepsCount\":22,\"state\":\"start\"}","Screenshot":""}
{"Type":"Script","MonkeyStepsCount":22,"Time":"2026-05-31 01:47:15.230","Info":"{\"jsonrpc\": \"2.0\", \"id\": 1, \"method\": \"click\", \"params\": [84.0, 252.0]}","Screenshot":""}
{"Type":"Script","MonkeyStepsCount":22,"Time":"2026-05-31 01:47:17.616","Info":"{\"jsonrpc\": \"2.0\", \"id\": 1, \"method\": \"click\", \"params\": [420.0, 686.0]}","Screenshot":""}
{"Type":"Script","MonkeyStepsCount":22,"Time":"2026-05-31 01:47:19.993","Info":"{\"jsonrpc\": \"2.0\", \"id\": 1, \"method\": \"click\", \"params\": [520.0, 223.0]}","Screenshot":""}
{"Type":"Script","MonkeyStepsCount":22,"Time":"2026-05-31 01:47:22.522","Info":"{\"jsonrpc\": \"2.0\", \"id\": 1, \"method\": \"click\", \"params\": [707.5, 1450.0]}","Screenshot":""}
{"Type":"Script","MonkeyStepsCount":22,"Time":"2026-05-31 01:47:24.915","Info":"{\"jsonrpc\": \"2.0\", \"id\": 1, \"method\": \"click\", \"params\": [84.0, 252.0]}","Screenshot":""}
{"Type":"Script","MonkeyStepsCount":22,"Time":"2026-05-31 01:47:27.191","Info":"{\"jsonrpc\": \"2.0\", \"id\": 1, \"method\": \"click\", \"params\": [420.0, 546.0]}","Screenshot":""}
{"Type":"ScriptInfo","MonkeyStepsCount":22,"Time":"2026-05-31 01:47:27.549","Info":"{\"propName\":\"anki_droid.AnkiTest.test_check_cardbrowser\",\"startStepsCount\":22,\"state\":\"pass\"}","Screenshot":""}
{"Type":"ScriptInfo","MonkeyStepsCount":22,"Time":"2026-05-31 01:47:27.832","Info":"{\"propName\":\"anki_droid.AnkiTest.test_check_cardbrowser\",\"startStepsCount\":22,\"state\":\"start\"}","Screenshot":""}
{"Type":"Script","MonkeyStepsCount":22,"Time":"2026-05-31 01:47:29.128","Info":"{\"jsonrpc\": \"2.0\", \"id\": 1, \"method\": \"click\", \"params\": [84.0, 252.0]}","Screenshot":""}
{"Type":"Script","MonkeyStepsCount":22,"Time":"2026-05-31 01:47:31.433","Info":"{\"jsonrpc\": \"2.0\", \"id\": 1, \"method\": \"click\", \"params\": [420.0, 686.0]}","Screenshot":""}
{"Type":"Script","MonkeyStepsCount":22,"Time":"2026-05-31 01:47:33.751","Info":"{\"jsonrpc\": \"2.0\", \"id\": 1, \"method\": \"click\", \"params\": [520.0, 223.0]}","Screenshot":""}
{"Type":"Script","MonkeyStepsCount":22,"Time":"2026-05-31 01:47:36.256","Info":"{\"jsonrpc\": \"2.0\", \"id\": 1, \"method\": \"click\", \"params\": [707.5, 1450.0]}","Screenshot":""}
{"Type":"Script","MonkeyStepsCount":22,"Time":"2026-05-31 01:47:38.596","Info":"{\"jsonrpc\": \"2.0\", \"id\": 1, \"method\": \"click\", \"params\": [84.0, 252.0]}","Screenshot":""}
{"Type":"Script","MonkeyStepsCount":22,"Time":"2026-05-31 01:47:40.908","Info":"{\"jsonrpc\": \"2.0\", \"id\": 1, \"method\": \"click\", \"params\": [420.0, 546.0]}","Screenshot":""}
{"Type":"ScriptInfo","MonkeyStepsCount":22,"Time":"2026-05-31 01:47:41.186","Info":"{\"propName\":\"anki_droid.AnkiTest.test_check_cardbrowser\",\"startStepsCount\":22,\"state\":\"pass\"}","Screenshot":""}
{"Type":"Monkey","MonkeyStepsCount":23,"Time":"2026-05-31 01:47:41.534","Info":"{\"act\":\"CLICK\",\"adbinput\":false,\"aid\":\"g0a63\",\"allowFuzzing\":true,\"clear\":false,\"editable\":false,\"jAction\":\"\",\"pos\":[0,168,168,336],\"rawinput\":false,\"sid\":\"\",\"text\":\"\",\"throttle\":94,\"waitTime\":0,\"widget\":\"{\\\"bounds\\\":\\\"[0,168][168,336]\\\",\\\"class\\\":\\\"android.widget.ImageButton\\\",\\\"content-desc\\\":\\\"Close drawer\\\",\\\"index\\\":0,\\\"resource-id\\\":\\\"\\\",\\\"text\\\":\\\"\\\"}\"}","Screenshot":""}
{"Type":"Monkey","MonkeyStepsCount":24,"Time":"2026-05-31 01:47:41.968","Info":"{\"act\":\"CLICK\",\"adbinput\":false,\"aid\":\"g0a5\",\"allowFuzzing\":true,\"clear\":false,\"editable\":false,\"jAction\":\"\",\"pos\":[731,2490,899,2658],\"rawinput\":false,\"sid\":\"\",\"text\":\"\",\"throttle\":15,\"waitTime\":0,\"widget\":\"{\\\"bounds\\\":\\\"[731,2490][899,2658]\\\",\\\"class\\\":\\\"com.google.android.material.floatingactionbutton.FloatingActionButton\\\",\\\"content-desc\\\":\\\"Add\\\",\\\"index\\\":0,\\\"resource-id\\\":\\\"com.ichi2.anki.debug:id\/fab_main\\\",\\\"text\\\":\\\"\\\"}\"}","Screenshot":""}
{"Type":"ScriptInfo","MonkeyStepsCount":24,"Time":"2026-05-31 01:47:42.315","Info":"{\"propName\":\"anki_droid.AnkiTest.test_create_deck\",\"startStepsCount\":24,\"state\":\"start\"}","Screenshot":""}
{"Type":"Script","MonkeyStepsCount":24,"Time":"2026-05-31 01:47:42.482","Info":"{\"jsonrpc\": \"2.0\", \"id\": 1, \"method\": \"click\", \"params\": [1100.0, 2574.0]}","Screenshot":""}
{"Type":"Script","MonkeyStepsCount":24,"Time":"2026-05-31 01:47:44.802","Info":"{\"jsonrpc\": \"2.0\", \"id\": 1, \"method\": \"click\", \"params\": [1112.0, 2369.0]}","Screenshot":""}
{"Type":"Script","MonkeyStepsCount":24,"Time":"2026-05-31 01:47:47.060","Info":"{\"jsonrpc\": \"2.0\", \"id\": 1, \"method\": \"setText\", \"params\": [{\"mask\": 2097152, \"childOrSibling\": [], \"childOrSiblingSelector\": [], \"resourceId\": \"com.ichi2.anki.debug:id\/dialog_text_input\"}, \"\\\\t\"]}","Screenshot":""}
{"Type":"Script","MonkeyStepsCount":24,"Time":"2026-05-31 01:47:47.314","Info":"{\"jsonrpc\": \"2.0\", \"id\": 1, \"method\": \"click\", \"params\": [1004.5, 1697.0]}","Screenshot":""}
{"Type":"ScriptInfo","MonkeyStepsCount":24,"Time":"2026-05-31 01:47:49.673","Info":"{\"propName\":\"anki_droid.AnkiTest.test_create_deck\",\"startStepsCount\":24,\"state\":\"pass\"}","Screenshot":""}
{"Type":"ScriptInfo","MonkeyStepsCount":24,"Time":"2026-05-31 01:47:49.985","Info":"{\"propName\":\"anki_droid.AnkiTest.test_check_cardbrowser\",\"startStepsCount\":24,\"state\":\"start\"}","Screenshot":""}
{"Type":"Script","MonkeyStepsCount":24,"Time":"2026-05-31 01:47:50.131","Info":"{\"jsonrpc\": \"2.0\", \"id\": 1, \"method\": \"click\", \"params\": [84.0, 252.0]}","Screenshot":""}
{"Type":"Script","MonkeyStepsCount":24,"Time":"2026-05-31 01:47:52.471","Info":"{\"jsonrpc\": \"2.0\", \"id\": 1, \"method\": \"click\", \"params\": [420.0, 686.0]}","Screenshot":""}
{"Type":"Script","MonkeyStepsCount":24,"Time":"2026-05-31 01:47:54.833","Info":"{\"jsonrpc\": \"2.0\", \"id\": 1, \"method\": \"click\", \"params\": [520.0, 223.0]}","Screenshot":""}
{"Type":"Script","MonkeyStepsCount":24,"Time":"2026-05-31 01:47:57.410","Info":"{\"jsonrpc\": \"2.0\", \"id\": 1, \"method\": \"click\", \"params\": [707.5, 1536.0]}","Screenshot":""}
{"Type":"Script","MonkeyStepsCount":24,"Time":"2026-05-31 01:47:59.739","Info":"{\"jsonrpc\": \"2.0\", \"id\": 1, \"method\": \"click\", \"params\": [1008.0, 1658.0]}","Screenshot":""}
{"Type":"Script","MonkeyStepsCount":24,"Time":"2026-05-31 01:48:02.003","Info":"{\"jsonrpc\": \"2.0\", \"id\": 1, \"method\": \"click\", \"params\": [84.0, 252.0]}","Screenshot":""}
{"Type":"Script","MonkeyStepsCount":24,"Time":"2026-05-31 01:48:04.349","Info":"{\"jsonrpc\": \"2.0\", \"id\": 1, \"method\": \"click\", \"params\": [420.0, 546.0]}","Screenshot":""}
{"Type":"ScriptInfo","MonkeyStepsCount":24,"Time":"2026-05-31 01:48:04.521","Info":"{\"propName\":\"anki_droid.AnkiTest.test_check_cardbrowser\",\"startStepsCount\":24,\"state\":\"fail\"}","Screenshot":""}
{"Type":"Monkey","MonkeyStepsCount":25,"Time":"2026-05-31 01:48:04.871","Info":"{\"act\":\"CLICK\",\"adbinput\":false,\"aid\":\"g0a67\",\"allowFuzzing\":true,\"clear\":false,\"editable\":false,\"jAction\":\"\",\"pos\":[0,1401,7,1545],\"rawinput\":false,\"sid\":\"\",\"text\":\"\",\"throttle\":15,\"waitTime\":0,\"widget\":\"{\\\"bounds\\\":\\\"[0,1401][7,1545]\\\",\\\"class\\\":\\\"androidx.appcompat.widget.LinearLayoutCompat\\\",\\\"content-desc\\\":\\\"\\\",\\\"index\\\":7,\\\"resource-id\\\":\\\"com.ichi2.anki.debug:id\/support_ankidroid\\\",\\\"text\\\":\\\"\\\"}\"}","Screenshot":""}
{"Type":"ScriptInfo","MonkeyStepsCount":25,"Time":"2026-05-31 01:48:05.320","Info":"{\"propName\":\"anki_droid.AnkiTest.test_create_deck\",\"startStepsCount\":25,\"state\":\"start\"}","Screenshot":""}
{"Type":"Script","MonkeyStepsCount":25,"Time":"2026-05-31 01:48:05.493","Info":"{\"jsonrpc\": \"2.0\", \"id\": 1, \"method\": \"click\", \"params\": [816.0, 2574.0]}","Screenshot":""}
{"Type":"Script","MonkeyStepsCount":25,"Time":"2026-05-31 01:48:15.978","Info":"{\"jsonrpc\": \"2.0\", \"id\": 1, \"method\": \"click\", \"params\": [1112.0, 2369.0]}","Screenshot":""}
{"Type":"Script","MonkeyStepsCount":25,"Time":"2026-05-31 01:48:18.282","Info":"{\"jsonrpc\": \"2.0\", \"id\": 1, \"method\": \"setText\", \"params\": [{\"mask\": 2097152, \"childOrSibling\": [], \"childOrSiblingSelector\": [], \"resourceId\": \"com.ichi2.anki.debug:id\/dialog_text_input\"}, \"2_(O'it+\"]}","Screenshot":""}
{"Type":"Script","MonkeyStepsCount":25,"Time":"2026-05-31 01:48:18.549","Info":"{\"jsonrpc\": \"2.0\", \"id\": 1, \"method\": \"click\", \"params\": [1004.5, 1697.0]}","Screenshot":""}
{"Type":"ScriptInfo","MonkeyStepsCount":25,"Time":"2026-05-31 01:48:21.032","Info":"{\"propName\":\"anki_droid.AnkiTest.test_create_deck\",\"startStepsCount\":25,\"state\":\"pass\"}","Screenshot":""}
{"Type":"ScriptInfo","MonkeyStepsCount":25,"Time":"2026-05-31 01:48:21.313","Info":"{\"propName\":\"anki_droid.AnkiTest.test_create_deck\",\"startStepsCount\":25,\"state\":\"start\"}","Screenshot":""}
{"Type":"Script","MonkeyStepsCount":25,"Time":"2026-05-31 01:48:21.486","Info":"{\"jsonrpc\": \"2.0\", \"id\": 1, \"method\": \"click\", \"params\": [1100.0, 2574.0]}","Screenshot":""}
{"Type":"Script","MonkeyStepsCount":25,"Time":"2026-05-31 01:48:23.814","Info":"{\"jsonrpc\": \"2.0\", \"id\": 1, \"method\": \"click\", \"params\": [1112.0, 2369.0]}","Screenshot":""}
{"Type":"Script","MonkeyStepsCount":25,"Time":"2026-05-31 01:48:26.039","Info":"{\"jsonrpc\": \"2.0\", \"id\": 1, \"method\": \"setText\", \"params\": [{\"mask\": 2097152, \"childOrSibling\": [], \"childOrSiblingSelector\": [], \"resourceId\": \"com.ichi2.anki.debug:id\/dialog_text_input\"}, \"C,~TF!tN\"]}","Screenshot":""}
{"Type":"Script","MonkeyStepsCount":25,"Time":"2026-05-31 01:48:26.317","Info":"{\"jsonrpc\": \"2.0\", \"id\": 1, \"method\": \"click\", \"params\": [1004.5, 1697.0]}","Screenshot":""}
{"Type":"ScriptInfo","MonkeyStepsCount":25,"Time":"2026-05-31 01:48:28.885","Info":"{\"propName\":\"anki_droid.AnkiTest.test_create_deck\",\"startStepsCount\":25,\"state\":\"pass\"}","Screenshot":""}
{"Type":"ScriptInfo","MonkeyStepsCount":25,"Time":"2026-05-31 01:48:29.176","Info":"{\"propName\":\"anki_droid.AnkiTest.test_check_cardbrowser\",\"startStepsCount\":25,\"state\":\"start\"}","Screenshot":""}
{"Type":"Script","MonkeyStepsCount":25,"Time":"2026-05-31 01:48:29.314","Info":"{\"jsonrpc\": \"2.0\", \"id\": 1, \"method\": \"click\", \"params\": [84.0, 252.0]}","Screenshot":""}
{"Type":"Script","MonkeyStepsCount":25,"Time":"2026-05-31 01:48:31.666","Info":"{\"jsonrpc\": \"2.0\", \"id\": 1, \"method\": \"click\", \"params\": [420.0, 686.0]}","Screenshot":""}
{"Type":"Script","MonkeyStepsCount":25,"Time":"2026-05-31 01:48:34.051","Info":"{\"jsonrpc\": \"2.0\", \"id\": 1, \"method\": \"click\", \"params\": [1008.0, 1658.0]}","Screenshot":""}
{"Type":"Script","MonkeyStepsCount":25,"Time":"2026-05-31 01:48:36.394","Info":"{\"jsonrpc\": \"2.0\", \"id\": 1, \"method\": \"click\", \"params\": [520.0, 223.0]}","Screenshot":""}
{"Type":"Script","MonkeyStepsCount":25,"Time":"2026-05-31 01:48:39.185","Info":"{\"jsonrpc\": \"2.0\", \"id\": 1, \"method\": \"click\", \"params\": [707.5, 1194.0]}","Screenshot":""}
{"Type":"Script","MonkeyStepsCount":25,"Time":"2026-05-31 01:48:41.561","Info":"{\"jsonrpc\": \"2.0\", \"id\": 1, \"method\": \"click\", \"params\": [84.0, 252.0]}","Screenshot":""}
{"Type":"Script","MonkeyStepsCount":25,"Time":"2026-05-31 01:48:43.860","Info":"{\"jsonrpc\": \"2.0\", \"id\": 1, \"method\": \"click\", \"params\": [420.0, 546.0]}","Screenshot":""}
{"Type":"ScriptInfo","MonkeyStepsCount":25,"Time":"2026-05-31 01:48:44.461","Info":"{\"propName\":\"anki_droid.AnkiTest.test_check_cardbrowser\",\"startStepsCount\":25,\"state\":\"pass\"}","Screenshot":""}
{"Type":"Monkey","MonkeyStepsCount":26,"Time":"2026-05-31 01:48:44.860","Info":"{\"act\":\"LONG_CLICK\",\"adbinput\":false,\"aid\":\"g0a7\",\"allowFuzzing\":true,\"clear\":false,\"editable\":false,\"jAction\":\"\",\"pos\":[1160,180,1280,324],\"rawinput\":false,\"sid\":\"\",\"text\":\"\",\"throttle\":36,\"waitTime\":0,\"widget\":\"{\\\"bounds\\\":\\\"[1160,180][1280,324]\\\",\\\"class\\\":\\\"android.widget.ImageView\\\",\\\"content-desc\\\":\\\"More options\\\",\\\"index\\\":1,\\\"resource-id\\\":\\\"\\\",\\\"text\\\":\\\"\\\"}\"}","Screenshot":""}
{"Type":"ScriptInfo","MonkeyStepsCount":26,"Time":"2026-05-31 01:48:46.352","Info":"{\"propName\":\"anki_droid.AnkiTest.test_check_cardbrowser\",\"startStepsCount\":26,\"state\":\"start\"}","Screenshot":""}
{"Type":"Script","MonkeyStepsCount":26,"Time":"2026-05-31 01:48:46.523","Info":"{\"jsonrpc\": \"2.0\", \"id\": 1, \"method\": \"click\", \"params\": [84.0, 252.0]}","Screenshot":""}
{"Type":"Script","MonkeyStepsCount":26,"Time":"2026-05-31 01:48:48.859","Info":"{\"jsonrpc\": \"2.0\", \"id\": 1, \"method\": \"click\", \"params\": [420.0, 686.0]}","Screenshot":""}
{"Type":"Script","MonkeyStepsCount":26,"Time":"2026-05-31 01:48:51.241","Info":"{\"jsonrpc\": \"2.0\", \"id\": 1, \"method\": \"click\", \"params\": [520.0, 223.0]}","Screenshot":""}
{"Type":"Script","MonkeyStepsCount":26,"Time":"2026-05-31 01:48:54.175","Info":"{\"jsonrpc\": \"2.0\", \"id\": 1, \"method\": \"click\", \"params\": [707.5, 1707.0]}","Screenshot":""}
{"Type":"Script","MonkeyStepsCount":26,"Time":"2026-05-31 01:48:56.491","Info":"{\"jsonrpc\": \"2.0\", \"id\": 1, \"method\": \"click\", \"params\": [84.0, 252.0]}","Screenshot":""}
{"Type":"Script","MonkeyStepsCount":26,"Time":"2026-05-31 01:48:58.818","Info":"{\"jsonrpc\": \"2.0\", \"id\": 1, \"method\": \"click\", \"params\": [420.0, 546.0]}","Screenshot":""}
{"Type":"ScriptInfo","MonkeyStepsCount":26,"Time":"2026-05-31 01:48:59.053","Info":"{\"propName\":\"anki_droid.AnkiTest.test_check_cardbrowser\",\"startStepsCount\":26,\"state\":\"pass\"}","Screenshot":""}
{"Type":"ScriptInfo","MonkeyStepsCount":26,"Time":"2026-05-31 01:48:59.429","Info":"{\"propName\":\"anki_droid.AnkiTest.test_check_cardbrowser\",\"startStepsCount\":26,\"state\":\"start\"}","Screenshot":""}
{"Type":"ScriptInfo","MonkeyStepsCount":26,"Time":"2026-05-31 01:48:59.832","Info":"{\"propName\":\"anki_droid.AnkiTest.test_check_cardbrowser\",\"startStepsCount\":26,\"state\":\"fail\"}","Screenshot":""}
{"Type":"ScriptInfo","MonkeyStepsCount":26,"Time":"2026-05-31 01:49:00.166","Info":"{\"propName\":\"anki_droid.AnkiTest.test_create_deck\",\"startStepsCount\":26,\"state\":\"start\"}","Screenshot":""}
{"Type":"Script","MonkeyStepsCount":26,"Time":"2026-05-31 01:49:00.332","Info":"{\"jsonrpc\": \"2.0\", \"id\": 1, \"method\": \"click\", \"params\": [1100.0, 2574.0]}","Screenshot":""}
{"Type":"Script","MonkeyStepsCount":26,"Time":"2026-05-31 01:49:02.669","Info":"{\"jsonrpc\": \"2.0\", \"id\": 1, \"method\": \"click\", \"params\": [1112.0, 2369.0]}","Screenshot":""}
{"Type":"Script","MonkeyStepsCount":26,"Time":"2026-05-31 01:49:04.939","Info":"{\"jsonrpc\": \"2.0\", \"id\": 1, \"method\": \"setText\", \"params\": [{\"mask\": 2097152, \"childOrSibling\": [], \"childOrSiblingSelector\": [], \"resourceId\": \"com.ichi2.anki.debug:id\/dialog_text_input\"}, \"doG~Qv^\"]}","Screenshot":""}
{"Type":"Script","MonkeyStepsCount":26,"Time":"2026-05-31 01:49:05.221","Info":"{\"jsonrpc\": \"2.0\", \"id\": 1, \"method\": \"click\", \"params\": [1004.5, 1697.0]}","Screenshot":""}
{"Type":"ScriptInfo","MonkeyStepsCount":26,"Time":"2026-05-31 01:49:07.908","Info":"{\"propName\":\"anki_droid.AnkiTest.test_create_deck\",\"startStepsCount\":26,\"state\":\"pass\"}","Screenshot":""}
{"Type":"ScriptInfo","MonkeyStepsCount":26,"Time":"2026-05-31 01:49:08.216","Info":"{\"propName\":\"anki_droid.AnkiTest.test_create_deck\",\"startStepsCount\":26,\"state\":\"start\"}","Screenshot":""}
{"Type":"Script","MonkeyStepsCount":26,"Time":"2026-05-31 01:49:08.389","Info":"{\"jsonrpc\": \"2.0\", \"id\": 1, \"method\": \"click\", \"params\": [1100.0, 2574.0]}","Screenshot":""}
{"Type":"Script","MonkeyStepsCount":26,"Time":"2026-05-31 01:49:10.680","Info":"{\"jsonrpc\": \"2.0\", \"id\": 1, \"method\": \"click\", \"params\": [1112.0, 2369.0]}","Screenshot":""}
{"Type":"Script","MonkeyStepsCount":26,"Time":"2026-05-31 01:49:12.917","Info":"{\"jsonrpc\": \"2.0\", \"id\": 1, \"method\": \"setText\", \"params\": [{\"mask\": 2097152, \"childOrSibling\": [], \"childOrSiblingSelector\": [], \"resourceId\": \"com.ichi2.anki.debug:id\/dialog_text_input\"}, \"1-E1{uF\"]}","Screenshot":""}
{"Type":"Script","MonkeyStepsCount":26,"Time":"2026-05-31 01:49:13.198","Info":"{\"jsonrpc\": \"2.0\", \"id\": 1, \"method\": \"click\", \"params\": [1004.5, 1697.0]}","Screenshot":""}
{"Type":"ScriptInfo","MonkeyStepsCount":26,"Time":"2026-05-31 01:49:16.038","Info":"{\"propName\":\"anki_droid.AnkiTest.test_create_deck\",\"startStepsCount\":26,\"state\":\"pass\"}","Screenshot":""}
{"Type":"Monkey","MonkeyStepsCount":27,"Time":"2026-05-31 01:49:16.358","Info":"{\"act\":\"LONG_CLICK\",\"adbinput\":false,\"aid\":\"g0a12\",\"allowFuzzing\":true,\"clear\":false,\"editable\":false,\"jAction\":\"\",\"pos\":[0,348,1280,492],\"rawinput\":false,\"sid\":\"\",\"text\":\"\",\"throttle\":36,\"waitTime\":0,\"widget\":\"{\\\"bounds\\\":\\\"[0,348][1280,492]\\\",\\\"class\\\":\\\"android.widget.RelativeLayout\\\",\\\"content-desc\\\":\\\"\\\",\\\"index\\\":0,\\\"resource-id\\\":\\\"com.ichi2.anki.debug:id\/deck_layout\\\",\\\"text\\\":\\\"\\\"}\"}","Screenshot":""}
{"Type":"Monkey","MonkeyStepsCount":28,"Time":"2026-05-31 01:49:17.710","Info":"{\"act\":\"LONG_CLICK\",\"adbinput\":false,\"aid\":\"g0a12\",\"allowFuzzing\":true,\"clear\":false,\"editable\":false,\"jAction\":\"\",\"pos\":[0,348,1280,492],\"rawinput\":false,\"sid\":\"\",\"text\":\"\",\"throttle\":15,\"waitTime\":0,\"widget\":\"{\\\"bounds\\\":\\\"[0,348][1280,492]\\\",\\\"class\\\":\\\"android.widget.RelativeLayout\\\",\\\"content-desc\\\":\\\"\\\",\\\"index\\\":0,\\\"resource-id\\\":\\\"com.ichi2.anki.debug:id\/deck_layout\\\",\\\"text\\\":\\\"\\\"}\"}","Screenshot":""}
{"Type":"Monkey","MonkeyStepsCount":29,"Time":"2026-05-31 01:49:18.980","Info":"{\"act\":\"CLICK\",\"adbinput\":false,\"aid\":\"g0a73\",\"allowFuzzing\":true,\"clear\":false,\"editable\":false,\"jAction\":\"\",\"pos\":[104,837,1176,981],\"rawinput\":false,\"sid\":\"\",\"text\":\"\",\"throttle\":23,\"waitTime\":0,\"widget\":\"{\\\"bounds\\\":\\\"[104,837][1176,981]\\\",\\\"class\\\":\\\"android.widget.TextView\\\",\\\"content-desc\\\":\\\"\\\",\\\"index\\\":0,\\\"resource-id\\\":\\\"android:id\/text1\\\",\\\"text\\\":\\\"Add\\\"}\"}","Screenshot":""}
{"Type":"Monkey","MonkeyStepsCount":30,"Time":"2026-05-31 01:49:19.598","Info":"{\"act\":\"CLICK\",\"adbinput\":false,\"aid\":\"g0a96\",\"allowFuzzing\":true,\"clear\":false,\"editable\":false,\"jAction\":\"\",\"pos\":[169,507,1265,651],\"rawinput\":false,\"sid\":\"\",\"text\":\"\",\"throttle\":98,\"waitTime\":0,\"widget\":\"{\\\"bounds\\\":\\\"[169,507][1265,651]\\\",\\\"class\\\":\\\"android.widget.TextView\\\",\\\"content-desc\\\":\\\"\\\",\\\"index\\\":1,\\\"resource-id\\\":\\\"com.ichi2.anki.debug:id\/note_deck_name\\\",\\\"text\\\":\\\"-E{uF\\\"}\"}","Screenshot":""}
{"Type":"Monkey","MonkeyStepsCount":31,"Time":"2026-05-31 01:49:20.298","Info":"{\"act\":\"CLICK\",\"adbinput\":false,\"aid\":\"g0a93\",\"allowFuzzing\":true,\"clear\":false,\"editable\":false,\"jAction\":\"\",\"pos\":[15,1322,1265,1466],\"rawinput\":false,\"sid\":\"\",\"text\":\"\",\"throttle\":99,\"waitTime\":0,\"widget\":\"{\\\"bounds\\\":\\\"[15,1322][1265,1466]\\\",\\\"class\\\":\\\"android.widget.Button\\\",\\\"content-desc\\\":\\\"\\\",\\\"index\\\":4,\\\"resource-id\\\":\\\"com.ichi2.anki.debug:id\/CardEditorCardsButton\\\",\\\"text\\\":\\\"Cards:Card\\\"}\"}","Screenshot":""}
{"Type":"Monkey","MonkeyStepsCount":32,"Time":"2026-05-31 01:49:20.697","Info":"{\"act\":\"CLICK\",\"adbinput\":false,\"aid\":\"g0a82\",\"allowFuzzing\":true,\"clear\":false,\"editable\":false,\"jAction\":\"\",\"pos\":[112,2652,244,2784],\"rawinput\":false,\"sid\":\"\",\"text\":\"\",\"throttle\":51,\"waitTime\":0,\"widget\":\"{\\\"bounds\\\":\\\"[112,2652][244,2784]\\\",\\\"class\\\":\\\"android.widget.ImageButton\\\",\\\"content-desc\\\":\\\"Format as Bold\\\",\\\"index\\\":0,\\\"resource-id\\\":\\\"com.ichi2.anki.debug:id\/note_editor_toolbar_button_bold\\\",\\\"text\\\":\\\"\\\"}\"}","Screenshot":""}
{"Type":"Monkey","MonkeyStepsCount":33,"Time":"2026-05-31 01:49:21.124","Info":"{\"act\":\"CLICK\",\"adbinput\":false,\"aid\":\"g0a103\",\"allowFuzzing\":true,\"clear\":false,\"editable\":false,\"jAction\":\"\",\"pos\":[1016,180,1160,324],\"rawinput\":false,\"sid\":\"\",\"text\":\"\",\"throttle\":51,\"waitTime\":0,\"widget\":\"{\\\"bounds\\\":\\\"[1016,180][1160,324]\\\",\\\"class\\\":\\\"android.widget.Button\\\",\\\"content-desc\\\":\\\"Preview\\\",\\\"index\\\":1,\\\"resource-id\\\":\\\"com.ichi2.anki.debug:id\/action_preview\\\",\\\"text\\\":\\\"\\\"}\"}","Screenshot":""}
{"Type":"Monkey","MonkeyStepsCount":34,"Time":"2026-05-31 01:49:21.641","Info":"{\"act\":\"SCROLL_TOP_DOWN\",\"adbinput\":false,\"aid\":\"g0a107\",\"allowFuzzing\":true,\"clear\":false,\"editable\":false,\"jAction\":\"\",\"pos\":[0,0,1280,2856],\"rawinput\":false,\"sid\":\"\",\"text\":\"\",\"throttle\":13,\"waitTime\":0,\"widget\":\"{\\\"bounds\\\":\\\"[0,0][1280,2856]\\\",\\\"class\\\":\\\"android.widget.FrameLayout\\\",\\\"content-desc\\\":\\\"\\\",\\\"index\\\":0,\\\"resource-id\\\":\\\"\\\",\\\"text\\\":\\\"\\\"}\"}","Screenshot":""}
{"Type":"Monkey","MonkeyStepsCount":35,"Time":"2026-05-31 01:49:22.261","Info":"{\"act\":\"SCROLL_TOP_DOWN\",\"adbinput\":false,\"aid\":\"g0a107\",\"allowFuzzing\":true,\"clear\":false,\"editable\":false,\"jAction\":\"\",\"pos\":[0,0,1280,2856],\"rawinput\":false,\"sid\":\"\",\"text\":\"\",\"throttle\":13,\"waitTime\":0,\"widget\":\"{\\\"bounds\\\":\\\"[0,0][1280,2856]\\\",\\\"class\\\":\\\"android.widget.FrameLayout\\\",\\\"content-desc\\\":\\\"\\\",\\\"index\\\":0,\\\"resource-id\\\":\\\"\\\",\\\"text\\\":\\\"\\\"}\"}","Screenshot":""}
{"Type":"Monkey","MonkeyStepsCount":36,"Time":"2026-05-31 01:49:22.765","Info":"{\"act\":\"CLICK\",\"adbinput\":false,\"aid\":\"g0a111\",\"allowFuzzing\":true,\"clear\":false,\"editable\":false,\"jAction\":\"\",\"pos\":[24,2640,1256,2784],\"rawinput\":false,\"sid\":\"\",\"text\":\"\",\"throttle\":69,\"waitTime\":0,\"widget\":\"{\\\"bounds\\\":\\\"[24,2640][1256,2784]\\\",\\\"class\\\":\\\"android.widget.Button\\\",\\\"content-desc\\\":\\\"\\\",\\\"index\\\":1,\\\"resource-id\\\":\\\"com.ichi2.anki.debug:id\/show_answer\\\",\\\"text\\\":\\\"Showanswer\\\"}\"}","Screenshot":""}
{"Type":"Monkey","MonkeyStepsCount":37,"Time":"2026-05-31 01:49:23.212","Info":"{\"act\":\"CLICK\",\"adbinput\":false,\"aid\":\"g0a115\",\"allowFuzzing\":true,\"clear\":false,\"editable\":false,\"jAction\":\"\",\"pos\":[408,507,873,579],\"rawinput\":false,\"sid\":\"\",\"text\":\"\",\"throttle\":69,\"waitTime\":0,\"widget\":\"{\\\"bounds\\\":\\\"[408,507][873,579]\\\",\\\"class\\\":\\\"android.view.View\\\",\\\"content-desc\\\":\\\"More information\\\",\\\"index\\\":2,\\\"resource-id\\\":\\\"\\\",\\\"text\\\":\\\"\\\"}\"}","Screenshot":""}
{"Type":"Monkey","MonkeyStepsCount":38,"Time":"2026-05-31 01:49:23.568","Info":"{\"act\":\"SCROLL_RIGHT_LEFT\",\"adbinput\":false,\"aid\":\"g0a110\",\"allowFuzzing\":true,\"clear\":false,\"editable\":false,\"jAction\":\"\",\"pos\":[0,0,1280,2856],\"rawinput\":false,\"sid\":\"\",\"text\":\"\",\"throttle\":29,\"waitTime\":0,\"widget\":\"{\\\"bounds\\\":\\\"[0,0][1280,2856]\\\",\\\"class\\\":\\\"android.widget.FrameLayout\\\",\\\"content-desc\\\":\\\"\\\",\\\"index\\\":0,\\\"resource-id\\\":\\\"\\\",\\\"text\\\":\\\"\\\"}\"}","Screenshot":""}
{"Type":"Monkey","MonkeyStepsCount":39,"Time":"2026-05-31 01:49:24.127","Info":"{\"act\":\"SCROLL_LEFT_RIGHT\",\"adbinput\":false,\"aid\":\"g0a109\",\"allowFuzzing\":true,\"clear\":false,\"editable\":false,\"jAction\":\"\",\"pos\":[0,0,1280,2856],\"rawinput\":false,\"sid\":\"\",\"text\":\"\",\"throttle\":29,\"waitTime\":0,\"widget\":\"{\\\"bounds\\\":\\\"[0,0][1280,2856]\\\",\\\"class\\\":\\\"android.widget.FrameLayout\\\",\\\"content-desc\\\":\\\"\\\",\\\"index\\\":0,\\\"resource-id\\\":\\\"\\\",\\\"text\\\":\\\"\\\"}\"}","Screenshot":""}
{"Type":"Monkey","MonkeyStepsCount":40,"Time":"2026-05-31 01:49:24.671","Info":"{\"act\":\"CLICK\",\"adbinput\":false,\"aid\":\"g0a113\",\"allowFuzzing\":true,\"clear\":false,\"editable\":false,\"jAction\":\"\",\"pos\":[0,168,168,336],\"rawinput\":false,\"sid\":\"\",\"text\":\"\",\"throttle\":75,\"waitTime\":0,\"widget\":\"{\\\"bounds\\\":\\\"[0,168][168,336]\\\",\\\"class\\\":\\\"android.widget.ImageButton\\\",\\\"content-desc\\\":\\\"Navigate up\\\",\\\"index\\\":0,\\\"resource-id\\\":\\\"\\\",\\\"text\\\":\\\"\\\"}\"}","Screenshot":""}
{"Type":"Monkey","MonkeyStepsCount":41,"Time":"2026-05-31 01:49:25.065","Info":"{\"act\":\"LONG_CLICK\",\"adbinput\":false,\"aid\":\"g0a99\",\"allowFuzzing\":true,\"clear\":false,\"editable\":true,\"jAction\":\"\",\"pos\":[0,771,959,907],\"rawinput\":false,\"sid\":\"\",\"text\":\"1\",\"throttle\":75,\"waitTime\":0,\"widget\":\"{\\\"bounds\\\":\\\"[0,771][959,907]\\\",\\\"class\\\":\\\"android.widget.EditText\\\",\\\"content-desc\\\":\\\"Front\\\",\\\"index\\\":4,\\\"resource-id\\\":\\\"com.ichi2.anki.debug:id\/edit_text\\\",\\\"text\\\":\\\"\\\"}\"}","Screenshot":""}
{"Type":"Monkey","MonkeyStepsCount":42,"Time":"2026-05-31 01:49:26.657","Info":"{\"act\":\"SCROLL_LEFT_RIGHT\",\"adbinput\":false,\"aid\":\"g0a76\",\"allowFuzzing\":true,\"clear\":false,\"editable\":false,\"jAction\":\"\",\"pos\":[1,874,108,994],\"rawinput\":false,\"sid\":\"\",\"text\":\"\",\"throttle\":66,\"waitTime\":0,\"widget\":\"{\\\"bounds\\\":\\\"[1,874][108,994]\\\",\\\"class\\\":\\\"android.widget.FrameLayout\\\",\\\"content-desc\\\":\\\"\\\",\\\"index\\\":0,\\\"resource-id\\\":\\\"\\\",\\\"text\\\":\\\"\\\"}\"}","Screenshot":""}
{"Type":"Monkey","MonkeyStepsCount":43,"Time":"2026-05-31 01:49:27.251","Info":"{\"act\":\"SCROLL_BOTTOM_UP\",\"adbinput\":false,\"aid\":\"g0a75\",\"allowFuzzing\":true,\"clear\":false,\"editable\":false,\"jAction\":\"\",\"pos\":[1,874,108,994],\"rawinput\":false,\"sid\":\"\",\"text\":\"\",\"throttle\":58,\"waitTime\":0,\"widget\":\"{\\\"bounds\\\":\\\"[1,874][108,994]\\\",\\\"class\\\":\\\"android.widget.FrameLayout\\\",\\\"content-desc\\\":\\\"\\\",\\\"index\\\":0,\\\"resource-id\\\":\\\"\\\",\\\"text\\\":\\\"\\\"}\"}","Screenshot":""}
{"Type":"Monkey","MonkeyStepsCount":44,"Time":"2026-05-31 01:49:27.857","Info":"{\"act\":\"SCROLL_TOP_DOWN\",\"adbinput\":false,\"aid\":\"g0a74\",\"allowFuzzing\":true,\"clear\":false,\"editable\":false,\"jAction\":\"\",\"pos\":[1,874,108,994],\"rawinput\":false,\"sid\":\"\",\"text\":\"\",\"throttle\":49,\"waitTime\":0,\"widget\":\"{\\\"bounds\\\":\\\"[1,874][108,994]\\\",\\\"class\\\":\\\"android.widget.FrameLayout\\\",\\\"content-desc\\\":\\\"\\\",\\\"index\\\":0,\\\"resource-id\\\":\\\"\\\",\\\"text\\\":\\\"\\\"}\"}","Screenshot":""}
{"Type":"Monkey","MonkeyStepsCount":45,"Time":"2026-05-31 01:49:28.431","Info":"{\"act\":\"CLICK\",\"adbinput\":false,\"aid\":\"g0a116\",\"allowFuzzing\":true,\"clear\":false,\"editable\":false,\"jAction\":\"\",\"pos\":[1,874,108,994],\"rawinput\":false,\"sid\":\"\",\"text\":\"\",\"throttle\":49,\"waitTime\":0,\"widget\":\"{\\\"bounds\\\":\\\"[1,874][108,994]\\\",\\\"class\\\":\\\"android.view.View\\\",\\\"content-desc\\\":\\\"\\\",\\\"index\\\":0,\\\"resource-id\\\":\\\"android:id\/insertion_handle\\\",\\\"text\\\":\\\"\\\"}\"}","Screenshot":""}
{"Type":"Monkey","MonkeyStepsCount":46,"Time":"2026-05-31 01:49:28.882","Info":"{\"act\":\"SCROLL_RIGHT_LEFT\",\"adbinput\":false,\"aid\":\"g0a77\",\"allowFuzzing\":true,\"clear\":false,\"editable\":false,\"jAction\":\"\",\"pos\":[1,874,108,994],\"rawinput\":false,\"sid\":\"\",\"text\":\"\",\"throttle\":65,\"waitTime\":0,\"widget\":\"{\\\"bounds\\\":\\\"[1,874][108,994]\\\",\\\"class\\\":\\\"android.widget.FrameLayout\\\",\\\"content-desc\\\":\\\"\\\",\\\"index\\\":0,\\\"resource-id\\\":\\\"\\\",\\\"text\\\":\\\"\\\"}\"}","Screenshot":""}
{"Type":"Monkey","MonkeyStepsCount":47,"Time":"2026-05-31 01:49:29.477","Info":"{\"act\":\"BACK\",\"adbinput\":false,\"aid\":\"g0a102\",\"allowFuzzing\":true,\"clear\":false,\"editable\":false,\"jAction\":\"\",\"pos\":[0,0,0,0],\"rawinput\":false,\"sid\":\"\",\"text\":\"\",\"throttle\":65,\"waitTime\":0,\"widget\":\"\"}","Screenshot":""}
{"Type":"ScriptInfo","MonkeyStepsCount":47,"Time":"2026-05-31 01:49:29.881","Info":"{\"propName\":\"anki_droid.AnkiTest.test_check_cardbrowser\",\"startStepsCount\":47,\"state\":\"start\"}","Screenshot":""}
{"Type":"ScriptInfo","MonkeyStepsCount":47,"Time":"2026-05-31 01:49:30.024","Info":"{\"propName\":\"anki_droid.AnkiTest.test_check_cardbrowser\",\"startStepsCount\":47,\"state\":\"fail\"}","Screenshot":""}
{"Type":"Monkey","MonkeyStepsCount":48,"Time":"2026-05-31 01:49:30.341","Info":"{\"act\":\"CLICK\",\"adbinput\":false,\"aid\":\"g0a11\",\"allowFuzzing\":true,\"clear\":false,\"editable\":false,\"jAction\":\"\",\"pos\":[0,348,1280,492],\"rawinput\":false,\"sid\":\"\",\"text\":\"\",\"throttle\":98,\"waitTime\":0,\"widget\":\"{\\\"bounds\\\":\\\"[0,348][1280,492]\\\",\\\"class\\\":\\\"android.widget.RelativeLayout\\\",\\\"content-desc\\\":\\\"\\\",\\\"index\\\":0,\\\"resource-id\\\":\\\"com.ichi2.anki.debug:id\/deck_layout\\\",\\\"text\\\":\\\"\\\"}\"}","Screenshot":""}
{"Type":"ScriptInfo","MonkeyStepsCount":48,"Time":"2026-05-31 01:49:30.817","Info":"{\"propName\":\"anki_droid.AnkiTest.test_check_cardbrowser\",\"startStepsCount\":48,\"state\":\"start\"}","Screenshot":""}
{"Type":"Script","MonkeyStepsCount":48,"Time":"2026-05-31 01:49:30.959","Info":"{\"jsonrpc\": \"2.0\", \"id\": 1, \"method\": \"click\", \"params\": [84.0, 252.0]}","Screenshot":""}
{"Type":"Script","MonkeyStepsCount":48,"Time":"2026-05-31 01:49:33.253","Info":"{\"jsonrpc\": \"2.0\", \"id\": 1, \"method\": \"click\", \"params\": [420.0, 686.0]}","Screenshot":""}
{"Type":"Script","MonkeyStepsCount":48,"Time":"2026-05-31 01:49:35.611","Info":"{\"jsonrpc\": \"2.0\", \"id\": 1, \"method\": \"click\", \"params\": [520.0, 223.0]}","Screenshot":""}
{"Type":"Script","MonkeyStepsCount":48,"Time":"2026-05-31 01:49:38.701","Info":"{\"jsonrpc\": \"2.0\", \"id\": 1, \"method\": \"click\", \"params\": [707.5, 1707.0]}","Screenshot":""}
{"Type":"Script","MonkeyStepsCount":48,"Time":"2026-05-31 01:49:41.073","Info":"{\"jsonrpc\": \"2.0\", \"id\": 1, \"method\": \"click\", \"params\": [84.0, 252.0]}","Screenshot":""}
{"Type":"Script","MonkeyStepsCount":48,"Time":"2026-05-31 01:49:43.420","Info":"{\"jsonrpc\": \"2.0\", \"id\": 1, \"method\": \"click\", \"params\": [420.0, 546.0]}","Screenshot":""}
{"Type":"ScriptInfo","MonkeyStepsCount":48,"Time":"2026-05-31 01:49:43.720","Info":"{\"propName\":\"anki_droid.AnkiTest.test_check_cardbrowser\",\"startStepsCount\":48,\"state\":\"pass\"}","Screenshot":""}
{"Type":"Monkey","MonkeyStepsCount":49,"Time":"2026-05-31 01:49:44.022","Info":"{\"act\":\"CLICK\",\"adbinput\":false,\"aid\":\"g0a68\",\"allowFuzzing\":true,\"clear\":false,\"editable\":false,\"jAction\":\"\",\"pos\":[0,630,1,774],\"rawinput\":false,\"sid\":\"\",\"text\":\"\",\"throttle\":53,\"waitTime\":0,\"widget\":\"{\\\"bounds\\\":\\\"[0,630][1,774]\\\",\\\"class\\\":\\\"androidx.appcompat.widget.LinearLayoutCompat\\\",\\\"content-desc\\\":\\\"\\\",\\\"index\\\":1,\\\"resource-id\\\":\\\"com.ichi2.anki.debug:id\/nav_decks\\\",\\\"text\\\":\\\"\\\"}\"}","Screenshot":""}
{"Type":"Monkey","MonkeyStepsCount":50,"Time":"2026-05-31 01:49:44.461","Info":"{\"act\":\"SCROLL_BOTTOM_UP\",\"adbinput\":false,\"aid\":\"g0a1\",\"allowFuzzing\":true,\"clear\":false,\"editable\":false,\"jAction\":\"\",\"pos\":[0,156,996,2856],\"rawinput\":false,\"sid\":\"\",\"text\":\"\",\"throttle\":78,\"waitTime\":0,\"widget\":\"{\\\"bounds\\\":\\\"[0,156][996,2856]\\\",\\\"class\\\":\\\"android.widget.FrameLayout\\\",\\\"content-desc\\\":\\\"\\\",\\\"index\\\":0,\\\"resource-id\\\":\\\"\\\",\\\"text\\\":\\\"\\\"}\"}","Screenshot":""}
{"Type":"Monkey","MonkeyStepsCount":51,"Time":"2026-05-31 01:49:45.106","Info":"{\"act\":\"CLICK\",\"adbinput\":false,\"aid\":\"g0a10\",\"allowFuzzing\":true,\"clear\":false,\"editable\":false,\"jAction\":\"\",\"pos\":[1058,348,1268,492],\"rawinput\":false,\"sid\":\"\",\"text\":\"\",\"throttle\":43,\"waitTime\":0,\"widget\":\"{\\\"bounds\\\":\\\"[1058,348][1268,492]\\\",\\\"class\\\":\\\"android.widget.LinearLayout\\\",\\\"content-desc\\\":\\\"Open the deck overview page containing the number of cards to see today.\\\",\\\"index\\\":2,\\\"resource-id\\\":\\\"com.ichi2.anki.debug:id\/counts_layout\\\",\\\"text\\\":\\\"\\\"}\"}","Screenshot":""}
{"Type":"ScriptInfo","MonkeyStepsCount":51,"Time":"2026-05-31 01:49:45.517","Info":"{\"propName\":\"anki_droid.AnkiTest.test_create_deck\",\"startStepsCount\":51,\"state\":\"start\"}","Screenshot":""}
{"Type":"Script","MonkeyStepsCount":51,"Time":"2026-05-31 01:49:45.684","Info":"{\"jsonrpc\": \"2.0\", \"id\": 1, \"method\": \"click\", \"params\": [1100.0, 2574.0]}","Screenshot":""}
{"Type":"Script","MonkeyStepsCount":51,"Time":"2026-05-31 01:49:47.993","Info":"{\"jsonrpc\": \"2.0\", \"id\": 1, \"method\": \"click\", \"params\": [1112.0, 2369.0]}","Screenshot":""}
{"Type":"Script","MonkeyStepsCount":51,"Time":"2026-05-31 01:49:50.286","Info":"{\"jsonrpc\": \"2.0\", \"id\": 1, \"method\": \"setText\", \"params\": [{\"mask\": 2097152, \"childOrSibling\": [], \"childOrSiblingSelector\": [], \"resourceId\": \"com.ichi2.anki.debug:id\/dialog_text_input\"}, \"4\"]}","Screenshot":""}
{"Type":"Script","MonkeyStepsCount":51,"Time":"2026-05-31 01:49:50.539","Info":"{\"jsonrpc\": \"2.0\", \"id\": 1, \"method\": \"click\", \"params\": [1004.5, 1697.0]}","Screenshot":""}
{"Type":"ScriptInfo","MonkeyStepsCount":51,"Time":"2026-05-31 01:49:53.641","Info":"{\"propName\":\"anki_droid.AnkiTest.test_create_deck\",\"startStepsCount\":51,\"state\":\"pass\"}","Screenshot":""}
{"Type":"Monkey","MonkeyStepsCount":52,"Time":"2026-05-31 01:49:53.972","Info":"{\"act\":\"SCROLL_TOP_DOWN\",\"adbinput\":false,\"aid\":\"g0a0\",\"allowFuzzing\":true,\"clear\":false,\"editable\":false,\"jAction\":\"\",\"pos\":[0,156,1280,2856],\"rawinput\":false,\"sid\":\"\",\"text\":\"\",\"throttle\":96,\"waitTime\":0,\"widget\":\"{\\\"bounds\\\":\\\"[0,156][1280,2856]\\\",\\\"class\\\":\\\"android.widget.FrameLayout\\\",\\\"content-desc\\\":\\\"\\\",\\\"index\\\":0,\\\"resource-id\\\":\\\"\\\",\\\"text\\\":\\\"\\\"}\"}","Screenshot":""}
{"Type":"Monkey","MonkeyStepsCount":53,"Time":"2026-05-31 01:49:54.993","Info":"{\"act\":\"CLICK\",\"adbinput\":false,\"aid\":\"g0a5\",\"allowFuzzing\":true,\"clear\":false,\"editable\":false,\"jAction\":\"\",\"pos\":[1016,2490,1184,2658],\"rawinput\":false,\"sid\":\"\",\"text\":\"\",\"throttle\":91,\"waitTime\":0,\"widget\":\"{\\\"bounds\\\":\\\"[1016,2490][1184,2658]\\\",\\\"class\\\":\\\"com.google.android.material.floatingactionbutton.FloatingActionButton\\\",\\\"content-desc\\\":\\\"Add\\\",\\\"index\\\":0,\\\"resource-id\\\":\\\"com.ichi2.anki.debug:id\/fab_main\\\",\\\"text\\\":\\\"\\\"}\"}","Screenshot":""}
{"Type":"ScriptInfo","MonkeyStepsCount":53,"Time":"2026-05-31 01:49:55.370","Info":"{\"propName\":\"anki_droid.AnkiTest.test_create_deck\",\"startStepsCount\":53,\"state\":\"start\"}","Screenshot":""}
{"Type":"Script","MonkeyStepsCount":53,"Time":"2026-05-31 01:49:55.527","Info":"{\"jsonrpc\": \"2.0\", \"id\": 1, \"method\": \"click\", \"params\": [1100.0, 2574.0]}","Screenshot":""}
{"Type":"Script","MonkeyStepsCount":53,"Time":"2026-05-31 01:49:57.918","Info":"{\"jsonrpc\": \"2.0\", \"id\": 1, \"method\": \"click\", \"params\": [1112.0, 2369.0]}","Screenshot":""}
{"Type":"Script","MonkeyStepsCount":53,"Time":"2026-05-31 01:50:00.180","Info":"{\"jsonrpc\": \"2.0\", \"id\": 1, \"method\": \"setText\", \"params\": [{\"mask\": 2097152, \"childOrSibling\": [], \"childOrSiblingSelector\": [], \"resourceId\": \"com.ichi2.anki.debug:id\/dialog_text_input\"}, \"8:\\\\Y\"]}","Screenshot":""}
{"Type":"Script","MonkeyStepsCount":53,"Time":"2026-05-31 01:50:00.475","Info":"{\"jsonrpc\": \"2.0\", \"id\": 1, \"method\": \"click\", \"params\": [1004.5, 1697.0]}","Screenshot":""}
{"Type":"ScriptInfo","MonkeyStepsCount":53,"Time":"2026-05-31 01:50:03.579","Info":"{\"propName\":\"anki_droid.AnkiTest.test_create_deck\",\"startStepsCount\":53,\"state\":\"pass\"}","Screenshot":""}
{"Type":"ScriptInfo","MonkeyStepsCount":53,"Time":"2026-05-31 01:50:03.910","Info":"{\"propName\":\"anki_droid.AnkiTest.test_check_cardbrowser\",\"startStepsCount\":53,\"state\":\"start\"}","Screenshot":""}
{"Type":"Script","MonkeyStepsCount":53,"Time":"2026-05-31 01:50:04.029","Info":"{\"jsonrpc\": \"2.0\", \"id\": 1, \"method\": \"click\", \"params\": [84.0, 252.0]}","Screenshot":""}
{"Type":"Script","MonkeyStepsCount":53,"Time":"2026-05-31 01:50:06.409","Info":"{\"jsonrpc\": \"2.0\", \"id\": 1, \"method\": \"click\", \"params\": [420.0, 686.0]}","Screenshot":""}
{"Type":"Script","MonkeyStepsCount":53,"Time":"2026-05-31 01:50:08.772","Info":"{\"jsonrpc\": \"2.0\", \"id\": 1, \"method\": \"click\", \"params\": [520.0, 223.0]}","Screenshot":""}
{"Type":"Script","MonkeyStepsCount":53,"Time":"2026-05-31 01:50:12.054","Info":"{\"jsonrpc\": \"2.0\", \"id\": 1, \"method\": \"click\", \"params\": [707.5, 852.0]}","Screenshot":""}
{"Type":"Script","MonkeyStepsCount":53,"Time":"2026-05-31 01:50:14.414","Info":"{\"jsonrpc\": \"2.0\", \"id\": 1, \"method\": \"click\", \"params\": [84.0, 252.0]}","Screenshot":""}
{"Type":"Script","MonkeyStepsCount":53,"Time":"2026-05-31 01:50:16.784","Info":"{\"jsonrpc\": \"2.0\", \"id\": 1, \"method\": \"click\", \"params\": [420.0, 546.0]}","Screenshot":""}
{"Type":"ScriptInfo","MonkeyStepsCount":53,"Time":"2026-05-31 01:50:17.030","Info":"{\"propName\":\"anki_droid.AnkiTest.test_check_cardbrowser\",\"startStepsCount\":53,\"state\":\"pass\"}","Screenshot":""}
