{"Type":"Monkey","MonkeyStepsCount":1,"Time":"2026-04-11 09:58:47.057","Info":"{\"act\":\"SCROLL_LEFT_RIGHT\",\"adbinput\":false,\"aid\":\"g0a5\",\"allowFuzzing\":true,\"clear\":false,\"editable\":false,\"jAction\":\"\",\"pos\":[0,0,1080,2280],\"rawinput\":false,\"sid\":\"\",\"text\":\"\",\"throttle\":61,\"waitTime\":0,\"widget\":\"{\\\"bounds\\\":\\\"[0,0][1080,2280]\\\",\\\"class\\\":\\\"android.widget.FrameLayout\\\",\\\"content-desc\\\":\\\"\\\",\\\"index\\\":0,\\\"resource-id\\\":\\\"\\\",\\\"text\\\":\\\"\\\"}\"}","Screenshot":""}
{"Type":"ScriptInfo","MonkeyStepsCount":1,"Time":"2026-04-11 09:58:47.648","Info":"{\"propName\":\"omni942.OmninotesTag.test_create_note\",\"startStepsCount\":1,\"state\":\"start\"}","Screenshot":""}
{"Type":"Script","MonkeyStepsCount":1,"Time":"2026-04-11 09:58:47.867","Info":"{\"jsonrpc\": \"2.0\", \"id\": 1, \"method\": \"click\", \"params\": [957.0, 2024.5]}","Screenshot":""}
{"Type":"Script","MonkeyStepsCount":1,"Time":"2026-04-11 09:58:48.697","Info":"{\"jsonrpc\": \"2.0\", \"id\": 1, \"method\": \"click\", \"params\": [957.5, 1832.5]}","Screenshot":""}
{"Type":"Script","MonkeyStepsCount":1,"Time":"2026-04-11 09:58:49.448","Info":"{\"jsonrpc\": \"2.0\", \"id\": 1, \"method\": \"setText\", \"params\": [{\"mask\": 2097152, \"childOrSibling\": [], \"childOrSiblingSelector\": [], \"resourceId\": \"it.feio.android.omninotes.alpha:id\/detail_title\"}, \"1nvrOrCjS\"]}","Screenshot":""}
{"Type":"Script","MonkeyStepsCount":1,"Time":"2026-04-11 09:58:50.058","Info":"{\"jsonrpc\": \"2.0\", \"id\": 1, \"method\": \"pressKey\", \"params\": [\"back\"]}","Screenshot":""}
{"Type":"ScriptInfo","MonkeyStepsCount":1,"Time":"2026-04-11 09:58:50.640","Info":"{\"propName\":\"omni942.OmninotesTag.test_create_note\",\"startStepsCount\":1,\"state\":\"pass\"}","Screenshot":""}
{"Type":"ScriptInfo","MonkeyStepsCount":1,"Time":"2026-04-11 09:58:50.906","Info":"{\"propName\":\"omni942.OmninotesTag.test_create_note_with_tag_in_content\",\"startStepsCount\":1,\"state\":\"start\"}","Screenshot":""}
{"Type":"Script","MonkeyStepsCount":1,"Time":"2026-04-11 09:58:51.065","Info":"{\"jsonrpc\": \"2.0\", \"id\": 1, \"method\": \"click\", \"params\": [957.0, 2024.5]}","Screenshot":""}
{"Type":"Script","MonkeyStepsCount":1,"Time":"2026-04-11 09:58:52.111","Info":"{\"jsonrpc\": \"2.0\", \"id\": 1, \"method\": \"click\", \"params\": [957.5, 1832.5]}","Screenshot":""}
{"Type":"Script","MonkeyStepsCount":1,"Time":"2026-04-11 09:58:52.847","Info":"{\"jsonrpc\": \"2.0\", \"id\": 1, \"method\": \"setText\", \"params\": [{\"mask\": 2097152, \"childOrSibling\": [], \"childOrSiblingSelector\": [], \"resourceId\": \"it.feio.android.omninotes.alpha:id\/detail_title\"}, \"rkjsYWO\"]}","Screenshot":""}
{"Type":"Script","MonkeyStepsCount":1,"Time":"2026-04-11 09:58:53.106","Info":"{\"jsonrpc\": \"2.0\", \"id\": 1, \"method\": \"setText\", \"params\": [{\"mask\": 2097152, \"childOrSibling\": [], \"childOrSiblingSelector\": [], \"resourceId\": \"it.feio.android.omninotes.alpha:id\/detail_content\"}, \"#tag1\"]}","Screenshot":""}
{"Type":"Script","MonkeyStepsCount":1,"Time":"2026-04-11 09:58:53.717","Info":"{\"jsonrpc\": \"2.0\", \"id\": 1, \"method\": \"pressKey\", \"params\": [\"back\"]}","Screenshot":""}
{"Type":"ScriptInfo","MonkeyStepsCount":1,"Time":"2026-04-11 09:58:54.276","Info":"{\"propName\":\"omni942.OmninotesTag.test_create_note_with_tag_in_content\",\"startStepsCount\":1,\"state\":\"pass\"}","Screenshot":""}
{"Type":"ScriptInfo","MonkeyStepsCount":1,"Time":"2026-04-11 09:58:54.570","Info":"{\"propName\":\"omni942.OmninotesTag.test_open_existing_note\",\"startStepsCount\":1,\"state\":\"start\"}","Screenshot":""}
{"Type":"Script","MonkeyStepsCount":1,"Time":"2026-04-11 09:58:55.459","Info":"{\"jsonrpc\": \"2.0\", \"id\": 1, \"method\": \"click\", \"params\": [536.0, 608.5]}","Screenshot":""}
{"Type":"ScriptInfo","MonkeyStepsCount":1,"Time":"2026-04-11 09:58:56.147","Info":"{\"propName\":\"omni942.OmninotesTag.test_open_existing_note\",\"startStepsCount\":1,\"state\":\"pass\"}","Screenshot":""}
{"Type":"ScriptInfo","MonkeyStepsCount":1,"Time":"2026-04-11 09:58:56.427","Info":"{\"propName\":\"omni942.OmninotesTag.test_add_and_remove_tag\",\"startStepsCount\":1,\"state\":\"start\"}","Screenshot":""}
{"Type":"Script","MonkeyStepsCount":1,"Time":"2026-04-11 09:58:56.792","Info":"{\"jsonrpc\": \"2.0\", \"id\": 1, \"method\": \"click\", \"params\": [771.0, 160.0]}","Screenshot":""}
{"Type":"Script","MonkeyStepsCount":1,"Time":"2026-04-11 09:58:57.696","Info":"{\"jsonrpc\": \"2.0\", \"id\": 1, \"method\": \"click\", \"params\": [360.5, 1106.0]}","Screenshot":""}
{"Type":"Script","MonkeyStepsCount":1,"Time":"2026-04-11 09:58:58.495","Info":"{\"jsonrpc\": \"2.0\", \"id\": 1, \"method\": \"click\", \"params\": [843.5, 1250.0]}","Screenshot":""}
{"Type":"Script","MonkeyStepsCount":1,"Time":"2026-04-11 09:58:59.366","Info":"{\"jsonrpc\": \"2.0\", \"id\": 1, \"method\": \"click\", \"params\": [771.0, 160.0]}","Screenshot":""}
{"Type":"Script","MonkeyStepsCount":1,"Time":"2026-04-11 09:59:00.236","Info":"{\"jsonrpc\": \"2.0\", \"id\": 1, \"method\": \"click\", \"params\": [360.5, 1106.0]}","Screenshot":""}
{"Type":"Script","MonkeyStepsCount":1,"Time":"2026-04-11 09:59:01.010","Info":"{\"jsonrpc\": \"2.0\", \"id\": 1, \"method\": \"click\", \"params\": [843.5, 1250.0]}","Screenshot":""}
{"Type":"Script","MonkeyStepsCount":1,"Time":"2026-04-11 09:59:01.861","Info":"{\"jsonrpc\": \"2.0\", \"id\": 1, \"method\": \"pressKey\", \"params\": [\"back\"]}","Screenshot":""}
{"Type":"ScriptInfo","MonkeyStepsCount":1,"Time":"2026-04-11 09:59:02.453","Info":"{\"propName\":\"omni942.OmninotesTag.test_add_and_remove_tag\",\"startStepsCount\":1,\"state\":\"pass\"}","Screenshot":""}
{"Type":"ScriptInfo","MonkeyStepsCount":1,"Time":"2026-04-11 09:59:02.752","Info":"{\"propName\":\"omni942.OmninotesTag.test_behavior_setting\",\"startStepsCount\":1,\"state\":\"start\"}","Screenshot":""}
{"Type":"Script","MonkeyStepsCount":1,"Time":"2026-04-11 09:59:03.063","Info":"{\"jsonrpc\": \"2.0\", \"id\": 1, \"method\": \"click\", \"params\": [77.0, 160.0]}","Screenshot":""}
{"Type":"Script","MonkeyStepsCount":1,"Time":"2026-04-11 09:59:03.941","Info":"{\"jsonrpc\": \"2.0\", \"id\": 1, \"method\": \"click\", \"params\": [478.5, 639.0]}","Screenshot":""}
{"Type":"Script","MonkeyStepsCount":1,"Time":"2026-04-11 09:59:06.298","Info":"{\"jsonrpc\": \"2.0\", \"id\": 1, \"method\": \"click\", \"params\": [140.5, 892.5]}","Screenshot":""}
{"Type":"Script","MonkeyStepsCount":1,"Time":"2026-04-11 09:59:07.137","Info":"{\"jsonrpc\": \"2.0\", \"id\": 1, \"method\": \"click\", \"params\": [972.0, 510.0]}","Screenshot":""}
{"Type":"Script","MonkeyStepsCount":1,"Time":"2026-04-11 09:59:07.945","Info":"{\"jsonrpc\": \"2.0\", \"id\": 1, \"method\": \"click\", \"params\": [972.0, 510.0]}","Screenshot":""}
{"Type":"Script","MonkeyStepsCount":1,"Time":"2026-04-11 09:59:08.633","Info":"{\"jsonrpc\": \"2.0\", \"id\": 1, \"method\": \"pressKey\", \"params\": [\"back\"]}","Screenshot":""}
{"Type":"Script","MonkeyStepsCount":1,"Time":"2026-04-11 09:59:09.212","Info":"{\"jsonrpc\": \"2.0\", \"id\": 1, \"method\": \"pressKey\", \"params\": [\"back\"]}","Screenshot":""}
{"Type":"Script","MonkeyStepsCount":1,"Time":"2026-04-11 09:59:10.372","Info":"{\"jsonrpc\": \"2.0\", \"id\": 1, \"method\": \"pressKey\", \"params\": [\"back\"]}","Screenshot":""}
{"Type":"ScriptInfo","MonkeyStepsCount":1,"Time":"2026-04-11 09:59:10.965","Info":"{\"propName\":\"omni942.OmninotesTag.test_behavior_setting\",\"startStepsCount\":1,\"state\":\"pass\"}","Screenshot":""}
{"Type":"ScriptInfo","MonkeyStepsCount":1,"Time":"2026-04-11 09:59:11.285","Info":"{\"propName\":\"omni942.OmninotesTag.test_open_existing_note\",\"startStepsCount\":1,\"state\":\"start\"}","Screenshot":""}
{"Type":"Script","MonkeyStepsCount":1,"Time":"2026-04-11 09:59:11.810","Info":"{\"jsonrpc\": \"2.0\", \"id\": 1, \"method\": \"click\", \"params\": [536.0, 308.5]}","Screenshot":""}
{"Type":"ScriptInfo","MonkeyStepsCount":1,"Time":"2026-04-11 09:59:12.529","Info":"{\"propName\":\"omni942.OmninotesTag.test_open_existing_note\",\"startStepsCount\":1,\"state\":\"pass\"}","Screenshot":""}
{"Type":"ScriptInfo","MonkeyStepsCount":1,"Time":"2026-04-11 09:59:12.832","Info":"{\"propName\":\"omni942.OmninotesTag.test_add_and_remove_tag\",\"startStepsCount\":1,\"state\":\"start\"}","Screenshot":""}
{"Type":"Script","MonkeyStepsCount":1,"Time":"2026-04-11 09:59:13.163","Info":"{\"jsonrpc\": \"2.0\", \"id\": 1, \"method\": \"click\", \"params\": [771.0, 160.0]}","Screenshot":""}
{"Type":"Script","MonkeyStepsCount":1,"Time":"2026-04-11 09:59:14.051","Info":"{\"jsonrpc\": \"2.0\", \"id\": 1, \"method\": \"click\", \"params\": [360.5, 1106.0]}","Screenshot":""}
{"Type":"Script","MonkeyStepsCount":1,"Time":"2026-04-11 09:59:14.877","Info":"{\"jsonrpc\": \"2.0\", \"id\": 1, \"method\": \"click\", \"params\": [843.5, 1250.0]}","Screenshot":""}
{"Type":"Script","MonkeyStepsCount":1,"Time":"2026-04-11 09:59:15.652","Info":"{\"jsonrpc\": \"2.0\", \"id\": 1, \"method\": \"click\", \"params\": [771.0, 160.0]}","Screenshot":""}
{"Type":"Script","MonkeyStepsCount":1,"Time":"2026-04-11 09:59:16.469","Info":"{\"jsonrpc\": \"2.0\", \"id\": 1, \"method\": \"click\", \"params\": [360.5, 1106.0]}","Screenshot":""}
{"Type":"Script","MonkeyStepsCount":1,"Time":"2026-04-11 09:59:17.342","Info":"{\"jsonrpc\": \"2.0\", \"id\": 1, \"method\": \"click\", \"params\": [843.5, 1250.0]}","Screenshot":""}
{"Type":"Script","MonkeyStepsCount":1,"Time":"2026-04-11 09:59:18.157","Info":"{\"jsonrpc\": \"2.0\", \"id\": 1, \"method\": \"pressKey\", \"params\": [\"back\"]}","Screenshot":""}
{"Type":"ScriptInfo","MonkeyStepsCount":1,"Time":"2026-04-11 09:59:18.709","Info":"{\"propName\":\"omni942.OmninotesTag.test_add_and_remove_tag\",\"startStepsCount\":1,\"state\":\"pass\"}","Screenshot":""}
{"Type":"ScriptInfo","MonkeyStepsCount":1,"Time":"2026-04-11 09:59:18.986","Info":"{\"propName\":\"omni942.OmninotesTag.test_create_note\",\"startStepsCount\":1,\"state\":\"start\"}","Screenshot":""}
{"Type":"Script","MonkeyStepsCount":1,"Time":"2026-04-11 09:59:19.129","Info":"{\"jsonrpc\": \"2.0\", \"id\": 1, \"method\": \"click\", \"params\": [957.0, 2024.5]}","Screenshot":""}
{"Type":"Script","MonkeyStepsCount":1,"Time":"2026-04-11 09:59:20.117","Info":"{\"jsonrpc\": \"2.0\", \"id\": 1, \"method\": \"click\", \"params\": [957.5, 1832.5]}","Screenshot":""}
{"Type":"Script","MonkeyStepsCount":1,"Time":"2026-04-11 09:59:20.951","Info":"{\"jsonrpc\": \"2.0\", \"id\": 1, \"method\": \"setText\", \"params\": [{\"mask\": 2097152, \"childOrSibling\": [], \"childOrSiblingSelector\": [], \"resourceId\": \"it.feio.android.omninotes.alpha:id\/detail_title\"}, \"BRha2sY9g\"]}","Screenshot":""}
{"Type":"Script","MonkeyStepsCount":1,"Time":"2026-04-11 09:59:21.133","Info":"{\"jsonrpc\": \"2.0\", \"id\": 1, \"method\": \"setText\", \"params\": [{\"mask\": 2097152, \"childOrSibling\": [], \"childOrSiblingSelector\": [], \"resourceId\": \"it.feio.android.omninotes.alpha:id\/detail_content\"}, \"abc123\"]}","Screenshot":""}
{"Type":"Script","MonkeyStepsCount":1,"Time":"2026-04-11 09:59:21.768","Info":"{\"jsonrpc\": \"2.0\", \"id\": 1, \"method\": \"pressKey\", \"params\": [\"back\"]}","Screenshot":""}
{"Type":"ScriptInfo","MonkeyStepsCount":1,"Time":"2026-04-11 09:59:22.367","Info":"{\"propName\":\"omni942.OmninotesTag.test_create_note\",\"startStepsCount\":1,\"state\":\"pass\"}","Screenshot":""}
{"Type":"ScriptInfo","MonkeyStepsCount":1,"Time":"2026-04-11 09:59:22.682","Info":"{\"propName\":\"omni942.OmninotesTag.test_open_existing_note\",\"startStepsCount\":1,\"state\":\"start\"}","Screenshot":""}
{"Type":"Script","MonkeyStepsCount":1,"Time":"2026-04-11 09:59:23.839","Info":"{\"jsonrpc\": \"2.0\", \"id\": 1, \"method\": \"click\", \"params\": [536.0, 608.5]}","Screenshot":""}
{"Type":"ScriptInfo","MonkeyStepsCount":1,"Time":"2026-04-11 09:59:24.509","Info":"{\"propName\":\"omni942.OmninotesTag.test_open_existing_note\",\"startStepsCount\":1,\"state\":\"pass\"}","Screenshot":""}
{"Type":"ScriptInfo","MonkeyStepsCount":1,"Time":"2026-04-11 09:59:24.811","Info":"{\"propName\":\"omni942.OmninotesTag.test_add_and_remove_tag\",\"startStepsCount\":1,\"state\":\"start\"}","Screenshot":""}
{"Type":"Script","MonkeyStepsCount":1,"Time":"2026-04-11 09:59:25.094","Info":"{\"jsonrpc\": \"2.0\", \"id\": 1, \"method\": \"click\", \"params\": [771.0, 160.0]}","Screenshot":""}
{"Type":"Script","MonkeyStepsCount":1,"Time":"2026-04-11 09:59:26.060","Info":"{\"jsonrpc\": \"2.0\", \"id\": 1, \"method\": \"click\", \"params\": [360.5, 1106.0]}","Screenshot":""}
{"Type":"Script","MonkeyStepsCount":1,"Time":"2026-04-11 09:59:26.870","Info":"{\"jsonrpc\": \"2.0\", \"id\": 1, \"method\": \"click\", \"params\": [843.5, 1250.0]}","Screenshot":""}
{"Type":"Script","MonkeyStepsCount":1,"Time":"2026-04-11 09:59:27.704","Info":"{\"jsonrpc\": \"2.0\", \"id\": 1, \"method\": \"click\", \"params\": [771.0, 160.0]}","Screenshot":""}
{"Type":"Script","MonkeyStepsCount":1,"Time":"2026-04-11 09:59:28.626","Info":"{\"jsonrpc\": \"2.0\", \"id\": 1, \"method\": \"click\", \"params\": [360.5, 1106.0]}","Screenshot":""}
{"Type":"Script","MonkeyStepsCount":1,"Time":"2026-04-11 09:59:29.470","Info":"{\"jsonrpc\": \"2.0\", \"id\": 1, \"method\": \"click\", \"params\": [843.5, 1250.0]}","Screenshot":""}
{"Type":"Script","MonkeyStepsCount":1,"Time":"2026-04-11 09:59:30.254","Info":"{\"jsonrpc\": \"2.0\", \"id\": 1, \"method\": \"pressKey\", \"params\": [\"back\"]}","Screenshot":""}
{"Type":"ScriptInfo","MonkeyStepsCount":1,"Time":"2026-04-11 09:59:30.814","Info":"{\"propName\":\"omni942.OmninotesTag.test_add_and_remove_tag\",\"startStepsCount\":1,\"state\":\"fail\"}","Screenshot":""}
{"Type":"ScriptInfo","MonkeyStepsCount":1,"Time":"2026-04-11 09:59:31.141","Info":"{\"propName\":\"omni942.OmninotesTag.test_create_note\",\"startStepsCount\":1,\"state\":\"start\"}","Screenshot":""}
{"Type":"Script","MonkeyStepsCount":1,"Time":"2026-04-11 09:59:31.330","Info":"{\"jsonrpc\": \"2.0\", \"id\": 1, \"method\": \"click\", \"params\": [957.0, 2024.5]}","Screenshot":""}
{"Type":"Script","MonkeyStepsCount":1,"Time":"2026-04-11 09:59:32.358","Info":"{\"jsonrpc\": \"2.0\", \"id\": 1, \"method\": \"click\", \"params\": [957.5, 1832.5]}","Screenshot":""}
{"Type":"Script","MonkeyStepsCount":1,"Time":"2026-04-11 09:59:33.129","Info":"{\"jsonrpc\": \"2.0\", \"id\": 1, \"method\": \"setText\", \"params\": [{\"mask\": 2097152, \"childOrSibling\": [], \"childOrSiblingSelector\": [], \"resourceId\": \"it.feio.android.omninotes.alpha:id\/detail_title\"}, \"478e\"]}","Screenshot":""}
{"Type":"Script","MonkeyStepsCount":1,"Time":"2026-04-11 09:59:33.338","Info":"{\"jsonrpc\": \"2.0\", \"id\": 1, \"method\": \"setText\", \"params\": [{\"mask\": 2097152, \"childOrSibling\": [], \"childOrSiblingSelector\": [], \"resourceId\": \"it.feio.android.omninotes.alpha:id\/detail_content\"}, \"abc123\"]}","Screenshot":""}
{"Type":"Script","MonkeyStepsCount":1,"Time":"2026-04-11 09:59:33.947","Info":"{\"jsonrpc\": \"2.0\", \"id\": 1, \"method\": \"pressKey\", \"params\": [\"back\"]}","Screenshot":""}
{"Type":"ScriptInfo","MonkeyStepsCount":1,"Time":"2026-04-11 09:59:34.547","Info":"{\"propName\":\"omni942.OmninotesTag.test_create_note\",\"startStepsCount\":1,\"state\":\"pass\"}","Screenshot":""}
{"Type":"ScriptInfo","MonkeyStepsCount":1,"Time":"2026-04-11 09:59:34.869","Info":"{\"propName\":\"omni942.OmninotesTag.test_data_setting\",\"startStepsCount\":1,\"state\":\"start\"}","Screenshot":""}
{"Type":"Script","MonkeyStepsCount":1,"Time":"2026-04-11 09:59:38.243","Info":"{\"jsonrpc\": \"2.0\", \"id\": 1, \"method\": \"click\", \"params\": [77.0, 160.0]}","Screenshot":""}
{"Type":"Script","MonkeyStepsCount":1,"Time":"2026-04-11 09:59:39.156","Info":"{\"jsonrpc\": \"2.0\", \"id\": 1, \"method\": \"click\", \"params\": [478.5, 639.0]}","Screenshot":""}
{"Type":"Script","MonkeyStepsCount":1,"Time":"2026-04-11 09:59:40.080","Info":"{\"jsonrpc\": \"2.0\", \"id\": 1, \"method\": \"click\", \"params\": [89.5, 451.5]}","Screenshot":""}
{"Type":"Script","MonkeyStepsCount":1,"Time":"2026-04-11 09:59:40.891","Info":"{\"jsonrpc\": \"2.0\", \"id\": 1, \"method\": \"click\", \"params\": [222.5, 310.5]}","Screenshot":""}
{"Type":"Script","MonkeyStepsCount":1,"Time":"2026-04-11 09:59:41.584","Info":"{\"jsonrpc\": \"2.0\", \"id\": 1, \"method\": \"pressKey\", \"params\": [\"back\"]}","Screenshot":""}
{"Type":"Script","MonkeyStepsCount":1,"Time":"2026-04-11 09:59:42.179","Info":"{\"jsonrpc\": \"2.0\", \"id\": 1, \"method\": \"pressKey\", \"params\": [\"back\"]}","Screenshot":""}
{"Type":"Script","MonkeyStepsCount":1,"Time":"2026-04-11 09:59:42.755","Info":"{\"jsonrpc\": \"2.0\", \"id\": 1, \"method\": \"pressKey\", \"params\": [\"back\"]}","Screenshot":""}
{"Type":"Script","MonkeyStepsCount":1,"Time":"2026-04-11 09:59:43.908","Info":"{\"jsonrpc\": \"2.0\", \"id\": 1, \"method\": \"pressKey\", \"params\": [\"back\"]}","Screenshot":""}
{"Type":"ScriptInfo","MonkeyStepsCount":1,"Time":"2026-04-11 09:59:44.476","Info":"{\"propName\":\"omni942.OmninotesTag.test_data_setting\",\"startStepsCount\":1,\"state\":\"pass\"}","Screenshot":""}
{"Type":"Monkey","MonkeyStepsCount":2,"Time":"2026-04-11 09:59:44.817","Info":"{\"act\":\"CLICK\",\"adbinput\":false,\"aid\":\"g0a7\",\"allowFuzzing\":true,\"clear\":false,\"editable\":false,\"jAction\":\"\",\"pos\":[705,94,837,226],\"rawinput\":false,\"sid\":\"\",\"text\":\"\",\"throttle\":35,\"waitTime\":0,\"widget\":\"{\\\"bounds\\\":\\\"[705,94][837,226]\\\",\\\"class\\\":\\\"android.widget.Button\\\",\\\"content-desc\\\":\\\"Search\\\",\\\"index\\\":0,\\\"resource-id\\\":\\\"it.feio.android.omninotes.alpha:id\/menu_search\\\",\\\"text\\\":\\\"\\\"}\"}","Screenshot":""}
{"Type":"ScriptInfo","MonkeyStepsCount":2,"Time":"2026-04-11 09:59:45.102","Info":"{\"propName\":\"omni942.OmninotesTag.test_open_existing_note\",\"startStepsCount\":2,\"state\":\"start\"}","Screenshot":""}
{"Type":"Script","MonkeyStepsCount":2,"Time":"2026-04-11 09:59:45.886","Info":"{\"jsonrpc\": \"2.0\", \"id\": 1, \"method\": \"click\", \"params\": [536.0, 308.5]}","Screenshot":""}
{"Type":"ScriptInfo","MonkeyStepsCount":2,"Time":"2026-04-11 09:59:46.606","Info":"{\"propName\":\"omni942.OmninotesTag.test_open_existing_note\",\"startStepsCount\":2,\"state\":\"pass\"}","Screenshot":""}
{"Type":"ScriptInfo","MonkeyStepsCount":2,"Time":"2026-04-11 09:59:46.921","Info":"{\"propName\":\"omni942.OmninotesTag.test_add_and_remove_tag\",\"startStepsCount\":2,\"state\":\"start\"}","Screenshot":""}
{"Type":"Script","MonkeyStepsCount":2,"Time":"2026-04-11 09:59:47.327","Info":"{\"jsonrpc\": \"2.0\", \"id\": 1, \"method\": \"click\", \"params\": [771.0, 160.0]}","Screenshot":""}
{"Type":"Script","MonkeyStepsCount":2,"Time":"2026-04-11 09:59:48.114","Info":"{\"jsonrpc\": \"2.0\", \"id\": 1, \"method\": \"click\", \"params\": [360.5, 1106.0]}","Screenshot":""}
{"Type":"Script","MonkeyStepsCount":2,"Time":"2026-04-11 09:59:48.957","Info":"{\"jsonrpc\": \"2.0\", \"id\": 1, \"method\": \"click\", \"params\": [843.5, 1250.0]}","Screenshot":""}
{"Type":"Script","MonkeyStepsCount":2,"Time":"2026-04-11 09:59:49.741","Info":"{\"jsonrpc\": \"2.0\", \"id\": 1, \"method\": \"click\", \"params\": [771.0, 160.0]}","Screenshot":""}
{"Type":"Script","MonkeyStepsCount":2,"Time":"2026-04-11 09:59:50.539","Info":"{\"jsonrpc\": \"2.0\", \"id\": 1, \"method\": \"click\", \"params\": [360.5, 1106.0]}","Screenshot":""}
{"Type":"Script","MonkeyStepsCount":2,"Time":"2026-04-11 09:59:51.329","Info":"{\"jsonrpc\": \"2.0\", \"id\": 1, \"method\": \"click\", \"params\": [843.5, 1250.0]}","Screenshot":""}
{"Type":"Script","MonkeyStepsCount":2,"Time":"2026-04-11 09:59:52.087","Info":"{\"jsonrpc\": \"2.0\", \"id\": 1, \"method\": \"pressKey\", \"params\": [\"back\"]}","Screenshot":""}
{"Type":"ScriptInfo","MonkeyStepsCount":2,"Time":"2026-04-11 09:59:52.685","Info":"{\"propName\":\"omni942.OmninotesTag.test_add_and_remove_tag\",\"startStepsCount\":2,\"state\":\"pass\"}","Screenshot":""}
{"Type":"ScriptInfo","MonkeyStepsCount":2,"Time":"2026-04-11 09:59:52.974","Info":"{\"propName\":\"omni942.OmninotesTag.test_open_existing_note\",\"startStepsCount\":2,\"state\":\"start\"}","Screenshot":""}
{"Type":"Script","MonkeyStepsCount":2,"Time":"2026-04-11 09:59:53.786","Info":"{\"jsonrpc\": \"2.0\", \"id\": 1, \"method\": \"click\", \"params\": [536.0, 908.5]}","Screenshot":""}
{"Type":"ScriptInfo","MonkeyStepsCount":2,"Time":"2026-04-11 09:59:54.482","Info":"{\"propName\":\"omni942.OmninotesTag.test_open_existing_note\",\"startStepsCount\":2,\"state\":\"pass\"}","Screenshot":""}
{"Type":"ScriptInfo","MonkeyStepsCount":2,"Time":"2026-04-11 09:59:54.774","Info":"{\"propName\":\"omni942.OmninotesTag.test_add_and_remove_tag\",\"startStepsCount\":2,\"state\":\"start\"}","Screenshot":""}
{"Type":"Script","MonkeyStepsCount":2,"Time":"2026-04-11 09:59:55.052","Info":"{\"jsonrpc\": \"2.0\", \"id\": 1, \"method\": \"click\", \"params\": [771.0, 160.0]}","Screenshot":""}
{"Type":"Script","MonkeyStepsCount":2,"Time":"2026-04-11 09:59:56.032","Info":"{\"jsonrpc\": \"2.0\", \"id\": 1, \"method\": \"click\", \"params\": [360.5, 1106.0]}","Screenshot":""}
{"Type":"Script","MonkeyStepsCount":2,"Time":"2026-04-11 09:59:56.861","Info":"{\"jsonrpc\": \"2.0\", \"id\": 1, \"method\": \"click\", \"params\": [843.5, 1250.0]}","Screenshot":""}
{"Type":"Script","MonkeyStepsCount":2,"Time":"2026-04-11 09:59:57.702","Info":"{\"jsonrpc\": \"2.0\", \"id\": 1, \"method\": \"click\", \"params\": [771.0, 160.0]}","Screenshot":""}
{"Type":"Script","MonkeyStepsCount":2,"Time":"2026-04-11 09:59:58.520","Info":"{\"jsonrpc\": \"2.0\", \"id\": 1, \"method\": \"click\", \"params\": [360.5, 1106.0]}","Screenshot":""}
{"Type":"Script","MonkeyStepsCount":2,"Time":"2026-04-11 09:59:59.317","Info":"{\"jsonrpc\": \"2.0\", \"id\": 1, \"method\": \"click\", \"params\": [843.5, 1250.0]}","Screenshot":""}
{"Type":"Script","MonkeyStepsCount":2,"Time":"2026-04-11 10:00:00.134","Info":"{\"jsonrpc\": \"2.0\", \"id\": 1, \"method\": \"pressKey\", \"params\": [\"back\"]}","Screenshot":""}
{"Type":"ScriptInfo","MonkeyStepsCount":2,"Time":"2026-04-11 10:00:00.712","Info":"{\"propName\":\"omni942.OmninotesTag.test_add_and_remove_tag\",\"startStepsCount\":2,\"state\":\"pass\"}","Screenshot":""}
{"Type":"ScriptInfo","MonkeyStepsCount":2,"Time":"2026-04-11 10:00:01.009","Info":"{\"propName\":\"omni942.OmninotesTag.test_create_note\",\"startStepsCount\":2,\"state\":\"start\"}","Screenshot":""}
{"Type":"Script","MonkeyStepsCount":2,"Time":"2026-04-11 10:00:01.149","Info":"{\"jsonrpc\": \"2.0\", \"id\": 1, \"method\": \"click\", \"params\": [957.0, 2024.5]}","Screenshot":""}
{"Type":"Script","MonkeyStepsCount":2,"Time":"2026-04-11 10:00:02.121","Info":"{\"jsonrpc\": \"2.0\", \"id\": 1, \"method\": \"click\", \"params\": [957.5, 1832.5]}","Screenshot":""}
{"Type":"Script","MonkeyStepsCount":2,"Time":"2026-04-11 10:00:02.888","Info":"{\"jsonrpc\": \"2.0\", \"id\": 1, \"method\": \"setText\", \"params\": [{\"mask\": 2097152, \"childOrSibling\": [], \"childOrSiblingSelector\": [], \"resourceId\": \"it.feio.android.omninotes.alpha:id\/detail_title\"}, \"JSHNGay\"]}","Screenshot":""}
{"Type":"Script","MonkeyStepsCount":2,"Time":"2026-04-11 10:00:03.529","Info":"{\"jsonrpc\": \"2.0\", \"id\": 1, \"method\": \"pressKey\", \"params\": [\"back\"]}","Screenshot":""}
{"Type":"ScriptInfo","MonkeyStepsCount":2,"Time":"2026-04-11 10:00:04.111","Info":"{\"propName\":\"omni942.OmninotesTag.test_create_note\",\"startStepsCount\":2,\"state\":\"pass\"}","Screenshot":""}
{"Type":"Monkey","MonkeyStepsCount":3,"Time":"2026-04-11 10:00:04.391","Info":"{\"act\":\"LONG_CLICK\",\"adbinput\":false,\"aid\":\"g0a15\",\"allowFuzzing\":true,\"clear\":false,\"editable\":false,\"jAction\":\"\",\"pos\":[22,259,1058,540],\"rawinput\":false,\"sid\":\"\",\"text\":\"\",\"throttle\":98,\"waitTime\":0,\"widget\":\"{\\\"bounds\\\":\\\"[22,259][1058,540]\\\",\\\"class\\\":\\\"android.widget.FrameLayout\\\",\\\"content-desc\\\":\\\"\\\",\\\"index\\\":0,\\\"resource-id\\\":\\\"it.feio.android.omninotes.alpha:id\/root\\\",\\\"text\\\":\\\"\\\"}\"}","Screenshot":""}
{"Type":"Monkey","MonkeyStepsCount":4,"Time":"2026-04-11 10:00:05.787","Info":"{\"act\":\"CLICK\",\"adbinput\":false,\"aid\":\"g0a16\",\"allowFuzzing\":true,\"clear\":false,\"editable\":false,\"jAction\":\"\",\"pos\":[573,94,705,226],\"rawinput\":false,\"sid\":\"\",\"text\":\"\",\"throttle\":59,\"waitTime\":0,\"widget\":\"{\\\"bounds\\\":\\\"[573,94][705,226]\\\",\\\"class\\\":\\\"android.widget.Button\\\",\\\"content-desc\\\":\\\"Share\\\",\\\"index\\\":0,\\\"resource-id\\\":\\\"it.feio.android.omninotes.alpha:id\/menu_share\\\",\\\"text\\\":\\\"\\\"}\"}","Screenshot":""}
{"Type":"ScriptInfo","MonkeyStepsCount":4,"Time":"2026-04-11 10:00:06.151","Info":"{\"propName\":\"omni942.OmninotesTag.test_open_existing_note\",\"startStepsCount\":4,\"state\":\"start\"}","Screenshot":""}
{"Type":"Script","MonkeyStepsCount":4,"Time":"2026-04-11 10:00:07.061","Info":"{\"jsonrpc\": \"2.0\", \"id\": 1, \"method\": \"click\", \"params\": [536.0, 908.5]}","Screenshot":""}
{"Type":"ScriptInfo","MonkeyStepsCount":4,"Time":"2026-04-11 10:00:07.752","Info":"{\"propName\":\"omni942.OmninotesTag.test_open_existing_note\",\"startStepsCount\":4,\"state\":\"pass\"}","Screenshot":""}
{"Type":"ScriptInfo","MonkeyStepsCount":4,"Time":"2026-04-11 10:00:08.018","Info":"{\"propName\":\"omni942.OmninotesTag.test_add_and_remove_tag\",\"startStepsCount\":4,\"state\":\"start\"}","Screenshot":""}
{"Type":"Script","MonkeyStepsCount":4,"Time":"2026-04-11 10:00:08.283","Info":"{\"jsonrpc\": \"2.0\", \"id\": 1, \"method\": \"click\", \"params\": [771.0, 160.0]}","Screenshot":""}
{"Type":"Script","MonkeyStepsCount":4,"Time":"2026-04-11 10:00:09.293","Info":"{\"jsonrpc\": \"2.0\", \"id\": 1, \"method\": \"click\", \"params\": [360.5, 1106.0]}","Screenshot":""}
{"Type":"Script","MonkeyStepsCount":4,"Time":"2026-04-11 10:00:10.130","Info":"{\"jsonrpc\": \"2.0\", \"id\": 1, \"method\": \"click\", \"params\": [843.5, 1250.0]}","Screenshot":""}
{"Type":"Script","MonkeyStepsCount":4,"Time":"2026-04-11 10:00:10.910","Info":"{\"jsonrpc\": \"2.0\", \"id\": 1, \"method\": \"click\", \"params\": [771.0, 160.0]}","Screenshot":""}
{"Type":"Script","MonkeyStepsCount":4,"Time":"2026-04-11 10:00:11.722","Info":"{\"jsonrpc\": \"2.0\", \"id\": 1, \"method\": \"click\", \"params\": [360.5, 1106.0]}","Screenshot":""}
{"Type":"Script","MonkeyStepsCount":4,"Time":"2026-04-11 10:00:12.559","Info":"{\"jsonrpc\": \"2.0\", \"id\": 1, \"method\": \"click\", \"params\": [843.5, 1250.0]}","Screenshot":""}
{"Type":"Script","MonkeyStepsCount":4,"Time":"2026-04-11 10:00:13.380","Info":"{\"jsonrpc\": \"2.0\", \"id\": 1, \"method\": \"pressKey\", \"params\": [\"back\"]}","Screenshot":""}
{"Type":"ScriptInfo","MonkeyStepsCount":4,"Time":"2026-04-11 10:00:14.003","Info":"{\"propName\":\"omni942.OmninotesTag.test_add_and_remove_tag\",\"startStepsCount\":4,\"state\":\"pass\"}","Screenshot":""}
{"Type":"ScriptInfo","MonkeyStepsCount":4,"Time":"2026-04-11 10:00:14.274","Info":"{\"propName\":\"omni942.OmninotesTag.test_open_existing_note\",\"startStepsCount\":4,\"state\":\"start\"}","Screenshot":""}
{"Type":"Script","MonkeyStepsCount":4,"Time":"2026-04-11 10:00:15.331","Info":"{\"jsonrpc\": \"2.0\", \"id\": 1, \"method\": \"click\", \"params\": [536.0, 1508.5]}","Screenshot":""}
{"Type":"ScriptInfo","MonkeyStepsCount":4,"Time":"2026-04-11 10:00:16.067","Info":"{\"propName\":\"omni942.OmninotesTag.test_open_existing_note\",\"startStepsCount\":4,\"state\":\"pass\"}","Screenshot":""}
{"Type":"ScriptInfo","MonkeyStepsCount":4,"Time":"2026-04-11 10:00:16.361","Info":"{\"propName\":\"omni942.OmninotesTag.test_add_and_remove_tag\",\"startStepsCount\":4,\"state\":\"start\"}","Screenshot":""}
{"Type":"Script","MonkeyStepsCount":4,"Time":"2026-04-11 10:00:16.701","Info":"{\"jsonrpc\": \"2.0\", \"id\": 1, \"method\": \"click\", \"params\": [771.0, 160.0]}","Screenshot":""}
{"Type":"Script","MonkeyStepsCount":4,"Time":"2026-04-11 10:00:17.590","Info":"{\"jsonrpc\": \"2.0\", \"id\": 1, \"method\": \"click\", \"params\": [360.5, 1106.0]}","Screenshot":""}
{"Type":"Script","MonkeyStepsCount":4,"Time":"2026-04-11 10:00:18.431","Info":"{\"jsonrpc\": \"2.0\", \"id\": 1, \"method\": \"click\", \"params\": [843.5, 1250.0]}","Screenshot":""}
{"Type":"Script","MonkeyStepsCount":4,"Time":"2026-04-11 10:00:19.306","Info":"{\"jsonrpc\": \"2.0\", \"id\": 1, \"method\": \"click\", \"params\": [771.0, 160.0]}","Screenshot":""}
{"Type":"Script","MonkeyStepsCount":4,"Time":"2026-04-11 10:00:20.193","Info":"{\"jsonrpc\": \"2.0\", \"id\": 1, \"method\": \"click\", \"params\": [360.5, 1106.0]}","Screenshot":""}
{"Type":"Script","MonkeyStepsCount":4,"Time":"2026-04-11 10:00:21.056","Info":"{\"jsonrpc\": \"2.0\", \"id\": 1, \"method\": \"click\", \"params\": [843.5, 1250.0]}","Screenshot":""}
{"Type":"Script","MonkeyStepsCount":4,"Time":"2026-04-11 10:00:21.867","Info":"{\"jsonrpc\": \"2.0\", \"id\": 1, \"method\": \"pressKey\", \"params\": [\"back\"]}","Screenshot":""}
{"Type":"ScriptInfo","MonkeyStepsCount":4,"Time":"2026-04-11 10:00:22.491","Info":"{\"propName\":\"omni942.OmninotesTag.test_add_and_remove_tag\",\"startStepsCount\":4,\"state\":\"pass\"}","Screenshot":""}
{"Type":"ScriptInfo","MonkeyStepsCount":4,"Time":"2026-04-11 10:00:22.788","Info":"{\"propName\":\"omni942.OmninotesTag.test_reduced_view\",\"startStepsCount\":4,\"state\":\"start\"}","Screenshot":""}
{"Type":"Script","MonkeyStepsCount":4,"Time":"2026-04-11 10:00:22.942","Info":"{\"jsonrpc\": \"2.0\", \"id\": 1, \"method\": \"click\", \"params\": [1024.5, 160.0]}","Screenshot":""}
{"Type":"Script","MonkeyStepsCount":4,"Time":"2026-04-11 10:00:23.921","Info":"{\"jsonrpc\": \"2.0\", \"id\": 1, \"method\": \"click\", \"params\": [799.5, 182.5]}","Screenshot":""}
{"Type":"Script","MonkeyStepsCount":4,"Time":"2026-04-11 10:00:24.679","Info":"{\"jsonrpc\": \"2.0\", \"id\": 1, \"method\": \"click\", \"params\": [1024.5, 160.0]}","Screenshot":""}
{"Type":"Script","MonkeyStepsCount":4,"Time":"2026-04-11 10:00:25.529","Info":"{\"jsonrpc\": \"2.0\", \"id\": 1, \"method\": \"click\", \"params\": [799.5, 182.5]}","Screenshot":""}
{"Type":"ScriptInfo","MonkeyStepsCount":4,"Time":"2026-04-11 10:00:26.193","Info":"{\"propName\":\"omni942.OmninotesTag.test_reduced_view\",\"startStepsCount\":4,\"state\":\"pass\"}","Screenshot":""}
{"Type":"ScriptInfo","MonkeyStepsCount":4,"Time":"2026-04-11 10:00:26.468","Info":"{\"propName\":\"omni942.OmninotesTag.test_reduced_view\",\"startStepsCount\":4,\"state\":\"start\"}","Screenshot":""}
{"Type":"Script","MonkeyStepsCount":4,"Time":"2026-04-11 10:00:26.607","Info":"{\"jsonrpc\": \"2.0\", \"id\": 1, \"method\": \"click\", \"params\": [1024.5, 160.0]}","Screenshot":""}
{"Type":"Script","MonkeyStepsCount":4,"Time":"2026-04-11 10:00:27.447","Info":"{\"jsonrpc\": \"2.0\", \"id\": 1, \"method\": \"click\", \"params\": [799.5, 182.5]}","Screenshot":""}
{"Type":"Script","MonkeyStepsCount":4,"Time":"2026-04-11 10:00:28.280","Info":"{\"jsonrpc\": \"2.0\", \"id\": 1, \"method\": \"click\", \"params\": [1024.5, 160.0]}","Screenshot":""}
{"Type":"Script","MonkeyStepsCount":4,"Time":"2026-04-11 10:00:29.159","Info":"{\"jsonrpc\": \"2.0\", \"id\": 1, \"method\": \"click\", \"params\": [799.5, 182.5]}","Screenshot":""}
{"Type":"ScriptInfo","MonkeyStepsCount":4,"Time":"2026-04-11 10:00:29.830","Info":"{\"propName\":\"omni942.OmninotesTag.test_reduced_view\",\"startStepsCount\":4,\"state\":\"pass\"}","Screenshot":""}
{"Type":"ScriptInfo","MonkeyStepsCount":4,"Time":"2026-04-11 10:00:30.127","Info":"{\"propName\":\"omni942.OmninotesTag.test_create_note\",\"startStepsCount\":4,\"state\":\"start\"}","Screenshot":""}
{"Type":"Script","MonkeyStepsCount":4,"Time":"2026-04-11 10:00:30.298","Info":"{\"jsonrpc\": \"2.0\", \"id\": 1, \"method\": \"click\", \"params\": [957.0, 2024.5]}","Screenshot":""}
{"Type":"Script","MonkeyStepsCount":4,"Time":"2026-04-11 10:00:31.198","Info":"{\"jsonrpc\": \"2.0\", \"id\": 1, \"method\": \"click\", \"params\": [957.5, 1832.5]}","Screenshot":""}
{"Type":"Script","MonkeyStepsCount":4,"Time":"2026-04-11 10:00:31.997","Info":"{\"jsonrpc\": \"2.0\", \"id\": 1, \"method\": \"setText\", \"params\": [{\"mask\": 2097152, \"childOrSibling\": [], \"childOrSiblingSelector\": [], \"resourceId\": \"it.feio.android.omninotes.alpha:id\/detail_title\"}, \"DicXk\"]}","Screenshot":""}
{"Type":"Script","MonkeyStepsCount":4,"Time":"2026-04-11 10:00:32.626","Info":"{\"jsonrpc\": \"2.0\", \"id\": 1, \"method\": \"pressKey\", \"params\": [\"back\"]}","Screenshot":""}
{"Type":"ScriptInfo","MonkeyStepsCount":4,"Time":"2026-04-11 10:00:33.212","Info":"{\"propName\":\"omni942.OmninotesTag.test_create_note\",\"startStepsCount\":4,\"state\":\"pass\"}","Screenshot":""}
{"Type":"ScriptInfo","MonkeyStepsCount":4,"Time":"2026-04-11 10:00:33.521","Info":"{\"propName\":\"omni942.OmninotesTag.test_create_note\",\"startStepsCount\":4,\"state\":\"start\"}","Screenshot":""}
{"Type":"Script","MonkeyStepsCount":4,"Time":"2026-04-11 10:00:33.711","Info":"{\"jsonrpc\": \"2.0\", \"id\": 1, \"method\": \"click\", \"params\": [957.0, 2024.5]}","Screenshot":""}
{"Type":"Script","MonkeyStepsCount":4,"Time":"2026-04-11 10:00:34.727","Info":"{\"jsonrpc\": \"2.0\", \"id\": 1, \"method\": \"click\", \"params\": [957.5, 1832.5]}","Screenshot":""}
{"Type":"Script","MonkeyStepsCount":4,"Time":"2026-04-11 10:00:35.459","Info":"{\"jsonrpc\": \"2.0\", \"id\": 1, \"method\": \"setText\", \"params\": [{\"mask\": 2097152, \"childOrSibling\": [], \"childOrSiblingSelector\": [], \"resourceId\": \"it.feio.android.omninotes.alpha:id\/detail_title\"}, \"4KYGLx\"]}","Screenshot":""}
{"Type":"Script","MonkeyStepsCount":4,"Time":"2026-04-11 10:00:36.127","Info":"{\"jsonrpc\": \"2.0\", \"id\": 1, \"method\": \"pressKey\", \"params\": [\"back\"]}","Screenshot":""}
{"Type":"ScriptInfo","MonkeyStepsCount":4,"Time":"2026-04-11 10:00:36.700","Info":"{\"propName\":\"omni942.OmninotesTag.test_create_note\",\"startStepsCount\":4,\"state\":\"pass\"}","Screenshot":""}
{"Type":"ScriptInfo","MonkeyStepsCount":4,"Time":"2026-04-11 10:00:36.994","Info":"{\"propName\":\"omni942.OmninotesTag.test_create_note\",\"startStepsCount\":4,\"state\":\"start\"}","Screenshot":""}
{"Type":"Script","MonkeyStepsCount":4,"Time":"2026-04-11 10:00:37.216","Info":"{\"jsonrpc\": \"2.0\", \"id\": 1, \"method\": \"click\", \"params\": [957.0, 2024.5]}","Screenshot":""}
{"Type":"Script","MonkeyStepsCount":4,"Time":"2026-04-11 10:00:38.336","Info":"{\"jsonrpc\": \"2.0\", \"id\": 1, \"method\": \"click\", \"params\": [957.5, 1832.5]}","Screenshot":""}
{"Type":"Script","MonkeyStepsCount":4,"Time":"2026-04-11 10:00:39.099","Info":"{\"jsonrpc\": \"2.0\", \"id\": 1, \"method\": \"setText\", \"params\": [{\"mask\": 2097152, \"childOrSibling\": [], \"childOrSiblingSelector\": [], \"resourceId\": \"it.feio.android.omninotes.alpha:id\/detail_title\"}, \"tnNND425U\"]}","Screenshot":""}
{"Type":"Script","MonkeyStepsCount":4,"Time":"2026-04-11 10:00:39.304","Info":"{\"jsonrpc\": \"2.0\", \"id\": 1, \"method\": \"setText\", \"params\": [{\"mask\": 2097152, \"childOrSibling\": [], \"childOrSiblingSelector\": [], \"resourceId\": \"it.feio.android.omninotes.alpha:id\/detail_content\"}, \"abc123\"]}","Screenshot":""}
{"Type":"Script","MonkeyStepsCount":4,"Time":"2026-04-11 10:00:39.912","Info":"{\"jsonrpc\": \"2.0\", \"id\": 1, \"method\": \"pressKey\", \"params\": [\"back\"]}","Screenshot":""}
{"Type":"ScriptInfo","MonkeyStepsCount":4,"Time":"2026-04-11 10:00:40.477","Info":"{\"propName\":\"omni942.OmninotesTag.test_create_note\",\"startStepsCount\":4,\"state\":\"pass\"}","Screenshot":""}
{"Type":"ScriptInfo","MonkeyStepsCount":4,"Time":"2026-04-11 10:00:40.747","Info":"{\"propName\":\"omni942.OmninotesTag.test_create_note\",\"startStepsCount\":4,\"state\":\"start\"}","Screenshot":""}
{"Type":"Script","MonkeyStepsCount":4,"Time":"2026-04-11 10:00:40.888","Info":"{\"jsonrpc\": \"2.0\", \"id\": 1, \"method\": \"click\", \"params\": [957.0, 2024.5]}","Screenshot":""}
{"Type":"Script","MonkeyStepsCount":4,"Time":"2026-04-11 10:00:42.107","Info":"{\"jsonrpc\": \"2.0\", \"id\": 1, \"method\": \"click\", \"params\": [957.5, 1832.5]}","Screenshot":""}
{"Type":"Script","MonkeyStepsCount":4,"Time":"2026-04-11 10:00:42.862","Info":"{\"jsonrpc\": \"2.0\", \"id\": 1, \"method\": \"setText\", \"params\": [{\"mask\": 2097152, \"childOrSibling\": [], \"childOrSiblingSelector\": [], \"resourceId\": \"it.feio.android.omninotes.alpha:id\/detail_title\"}, \"WFjEPE\"]}","Screenshot":""}
{"Type":"Script","MonkeyStepsCount":4,"Time":"2026-04-11 10:00:43.502","Info":"{\"jsonrpc\": \"2.0\", \"id\": 1, \"method\": \"pressKey\", \"params\": [\"back\"]}","Screenshot":""}
{"Type":"ScriptInfo","MonkeyStepsCount":4,"Time":"2026-04-11 10:00:44.078","Info":"{\"propName\":\"omni942.OmninotesTag.test_create_note\",\"startStepsCount\":4,\"state\":\"pass\"}","Screenshot":""}
{"Type":"Monkey","MonkeyStepsCount":5,"Time":"2026-04-11 10:00:44.379","Info":"{\"act\":\"LONG_CLICK\",\"adbinput\":false,\"aid\":\"g0a15\",\"allowFuzzing\":true,\"clear\":false,\"editable\":false,\"jAction\":\"\",\"pos\":[22,259,1058,540],\"rawinput\":false,\"sid\":\"\",\"text\":\"\",\"throttle\":65,\"waitTime\":0,\"widget\":\"{\\\"bounds\\\":\\\"[22,259][1058,540]\\\",\\\"class\\\":\\\"android.widget.FrameLayout\\\",\\\"content-desc\\\":\\\"\\\",\\\"index\\\":0,\\\"resource-id\\\":\\\"it.feio.android.omninotes.alpha:id\/root\\\",\\\"text\\\":\\\"\\\"}\"}","Screenshot":""}
