{"Type":"Monkey","MonkeyStepsCount":1,"Time":"2026-06-01 01:42:20.447","Info":"{\"act\":\"CLICK\",\"adbinput\":false,\"aid\":\"g0a10\",\"allowFuzzing\":true,\"clear\":false,\"editable\":false,\"jAction\":\"\",\"pos\":[22,551,190,610],\"rawinput\":false,\"sid\":\"\",\"text\":\"\",\"throttle\":33,\"waitTime\":0,\"widget\":\"{\\\"bounds\\\":\\\"[22,551][190,610]\\\",\\\"class\\\":\\\"android.widget.TextView\\\",\\\"content-desc\\\":\\\"\\\",\\\"index\\\":1,\\\"resource-id\\\":\\\"de.rampro.activitydiary.debug:id\/note\\\",\\\"text\\\":\\\"Sleeping\\\"}\"}","Screenshot":""}
{"Type":"Monkey","MonkeyStepsCount":2,"Time":"2026-06-01 01:42:20.913","Info":"{\"act\":\"CLICK\",\"adbinput\":false,\"aid\":\"g0a18\",\"allowFuzzing\":true,\"clear\":false,\"editable\":false,\"jAction\":\"\",\"pos\":[926,143,1080,275],\"rawinput\":false,\"sid\":\"\",\"text\":\"\",\"throttle\":42,\"waitTime\":0,\"widget\":\"{\\\"bounds\\\":\\\"[926,143][1080,275]\\\",\\\"class\\\":\\\"android.widget.TextView\\\",\\\"content-desc\\\":\\\"Save\\\",\\\"index\\\":0,\\\"resource-id\\\":\\\"de.rampro.activitydiary.debug:id\/action_edit_done\\\",\\\"text\\\":\\\"\\\"}\"}","Screenshot":""}
{"Type":"Fuzz","MonkeyStepsCount":3,"Time":"2026-06-01 01:42:23.040","Info":"FUZZ","Screenshot":""}
{"Type":"Monkey","MonkeyStepsCount":4,"Time":"2026-06-01 01:42:24.357","Info":"{\"act\":\"CLICK\",\"adbinput\":false,\"aid\":\"g0a36\",\"allowFuzzing\":true,\"clear\":false,\"editable\":false,\"jAction\":\"\",\"pos\":[1685,174,1817,295],\"rawinput\":false,\"sid\":\"\",\"text\":\"\",\"throttle\":42,\"waitTime\":0,\"widget\":\"{\\\"bounds\\\":\\\"[1685,174][1817,295]\\\",\\\"class\\\":\\\"android.widget.ImageButton\\\",\\\"content-desc\\\":\\\"Next month\\\",\\\"index\\\":1,\\\"resource-id\\\":\\\"android:id\/next\\\",\\\"text\\\":\\\"\\\"}\"}","Screenshot":""}
{"Type":"Fuzz","MonkeyStepsCount":5,"Time":"2026-06-01 01:42:26.120","Info":"FUZZ","Screenshot":""}
{"Type":"Monkey","MonkeyStepsCount":6,"Time":"2026-06-01 01:42:27.604","Info":"{\"act\":\"CLICK\",\"adbinput\":false,\"aid\":\"g0a23\",\"allowFuzzing\":true,\"clear\":false,\"editable\":false,\"jAction\":\"\",\"pos\":[623,703,1058,835],\"rawinput\":false,\"sid\":\"\",\"text\":\"\",\"throttle\":64,\"waitTime\":0,\"widget\":\"{\\\"bounds\\\":\\\"[623,703][1058,835]\\\",\\\"class\\\":\\\"android.widget.Button\\\",\\\"content-desc\\\":\\\"End time\\\",\\\"index\\\":1,\\\"resource-id\\\":\\\"de.rampro.activitydiary.debug:id\/time_end\\\",\\\"text\\\":\\\":\\\"}\"}","Screenshot":""}
{"Type":"Fuzz","MonkeyStepsCount":7,"Time":"2026-06-01 01:42:29.236","Info":"FUZZ","Screenshot":""}
{"Type":"Monkey","MonkeyStepsCount":8,"Time":"2026-06-01 01:42:31.517","Info":"{\"act\":\"CLICK\",\"adbinput\":false,\"aid\":\"g0a27\",\"allowFuzzing\":true,\"clear\":false,\"editable\":false,\"jAction\":\"\",\"pos\":[22,752,623,884],\"rawinput\":false,\"sid\":\"\",\"text\":\"\",\"throttle\":56,\"waitTime\":0,\"widget\":\"{\\\"bounds\\\":\\\"[22,752][623,884]\\\",\\\"class\\\":\\\"android.widget.Button\\\",\\\"content-desc\\\":\\\"End date\\\",\\\"index\\\":0,\\\"resource-id\\\":\\\"de.rampro.activitydiary.debug:id\/date_end\\\",\\\"text\\\":\\\"..\\\"}\"}","Screenshot":""}
{"Type":"Monkey","MonkeyStepsCount":9,"Time":"2026-06-01 01:42:31.936","Info":"{\"act\":\"SCROLL_LEFT_RIGHT\",\"adbinput\":false,\"aid\":\"g0a34\",\"allowFuzzing\":true,\"clear\":false,\"editable\":false,\"jAction\":\"\",\"pos\":[144,717,892,1647],\"rawinput\":false,\"sid\":\"\",\"text\":\"\",\"throttle\":56,\"waitTime\":0,\"widget\":\"{\\\"bounds\\\":\\\"[144,717][892,1647]\\\",\\\"class\\\":\\\"com.android.internal.widget.ViewPager\\\",\\\"content-desc\\\":\\\"\\\",\\\"index\\\":0,\\\"resource-id\\\":\\\"android:id\/day_picker_view_pager\\\",\\\"text\\\":\\\"\\\"}\"}","Screenshot":""}
{"Type":"Monkey","MonkeyStepsCount":10,"Time":"2026-06-01 01:42:32.746","Info":"{\"act\":\"SCROLL_TOP_DOWN\",\"adbinput\":false,\"aid\":\"g0a32\",\"allowFuzzing\":true,\"clear\":false,\"editable\":false,\"jAction\":\"\",\"pos\":[144,717,892,1647],\"rawinput\":false,\"sid\":\"\",\"text\":\"\",\"throttle\":56,\"waitTime\":0,\"widget\":\"{\\\"bounds\\\":\\\"[144,717][892,1647]\\\",\\\"class\\\":\\\"com.android.internal.widget.ViewPager\\\",\\\"content-desc\\\":\\\"\\\",\\\"index\\\":0,\\\"resource-id\\\":\\\"android:id\/day_picker_view_pager\\\",\\\"text\\\":\\\"\\\"}\"}","Screenshot":""}
{"Type":"Monkey","MonkeyStepsCount":11,"Time":"2026-06-01 01:42:33.505","Info":"{\"act\":\"SCROLL_RIGHT_LEFT\",\"adbinput\":false,\"aid\":\"g0a35\",\"allowFuzzing\":true,\"clear\":false,\"editable\":false,\"jAction\":\"\",\"pos\":[144,717,892,1647],\"rawinput\":false,\"sid\":\"\",\"text\":\"\",\"throttle\":84,\"waitTime\":0,\"widget\":\"{\\\"bounds\\\":\\\"[144,717][892,1647]\\\",\\\"class\\\":\\\"com.android.internal.widget.ViewPager\\\",\\\"content-desc\\\":\\\"\\\",\\\"index\\\":0,\\\"resource-id\\\":\\\"android:id\/day_picker_view_pager\\\",\\\"text\\\":\\\"\\\"}\"}","Screenshot":""}
{"Type":"Monkey","MonkeyStepsCount":12,"Time":"2026-06-01 01:42:34.330","Info":"{\"act\":\"CLICK\",\"adbinput\":false,\"aid\":\"g0a38\",\"allowFuzzing\":true,\"clear\":false,\"editable\":false,\"jAction\":\"\",\"pos\":[210,557,674,667],\"rawinput\":false,\"sid\":\"\",\"text\":\"\",\"throttle\":89,\"waitTime\":0,\"widget\":\"{\\\"bounds\\\":\\\"[210,557][674,667]\\\",\\\"class\\\":\\\"android.widget.TextView\\\",\\\"content-desc\\\":\\\"\\\",\\\"index\\\":1,\\\"resource-id\\\":\\\"android:id\/date_picker_header_date\\\",\\\"text\\\":\\\"Mon,Jun\\\"}\"}","Screenshot":""}
{"Type":"Monkey","MonkeyStepsCount":13,"Time":"2026-06-01 01:42:34.746","Info":"{\"act\":\"CLICK\",\"adbinput\":false,\"aid\":\"g0a37\",\"allowFuzzing\":true,\"clear\":false,\"editable\":false,\"jAction\":\"\",\"pos\":[727,1658,892,1774],\"rawinput\":false,\"sid\":\"\",\"text\":\"\",\"throttle\":58,\"waitTime\":0,\"widget\":\"{\\\"bounds\\\":\\\"[727,1658][892,1774]\\\",\\\"class\\\":\\\"android.widget.Button\\\",\\\"content-desc\\\":\\\"\\\",\\\"index\\\":1,\\\"resource-id\\\":\\\"android:id\/button1\\\",\\\"text\\\":\\\"OK\\\"}\"}","Screenshot":""}
{"Type":"Monkey","MonkeyStepsCount":14,"Time":"2026-06-01 01:42:35.154","Info":"{\"act\":\"CLICK\",\"adbinput\":false,\"aid\":\"g0a17\",\"allowFuzzing\":true,\"clear\":false,\"editable\":false,\"jAction\":\"\",\"pos\":[0,132,154,286],\"rawinput\":false,\"sid\":\"\",\"text\":\"\",\"throttle\":86,\"waitTime\":0,\"widget\":\"{\\\"bounds\\\":\\\"[0,132][154,286]\\\",\\\"class\\\":\\\"android.widget.ImageButton\\\",\\\"content-desc\\\":\\\"Navigate up\\\",\\\"index\\\":0,\\\"resource-id\\\":\\\"\\\",\\\"text\\\":\\\"\\\"}\"}","Screenshot":""}
{"Type":"Monkey","MonkeyStepsCount":15,"Time":"2026-06-01 01:42:35.607","Info":"{\"act\":\"CLICK\",\"adbinput\":false,\"aid\":\"g0a48\",\"allowFuzzing\":true,\"clear\":false,\"editable\":false,\"jAction\":\"\",\"pos\":[623,567,1058,699],\"rawinput\":false,\"sid\":\"\",\"text\":\"\",\"throttle\":86,\"waitTime\":0,\"widget\":\"{\\\"bounds\\\":\\\"[623,567][1058,699]\\\",\\\"class\\\":\\\"android.widget.Button\\\",\\\"content-desc\\\":\\\"Start time\\\",\\\"index\\\":1,\\\"resource-id\\\":\\\"de.rampro.activitydiary.debug:id\/time_start\\\",\\\"text\\\":\\\":\\\"}\"}","Screenshot":""}
{"Type":"Monkey","MonkeyStepsCount":16,"Time":"2026-06-01 01:42:36.026","Info":"{\"act\":\"LONG_CLICK\",\"adbinput\":false,\"aid\":\"g0a26\",\"allowFuzzing\":true,\"clear\":false,\"editable\":true,\"jAction\":\"\",\"pos\":[22,1002,1058,1300],\"rawinput\":false,\"sid\":\"\",\"text\":\"2026.05.31\",\"throttle\":56,\"waitTime\":0,\"widget\":\"{\\\"bounds\\\":\\\"[22,1002][1058,1300]\\\",\\\"class\\\":\\\"android.widget.EditText\\\",\\\"content-desc\\\":\\\"\\\",\\\"index\\\":0,\\\"resource-id\\\":\\\"de.rampro.activitydiary.debug:id\/edit_activity_note\\\",\\\"text\\\":\\\"Sleeping\\\"}\"}","Screenshot":""}
{"Type":"Monkey","MonkeyStepsCount":17,"Time":"2026-06-01 01:42:37.383","Info":"{\"act\":\"CLICK\",\"adbinput\":false,\"aid\":\"g0a49\",\"allowFuzzing\":true,\"clear\":false,\"editable\":false,\"jAction\":\"\",\"pos\":[173,1183,283,1293],\"rawinput\":false,\"sid\":\"\",\"text\":\"\",\"throttle\":80,\"waitTime\":0,\"widget\":\"{\\\"bounds\\\":\\\"[173,1183][283,1293]\\\",\\\"class\\\":\\\"android.view.View\\\",\\\"content-desc\\\":\\\"\\\",\\\"index\\\":0,\\\"resource-id\\\":\\\"android:id\/insertion_handle\\\",\\\"text\\\":\\\"\\\"}\"}","Screenshot":""}
{"Type":"Monkey","MonkeyStepsCount":18,"Time":"2026-06-01 01:42:37.795","Info":"{\"act\":\"SCROLL_RIGHT_LEFT\",\"adbinput\":false,\"aid\":\"g0a22\",\"allowFuzzing\":true,\"clear\":false,\"editable\":false,\"jAction\":\"\",\"pos\":[173,1183,283,1293],\"rawinput\":false,\"sid\":\"\",\"text\":\"\",\"throttle\":86,\"waitTime\":0,\"widget\":\"{\\\"bounds\\\":\\\"[173,1183][283,1293]\\\",\\\"class\\\":\\\"android.widget.FrameLayout\\\",\\\"content-desc\\\":\\\"\\\",\\\"index\\\":0,\\\"resource-id\\\":\\\"\\\",\\\"text\\\":\\\"\\\"}\"}","Screenshot":""}
{"Type":"Monkey","MonkeyStepsCount":19,"Time":"2026-06-01 01:42:38.478","Info":"{\"act\":\"SCROLL_TOP_DOWN\",\"adbinput\":false,\"aid\":\"g0a19\",\"allowFuzzing\":true,\"clear\":false,\"editable\":false,\"jAction\":\"\",\"pos\":[0,1183,92,1293],\"rawinput\":false,\"sid\":\"\",\"text\":\"\",\"throttle\":45,\"waitTime\":0,\"widget\":\"{\\\"bounds\\\":\\\"[0,1183][92,1293]\\\",\\\"class\\\":\\\"android.widget.FrameLayout\\\",\\\"content-desc\\\":\\\"\\\",\\\"index\\\":0,\\\"resource-id\\\":\\\"\\\",\\\"text\\\":\\\"\\\"}\"}","Screenshot":""}
{"Type":"Monkey","MonkeyStepsCount":20,"Time":"2026-06-01 01:42:39.079","Info":"{\"act\":\"SCROLL_LEFT_RIGHT\",\"adbinput\":false,\"aid\":\"g0a21\",\"allowFuzzing\":true,\"clear\":false,\"editable\":false,\"jAction\":\"\",\"pos\":[0,1183,92,1293],\"rawinput\":false,\"sid\":\"\",\"text\":\"\",\"throttle\":62,\"waitTime\":0,\"widget\":\"{\\\"bounds\\\":\\\"[0,1183][92,1293]\\\",\\\"class\\\":\\\"android.widget.FrameLayout\\\",\\\"content-desc\\\":\\\"\\\",\\\"index\\\":0,\\\"resource-id\\\":\\\"\\\",\\\"text\\\":\\\"\\\"}\"}","Screenshot":""}
{"Type":"Monkey","MonkeyStepsCount":21,"Time":"2026-06-01 01:42:39.654","Info":"{\"act\":\"SCROLL_BOTTOM_UP\",\"adbinput\":false,\"aid\":\"g0a20\",\"allowFuzzing\":true,\"clear\":false,\"editable\":false,\"jAction\":\"\",\"pos\":[173,1183,283,1293],\"rawinput\":false,\"sid\":\"\",\"text\":\"\",\"throttle\":62,\"waitTime\":0,\"widget\":\"{\\\"bounds\\\":\\\"[173,1183][283,1293]\\\",\\\"class\\\":\\\"android.widget.FrameLayout\\\",\\\"content-desc\\\":\\\"\\\",\\\"index\\\":0,\\\"resource-id\\\":\\\"\\\",\\\"text\\\":\\\"\\\"}\"}","Screenshot":""}
{"Type":"Monkey","MonkeyStepsCount":22,"Time":"2026-06-01 01:42:40.280","Info":"{\"act\":\"BACK\",\"adbinput\":false,\"aid\":\"g0a30\",\"allowFuzzing\":true,\"clear\":false,\"editable\":false,\"jAction\":\"\",\"pos\":[0,0,0,0],\"rawinput\":false,\"sid\":\"\",\"text\":\"\",\"throttle\":67,\"waitTime\":0,\"widget\":\"\"}","Screenshot":""}
{"Type":"ScriptInfo","MonkeyStepsCount":22,"Time":"2026-06-01 01:42:40.682","Info":"{\"propName\":\"activity_diary132.ActivityDiaryTest.test_add_activity\",\"startStepsCount\":22,\"state\":\"start\"}","Screenshot":""}
{"Type":"Script","MonkeyStepsCount":22,"Time":"2026-06-01 01:42:40.851","Info":"{\"jsonrpc\": \"2.0\", \"id\": 1, \"method\": \"click\", \"params\": [1003.0, 209.0]}","Screenshot":""}
{"Type":"Script","MonkeyStepsCount":22,"Time":"2026-06-01 01:42:42.111","Info":"{\"jsonrpc\": \"2.0\", \"id\": 1, \"method\": \"setText\", \"params\": [{\"mask\": 2097152, \"childOrSibling\": [], \"childOrSiblingSelector\": [], \"resourceId\": \"de.rampro.activitydiary.debug:id\/edit_activity_name\"}, \"nvz\"]}","Screenshot":""}
{"Type":"Script","MonkeyStepsCount":22,"Time":"2026-06-01 01:42:43.400","Info":"{\"jsonrpc\": \"2.0\", \"id\": 1, \"method\": \"click\", \"params\": [1003.0, 209.0]}","Screenshot":""}
{"Type":"ScriptInfo","MonkeyStepsCount":22,"Time":"2026-06-01 01:42:44.650","Info":"{\"propName\":\"activity_diary132.ActivityDiaryTest.test_add_activity\",\"startStepsCount\":22,\"state\":\"pass\"}","Screenshot":""}
{"Type":"ScriptInfo","MonkeyStepsCount":22,"Time":"2026-06-01 01:42:44.980","Info":"{\"propName\":\"activity_diary132.ActivityDiaryTest.test_add_activity\",\"startStepsCount\":22,\"state\":\"start\"}","Screenshot":""}
{"Type":"Script","MonkeyStepsCount":22,"Time":"2026-06-01 01:42:45.152","Info":"{\"jsonrpc\": \"2.0\", \"id\": 1, \"method\": \"click\", \"params\": [1003.0, 209.0]}","Screenshot":""}
{"Type":"Script","MonkeyStepsCount":22,"Time":"2026-06-01 01:42:46.393","Info":"{\"jsonrpc\": \"2.0\", \"id\": 1, \"method\": \"setText\", \"params\": [{\"mask\": 2097152, \"childOrSibling\": [], \"childOrSiblingSelector\": [], \"resourceId\": \"de.rampro.activitydiary.debug:id\/edit_activity_name\"}, \"U\"]}","Screenshot":""}
{"Type":"Script","MonkeyStepsCount":22,"Time":"2026-06-01 01:42:47.652","Info":"{\"jsonrpc\": \"2.0\", \"id\": 1, \"method\": \"click\", \"params\": [1003.0, 209.0]}","Screenshot":""}
{"Type":"ScriptInfo","MonkeyStepsCount":22,"Time":"2026-06-01 01:42:48.916","Info":"{\"propName\":\"activity_diary132.ActivityDiaryTest.test_add_activity\",\"startStepsCount\":22,\"state\":\"pass\"}","Screenshot":""}
{"Type":"ScriptInfo","MonkeyStepsCount":22,"Time":"2026-06-01 01:42:49.209","Info":"{\"propName\":\"activity_diary132.ActivityDiaryTest.test_add_activity\",\"startStepsCount\":22,\"state\":\"start\"}","Screenshot":""}
{"Type":"Script","MonkeyStepsCount":22,"Time":"2026-06-01 01:42:49.429","Info":"{\"jsonrpc\": \"2.0\", \"id\": 1, \"method\": \"click\", \"params\": [1003.0, 209.0]}","Screenshot":""}
{"Type":"Script","MonkeyStepsCount":22,"Time":"2026-06-01 01:42:50.675","Info":"{\"jsonrpc\": \"2.0\", \"id\": 1, \"method\": \"setText\", \"params\": [{\"mask\": 2097152, \"childOrSibling\": [], \"childOrSiblingSelector\": [], \"resourceId\": \"de.rampro.activitydiary.debug:id\/edit_activity_name\"}, \"exDk\"]}","Screenshot":""}
{"Type":"Script","MonkeyStepsCount":22,"Time":"2026-06-01 01:42:52.001","Info":"{\"jsonrpc\": \"2.0\", \"id\": 1, \"method\": \"click\", \"params\": [1003.0, 209.0]}","Screenshot":""}
{"Type":"ScriptInfo","MonkeyStepsCount":22,"Time":"2026-06-01 01:42:53.212","Info":"{\"propName\":\"activity_diary132.ActivityDiaryTest.test_add_activity\",\"startStepsCount\":22,\"state\":\"pass\"}","Screenshot":""}
{"Type":"ScriptInfo","MonkeyStepsCount":22,"Time":"2026-06-01 01:42:53.539","Info":"{\"propName\":\"activity_diary132.ActivityDiaryTest.test_add_activity\",\"startStepsCount\":22,\"state\":\"start\"}","Screenshot":""}
{"Type":"Script","MonkeyStepsCount":22,"Time":"2026-06-01 01:42:53.727","Info":"{\"jsonrpc\": \"2.0\", \"id\": 1, \"method\": \"click\", \"params\": [1003.0, 209.0]}","Screenshot":""}
{"Type":"Script","MonkeyStepsCount":22,"Time":"2026-06-01 01:42:55.001","Info":"{\"jsonrpc\": \"2.0\", \"id\": 1, \"method\": \"setText\", \"params\": [{\"mask\": 2097152, \"childOrSibling\": [], \"childOrSiblingSelector\": [], \"resourceId\": \"de.rampro.activitydiary.debug:id\/edit_activity_name\"}, \"fy\"]}","Screenshot":""}
{"Type":"Script","MonkeyStepsCount":22,"Time":"2026-06-01 01:42:56.265","Info":"{\"jsonrpc\": \"2.0\", \"id\": 1, \"method\": \"click\", \"params\": [1003.0, 209.0]}","Screenshot":""}
{"Type":"ScriptInfo","MonkeyStepsCount":22,"Time":"2026-06-01 01:42:57.564","Info":"{\"propName\":\"activity_diary132.ActivityDiaryTest.test_add_activity\",\"startStepsCount\":22,\"state\":\"pass\"}","Screenshot":""}
{"Type":"ScriptInfo","MonkeyStepsCount":22,"Time":"2026-06-01 01:42:57.876","Info":"{\"propName\":\"activity_diary132.ActivityDiaryTest.test_search_activity\",\"startStepsCount\":22,\"state\":\"start\"}","Screenshot":""}
{"Type":"Script","MonkeyStepsCount":22,"Time":"2026-06-01 01:42:58.189","Info":"{\"jsonrpc\": \"2.0\", \"id\": 1, \"method\": \"click\", \"params\": [860.0, 209.0]}","Screenshot":""}
{"Type":"Script","MonkeyStepsCount":22,"Time":"2026-06-01 01:42:59.609","Info":"{\"jsonrpc\": \"2.0\", \"id\": 1, \"method\": \"setText\", \"params\": [{\"mask\": 2097152, \"childOrSibling\": [], \"childOrSiblingSelector\": [], \"resourceId\": \"de.rampro.activitydiary.debug:id\/search_src_text\"}, \"fy\"]}","Screenshot":""}
{"Type":"Script","MonkeyStepsCount":22,"Time":"2026-06-01 01:43:01.006","Info":"{\"jsonrpc\": \"2.0\", \"id\": 1, \"method\": \"click\", \"params\": [1001.0, 209.0]}","Screenshot":""}
{"Type":"Script","MonkeyStepsCount":22,"Time":"2026-06-01 01:43:02.303","Info":"{\"jsonrpc\": \"2.0\", \"id\": 1, \"method\": \"click\", \"params\": [1001.0, 209.0]}","Screenshot":""}
{"Type":"ScriptInfo","MonkeyStepsCount":22,"Time":"2026-06-01 01:43:03.521","Info":"{\"propName\":\"activity_diary132.ActivityDiaryTest.test_search_activity\",\"startStepsCount\":22,\"state\":\"pass\"}","Screenshot":""}
{"Type":"ScriptInfo","MonkeyStepsCount":22,"Time":"2026-06-01 01:43:03.865","Info":"{\"propName\":\"activity_diary132.ActivityDiaryTest.test_search_activity\",\"startStepsCount\":22,\"state\":\"start\"}","Screenshot":""}
{"Type":"Script","MonkeyStepsCount":22,"Time":"2026-06-01 01:43:04.411","Info":"{\"jsonrpc\": \"2.0\", \"id\": 1, \"method\": \"click\", \"params\": [861.0, 209.0]}","Screenshot":""}
{"Type":"Script","MonkeyStepsCount":22,"Time":"2026-06-01 01:43:05.861","Info":"{\"jsonrpc\": \"2.0\", \"id\": 1, \"method\": \"setText\", \"params\": [{\"mask\": 2097152, \"childOrSibling\": [], \"childOrSiblingSelector\": [], \"resourceId\": \"de.rampro.activitydiary.debug:id\/search_src_text\"}, \"fy\"]}","Screenshot":""}
{"Type":"Script","MonkeyStepsCount":22,"Time":"2026-06-01 01:43:07.227","Info":"{\"jsonrpc\": \"2.0\", \"id\": 1, \"method\": \"click\", \"params\": [1001.0, 209.0]}","Screenshot":""}
{"Type":"Script","MonkeyStepsCount":22,"Time":"2026-06-01 01:43:08.572","Info":"{\"jsonrpc\": \"2.0\", \"id\": 1, \"method\": \"click\", \"params\": [1001.0, 209.0]}","Screenshot":""}
{"Type":"ScriptInfo","MonkeyStepsCount":22,"Time":"2026-06-01 01:43:09.764","Info":"{\"propName\":\"activity_diary132.ActivityDiaryTest.test_search_activity\",\"startStepsCount\":22,\"state\":\"pass\"}","Screenshot":""}
{"Type":"ScriptInfo","MonkeyStepsCount":22,"Time":"2026-06-01 01:43:10.091","Info":"{\"propName\":\"activity_diary132.ActivityDiaryTest.test_search_activity\",\"startStepsCount\":22,\"state\":\"start\"}","Screenshot":""}
{"Type":"Script","MonkeyStepsCount":22,"Time":"2026-06-01 01:43:10.369","Info":"{\"jsonrpc\": \"2.0\", \"id\": 1, \"method\": \"click\", \"params\": [861.0, 209.0]}","Screenshot":""}
{"Type":"Script","MonkeyStepsCount":22,"Time":"2026-06-01 01:43:11.796","Info":"{\"jsonrpc\": \"2.0\", \"id\": 1, \"method\": \"setText\", \"params\": [{\"mask\": 2097152, \"childOrSibling\": [], \"childOrSiblingSelector\": [], \"resourceId\": \"de.rampro.activitydiary.debug:id\/search_src_text\"}, \"fy\"]}","Screenshot":""}
{"Type":"Script","MonkeyStepsCount":22,"Time":"2026-06-01 01:43:13.124","Info":"{\"jsonrpc\": \"2.0\", \"id\": 1, \"method\": \"click\", \"params\": [1001.0, 209.0]}","Screenshot":""}
{"Type":"Script","MonkeyStepsCount":22,"Time":"2026-06-01 01:43:14.457","Info":"{\"jsonrpc\": \"2.0\", \"id\": 1, \"method\": \"click\", \"params\": [1001.0, 209.0]}","Screenshot":""}
{"Type":"ScriptInfo","MonkeyStepsCount":22,"Time":"2026-06-01 01:43:15.652","Info":"{\"propName\":\"activity_diary132.ActivityDiaryTest.test_search_activity\",\"startStepsCount\":22,\"state\":\"pass\"}","Screenshot":""}
{"Type":"ScriptInfo","MonkeyStepsCount":22,"Time":"2026-06-01 01:43:15.999","Info":"{\"propName\":\"activity_diary132.ActivityDiaryTest.test_add_activity\",\"startStepsCount\":22,\"state\":\"start\"}","Screenshot":""}
{"Type":"Script","MonkeyStepsCount":22,"Time":"2026-06-01 01:43:16.186","Info":"{\"jsonrpc\": \"2.0\", \"id\": 1, \"method\": \"click\", \"params\": [1003.5, 209.0]}","Screenshot":""}
{"Type":"Script","MonkeyStepsCount":22,"Time":"2026-06-01 01:43:17.388","Info":"{\"jsonrpc\": \"2.0\", \"id\": 1, \"method\": \"setText\", \"params\": [{\"mask\": 2097152, \"childOrSibling\": [], \"childOrSiblingSelector\": [], \"resourceId\": \"de.rampro.activitydiary.debug:id\/edit_activity_name\"}, \"RxNPFL\"]}","Screenshot":""}
{"Type":"Script","MonkeyStepsCount":22,"Time":"2026-06-01 01:43:18.689","Info":"{\"jsonrpc\": \"2.0\", \"id\": 1, \"method\": \"click\", \"params\": [1003.0, 209.0]}","Screenshot":""}
{"Type":"ScriptInfo","MonkeyStepsCount":22,"Time":"2026-06-01 01:43:19.963","Info":"{\"propName\":\"activity_diary132.ActivityDiaryTest.test_add_activity\",\"startStepsCount\":22,\"state\":\"pass\"}","Screenshot":""}
{"Type":"ScriptInfo","MonkeyStepsCount":22,"Time":"2026-06-01 01:43:20.274","Info":"{\"propName\":\"activity_diary132.ActivityDiaryTest.test_search_activity\",\"startStepsCount\":22,\"state\":\"start\"}","Screenshot":""}
{"Type":"Script","MonkeyStepsCount":22,"Time":"2026-06-01 01:43:20.460","Info":"{\"jsonrpc\": \"2.0\", \"id\": 1, \"method\": \"click\", \"params\": [860.0, 209.0]}","Screenshot":""}
{"Type":"Script","MonkeyStepsCount":22,"Time":"2026-06-01 01:43:21.902","Info":"{\"jsonrpc\": \"2.0\", \"id\": 1, \"method\": \"setText\", \"params\": [{\"mask\": 2097152, \"childOrSibling\": [], \"childOrSiblingSelector\": [], \"resourceId\": \"de.rampro.activitydiary.debug:id\/search_src_text\"}, \" \"]}","Screenshot":""}
{"Type":"Script","MonkeyStepsCount":22,"Time":"2026-06-01 01:43:23.269","Info":"{\"jsonrpc\": \"2.0\", \"id\": 1, \"method\": \"click\", \"params\": [1001.0, 209.0]}","Screenshot":""}
{"Type":"Script","MonkeyStepsCount":22,"Time":"2026-06-01 01:43:24.597","Info":"{\"jsonrpc\": \"2.0\", \"id\": 1, \"method\": \"click\", \"params\": [1001.0, 209.0]}","Screenshot":""}
{"Type":"ScriptInfo","MonkeyStepsCount":22,"Time":"2026-06-01 01:43:25.767","Info":"{\"propName\":\"activity_diary132.ActivityDiaryTest.test_search_activity\",\"startStepsCount\":22,\"state\":\"pass\"}","Screenshot":""}
{"Type":"ScriptInfo","MonkeyStepsCount":22,"Time":"2026-06-01 01:43:26.092","Info":"{\"propName\":\"activity_diary132.ActivityDiaryTest.test_search_activity\",\"startStepsCount\":22,\"state\":\"start\"}","Screenshot":""}
{"Type":"Script","MonkeyStepsCount":22,"Time":"2026-06-01 01:43:26.701","Info":"{\"jsonrpc\": \"2.0\", \"id\": 1, \"method\": \"click\", \"params\": [861.0, 209.0]}","Screenshot":""}
{"Type":"Script","MonkeyStepsCount":22,"Time":"2026-06-01 01:43:28.129","Info":"{\"jsonrpc\": \"2.0\", \"id\": 1, \"method\": \"setText\", \"params\": [{\"mask\": 2097152, \"childOrSibling\": [], \"childOrSiblingSelector\": [], \"resourceId\": \"de.rampro.activitydiary.debug:id\/search_src_text\"}, \"RxNPFL\"]}","Screenshot":""}
{"Type":"Script","MonkeyStepsCount":22,"Time":"2026-06-01 01:43:29.497","Info":"{\"jsonrpc\": \"2.0\", \"id\": 1, \"method\": \"click\", \"params\": [1001.0, 209.0]}","Screenshot":""}
{"Type":"Script","MonkeyStepsCount":22,"Time":"2026-06-01 01:43:30.852","Info":"{\"jsonrpc\": \"2.0\", \"id\": 1, \"method\": \"click\", \"params\": [1001.0, 209.0]}","Screenshot":""}
{"Type":"ScriptInfo","MonkeyStepsCount":22,"Time":"2026-06-01 01:43:32.037","Info":"{\"propName\":\"activity_diary132.ActivityDiaryTest.test_search_activity\",\"startStepsCount\":22,\"state\":\"pass\"}","Screenshot":""}
{"Type":"ScriptInfo","MonkeyStepsCount":22,"Time":"2026-06-01 01:43:32.364","Info":"{\"propName\":\"activity_diary132.ActivityDiaryTest.test_search_activity\",\"startStepsCount\":22,\"state\":\"start\"}","Screenshot":""}
{"Type":"Script","MonkeyStepsCount":22,"Time":"2026-06-01 01:43:32.508","Info":"{\"jsonrpc\": \"2.0\", \"id\": 1, \"method\": \"click\", \"params\": [861.0, 209.0]}","Screenshot":""}
{"Type":"Script","MonkeyStepsCount":22,"Time":"2026-06-01 01:43:34.067","Info":"{\"jsonrpc\": \"2.0\", \"id\": 1, \"method\": \"setText\", \"params\": [{\"mask\": 2097152, \"childOrSibling\": [], \"childOrSiblingSelector\": [], \"resourceId\": \"de.rampro.activitydiary.debug:id\/search_src_text\"}, \" \"]}","Screenshot":""}
{"Type":"Script","MonkeyStepsCount":22,"Time":"2026-06-01 01:43:35.431","Info":"{\"jsonrpc\": \"2.0\", \"id\": 1, \"method\": \"click\", \"params\": [1001.0, 209.0]}","Screenshot":""}
{"Type":"Script","MonkeyStepsCount":22,"Time":"2026-06-01 01:43:36.721","Info":"{\"jsonrpc\": \"2.0\", \"id\": 1, \"method\": \"click\", \"params\": [1001.0, 209.0]}","Screenshot":""}
{"Type":"ScriptInfo","MonkeyStepsCount":22,"Time":"2026-06-01 01:43:37.935","Info":"{\"propName\":\"activity_diary132.ActivityDiaryTest.test_search_activity\",\"startStepsCount\":22,\"state\":\"pass\"}","Screenshot":""}
{"Type":"ScriptInfo","MonkeyStepsCount":22,"Time":"2026-06-01 01:43:38.264","Info":"{\"propName\":\"activity_diary132.ActivityDiaryTest.test_delete_activity\",\"startStepsCount\":22,\"state\":\"start\"}","Screenshot":""}
{"Type":"Script","MonkeyStepsCount":22,"Time":"2026-06-01 01:43:38.469","Info":"{\"jsonrpc\": \"2.0\", \"id\": 1, \"method\": \"click\", \"params\": [150.5, 894.0]}","Screenshot":""}
{"Type":"Script","MonkeyStepsCount":22,"Time":"2026-06-01 01:43:39.811","Info":"{\"jsonrpc\": \"2.0\", \"id\": 1, \"method\": \"click\", \"params\": [219.5, 894.0, 500]}","Screenshot":""}
{"Type":"Script","MonkeyStepsCount":22,"Time":"2026-06-01 01:43:42.153","Info":"{\"jsonrpc\": \"2.0\", \"id\": 1, \"method\": \"click\", \"params\": [849.0, 209.0]}","Screenshot":""}
{"Type":"ScriptInfo","MonkeyStepsCount":22,"Time":"2026-06-01 01:43:43.435","Info":"{\"propName\":\"activity_diary132.ActivityDiaryTest.test_delete_activity\",\"startStepsCount\":22,\"state\":\"pass\"}","Screenshot":""}
{"Type":"ScriptInfo","MonkeyStepsCount":22,"Time":"2026-06-01 01:43:43.730","Info":"{\"propName\":\"activity_diary132.ActivityDiaryTest.test_search_activity\",\"startStepsCount\":22,\"state\":\"start\"}","Screenshot":""}
{"Type":"Script","MonkeyStepsCount":22,"Time":"2026-06-01 01:43:44.249","Info":"{\"jsonrpc\": \"2.0\", \"id\": 1, \"method\": \"click\", \"params\": [860.0, 209.0]}","Screenshot":""}
{"Type":"Script","MonkeyStepsCount":22,"Time":"2026-06-01 01:43:45.639","Info":"{\"jsonrpc\": \"2.0\", \"id\": 1, \"method\": \"setText\", \"params\": [{\"mask\": 2097152, \"childOrSibling\": [], \"childOrSiblingSelector\": [], \"resourceId\": \"de.rampro.activitydiary.debug:id\/search_src_text\"}, \"U\"]}","Screenshot":""}
{"Type":"Script","MonkeyStepsCount":22,"Time":"2026-06-01 01:43:47.010","Info":"{\"jsonrpc\": \"2.0\", \"id\": 1, \"method\": \"click\", \"params\": [1001.0, 209.0]}","Screenshot":""}
{"Type":"Script","MonkeyStepsCount":22,"Time":"2026-06-01 01:43:48.332","Info":"{\"jsonrpc\": \"2.0\", \"id\": 1, \"method\": \"click\", \"params\": [1001.0, 209.0]}","Screenshot":""}
{"Type":"ScriptInfo","MonkeyStepsCount":22,"Time":"2026-06-01 01:43:49.499","Info":"{\"propName\":\"activity_diary132.ActivityDiaryTest.test_search_activity\",\"startStepsCount\":22,\"state\":\"pass\"}","Screenshot":""}
{"Type":"ScriptInfo","MonkeyStepsCount":22,"Time":"2026-06-01 01:43:49.793","Info":"{\"propName\":\"activity_diary132.ActivityDiaryTest.test_search_activity\",\"startStepsCount\":22,\"state\":\"start\"}","Screenshot":""}
{"Type":"Script","MonkeyStepsCount":22,"Time":"2026-06-01 01:43:49.969","Info":"{\"jsonrpc\": \"2.0\", \"id\": 1, \"method\": \"click\", \"params\": [861.0, 209.0]}","Screenshot":""}
{"Type":"Script","MonkeyStepsCount":22,"Time":"2026-06-01 01:43:51.377","Info":"{\"jsonrpc\": \"2.0\", \"id\": 1, \"method\": \"setText\", \"params\": [{\"mask\": 2097152, \"childOrSibling\": [], \"childOrSiblingSelector\": [], \"resourceId\": \"de.rampro.activitydiary.debug:id\/search_src_text\"}, \" \"]}","Screenshot":""}
{"Type":"Script","MonkeyStepsCount":22,"Time":"2026-06-01 01:43:52.737","Info":"{\"jsonrpc\": \"2.0\", \"id\": 1, \"method\": \"click\", \"params\": [1001.0, 209.0]}","Screenshot":""}
{"Type":"Script","MonkeyStepsCount":22,"Time":"2026-06-01 01:43:54.078","Info":"{\"jsonrpc\": \"2.0\", \"id\": 1, \"method\": \"click\", \"params\": [1001.0, 209.0]}","Screenshot":""}
{"Type":"ScriptInfo","MonkeyStepsCount":22,"Time":"2026-06-01 01:43:55.241","Info":"{\"propName\":\"activity_diary132.ActivityDiaryTest.test_search_activity\",\"startStepsCount\":22,\"state\":\"pass\"}","Screenshot":""}
{"Type":"ScriptInfo","MonkeyStepsCount":22,"Time":"2026-06-01 01:43:55.555","Info":"{\"propName\":\"activity_diary132.ActivityDiaryTest.test_edit_note\",\"startStepsCount\":22,\"state\":\"start\"}","Screenshot":""}
{"Type":"Script","MonkeyStepsCount":22,"Time":"2026-06-01 01:43:55.744","Info":"{\"jsonrpc\": \"2.0\", \"id\": 1, \"method\": \"click\", \"params\": [169.0, 894.0]}","Screenshot":""}
{"Type":"Script","MonkeyStepsCount":22,"Time":"2026-06-01 01:43:57.047","Info":"{\"jsonrpc\": \"2.0\", \"id\": 1, \"method\": \"click\", \"params\": [959.0, 781.0]}","Screenshot":""}
{"Type":"Script","MonkeyStepsCount":22,"Time":"2026-06-01 01:43:58.252","Info":"{\"jsonrpc\": \"2.0\", \"id\": 1, \"method\": \"setText\", \"params\": [{\"mask\": 2097152, \"childOrSibling\": [], \"childOrSiblingSelector\": [], \"resourceId\": \"de.rampro.activitydiary.debug:id\/noteText\"}, \"Pu\"]}","Screenshot":""}
{"Type":"Script","MonkeyStepsCount":22,"Time":"2026-06-01 01:43:59.529","Info":"{\"jsonrpc\": \"2.0\", \"id\": 1, \"method\": \"click\", \"params\": [881.5, 992.0]}","Screenshot":""}
{"Type":"ScriptInfo","MonkeyStepsCount":22,"Time":"2026-06-01 01:44:00.734","Info":"{\"propName\":\"activity_diary132.ActivityDiaryTest.test_edit_note\",\"startStepsCount\":22,\"state\":\"pass\"}","Screenshot":""}
{"Type":"ScriptInfo","MonkeyStepsCount":22,"Time":"2026-06-01 01:44:01.063","Info":"{\"propName\":\"activity_diary132.ActivityDiaryTest.test_add_activity\",\"startStepsCount\":22,\"state\":\"start\"}","Screenshot":""}
{"Type":"Script","MonkeyStepsCount":22,"Time":"2026-06-01 01:44:01.238","Info":"{\"jsonrpc\": \"2.0\", \"id\": 1, \"method\": \"click\", \"params\": [1003.5, 209.0]}","Screenshot":""}
{"Type":"Script","MonkeyStepsCount":22,"Time":"2026-06-01 01:44:02.519","Info":"{\"jsonrpc\": \"2.0\", \"id\": 1, \"method\": \"setText\", \"params\": [{\"mask\": 2097152, \"childOrSibling\": [], \"childOrSiblingSelector\": [], \"resourceId\": \"de.rampro.activitydiary.debug:id\/edit_activity_name\"}, \"xmOhi\"]}","Screenshot":""}
{"Type":"Script","MonkeyStepsCount":22,"Time":"2026-06-01 01:44:03.782","Info":"{\"jsonrpc\": \"2.0\", \"id\": 1, \"method\": \"click\", \"params\": [1003.0, 209.0]}","Screenshot":""}
{"Type":"ScriptInfo","MonkeyStepsCount":22,"Time":"2026-06-01 01:44:05.014","Info":"{\"propName\":\"activity_diary132.ActivityDiaryTest.test_add_activity\",\"startStepsCount\":22,\"state\":\"pass\"}","Screenshot":""}
{"Type":"ScriptInfo","MonkeyStepsCount":22,"Time":"2026-06-01 01:44:05.334","Info":"{\"propName\":\"activity_diary132.ActivityDiaryTest.test_search_activity\",\"startStepsCount\":22,\"state\":\"start\"}","Screenshot":""}
{"Type":"Script","MonkeyStepsCount":22,"Time":"2026-06-01 01:44:05.532","Info":"{\"jsonrpc\": \"2.0\", \"id\": 1, \"method\": \"click\", \"params\": [860.0, 209.0]}","Screenshot":""}
{"Type":"Script","MonkeyStepsCount":22,"Time":"2026-06-01 01:44:06.910","Info":"{\"jsonrpc\": \"2.0\", \"id\": 1, \"method\": \"setText\", \"params\": [{\"mask\": 2097152, \"childOrSibling\": [], \"childOrSiblingSelector\": [], \"resourceId\": \"de.rampro.activitydiary.debug:id\/search_src_text\"}, \" \"]}","Screenshot":""}
{"Type":"Script","MonkeyStepsCount":22,"Time":"2026-06-01 01:44:08.300","Info":"{\"jsonrpc\": \"2.0\", \"id\": 1, \"method\": \"click\", \"params\": [1001.0, 209.0]}","Screenshot":""}
{"Type":"Script","MonkeyStepsCount":22,"Time":"2026-06-01 01:44:09.599","Info":"{\"jsonrpc\": \"2.0\", \"id\": 1, \"method\": \"click\", \"params\": [1001.0, 209.0]}","Screenshot":""}
{"Type":"ScriptInfo","MonkeyStepsCount":22,"Time":"2026-06-01 01:44:10.821","Info":"{\"propName\":\"activity_diary132.ActivityDiaryTest.test_search_activity\",\"startStepsCount\":22,\"state\":\"pass\"}","Screenshot":""}
{"Type":"ScriptInfo","MonkeyStepsCount":22,"Time":"2026-06-01 01:44:11.132","Info":"{\"propName\":\"activity_diary132.ActivityDiaryTest.test_open_setting\",\"startStepsCount\":22,\"state\":\"start\"}","Screenshot":""}
{"Type":"Script","MonkeyStepsCount":22,"Time":"2026-06-01 01:44:11.306","Info":"{\"jsonrpc\": \"2.0\", \"id\": 1, \"method\": \"click\", \"params\": [77.0, 209.0]}","Screenshot":""}
{"Type":"Script","MonkeyStepsCount":22,"Time":"2026-06-01 01:44:12.662","Info":"{\"jsonrpc\": \"2.0\", \"id\": 1, \"method\": \"click\", \"params\": [385.0, 1334.0]}","Screenshot":""}
{"Type":"Script","MonkeyStepsCount":22,"Time":"2026-06-01 01:44:14.097","Info":"{\"jsonrpc\": \"2.0\", \"id\": 1, \"method\": \"click\", \"params\": [77.0, 209.0]}","Screenshot":""}
{"Type":"ScriptInfo","MonkeyStepsCount":22,"Time":"2026-06-01 01:44:15.272","Info":"{\"propName\":\"activity_diary132.ActivityDiaryTest.test_open_setting\",\"startStepsCount\":22,\"state\":\"pass\"}","Screenshot":""}
{"Type":"ScriptInfo","MonkeyStepsCount":22,"Time":"2026-06-01 01:44:15.597","Info":"{\"propName\":\"activity_diary132.ActivityDiaryTest.test_search_activity\",\"startStepsCount\":22,\"state\":\"start\"}","Screenshot":""}
{"Type":"Script","MonkeyStepsCount":22,"Time":"2026-06-01 01:44:15.766","Info":"{\"jsonrpc\": \"2.0\", \"id\": 1, \"method\": \"click\", \"params\": [860.0, 209.0]}","Screenshot":""}
{"Type":"Script","MonkeyStepsCount":22,"Time":"2026-06-01 01:44:17.220","Info":"{\"jsonrpc\": \"2.0\", \"id\": 1, \"method\": \"setText\", \"params\": [{\"mask\": 2097152, \"childOrSibling\": [], \"childOrSiblingSelector\": [], \"resourceId\": \"de.rampro.activitydiary.debug:id\/search_src_text\"}, \" \"]}","Screenshot":""}
{"Type":"Script","MonkeyStepsCount":22,"Time":"2026-06-01 01:44:18.593","Info":"{\"jsonrpc\": \"2.0\", \"id\": 1, \"method\": \"click\", \"params\": [1001.0, 209.0]}","Screenshot":""}
{"Type":"Script","MonkeyStepsCount":22,"Time":"2026-06-01 01:44:19.920","Info":"{\"jsonrpc\": \"2.0\", \"id\": 1, \"method\": \"click\", \"params\": [1001.0, 209.0]}","Screenshot":""}
{"Type":"ScriptInfo","MonkeyStepsCount":22,"Time":"2026-06-01 01:44:21.103","Info":"{\"propName\":\"activity_diary132.ActivityDiaryTest.test_search_activity\",\"startStepsCount\":22,\"state\":\"pass\"}","Screenshot":""}
{"Type":"ScriptInfo","MonkeyStepsCount":22,"Time":"2026-06-01 01:44:21.434","Info":"{\"propName\":\"activity_diary132.ActivityDiaryTest.test_search_activity\",\"startStepsCount\":22,\"state\":\"start\"}","Screenshot":""}
{"Type":"Script","MonkeyStepsCount":22,"Time":"2026-06-01 01:44:21.621","Info":"{\"jsonrpc\": \"2.0\", \"id\": 1, \"method\": \"click\", \"params\": [861.0, 209.0]}","Screenshot":""}
{"Type":"Script","MonkeyStepsCount":22,"Time":"2026-06-01 01:44:23.065","Info":"{\"jsonrpc\": \"2.0\", \"id\": 1, \"method\": \"setText\", \"params\": [{\"mask\": 2097152, \"childOrSibling\": [], \"childOrSiblingSelector\": [], \"resourceId\": \"de.rampro.activitydiary.debug:id\/search_src_text\"}, \" \"]}","Screenshot":""}
{"Type":"Script","MonkeyStepsCount":22,"Time":"2026-06-01 01:44:24.516","Info":"{\"jsonrpc\": \"2.0\", \"id\": 1, \"method\": \"click\", \"params\": [1001.0, 209.0]}","Screenshot":""}
{"Type":"Script","MonkeyStepsCount":22,"Time":"2026-06-01 01:44:25.808","Info":"{\"jsonrpc\": \"2.0\", \"id\": 1, \"method\": \"click\", \"params\": [1001.0, 209.0]}","Screenshot":""}
{"Type":"ScriptInfo","MonkeyStepsCount":22,"Time":"2026-06-01 01:44:26.974","Info":"{\"propName\":\"activity_diary132.ActivityDiaryTest.test_search_activity\",\"startStepsCount\":22,\"state\":\"pass\"}","Screenshot":""}
{"Type":"ScriptInfo","MonkeyStepsCount":22,"Time":"2026-06-01 01:44:27.284","Info":"{\"propName\":\"activity_diary132.ActivityDiaryTest.test_open_setting\",\"startStepsCount\":22,\"state\":\"start\"}","Screenshot":""}
{"Type":"Script","MonkeyStepsCount":22,"Time":"2026-06-01 01:44:27.443","Info":"{\"jsonrpc\": \"2.0\", \"id\": 1, \"method\": \"click\", \"params\": [77.0, 209.0]}","Screenshot":""}
{"Type":"Script","MonkeyStepsCount":22,"Time":"2026-06-01 01:44:28.817","Info":"{\"jsonrpc\": \"2.0\", \"id\": 1, \"method\": \"click\", \"params\": [385.0, 1334.0]}","Screenshot":""}
{"Type":"Script","MonkeyStepsCount":22,"Time":"2026-06-01 01:44:30.185","Info":"{\"jsonrpc\": \"2.0\", \"id\": 1, \"method\": \"click\", \"params\": [77.0, 209.0]}","Screenshot":""}
{"Type":"ScriptInfo","MonkeyStepsCount":22,"Time":"2026-06-01 01:44:31.375","Info":"{\"propName\":\"activity_diary132.ActivityDiaryTest.test_open_setting\",\"startStepsCount\":22,\"state\":\"pass\"}","Screenshot":""}
{"Type":"ScriptInfo","MonkeyStepsCount":22,"Time":"2026-06-01 01:44:31.703","Info":"{\"propName\":\"activity_diary132.ActivityDiaryTest.test_edit_note\",\"startStepsCount\":22,\"state\":\"start\"}","Screenshot":""}
{"Type":"Script","MonkeyStepsCount":22,"Time":"2026-06-01 01:44:31.860","Info":"{\"jsonrpc\": \"2.0\", \"id\": 1, \"method\": \"click\", \"params\": [150.5, 894.0]}","Screenshot":""}
{"Type":"Script","MonkeyStepsCount":22,"Time":"2026-06-01 01:44:33.170","Info":"{\"jsonrpc\": \"2.0\", \"id\": 1, \"method\": \"click\", \"params\": [959.0, 781.0]}","Screenshot":""}
{"Type":"Script","MonkeyStepsCount":22,"Time":"2026-06-01 01:44:34.465","Info":"{\"jsonrpc\": \"2.0\", \"id\": 1, \"method\": \"setText\", \"params\": [{\"mask\": 2097152, \"childOrSibling\": [], \"childOrSiblingSelector\": [], \"resourceId\": \"de.rampro.activitydiary.debug:id\/noteText\"}, \"BNbjw\"]}","Screenshot":""}
{"Type":"Script","MonkeyStepsCount":22,"Time":"2026-06-01 01:44:35.714","Info":"{\"jsonrpc\": \"2.0\", \"id\": 1, \"method\": \"click\", \"params\": [881.5, 992.0]}","Screenshot":""}
{"Type":"ScriptInfo","MonkeyStepsCount":22,"Time":"2026-06-01 01:44:36.976","Info":"{\"propName\":\"activity_diary132.ActivityDiaryTest.test_edit_note\",\"startStepsCount\":22,\"state\":\"pass\"}","Screenshot":""}
{"Type":"ScriptInfo","MonkeyStepsCount":22,"Time":"2026-06-01 01:44:37.287","Info":"{\"propName\":\"activity_diary132.ActivityDiaryTest.test_search_activity\",\"startStepsCount\":22,\"state\":\"start\"}","Screenshot":""}
{"Type":"Script","MonkeyStepsCount":22,"Time":"2026-06-01 01:44:37.820","Info":"{\"jsonrpc\": \"2.0\", \"id\": 1, \"method\": \"click\", \"params\": [860.0, 209.0]}","Screenshot":""}
{"Type":"Script","MonkeyStepsCount":22,"Time":"2026-06-01 01:44:39.354","Info":"{\"jsonrpc\": \"2.0\", \"id\": 1, \"method\": \"setText\", \"params\": [{\"mask\": 2097152, \"childOrSibling\": [], \"childOrSiblingSelector\": [], \"resourceId\": \"de.rampro.activitydiary.debug:id\/search_src_text\"}, \"U\"]}","Screenshot":""}
{"Type":"Script","MonkeyStepsCount":22,"Time":"2026-06-01 01:44:40.776","Info":"{\"jsonrpc\": \"2.0\", \"id\": 1, \"method\": \"click\", \"params\": [1001.0, 209.0]}","Screenshot":""}
{"Type":"Script","MonkeyStepsCount":22,"Time":"2026-06-01 01:44:42.108","Info":"{\"jsonrpc\": \"2.0\", \"id\": 1, \"method\": \"click\", \"params\": [1001.0, 209.0]}","Screenshot":""}
{"Type":"ScriptInfo","MonkeyStepsCount":22,"Time":"2026-06-01 01:44:43.293","Info":"{\"propName\":\"activity_diary132.ActivityDiaryTest.test_search_activity\",\"startStepsCount\":22,\"state\":\"pass\"}","Screenshot":""}
{"Type":"ScriptInfo","MonkeyStepsCount":22,"Time":"2026-06-01 01:44:43.606","Info":"{\"propName\":\"activity_diary132.ActivityDiaryTest.test_open_setting\",\"startStepsCount\":22,\"state\":\"start\"}","Screenshot":""}
{"Type":"Script","MonkeyStepsCount":22,"Time":"2026-06-01 01:44:43.761","Info":"{\"jsonrpc\": \"2.0\", \"id\": 1, \"method\": \"click\", \"params\": [77.0, 209.0]}","Screenshot":""}
{"Type":"Script","MonkeyStepsCount":22,"Time":"2026-06-01 01:44:45.092","Info":"{\"jsonrpc\": \"2.0\", \"id\": 1, \"method\": \"click\", \"params\": [385.0, 1334.0]}","Screenshot":""}
{"Type":"Script","MonkeyStepsCount":22,"Time":"2026-06-01 01:44:46.475","Info":"{\"jsonrpc\": \"2.0\", \"id\": 1, \"method\": \"click\", \"params\": [77.0, 209.0]}","Screenshot":""}
{"Type":"ScriptInfo","MonkeyStepsCount":22,"Time":"2026-06-01 01:44:47.676","Info":"{\"propName\":\"activity_diary132.ActivityDiaryTest.test_open_setting\",\"startStepsCount\":22,\"state\":\"pass\"}","Screenshot":""}
{"Type":"ScriptInfo","MonkeyStepsCount":22,"Time":"2026-06-01 01:44:47.994","Info":"{\"propName\":\"activity_diary132.ActivityDiaryTest.test_edit_note\",\"startStepsCount\":22,\"state\":\"start\"}","Screenshot":""}
{"Type":"Script","MonkeyStepsCount":22,"Time":"2026-06-01 01:44:48.182","Info":"{\"jsonrpc\": \"2.0\", \"id\": 1, \"method\": \"click\", \"params\": [169.0, 894.0]}","Screenshot":""}
{"Type":"Script","MonkeyStepsCount":22,"Time":"2026-06-01 01:44:49.511","Info":"{\"jsonrpc\": \"2.0\", \"id\": 1, \"method\": \"click\", \"params\": [959.0, 781.0]}","Screenshot":""}
{"Type":"Script","MonkeyStepsCount":22,"Time":"2026-06-01 01:44:50.732","Info":"{\"jsonrpc\": \"2.0\", \"id\": 1, \"method\": \"setText\", \"params\": [{\"mask\": 2097152, \"childOrSibling\": [], \"childOrSiblingSelector\": [], \"resourceId\": \"de.rampro.activitydiary.debug:id\/noteText\"}, \"AkRmhQyjKo\"]}","Screenshot":""}
{"Type":"Script","MonkeyStepsCount":22,"Time":"2026-06-01 01:44:52.071","Info":"{\"jsonrpc\": \"2.0\", \"id\": 1, \"method\": \"click\", \"params\": [881.5, 992.0]}","Screenshot":""}
{"Type":"ScriptInfo","MonkeyStepsCount":22,"Time":"2026-06-01 01:44:53.350","Info":"{\"propName\":\"activity_diary132.ActivityDiaryTest.test_edit_note\",\"startStepsCount\":22,\"state\":\"pass\"}","Screenshot":""}
{"Type":"ScriptInfo","MonkeyStepsCount":22,"Time":"2026-06-01 01:44:53.640","Info":"{\"propName\":\"activity_diary132.ActivityDiaryTest.test_open_setting\",\"startStepsCount\":22,\"state\":\"start\"}","Screenshot":""}
{"Type":"Script","MonkeyStepsCount":22,"Time":"2026-06-01 01:44:53.795","Info":"{\"jsonrpc\": \"2.0\", \"id\": 1, \"method\": \"click\", \"params\": [77.0, 209.0]}","Screenshot":""}
{"Type":"Script","MonkeyStepsCount":22,"Time":"2026-06-01 01:44:55.155","Info":"{\"jsonrpc\": \"2.0\", \"id\": 1, \"method\": \"click\", \"params\": [385.0, 1334.0]}","Screenshot":""}
{"Type":"Script","MonkeyStepsCount":22,"Time":"2026-06-01 01:44:56.499","Info":"{\"jsonrpc\": \"2.0\", \"id\": 1, \"method\": \"click\", \"params\": [77.0, 209.0]}","Screenshot":""}
{"Type":"ScriptInfo","MonkeyStepsCount":22,"Time":"2026-06-01 01:44:57.685","Info":"{\"propName\":\"activity_diary132.ActivityDiaryTest.test_open_setting\",\"startStepsCount\":22,\"state\":\"pass\"}","Screenshot":""}
{"Type":"ScriptInfo","MonkeyStepsCount":22,"Time":"2026-06-01 01:44:57.989","Info":"{\"propName\":\"activity_diary132.ActivityDiaryTest.test_edit_note\",\"startStepsCount\":22,\"state\":\"start\"}","Screenshot":""}
{"Type":"Script","MonkeyStepsCount":22,"Time":"2026-06-01 01:44:58.188","Info":"{\"jsonrpc\": \"2.0\", \"id\": 1, \"method\": \"click\", \"params\": [169.0, 894.0]}","Screenshot":""}
{"Type":"Script","MonkeyStepsCount":22,"Time":"2026-06-01 01:44:59.513","Info":"{\"jsonrpc\": \"2.0\", \"id\": 1, \"method\": \"click\", \"params\": [959.0, 781.0]}","Screenshot":""}
{"Type":"Script","MonkeyStepsCount":22,"Time":"2026-06-01 01:45:00.705","Info":"{\"jsonrpc\": \"2.0\", \"id\": 1, \"method\": \"setText\", \"params\": [{\"mask\": 2097152, \"childOrSibling\": [], \"childOrSiblingSelector\": [], \"resourceId\": \"de.rampro.activitydiary.debug:id\/noteText\"}, \"qlos\"]}","Screenshot":""}
{"Type":"Script","MonkeyStepsCount":22,"Time":"2026-06-01 01:45:02.044","Info":"{\"jsonrpc\": \"2.0\", \"id\": 1, \"method\": \"click\", \"params\": [881.5, 992.0]}","Screenshot":""}
{"Type":"ScriptInfo","MonkeyStepsCount":22,"Time":"2026-06-01 01:45:03.293","Info":"{\"propName\":\"activity_diary132.ActivityDiaryTest.test_edit_note\",\"startStepsCount\":22,\"state\":\"pass\"}","Screenshot":""}
{"Type":"ScriptInfo","MonkeyStepsCount":22,"Time":"2026-06-01 01:45:03.622","Info":"{\"propName\":\"activity_diary132.ActivityDiaryTest.test_edit_note\",\"startStepsCount\":22,\"state\":\"start\"}","Screenshot":""}
{"Type":"Script","MonkeyStepsCount":22,"Time":"2026-06-01 01:45:03.827","Info":"{\"jsonrpc\": \"2.0\", \"id\": 1, \"method\": \"click\", \"params\": [169.0, 894.0]}","Screenshot":""}
{"Type":"Script","MonkeyStepsCount":22,"Time":"2026-06-01 01:45:05.132","Info":"{\"jsonrpc\": \"2.0\", \"id\": 1, \"method\": \"click\", \"params\": [959.0, 781.0]}","Screenshot":""}
{"Type":"Script","MonkeyStepsCount":22,"Time":"2026-06-01 01:45:06.346","Info":"{\"jsonrpc\": \"2.0\", \"id\": 1, \"method\": \"setText\", \"params\": [{\"mask\": 2097152, \"childOrSibling\": [], \"childOrSiblingSelector\": [], \"resourceId\": \"de.rampro.activitydiary.debug:id\/noteText\"}, \"MuRbmY\"]}","Screenshot":""}
{"Type":"Script","MonkeyStepsCount":22,"Time":"2026-06-01 01:45:07.690","Info":"{\"jsonrpc\": \"2.0\", \"id\": 1, \"method\": \"click\", \"params\": [881.5, 992.0]}","Screenshot":""}
{"Type":"ScriptInfo","MonkeyStepsCount":22,"Time":"2026-06-01 01:45:08.930","Info":"{\"propName\":\"activity_diary132.ActivityDiaryTest.test_edit_note\",\"startStepsCount\":22,\"state\":\"pass\"}","Screenshot":""}
{"Type":"ScriptInfo","MonkeyStepsCount":22,"Time":"2026-06-01 01:45:09.243","Info":"{\"propName\":\"activity_diary132.ActivityDiaryTest.test_edit_note\",\"startStepsCount\":22,\"state\":\"start\"}","Screenshot":""}
{"Type":"Script","MonkeyStepsCount":22,"Time":"2026-06-01 01:45:09.386","Info":"{\"jsonrpc\": \"2.0\", \"id\": 1, \"method\": \"click\", \"params\": [169.0, 894.0]}","Screenshot":""}
{"Type":"Script","MonkeyStepsCount":22,"Time":"2026-06-01 01:45:10.679","Info":"{\"jsonrpc\": \"2.0\", \"id\": 1, \"method\": \"click\", \"params\": [959.0, 781.0]}","Screenshot":""}
{"Type":"Script","MonkeyStepsCount":22,"Time":"2026-06-01 01:45:11.895","Info":"{\"jsonrpc\": \"2.0\", \"id\": 1, \"method\": \"setText\", \"params\": [{\"mask\": 2097152, \"childOrSibling\": [], \"childOrSiblingSelector\": [], \"resourceId\": \"de.rampro.activitydiary.debug:id\/noteText\"}, \"RkH\"]}","Screenshot":""}
{"Type":"Script","MonkeyStepsCount":22,"Time":"2026-06-01 01:45:13.232","Info":"{\"jsonrpc\": \"2.0\", \"id\": 1, \"method\": \"click\", \"params\": [881.5, 992.0]}","Screenshot":""}
{"Type":"ScriptInfo","MonkeyStepsCount":22,"Time":"2026-06-01 01:45:14.510","Info":"{\"propName\":\"activity_diary132.ActivityDiaryTest.test_edit_note\",\"startStepsCount\":22,\"state\":\"pass\"}","Screenshot":""}
{"Type":"ScriptInfo","MonkeyStepsCount":22,"Time":"2026-06-01 01:45:14.796","Info":"{\"propName\":\"activity_diary132.ActivityDiaryTest.test_open_setting\",\"startStepsCount\":22,\"state\":\"start\"}","Screenshot":""}
{"Type":"Script","MonkeyStepsCount":22,"Time":"2026-06-01 01:45:14.945","Info":"{\"jsonrpc\": \"2.0\", \"id\": 1, \"method\": \"click\", \"params\": [77.0, 209.0]}","Screenshot":""}
{"Type":"Script","MonkeyStepsCount":22,"Time":"2026-06-01 01:45:16.257","Info":"{\"jsonrpc\": \"2.0\", \"id\": 1, \"method\": \"click\", \"params\": [385.0, 1334.0]}","Screenshot":""}
{"Type":"Script","MonkeyStepsCount":22,"Time":"2026-06-01 01:45:17.631","Info":"{\"jsonrpc\": \"2.0\", \"id\": 1, \"method\": \"click\", \"params\": [77.0, 209.0]}","Screenshot":""}
{"Type":"ScriptInfo","MonkeyStepsCount":22,"Time":"2026-06-01 01:45:18.896","Info":"{\"propName\":\"activity_diary132.ActivityDiaryTest.test_open_setting\",\"startStepsCount\":22,\"state\":\"pass\"}","Screenshot":""}
{"Type":"ScriptInfo","MonkeyStepsCount":22,"Time":"2026-06-01 01:45:19.210","Info":"{\"propName\":\"activity_diary132.ActivityDiaryTest.test_add_activity\",\"startStepsCount\":22,\"state\":\"start\"}","Screenshot":""}
{"Type":"Script","MonkeyStepsCount":22,"Time":"2026-06-01 01:45:19.416","Info":"{\"jsonrpc\": \"2.0\", \"id\": 1, \"method\": \"click\", \"params\": [1003.0, 209.0]}","Screenshot":""}
{"Type":"Script","MonkeyStepsCount":22,"Time":"2026-06-01 01:45:20.622","Info":"{\"jsonrpc\": \"2.0\", \"id\": 1, \"method\": \"setText\", \"params\": [{\"mask\": 2097152, \"childOrSibling\": [], \"childOrSiblingSelector\": [], \"resourceId\": \"de.rampro.activitydiary.debug:id\/edit_activity_name\"}, \"I\"]}","Screenshot":""}
{"Type":"Script","MonkeyStepsCount":22,"Time":"2026-06-01 01:45:21.861","Info":"{\"jsonrpc\": \"2.0\", \"id\": 1, \"method\": \"click\", \"params\": [1003.0, 209.0]}","Screenshot":""}
{"Type":"ScriptInfo","MonkeyStepsCount":22,"Time":"2026-06-01 01:45:23.106","Info":"{\"propName\":\"activity_diary132.ActivityDiaryTest.test_add_activity\",\"startStepsCount\":22,\"state\":\"pass\"}","Screenshot":""}
{"Type":"ScriptInfo","MonkeyStepsCount":22,"Time":"2026-06-01 01:45:23.420","Info":"{\"propName\":\"activity_diary132.ActivityDiaryTest.test_add_activity\",\"startStepsCount\":22,\"state\":\"start\"}","Screenshot":""}
{"Type":"Script","MonkeyStepsCount":22,"Time":"2026-06-01 01:45:23.639","Info":"{\"jsonrpc\": \"2.0\", \"id\": 1, \"method\": \"click\", \"params\": [1003.0, 209.0]}","Screenshot":""}
{"Type":"Script","MonkeyStepsCount":22,"Time":"2026-06-01 01:45:24.902","Info":"{\"jsonrpc\": \"2.0\", \"id\": 1, \"method\": \"setText\", \"params\": [{\"mask\": 2097152, \"childOrSibling\": [], \"childOrSiblingSelector\": [], \"resourceId\": \"de.rampro.activitydiary.debug:id\/edit_activity_name\"}, \"iwLVTN\"]}","Screenshot":""}
{"Type":"Script","MonkeyStepsCount":22,"Time":"2026-06-01 01:45:26.176","Info":"{\"jsonrpc\": \"2.0\", \"id\": 1, \"method\": \"click\", \"params\": [1003.0, 209.0]}","Screenshot":""}
{"Type":"ScriptInfo","MonkeyStepsCount":22,"Time":"2026-06-01 01:45:27.420","Info":"{\"propName\":\"activity_diary132.ActivityDiaryTest.test_add_activity\",\"startStepsCount\":22,\"state\":\"pass\"}","Screenshot":""}
{"Type":"ScriptInfo","MonkeyStepsCount":22,"Time":"2026-06-01 01:45:27.728","Info":"{\"propName\":\"activity_diary132.ActivityDiaryTest.test_edit_note\",\"startStepsCount\":22,\"state\":\"start\"}","Screenshot":""}
{"Type":"Script","MonkeyStepsCount":22,"Time":"2026-06-01 01:45:27.920","Info":"{\"jsonrpc\": \"2.0\", \"id\": 1, \"method\": \"click\", \"params\": [169.0, 894.0]}","Screenshot":""}
{"Type":"Script","MonkeyStepsCount":22,"Time":"2026-06-01 01:45:29.259","Info":"{\"jsonrpc\": \"2.0\", \"id\": 1, \"method\": \"click\", \"params\": [959.0, 781.0]}","Screenshot":""}
{"Type":"Script","MonkeyStepsCount":22,"Time":"2026-06-01 01:45:30.477","Info":"{\"jsonrpc\": \"2.0\", \"id\": 1, \"method\": \"setText\", \"params\": [{\"mask\": 2097152, \"childOrSibling\": [], \"childOrSiblingSelector\": [], \"resourceId\": \"de.rampro.activitydiary.debug:id\/noteText\"}, \"PJxTqtolh\"]}","Screenshot":""}
{"Type":"Script","MonkeyStepsCount":22,"Time":"2026-06-01 01:45:31.709","Info":"{\"jsonrpc\": \"2.0\", \"id\": 1, \"method\": \"click\", \"params\": [881.5, 992.0]}","Screenshot":""}
{"Type":"ScriptInfo","MonkeyStepsCount":22,"Time":"2026-06-01 01:45:32.924","Info":"{\"propName\":\"activity_diary132.ActivityDiaryTest.test_edit_note\",\"startStepsCount\":22,\"state\":\"pass\"}","Screenshot":""}
{"Type":"ScriptInfo","MonkeyStepsCount":22,"Time":"2026-06-01 01:45:33.252","Info":"{\"propName\":\"activity_diary132.ActivityDiaryTest.test_open_setting\",\"startStepsCount\":22,\"state\":\"start\"}","Screenshot":""}
{"Type":"Script","MonkeyStepsCount":22,"Time":"2026-06-01 01:45:33.425","Info":"{\"jsonrpc\": \"2.0\", \"id\": 1, \"method\": \"click\", \"params\": [77.0, 209.0]}","Screenshot":""}
{"Type":"Script","MonkeyStepsCount":22,"Time":"2026-06-01 01:45:34.790","Info":"{\"jsonrpc\": \"2.0\", \"id\": 1, \"method\": \"click\", \"params\": [385.0, 1334.0]}","Screenshot":""}
{"Type":"Script","MonkeyStepsCount":22,"Time":"2026-06-01 01:45:36.295","Info":"{\"jsonrpc\": \"2.0\", \"id\": 1, \"method\": \"click\", \"params\": [77.0, 209.0]}","Screenshot":""}
{"Type":"ScriptInfo","MonkeyStepsCount":22,"Time":"2026-06-01 01:45:37.468","Info":"{\"propName\":\"activity_diary132.ActivityDiaryTest.test_open_setting\",\"startStepsCount\":22,\"state\":\"pass\"}","Screenshot":""}
{"Type":"ScriptInfo","MonkeyStepsCount":22,"Time":"2026-06-01 01:45:37.765","Info":"{\"propName\":\"activity_diary132.ActivityDiaryTest.test_search_activity\",\"startStepsCount\":22,\"state\":\"start\"}","Screenshot":""}
{"Type":"Script","MonkeyStepsCount":22,"Time":"2026-06-01 01:45:37.924","Info":"{\"jsonrpc\": \"2.0\", \"id\": 1, \"method\": \"click\", \"params\": [860.0, 209.0]}","Screenshot":""}
{"Type":"Script","MonkeyStepsCount":22,"Time":"2026-06-01 01:45:39.378","Info":"{\"jsonrpc\": \"2.0\", \"id\": 1, \"method\": \"setText\", \"params\": [{\"mask\": 2097152, \"childOrSibling\": [], \"childOrSiblingSelector\": [], \"resourceId\": \"de.rampro.activitydiary.debug:id\/search_src_text\"}, \" \"]}","Screenshot":""}
{"Type":"Script","MonkeyStepsCount":22,"Time":"2026-06-01 01:45:40.758","Info":"{\"jsonrpc\": \"2.0\", \"id\": 1, \"method\": \"click\", \"params\": [1001.0, 209.0]}","Screenshot":""}
{"Type":"Script","MonkeyStepsCount":22,"Time":"2026-06-01 01:45:42.079","Info":"{\"jsonrpc\": \"2.0\", \"id\": 1, \"method\": \"click\", \"params\": [1001.0, 209.0]}","Screenshot":""}
{"Type":"ScriptInfo","MonkeyStepsCount":22,"Time":"2026-06-01 01:45:43.245","Info":"{\"propName\":\"activity_diary132.ActivityDiaryTest.test_search_activity\",\"startStepsCount\":22,\"state\":\"fail\"}","Screenshot":""}
{"Type":"ScriptInfo","MonkeyStepsCount":22,"Time":"2026-06-01 01:45:43.577","Info":"{\"propName\":\"activity_diary132.ActivityDiaryTest.test_search_activity\",\"startStepsCount\":22,\"state\":\"start\"}","Screenshot":""}
{"Type":"Script","MonkeyStepsCount":22,"Time":"2026-06-01 01:45:44.030","Info":"{\"jsonrpc\": \"2.0\", \"id\": 1, \"method\": \"click\", \"params\": [861.0, 209.0]}","Screenshot":""}
{"Type":"Script","MonkeyStepsCount":22,"Time":"2026-06-01 01:45:45.499","Info":"{\"jsonrpc\": \"2.0\", \"id\": 1, \"method\": \"setText\", \"params\": [{\"mask\": 2097152, \"childOrSibling\": [], \"childOrSiblingSelector\": [], \"resourceId\": \"de.rampro.activitydiary.debug:id\/search_src_text\"}, \"U\"]}","Screenshot":""}
{"Type":"Script","MonkeyStepsCount":22,"Time":"2026-06-01 01:45:46.891","Info":"{\"jsonrpc\": \"2.0\", \"id\": 1, \"method\": \"click\", \"params\": [1001.0, 209.0]}","Screenshot":""}
{"Type":"Script","MonkeyStepsCount":22,"Time":"2026-06-01 01:45:48.162","Info":"{\"jsonrpc\": \"2.0\", \"id\": 1, \"method\": \"click\", \"params\": [1001.0, 209.0]}","Screenshot":""}
{"Type":"ScriptInfo","MonkeyStepsCount":22,"Time":"2026-06-01 01:45:49.369","Info":"{\"propName\":\"activity_diary132.ActivityDiaryTest.test_search_activity\",\"startStepsCount\":22,\"state\":\"pass\"}","Screenshot":""}
{"Type":"ScriptInfo","MonkeyStepsCount":22,"Time":"2026-06-01 01:45:49.680","Info":"{\"propName\":\"activity_diary132.ActivityDiaryTest.test_open_setting\",\"startStepsCount\":22,\"state\":\"start\"}","Screenshot":""}
{"Type":"Script","MonkeyStepsCount":22,"Time":"2026-06-01 01:45:49.872","Info":"{\"jsonrpc\": \"2.0\", \"id\": 1, \"method\": \"click\", \"params\": [77.0, 209.0]}","Screenshot":""}
{"Type":"Script","MonkeyStepsCount":22,"Time":"2026-06-01 01:45:51.197","Info":"{\"jsonrpc\": \"2.0\", \"id\": 1, \"method\": \"click\", \"params\": [385.0, 1334.0]}","Screenshot":""}
{"Type":"Script","MonkeyStepsCount":22,"Time":"2026-06-01 01:45:52.526","Info":"{\"jsonrpc\": \"2.0\", \"id\": 1, \"method\": \"click\", \"params\": [77.0, 209.0]}","Screenshot":""}
{"Type":"ScriptInfo","MonkeyStepsCount":22,"Time":"2026-06-01 01:45:53.724","Info":"{\"propName\":\"activity_diary132.ActivityDiaryTest.test_open_setting\",\"startStepsCount\":22,\"state\":\"pass\"}","Screenshot":""}
{"Type":"ScriptInfo","MonkeyStepsCount":22,"Time":"2026-06-01 01:45:54.051","Info":"{\"propName\":\"activity_diary132.ActivityDiaryTest.test_add_activity\",\"startStepsCount\":22,\"state\":\"start\"}","Screenshot":""}
{"Type":"Script","MonkeyStepsCount":22,"Time":"2026-06-01 01:45:54.209","Info":"{\"jsonrpc\": \"2.0\", \"id\": 1, \"method\": \"click\", \"params\": [1003.0, 209.0]}","Screenshot":""}
{"Type":"Script","MonkeyStepsCount":22,"Time":"2026-06-01 01:45:55.483","Info":"{\"jsonrpc\": \"2.0\", \"id\": 1, \"method\": \"setText\", \"params\": [{\"mask\": 2097152, \"childOrSibling\": [], \"childOrSiblingSelector\": [], \"resourceId\": \"de.rampro.activitydiary.debug:id\/edit_activity_name\"}, \"wHBOSQ\"]}","Screenshot":""}
{"Type":"Script","MonkeyStepsCount":22,"Time":"2026-06-01 01:45:56.721","Info":"{\"jsonrpc\": \"2.0\", \"id\": 1, \"method\": \"click\", \"params\": [1003.0, 209.0]}","Screenshot":""}
{"Type":"ScriptInfo","MonkeyStepsCount":22,"Time":"2026-06-01 01:45:57.971","Info":"{\"propName\":\"activity_diary132.ActivityDiaryTest.test_add_activity\",\"startStepsCount\":22,\"state\":\"pass\"}","Screenshot":""}
{"Type":"ScriptInfo","MonkeyStepsCount":22,"Time":"2026-06-01 01:45:58.313","Info":"{\"propName\":\"activity_diary132.ActivityDiaryTest.test_search_activity\",\"startStepsCount\":22,\"state\":\"start\"}","Screenshot":""}
{"Type":"Script","MonkeyStepsCount":22,"Time":"2026-06-01 01:45:58.561","Info":"{\"jsonrpc\": \"2.0\", \"id\": 1, \"method\": \"click\", \"params\": [860.0, 209.0]}","Screenshot":""}
{"Type":"Script","MonkeyStepsCount":22,"Time":"2026-06-01 01:46:00.080","Info":"{\"jsonrpc\": \"2.0\", \"id\": 1, \"method\": \"setText\", \"params\": [{\"mask\": 2097152, \"childOrSibling\": [], \"childOrSiblingSelector\": [], \"resourceId\": \"de.rampro.activitydiary.debug:id\/search_src_text\"}, \"wHBOSQ\"]}","Screenshot":""}
{"Type":"Script","MonkeyStepsCount":22,"Time":"2026-06-01 01:46:01.434","Info":"{\"jsonrpc\": \"2.0\", \"id\": 1, \"method\": \"click\", \"params\": [1001.0, 209.0]}","Screenshot":""}
{"Type":"Script","MonkeyStepsCount":22,"Time":"2026-06-01 01:46:02.757","Info":"{\"jsonrpc\": \"2.0\", \"id\": 1, \"method\": \"click\", \"params\": [1001.0, 209.0]}","Screenshot":""}
{"Type":"ScriptInfo","MonkeyStepsCount":22,"Time":"2026-06-01 01:46:03.929","Info":"{\"propName\":\"activity_diary132.ActivityDiaryTest.test_search_activity\",\"startStepsCount\":22,\"state\":\"pass\"}","Screenshot":""}
{"Type":"ScriptInfo","MonkeyStepsCount":22,"Time":"2026-06-01 01:46:04.276","Info":"{\"propName\":\"activity_diary132.ActivityDiaryTest.test_edit_note\",\"startStepsCount\":22,\"state\":\"start\"}","Screenshot":""}
{"Type":"Script","MonkeyStepsCount":22,"Time":"2026-06-01 01:46:04.482","Info":"{\"jsonrpc\": \"2.0\", \"id\": 1, \"method\": \"click\", \"params\": [169.0, 894.0]}","Screenshot":""}
{"Type":"Script","MonkeyStepsCount":22,"Time":"2026-06-01 01:46:05.805","Info":"{\"jsonrpc\": \"2.0\", \"id\": 1, \"method\": \"click\", \"params\": [959.0, 781.0]}","Screenshot":""}
{"Type":"Script","MonkeyStepsCount":22,"Time":"2026-06-01 01:46:07.021","Info":"{\"jsonrpc\": \"2.0\", \"id\": 1, \"method\": \"setText\", \"params\": [{\"mask\": 2097152, \"childOrSibling\": [], \"childOrSiblingSelector\": [], \"resourceId\": \"de.rampro.activitydiary.debug:id\/noteText\"}, \"LKf\"]}","Screenshot":""}
{"Type":"Script","MonkeyStepsCount":22,"Time":"2026-06-01 01:46:08.236","Info":"{\"jsonrpc\": \"2.0\", \"id\": 1, \"method\": \"click\", \"params\": [881.5, 992.0]}","Screenshot":""}
{"Type":"ScriptInfo","MonkeyStepsCount":22,"Time":"2026-06-01 01:46:09.461","Info":"{\"propName\":\"activity_diary132.ActivityDiaryTest.test_edit_note\",\"startStepsCount\":22,\"state\":\"pass\"}","Screenshot":""}
{"Type":"ScriptInfo","MonkeyStepsCount":22,"Time":"2026-06-01 01:46:09.769","Info":"{\"propName\":\"activity_diary132.ActivityDiaryTest.test_add_activity\",\"startStepsCount\":22,\"state\":\"start\"}","Screenshot":""}
{"Type":"Script","MonkeyStepsCount":22,"Time":"2026-06-01 01:46:09.943","Info":"{\"jsonrpc\": \"2.0\", \"id\": 1, \"method\": \"click\", \"params\": [1003.5, 209.0]}","Screenshot":""}
{"Type":"Script","MonkeyStepsCount":22,"Time":"2026-06-01 01:46:11.161","Info":"{\"jsonrpc\": \"2.0\", \"id\": 1, \"method\": \"setText\", \"params\": [{\"mask\": 2097152, \"childOrSibling\": [], \"childOrSiblingSelector\": [], \"resourceId\": \"de.rampro.activitydiary.debug:id\/edit_activity_name\"}, \"GlP\"]}","Screenshot":""}
{"Type":"Script","MonkeyStepsCount":22,"Time":"2026-06-01 01:46:12.423","Info":"{\"jsonrpc\": \"2.0\", \"id\": 1, \"method\": \"click\", \"params\": [1003.0, 209.0]}","Screenshot":""}
{"Type":"ScriptInfo","MonkeyStepsCount":22,"Time":"2026-06-01 01:46:13.663","Info":"{\"propName\":\"activity_diary132.ActivityDiaryTest.test_add_activity\",\"startStepsCount\":22,\"state\":\"pass\"}","Screenshot":""}
{"Type":"ScriptInfo","MonkeyStepsCount":22,"Time":"2026-06-01 01:46:13.976","Info":"{\"propName\":\"activity_diary132.ActivityDiaryTest.test_add_activity\",\"startStepsCount\":22,\"state\":\"start\"}","Screenshot":""}
{"Type":"Script","MonkeyStepsCount":22,"Time":"2026-06-01 01:46:14.117","Info":"{\"jsonrpc\": \"2.0\", \"id\": 1, \"method\": \"click\", \"params\": [1003.0, 209.0]}","Screenshot":""}
{"Type":"Script","MonkeyStepsCount":22,"Time":"2026-06-01 01:46:15.347","Info":"{\"jsonrpc\": \"2.0\", \"id\": 1, \"method\": \"setText\", \"params\": [{\"mask\": 2097152, \"childOrSibling\": [], \"childOrSiblingSelector\": [], \"resourceId\": \"de.rampro.activitydiary.debug:id\/edit_activity_name\"}, \"IdBI\"]}","Screenshot":""}
{"Type":"Script","MonkeyStepsCount":22,"Time":"2026-06-01 01:46:16.579","Info":"{\"jsonrpc\": \"2.0\", \"id\": 1, \"method\": \"click\", \"params\": [1003.0, 209.0]}","Screenshot":""}
{"Type":"ScriptInfo","MonkeyStepsCount":22,"Time":"2026-06-01 01:46:17.849","Info":"{\"propName\":\"activity_diary132.ActivityDiaryTest.test_add_activity\",\"startStepsCount\":22,\"state\":\"pass\"}","Screenshot":""}
{"Type":"ScriptInfo","MonkeyStepsCount":22,"Time":"2026-06-01 01:46:18.235","Info":"{\"propName\":\"activity_diary132.ActivityDiaryTest.test_search_activity\",\"startStepsCount\":22,\"state\":\"start\"}","Screenshot":""}
{"Type":"Script","MonkeyStepsCount":22,"Time":"2026-06-01 01:46:18.535","Info":"{\"jsonrpc\": \"2.0\", \"id\": 1, \"method\": \"click\", \"params\": [860.0, 209.0]}","Screenshot":""}
{"Type":"Script","MonkeyStepsCount":22,"Time":"2026-06-01 01:46:19.980","Info":"{\"jsonrpc\": \"2.0\", \"id\": 1, \"method\": \"setText\", \"params\": [{\"mask\": 2097152, \"childOrSibling\": [], \"childOrSiblingSelector\": [], \"resourceId\": \"de.rampro.activitydiary.debug:id\/search_src_text\"}, \"IdBI\"]}","Screenshot":""}
{"Type":"Script","MonkeyStepsCount":22,"Time":"2026-06-01 01:46:21.322","Info":"{\"jsonrpc\": \"2.0\", \"id\": 1, \"method\": \"click\", \"params\": [1001.0, 209.0]}","Screenshot":""}
{"Type":"Script","MonkeyStepsCount":22,"Time":"2026-06-01 01:46:22.618","Info":"{\"jsonrpc\": \"2.0\", \"id\": 1, \"method\": \"click\", \"params\": [1001.0, 209.0]}","Screenshot":""}
{"Type":"ScriptInfo","MonkeyStepsCount":22,"Time":"2026-06-01 01:46:23.788","Info":"{\"propName\":\"activity_diary132.ActivityDiaryTest.test_search_activity\",\"startStepsCount\":22,\"state\":\"pass\"}","Screenshot":""}
