{"Type":"Monkey","MonkeyStepsCount":1,"Time":"2026-05-31 08:50:40.703","Info":"{\"act\":\"LONG_CLICK\",\"adbinput\":false,\"aid\":\"g0a8\",\"allowFuzzing\":true,\"clear\":false,\"editable\":true,\"jAction\":\"\",\"pos\":[226,146,951,245],\"rawinput\":false,\"sid\":\"\",\"text\":\"Lookup\",\"throttle\":26,\"waitTime\":0,\"widget\":\"{\\\"bounds\\\":\\\"[226,146][951,245]\\\",\\\"class\\\":\\\"android.widget.EditText\\\",\\\"content-desc\\\":\\\"\\\",\\\"index\\\":0,\\\"resource-id\\\":\\\"android:id\/search_src_text\\\",\\\"text\\\":\\\"Lookup\\\"}\"}","Screenshot":""}
{"Type":"ScriptInfo","MonkeyStepsCount":1,"Time":"2026-05-31 08:50:42.119","Info":"{\"propName\":\"aard2.Aard2Test.test_lookup_word\",\"startStepsCount\":1,\"state\":\"start\"}","Screenshot":""}
{"Type":"Script","MonkeyStepsCount":1,"Time":"2026-05-31 08:50:42.151","Info":"{\"jsonrpc\": \"2.0\", \"id\": 1, \"method\": \"click\", \"params\": [102, 310]}","Screenshot":""}
{"Type":"Script","MonkeyStepsCount":1,"Time":"2026-05-31 08:50:43.430","Info":"{\"jsonrpc\": \"2.0\", \"id\": 1, \"method\": \"setText\", \"params\": [{\"mask\": 2097152, \"childOrSibling\": [], \"childOrSiblingSelector\": [], \"resourceId\": \"android:id\/search_src_text\"}, \"kf\"]}","Screenshot":""}
{"Type":"ScriptInfo","MonkeyStepsCount":1,"Time":"2026-05-31 08:50:44.773","Info":"{\"propName\":\"aard2.Aard2Test.test_lookup_word\",\"startStepsCount\":1,\"state\":\"pass\"}","Screenshot":""}
{"Type":"ScriptInfo","MonkeyStepsCount":1,"Time":"2026-05-31 08:50:45.117","Info":"{\"propName\":\"aard2.Aard2Test.test_lookup_word\",\"startStepsCount\":1,\"state\":\"start\"}","Screenshot":""}
{"Type":"Script","MonkeyStepsCount":1,"Time":"2026-05-31 08:50:45.133","Info":"{\"jsonrpc\": \"2.0\", \"id\": 1, \"method\": \"click\", \"params\": [102, 310]}","Screenshot":""}
{"Type":"Script","MonkeyStepsCount":1,"Time":"2026-05-31 08:50:46.359","Info":"{\"jsonrpc\": \"2.0\", \"id\": 1, \"method\": \"setText\", \"params\": [{\"mask\": 2097152, \"childOrSibling\": [], \"childOrSiblingSelector\": [], \"resourceId\": \"android:id\/search_src_text\"}, \"w\"]}","Screenshot":""}
{"Type":"Script","MonkeyStepsCount":1,"Time":"2026-05-31 08:50:48.863","Info":"{\"jsonrpc\": \"2.0\", \"id\": 1, \"method\": \"click\", \"params\": [509.5, 749.0]}","Screenshot":""}
{"Type":"Script","MonkeyStepsCount":1,"Time":"2026-05-31 08:50:50.210","Info":"{\"jsonrpc\": \"2.0\", \"id\": 1, \"method\": \"click\", \"params\": [22.0, 198.0]}","Screenshot":""}
{"Type":"ScriptInfo","MonkeyStepsCount":1,"Time":"2026-05-31 08:50:51.445","Info":"{\"propName\":\"aard2.Aard2Test.test_lookup_word\",\"startStepsCount\":1,\"state\":\"pass\"}","Screenshot":""}
{"Type":"ScriptInfo","MonkeyStepsCount":1,"Time":"2026-05-31 08:50:51.846","Info":"{\"propName\":\"aard2.Aard2Test.test_filter_words\",\"startStepsCount\":1,\"state\":\"start\"}","Screenshot":""}
{"Type":"Script","MonkeyStepsCount":1,"Time":"2026-05-31 08:50:51.878","Info":"{\"jsonrpc\": \"2.0\", \"id\": 1, \"method\": \"click\", \"params\": [532, 310]}","Screenshot":""}
{"Type":"Script","MonkeyStepsCount":1,"Time":"2026-05-31 08:50:53.594","Info":"{\"jsonrpc\": \"2.0\", \"id\": 1, \"method\": \"click\", \"params\": [695.0, 198.0]}","Screenshot":""}
{"Type":"Script","MonkeyStepsCount":1,"Time":"2026-05-31 08:50:54.810","Info":"{\"jsonrpc\": \"2.0\", \"id\": 1, \"method\": \"setText\", \"params\": [{\"mask\": 2097152, \"childOrSibling\": [], \"childOrSiblingSelector\": [], \"resourceId\": \"android:id\/search_src_text\"}, \"w\"]}","Screenshot":""}
{"Type":"Script","MonkeyStepsCount":1,"Time":"2026-05-31 08:50:56.108","Info":"{\"jsonrpc\": \"2.0\", \"id\": 1, \"method\": \"click\", \"params\": [848.5, 196.0]}","Screenshot":""}
{"Type":"ScriptInfo","MonkeyStepsCount":1,"Time":"2026-05-31 08:50:56.327","Info":"{\"propName\":\"aard2.Aard2Test.test_filter_words\",\"startStepsCount\":1,\"state\":\"pass\"}","Screenshot":""}
{"Type":"Monkey","MonkeyStepsCount":2,"Time":"2026-05-31 08:50:56.684","Info":"{\"act\":\"LONG_CLICK\",\"adbinput\":false,\"aid\":\"g0a8\",\"allowFuzzing\":true,\"clear\":false,\"editable\":true,\"jAction\":\"\",\"pos\":[158,146,900,245],\"rawinput\":false,\"sid\":\"\",\"text\":\"   Lookup\",\"throttle\":36,\"waitTime\":0,\"widget\":\"{\\\"bounds\\\":\\\"[158,146][900,245]\\\",\\\"class\\\":\\\"android.widget.EditText\\\",\\\"content-desc\\\":\\\"\\\",\\\"index\\\":0,\\\"resource-id\\\":\\\"android:id\/search_src_text\\\",\\\"text\\\":\\\"Filter\\\"}\"}","Screenshot":""}
{"Type":"ScriptInfo","MonkeyStepsCount":2,"Time":"2026-05-31 08:50:58.055","Info":"{\"propName\":\"aard2.Aard2Test.test_favorite_word\",\"startStepsCount\":2,\"state\":\"start\"}","Screenshot":""}
{"Type":"Script","MonkeyStepsCount":2,"Time":"2026-05-31 08:50:58.103","Info":"{\"jsonrpc\": \"2.0\", \"id\": 1, \"method\": \"click\", \"params\": [102, 310]}","Screenshot":""}
{"Type":"ScriptInfo","MonkeyStepsCount":2,"Time":"2026-05-31 08:50:59.334","Info":"{\"propName\":\"aard2.Aard2Test.test_favorite_word\",\"startStepsCount\":2,\"state\":\"error\"}","Screenshot":""}
{"Type":"ScriptInfo","MonkeyStepsCount":2,"Time":"2026-05-31 08:50:59.721","Info":"{\"propName\":\"aard2.Aard2Test.test_lookup_word\",\"startStepsCount\":2,\"state\":\"start\"}","Screenshot":""}
{"Type":"Script","MonkeyStepsCount":2,"Time":"2026-05-31 08:50:59.768","Info":"{\"jsonrpc\": \"2.0\", \"id\": 1, \"method\": \"click\", \"params\": [102, 310]}","Screenshot":""}
{"Type":"Script","MonkeyStepsCount":2,"Time":"2026-05-31 08:51:01.046","Info":"{\"jsonrpc\": \"2.0\", \"id\": 1, \"method\": \"setText\", \"params\": [{\"mask\": 2097152, \"childOrSibling\": [], \"childOrSiblingSelector\": [], \"resourceId\": \"android:id\/search_src_text\"}, \"-\"]}","Screenshot":""}
{"Type":"Script","MonkeyStepsCount":2,"Time":"2026-05-31 08:51:21.526","Info":"{\"jsonrpc\": \"2.0\", \"id\": 1, \"method\": \"setText\", \"params\": [{\"mask\": 2097152, \"childOrSibling\": [], \"childOrSiblingSelector\": [], \"resourceId\": \"android:id\/search_src_text\"}, \"-\"]}","Screenshot":""}
{"Type":"Script","MonkeyStepsCount":2,"Time":"2026-05-31 08:51:23.759","Info":"{\"jsonrpc\": \"2.0\", \"id\": 1, \"method\": \"click\", \"params\": [509.5, 595.0]}","Screenshot":""}
{"Type":"Script","MonkeyStepsCount":2,"Time":"2026-05-31 08:51:25.167","Info":"{\"jsonrpc\": \"2.0\", \"id\": 1, \"method\": \"click\", \"params\": [22.0, 198.0]}","Screenshot":""}
{"Type":"ScriptInfo","MonkeyStepsCount":2,"Time":"2026-05-31 08:51:26.474","Info":"{\"propName\":\"aard2.Aard2Test.test_lookup_word\",\"startStepsCount\":2,\"state\":\"pass\"}","Screenshot":""}
{"Type":"ScriptInfo","MonkeyStepsCount":2,"Time":"2026-05-31 08:51:27.144","Info":"{\"propName\":\"aard2.Aard2Test.test_filter_words\",\"startStepsCount\":2,\"state\":\"start\"}","Screenshot":""}
{"Type":"Script","MonkeyStepsCount":2,"Time":"2026-05-31 08:51:27.175","Info":"{\"jsonrpc\": \"2.0\", \"id\": 1, \"method\": \"click\", \"params\": [532, 310]}","Screenshot":""}
{"Type":"Script","MonkeyStepsCount":2,"Time":"2026-05-31 08:51:28.906","Info":"{\"jsonrpc\": \"2.0\", \"id\": 1, \"method\": \"click\", \"params\": [695.0, 198.0]}","Screenshot":""}
{"Type":"Script","MonkeyStepsCount":2,"Time":"2026-05-31 08:51:30.248","Info":"{\"jsonrpc\": \"2.0\", \"id\": 1, \"method\": \"setText\", \"params\": [{\"mask\": 2097152, \"childOrSibling\": [], \"childOrSiblingSelector\": [], \"resourceId\": \"android:id\/search_src_text\"}, \"w\"]}","Screenshot":""}
{"Type":"Script","MonkeyStepsCount":2,"Time":"2026-05-31 08:51:32.021","Info":"{\"jsonrpc\": \"2.0\", \"id\": 1, \"method\": \"click\", \"params\": [848.5, 196.0]}","Screenshot":""}
{"Type":"ScriptInfo","MonkeyStepsCount":2,"Time":"2026-05-31 08:51:32.274","Info":"{\"propName\":\"aard2.Aard2Test.test_filter_words\",\"startStepsCount\":2,\"state\":\"pass\"}","Screenshot":""}
{"Type":"ScriptInfo","MonkeyStepsCount":2,"Time":"2026-05-31 08:51:32.663","Info":"{\"propName\":\"aard2.Aard2Test.test_lookup_word\",\"startStepsCount\":2,\"state\":\"start\"}","Screenshot":""}
{"Type":"Script","MonkeyStepsCount":2,"Time":"2026-05-31 08:51:32.710","Info":"{\"jsonrpc\": \"2.0\", \"id\": 1, \"method\": \"click\", \"params\": [102, 310]}","Screenshot":""}
{"Type":"Script","MonkeyStepsCount":2,"Time":"2026-05-31 08:51:33.975","Info":"{\"jsonrpc\": \"2.0\", \"id\": 1, \"method\": \"setText\", \"params\": [{\"mask\": 2097152, \"childOrSibling\": [], \"childOrSiblingSelector\": [], \"resourceId\": \"android:id\/search_src_text\"}, \"-\"]}","Screenshot":""}
{"Type":"Script","MonkeyStepsCount":2,"Time":"2026-05-31 08:51:36.995","Info":"{\"jsonrpc\": \"2.0\", \"id\": 1, \"method\": \"click\", \"params\": [509.5, 903.0]}","Screenshot":""}
{"Type":"Script","MonkeyStepsCount":2,"Time":"2026-05-31 08:51:38.420","Info":"{\"jsonrpc\": \"2.0\", \"id\": 1, \"method\": \"click\", \"params\": [22.0, 198.0]}","Screenshot":""}
{"Type":"ScriptInfo","MonkeyStepsCount":2,"Time":"2026-05-31 08:51:39.691","Info":"{\"propName\":\"aard2.Aard2Test.test_lookup_word\",\"startStepsCount\":2,\"state\":\"pass\"}","Screenshot":""}
{"Type":"ScriptInfo","MonkeyStepsCount":2,"Time":"2026-05-31 08:51:40.256","Info":"{\"propName\":\"aard2.Aard2Test.test_filter_words\",\"startStepsCount\":2,\"state\":\"start\"}","Screenshot":""}
{"Type":"Script","MonkeyStepsCount":2,"Time":"2026-05-31 08:51:40.289","Info":"{\"jsonrpc\": \"2.0\", \"id\": 1, \"method\": \"click\", \"params\": [532, 310]}","Screenshot":""}
{"Type":"Script","MonkeyStepsCount":2,"Time":"2026-05-31 08:51:42.253","Info":"{\"jsonrpc\": \"2.0\", \"id\": 1, \"method\": \"click\", \"params\": [695.0, 198.0]}","Screenshot":""}
{"Type":"Script","MonkeyStepsCount":2,"Time":"2026-05-31 08:51:43.540","Info":"{\"jsonrpc\": \"2.0\", \"id\": 1, \"method\": \"setText\", \"params\": [{\"mask\": 2097152, \"childOrSibling\": [], \"childOrSiblingSelector\": [], \"resourceId\": \"android:id\/search_src_text\"}, \"~\"]}","Screenshot":""}
{"Type":"Script","MonkeyStepsCount":2,"Time":"2026-05-31 08:51:44.906","Info":"{\"jsonrpc\": \"2.0\", \"id\": 1, \"method\": \"click\", \"params\": [848.5, 196.0]}","Screenshot":""}
{"Type":"ScriptInfo","MonkeyStepsCount":2,"Time":"2026-05-31 08:51:45.137","Info":"{\"propName\":\"aard2.Aard2Test.test_filter_words\",\"startStepsCount\":2,\"state\":\"pass\"}","Screenshot":""}
{"Type":"ScriptInfo","MonkeyStepsCount":2,"Time":"2026-05-31 08:51:45.511","Info":"{\"propName\":\"aard2.Aard2Test.test_filter_words\",\"startStepsCount\":2,\"state\":\"start\"}","Screenshot":""}
{"Type":"Script","MonkeyStepsCount":2,"Time":"2026-05-31 08:51:45.526","Info":"{\"jsonrpc\": \"2.0\", \"id\": 1, \"method\": \"click\", \"params\": [532, 310]}","Screenshot":""}
{"Type":"Script","MonkeyStepsCount":2,"Time":"2026-05-31 08:51:47.278","Info":"{\"jsonrpc\": \"2.0\", \"id\": 1, \"method\": \"setText\", \"params\": [{\"mask\": 2097152, \"childOrSibling\": [], \"childOrSiblingSelector\": [], \"resourceId\": \"android:id\/search_src_text\"}, \"w\"]}","Screenshot":""}
{"Type":"Script","MonkeyStepsCount":2,"Time":"2026-05-31 08:51:49.060","Info":"{\"jsonrpc\": \"2.0\", \"id\": 1, \"method\": \"click\", \"params\": [848.5, 196.0]}","Screenshot":""}
{"Type":"ScriptInfo","MonkeyStepsCount":2,"Time":"2026-05-31 08:51:49.260","Info":"{\"propName\":\"aard2.Aard2Test.test_filter_words\",\"startStepsCount\":2,\"state\":\"pass\"}","Screenshot":""}
{"Type":"Monkey","MonkeyStepsCount":3,"Time":"2026-05-31 08:51:49.689","Info":"{\"act\":\"LONG_CLICK\",\"adbinput\":false,\"aid\":\"g0a16\",\"allowFuzzing\":true,\"clear\":false,\"editable\":false,\"jAction\":\"\",\"pos\":[0,396,1080,594],\"rawinput\":false,\"sid\":\"\",\"text\":\"\",\"throttle\":92,\"waitTime\":0,\"widget\":\"{\\\"bounds\\\":\\\"[0,396][1080,594]\\\",\\\"class\\\":\\\"android.widget.RelativeLayout\\\",\\\"content-desc\\\":\\\"\\\",\\\"index\\\":0,\\\"resource-id\\\":\\\"\\\",\\\"text\\\":\\\"\\\"}\"}","Screenshot":""}
{"Type":"Monkey","MonkeyStepsCount":4,"Time":"2026-05-31 08:51:51.096","Info":"{\"act\":\"CLICK\",\"adbinput\":false,\"aid\":\"g0a18\",\"allowFuzzing\":true,\"clear\":false,\"editable\":false,\"jAction\":\"\",\"pos\":[0,132,154,264],\"rawinput\":false,\"sid\":\"\",\"text\":\"\",\"throttle\":17,\"waitTime\":0,\"widget\":\"{\\\"bounds\\\":\\\"[0,132][154,264]\\\",\\\"class\\\":\\\"android.widget.LinearLayout\\\",\\\"content-desc\\\":\\\"Done\\\",\\\"index\\\":0,\\\"resource-id\\\":\\\"android:id\/action_mode_close_button\\\",\\\"text\\\":\\\"\\\"}\"}","Screenshot":""}
{"Type":"Monkey","MonkeyStepsCount":5,"Time":"2026-05-31 08:51:51.630","Info":"{\"act\":\"CLICK\",\"adbinput\":false,\"aid\":\"g0a12\",\"allowFuzzing\":true,\"clear\":false,\"editable\":false,\"jAction\":\"\",\"pos\":[926,132,1080,264],\"rawinput\":false,\"sid\":\"\",\"text\":\"\",\"throttle\":95,\"waitTime\":0,\"widget\":\"{\\\"bounds\\\":\\\"[926,132][1080,264]\\\",\\\"class\\\":\\\"android.widget.ImageButton\\\",\\\"content-desc\\\":\\\"More options\\\",\\\"index\\\":0,\\\"resource-id\\\":\\\"\\\",\\\"text\\\":\\\"\\\"}\"}","Screenshot":""}
{"Type":"Monkey","MonkeyStepsCount":6,"Time":"2026-05-31 08:51:52.199","Info":"{\"act\":\"SCROLL_TOP_DOWN\",\"adbinput\":false,\"aid\":\"g0a0\",\"allowFuzzing\":true,\"clear\":false,\"editable\":false,\"jAction\":\"\",\"pos\":[497,242,1080,552],\"rawinput\":false,\"sid\":\"\",\"text\":\"\",\"throttle\":95,\"waitTime\":0,\"widget\":\"{\\\"bounds\\\":\\\"[497,242][1080,552]\\\",\\\"class\\\":\\\"android.widget.FrameLayout\\\",\\\"content-desc\\\":\\\"\\\",\\\"index\\\":0,\\\"resource-id\\\":\\\"\\\",\\\"text\\\":\\\"\\\"}\"}","Screenshot":""}
{"Type":"Monkey","MonkeyStepsCount":7,"Time":"2026-05-31 08:51:52.916","Info":"{\"act\":\"BACK\",\"adbinput\":false,\"aid\":\"g0a11\",\"allowFuzzing\":true,\"clear\":false,\"editable\":false,\"jAction\":\"\",\"pos\":[0,0,0,0],\"rawinput\":false,\"sid\":\"\",\"text\":\"\",\"throttle\":61,\"waitTime\":0,\"widget\":\"\"}","Screenshot":""}
{"Type":"ScriptInfo","MonkeyStepsCount":7,"Time":"2026-05-31 08:51:53.381","Info":"{\"propName\":\"aard2.Aard2Test.test_filter_words\",\"startStepsCount\":7,\"state\":\"start\"}","Screenshot":""}
{"Type":"Script","MonkeyStepsCount":7,"Time":"2026-05-31 08:51:53.414","Info":"{\"jsonrpc\": \"2.0\", \"id\": 1, \"method\": \"click\", \"params\": [532, 310]}","Screenshot":""}
{"Type":"Script","MonkeyStepsCount":7,"Time":"2026-05-31 08:51:55.208","Info":"{\"jsonrpc\": \"2.0\", \"id\": 1, \"method\": \"setText\", \"params\": [{\"mask\": 2097152, \"childOrSibling\": [], \"childOrSiblingSelector\": [], \"resourceId\": \"android:id\/search_src_text\"}, \"~\"]}","Screenshot":""}
{"Type":"Script","MonkeyStepsCount":7,"Time":"2026-05-31 08:51:57.327","Info":"{\"jsonrpc\": \"2.0\", \"id\": 1, \"method\": \"click\", \"params\": [848.5, 196.0]}","Screenshot":""}
{"Type":"ScriptInfo","MonkeyStepsCount":7,"Time":"2026-05-31 08:51:57.534","Info":"{\"propName\":\"aard2.Aard2Test.test_filter_words\",\"startStepsCount\":7,\"state\":\"pass\"}","Screenshot":""}
{"Type":"ScriptInfo","MonkeyStepsCount":7,"Time":"2026-05-31 08:51:57.922","Info":"{\"propName\":\"aard2.Aard2Test.test_filter_words\",\"startStepsCount\":7,\"state\":\"start\"}","Screenshot":""}
{"Type":"Script","MonkeyStepsCount":7,"Time":"2026-05-31 08:51:57.937","Info":"{\"jsonrpc\": \"2.0\", \"id\": 1, \"method\": \"click\", \"params\": [532, 310]}","Screenshot":""}
{"Type":"Script","MonkeyStepsCount":7,"Time":"2026-05-31 08:51:59.709","Info":"{\"jsonrpc\": \"2.0\", \"id\": 1, \"method\": \"setText\", \"params\": [{\"mask\": 2097152, \"childOrSibling\": [], \"childOrSiblingSelector\": [], \"resourceId\": \"android:id\/search_src_text\"}, \"-\"]}","Screenshot":""}
{"Type":"ScriptInfo","MonkeyStepsCount":7,"Time":"2026-05-31 08:52:00.941","Info":"{\"propName\":\"aard2.Aard2Test.test_filter_words\",\"startStepsCount\":7,\"state\":\"fail\"}","Screenshot":""}
{"Type":"ScriptInfo","MonkeyStepsCount":7,"Time":"2026-05-31 08:52:01.303","Info":"{\"propName\":\"aard2.Aard2Test.test_lookup_word\",\"startStepsCount\":7,\"state\":\"start\"}","Screenshot":""}
{"Type":"Script","MonkeyStepsCount":7,"Time":"2026-05-31 08:52:01.330","Info":"{\"jsonrpc\": \"2.0\", \"id\": 1, \"method\": \"click\", \"params\": [102, 310]}","Screenshot":""}
{"Type":"Script","MonkeyStepsCount":7,"Time":"2026-05-31 08:52:02.609","Info":"{\"jsonrpc\": \"2.0\", \"id\": 1, \"method\": \"setText\", \"params\": [{\"mask\": 2097152, \"childOrSibling\": [], \"childOrSiblingSelector\": [], \"resourceId\": \"android:id\/search_src_text\"}, \"MN\"]}","Screenshot":""}
{"Type":"ScriptInfo","MonkeyStepsCount":7,"Time":"2026-05-31 08:52:04.689","Info":"{\"propName\":\"aard2.Aard2Test.test_lookup_word\",\"startStepsCount\":7,\"state\":\"pass\"}","Screenshot":""}
{"Type":"ScriptInfo","MonkeyStepsCount":7,"Time":"2026-05-31 08:52:05.076","Info":"{\"propName\":\"aard2.Aard2Test.test_random_word\",\"startStepsCount\":7,\"state\":\"start\"}","Screenshot":""}
{"Type":"Script","MonkeyStepsCount":7,"Time":"2026-05-31 08:52:05.277","Info":"{\"jsonrpc\": \"2.0\", \"id\": 1, \"method\": \"click\", \"params\": [77.0, 198.0]}","Screenshot":""}
{"Type":"Script","MonkeyStepsCount":7,"Time":"2026-05-31 08:52:06.680","Info":"{\"jsonrpc\": \"2.0\", \"id\": 1, \"method\": \"click\", \"params\": [22.0, 198.0]}","Screenshot":""}
{"Type":"ScriptInfo","MonkeyStepsCount":7,"Time":"2026-05-31 08:52:07.901","Info":"{\"propName\":\"aard2.Aard2Test.test_random_word\",\"startStepsCount\":7,\"state\":\"pass\"}","Screenshot":""}
{"Type":"Monkey","MonkeyStepsCount":8,"Time":"2026-05-31 08:52:08.388","Info":"{\"act\":\"CLICK\",\"adbinput\":false,\"aid\":\"g0a23\",\"allowFuzzing\":true,\"clear\":false,\"editable\":false,\"jAction\":\"\",\"pos\":[411,885,829,973],\"rawinput\":false,\"sid\":\"\",\"text\":\"\",\"throttle\":61,\"waitTime\":0,\"widget\":\"{\\\"bounds\\\":\\\"[411,885][829,973]\\\",\\\"class\\\":\\\"android.widget.TextView\\\",\\\"content-desc\\\":\\\"\\\",\\\"index\\\":1,\\\"resource-id\\\":\\\"itkach.aard2:id\/empty_text\\\",\\\"text\\\":\\\"Nothingfound\\\"}\"}","Screenshot":""}
{"Type":"ScriptInfo","MonkeyStepsCount":8,"Time":"2026-05-31 08:52:08.909","Info":"{\"propName\":\"aard2.Aard2Test.test_filter_words\",\"startStepsCount\":8,\"state\":\"start\"}","Screenshot":""}
{"Type":"Script","MonkeyStepsCount":8,"Time":"2026-05-31 08:52:08.956","Info":"{\"jsonrpc\": \"2.0\", \"id\": 1, \"method\": \"click\", \"params\": [532, 310]}","Screenshot":""}
{"Type":"Script","MonkeyStepsCount":8,"Time":"2026-05-31 08:52:11.125","Info":"{\"jsonrpc\": \"2.0\", \"id\": 1, \"method\": \"click\", \"params\": [695.0, 198.0]}","Screenshot":""}
{"Type":"Script","MonkeyStepsCount":8,"Time":"2026-05-31 08:52:12.374","Info":"{\"jsonrpc\": \"2.0\", \"id\": 1, \"method\": \"setText\", \"params\": [{\"mask\": 2097152, \"childOrSibling\": [], \"childOrSiblingSelector\": [], \"resourceId\": \"android:id\/search_src_text\"}, \"~\"]}","Screenshot":""}
{"Type":"Script","MonkeyStepsCount":8,"Time":"2026-05-31 08:52:14.170","Info":"{\"jsonrpc\": \"2.0\", \"id\": 1, \"method\": \"click\", \"params\": [848.5, 196.0]}","Screenshot":""}
{"Type":"ScriptInfo","MonkeyStepsCount":8,"Time":"2026-05-31 08:52:14.369","Info":"{\"propName\":\"aard2.Aard2Test.test_filter_words\",\"startStepsCount\":8,\"state\":\"pass\"}","Screenshot":""}
{"Type":"ScriptInfo","MonkeyStepsCount":8,"Time":"2026-05-31 08:52:14.776","Info":"{\"propName\":\"aard2.Aard2Test.test_lookup_word\",\"startStepsCount\":8,\"state\":\"start\"}","Screenshot":""}
{"Type":"Script","MonkeyStepsCount":8,"Time":"2026-05-31 08:52:14.823","Info":"{\"jsonrpc\": \"2.0\", \"id\": 1, \"method\": \"click\", \"params\": [102, 310]}","Screenshot":""}
{"Type":"Script","MonkeyStepsCount":8,"Time":"2026-05-31 08:52:16.060","Info":"{\"jsonrpc\": \"2.0\", \"id\": 1, \"method\": \"setText\", \"params\": [{\"mask\": 2097152, \"childOrSibling\": [], \"childOrSiblingSelector\": [], \"resourceId\": \"android:id\/search_src_text\"}, \"-\"]}","Screenshot":""}
{"Type":"Script","MonkeyStepsCount":8,"Time":"2026-05-31 08:52:18.621","Info":"{\"jsonrpc\": \"2.0\", \"id\": 1, \"method\": \"click\", \"params\": [509.5, 441.0]}","Screenshot":""}
{"Type":"Script","MonkeyStepsCount":8,"Time":"2026-05-31 08:52:19.962","Info":"{\"jsonrpc\": \"2.0\", \"id\": 1, \"method\": \"click\", \"params\": [22.0, 198.0]}","Screenshot":""}
{"Type":"ScriptInfo","MonkeyStepsCount":8,"Time":"2026-05-31 08:52:21.255","Info":"{\"propName\":\"aard2.Aard2Test.test_lookup_word\",\"startStepsCount\":8,\"state\":\"pass\"}","Screenshot":""}
{"Type":"Monkey","MonkeyStepsCount":9,"Time":"2026-05-31 08:52:21.624","Info":"{\"act\":\"SCROLL_BOTTOM_UP\",\"adbinput\":false,\"aid\":\"g0a26\",\"allowFuzzing\":true,\"clear\":false,\"editable\":false,\"jAction\":\"\",\"pos\":[0,396,1080,2016],\"rawinput\":false,\"sid\":\"\",\"text\":\"\",\"throttle\":62,\"waitTime\":0,\"widget\":\"{\\\"bounds\\\":\\\"[0,396][1080,2016]\\\",\\\"class\\\":\\\"android.widget.ListView\\\",\\\"content-desc\\\":\\\"\\\",\\\"index\\\":0,\\\"resource-id\\\":\\\"android:id\/list\\\",\\\"text\\\":\\\"\\\"}\"}","Screenshot":""}
{"Type":"ScriptInfo","MonkeyStepsCount":9,"Time":"2026-05-31 08:52:22.798","Info":"{\"propName\":\"aard2.Aard2Test.test_filter_words\",\"startStepsCount\":9,\"state\":\"start\"}","Screenshot":""}
{"Type":"Script","MonkeyStepsCount":9,"Time":"2026-05-31 08:52:22.830","Info":"{\"jsonrpc\": \"2.0\", \"id\": 1, \"method\": \"click\", \"params\": [532, 310]}","Screenshot":""}
{"Type":"Script","MonkeyStepsCount":9,"Time":"2026-05-31 08:52:24.816","Info":"{\"jsonrpc\": \"2.0\", \"id\": 1, \"method\": \"click\", \"params\": [695.0, 198.0]}","Screenshot":""}
{"Type":"Script","MonkeyStepsCount":9,"Time":"2026-05-31 08:52:26.048","Info":"{\"jsonrpc\": \"2.0\", \"id\": 1, \"method\": \"setText\", \"params\": [{\"mask\": 2097152, \"childOrSibling\": [], \"childOrSiblingSelector\": [], \"resourceId\": \"android:id\/search_src_text\"}, \"w\"]}","Screenshot":""}
{"Type":"Script","MonkeyStepsCount":9,"Time":"2026-05-31 08:52:27.821","Info":"{\"jsonrpc\": \"2.0\", \"id\": 1, \"method\": \"click\", \"params\": [848.5, 196.0]}","Screenshot":""}
{"Type":"ScriptInfo","MonkeyStepsCount":9,"Time":"2026-05-31 08:52:28.021","Info":"{\"propName\":\"aard2.Aard2Test.test_filter_words\",\"startStepsCount\":9,\"state\":\"pass\"}","Screenshot":""}
{"Type":"ScriptInfo","MonkeyStepsCount":9,"Time":"2026-05-31 08:52:28.414","Info":"{\"propName\":\"aard2.Aard2Test.test_favorite_word\",\"startStepsCount\":9,\"state\":\"start\"}","Screenshot":""}
{"Type":"Script","MonkeyStepsCount":9,"Time":"2026-05-31 08:52:28.448","Info":"{\"jsonrpc\": \"2.0\", \"id\": 1, \"method\": \"click\", \"params\": [102, 310]}","Screenshot":""}
{"Type":"Script","MonkeyStepsCount":9,"Time":"2026-05-31 08:52:31.401","Info":"{\"jsonrpc\": \"2.0\", \"id\": 1, \"method\": \"click\", \"params\": [509.5, 1260.0]}","Screenshot":""}
{"Type":"Script","MonkeyStepsCount":9,"Time":"2026-05-31 08:52:32.805","Info":"{\"jsonrpc\": \"2.0\", \"id\": 1, \"method\": \"click\", \"params\": [695.0, 198.0]}","Screenshot":""}
{"Type":"Script","MonkeyStepsCount":9,"Time":"2026-05-31 08:52:34.126","Info":"{\"jsonrpc\": \"2.0\", \"id\": 1, \"method\": \"click\", \"params\": [22.0, 198.0]}","Screenshot":""}
{"Type":"Script","MonkeyStepsCount":9,"Time":"2026-05-31 08:52:35.312","Info":"{\"jsonrpc\": \"2.0\", \"id\": 1, \"method\": \"click\", \"params\": [322, 310]}","Screenshot":""}
{"Type":"ScriptInfo","MonkeyStepsCount":9,"Time":"2026-05-31 08:52:36.571","Info":"{\"propName\":\"aard2.Aard2Test.test_favorite_word\",\"startStepsCount\":9,\"state\":\"pass\"}","Screenshot":""}
{"Type":"ScriptInfo","MonkeyStepsCount":9,"Time":"2026-05-31 08:52:36.868","Info":"{\"propName\":\"aard2.Aard2Test.test_open_setting\",\"startStepsCount\":9,\"state\":\"start\"}","Screenshot":""}
{"Type":"Script","MonkeyStepsCount":9,"Time":"2026-05-31 08:52:36.900","Info":"{\"jsonrpc\": \"2.0\", \"id\": 1, \"method\": \"click\", \"params\": [970, 310]}","Screenshot":""}
{"Type":"ScriptInfo","MonkeyStepsCount":9,"Time":"2026-05-31 08:52:38.165","Info":"{\"propName\":\"aard2.Aard2Test.test_open_setting\",\"startStepsCount\":9,\"state\":\"pass\"}","Screenshot":""}
{"Type":"ScriptInfo","MonkeyStepsCount":9,"Time":"2026-05-31 08:52:38.478","Info":"{\"propName\":\"aard2.Aard2Test.test_open_setting\",\"startStepsCount\":9,\"state\":\"start\"}","Screenshot":""}
{"Type":"Script","MonkeyStepsCount":9,"Time":"2026-05-31 08:52:38.512","Info":"{\"jsonrpc\": \"2.0\", \"id\": 1, \"method\": \"click\", \"params\": [970, 310]}","Screenshot":""}
{"Type":"ScriptInfo","MonkeyStepsCount":9,"Time":"2026-05-31 08:52:39.794","Info":"{\"propName\":\"aard2.Aard2Test.test_open_setting\",\"startStepsCount\":9,\"state\":\"pass\"}","Screenshot":""}
{"Type":"ScriptInfo","MonkeyStepsCount":9,"Time":"2026-05-31 08:52:40.123","Info":"{\"propName\":\"aard2.Aard2Test.test_random_word\",\"startStepsCount\":9,\"state\":\"start\"}","Screenshot":""}
{"Type":"Script","MonkeyStepsCount":9,"Time":"2026-05-31 08:52:40.292","Info":"{\"jsonrpc\": \"2.0\", \"id\": 1, \"method\": \"click\", \"params\": [77.0, 198.0]}","Screenshot":""}
{"Type":"Script","MonkeyStepsCount":9,"Time":"2026-05-31 08:52:41.757","Info":"{\"jsonrpc\": \"2.0\", \"id\": 1, \"method\": \"click\", \"params\": [22.0, 198.0]}","Screenshot":""}
{"Type":"ScriptInfo","MonkeyStepsCount":9,"Time":"2026-05-31 08:52:42.936","Info":"{\"propName\":\"aard2.Aard2Test.test_random_word\",\"startStepsCount\":9,\"state\":\"pass\"}","Screenshot":""}
{"Type":"ScriptInfo","MonkeyStepsCount":9,"Time":"2026-05-31 08:52:43.304","Info":"{\"propName\":\"aard2.Aard2Test.test_open_setting\",\"startStepsCount\":9,\"state\":\"start\"}","Screenshot":""}
{"Type":"Script","MonkeyStepsCount":9,"Time":"2026-05-31 08:52:43.320","Info":"{\"jsonrpc\": \"2.0\", \"id\": 1, \"method\": \"click\", \"params\": [970, 310]}","Screenshot":""}
{"Type":"ScriptInfo","MonkeyStepsCount":9,"Time":"2026-05-31 08:52:44.617","Info":"{\"propName\":\"aard2.Aard2Test.test_open_setting\",\"startStepsCount\":9,\"state\":\"pass\"}","Screenshot":""}
{"Type":"ScriptInfo","MonkeyStepsCount":9,"Time":"2026-05-31 08:52:44.915","Info":"{\"propName\":\"aard2.Aard2Test.test_filter_words\",\"startStepsCount\":9,\"state\":\"start\"}","Screenshot":""}
{"Type":"Script","MonkeyStepsCount":9,"Time":"2026-05-31 08:52:44.961","Info":"{\"jsonrpc\": \"2.0\", \"id\": 1, \"method\": \"click\", \"params\": [532, 310]}","Screenshot":""}
{"Type":"Script","MonkeyStepsCount":9,"Time":"2026-05-31 08:52:47.284","Info":"{\"jsonrpc\": \"2.0\", \"id\": 1, \"method\": \"click\", \"params\": [695.0, 198.0]}","Screenshot":""}
{"Type":"Script","MonkeyStepsCount":9,"Time":"2026-05-31 08:52:48.588","Info":"{\"jsonrpc\": \"2.0\", \"id\": 1, \"method\": \"setText\", \"params\": [{\"mask\": 2097152, \"childOrSibling\": [], \"childOrSiblingSelector\": [], \"resourceId\": \"android:id\/search_src_text\"}, \"k\"]}","Screenshot":""}
{"Type":"Script","MonkeyStepsCount":9,"Time":"2026-05-31 08:52:49.952","Info":"{\"jsonrpc\": \"2.0\", \"id\": 1, \"method\": \"click\", \"params\": [848.5, 196.0]}","Screenshot":""}
{"Type":"ScriptInfo","MonkeyStepsCount":9,"Time":"2026-05-31 08:52:50.218","Info":"{\"propName\":\"aard2.Aard2Test.test_filter_words\",\"startStepsCount\":9,\"state\":\"pass\"}","Screenshot":""}
{"Type":"ScriptInfo","MonkeyStepsCount":9,"Time":"2026-05-31 08:52:50.609","Info":"{\"propName\":\"aard2.Aard2Test.test_lookup_word\",\"startStepsCount\":9,\"state\":\"start\"}","Screenshot":""}
{"Type":"Script","MonkeyStepsCount":9,"Time":"2026-05-31 08:52:50.639","Info":"{\"jsonrpc\": \"2.0\", \"id\": 1, \"method\": \"click\", \"params\": [102, 310]}","Screenshot":""}
{"Type":"Script","MonkeyStepsCount":9,"Time":"2026-05-31 08:52:51.907","Info":"{\"jsonrpc\": \"2.0\", \"id\": 1, \"method\": \"setText\", \"params\": [{\"mask\": 2097152, \"childOrSibling\": [], \"childOrSiblingSelector\": [], \"resourceId\": \"android:id\/search_src_text\"}, \"Ii\"]}","Screenshot":""}
{"Type":"ScriptInfo","MonkeyStepsCount":9,"Time":"2026-05-31 08:52:54.026","Info":"{\"propName\":\"aard2.Aard2Test.test_lookup_word\",\"startStepsCount\":9,\"state\":\"pass\"}","Screenshot":""}
{"Type":"ScriptInfo","MonkeyStepsCount":9,"Time":"2026-05-31 08:52:54.390","Info":"{\"propName\":\"aard2.Aard2Test.test_open_setting\",\"startStepsCount\":9,\"state\":\"start\"}","Screenshot":""}
{"Type":"Script","MonkeyStepsCount":9,"Time":"2026-05-31 08:52:54.432","Info":"{\"jsonrpc\": \"2.0\", \"id\": 1, \"method\": \"click\", \"params\": [970, 310]}","Screenshot":""}
{"Type":"ScriptInfo","MonkeyStepsCount":9,"Time":"2026-05-31 08:52:55.709","Info":"{\"propName\":\"aard2.Aard2Test.test_open_setting\",\"startStepsCount\":9,\"state\":\"pass\"}","Screenshot":""}
{"Type":"ScriptInfo","MonkeyStepsCount":9,"Time":"2026-05-31 08:52:56.290","Info":"{\"propName\":\"aard2.Aard2Test.test_random_word\",\"startStepsCount\":9,\"state\":\"start\"}","Screenshot":""}
{"Type":"Script","MonkeyStepsCount":9,"Time":"2026-05-31 08:52:56.448","Info":"{\"jsonrpc\": \"2.0\", \"id\": 1, \"method\": \"click\", \"params\": [77.0, 198.0]}","Screenshot":""}
{"Type":"Script","MonkeyStepsCount":9,"Time":"2026-05-31 08:52:57.919","Info":"{\"jsonrpc\": \"2.0\", \"id\": 1, \"method\": \"click\", \"params\": [22.0, 198.0]}","Screenshot":""}
{"Type":"ScriptInfo","MonkeyStepsCount":9,"Time":"2026-05-31 08:52:59.172","Info":"{\"propName\":\"aard2.Aard2Test.test_random_word\",\"startStepsCount\":9,\"state\":\"pass\"}","Screenshot":""}
{"Type":"ScriptInfo","MonkeyStepsCount":9,"Time":"2026-05-31 08:52:59.481","Info":"{\"propName\":\"aard2.Aard2Test.test_open_setting\",\"startStepsCount\":9,\"state\":\"start\"}","Screenshot":""}
{"Type":"Script","MonkeyStepsCount":9,"Time":"2026-05-31 08:52:59.530","Info":"{\"jsonrpc\": \"2.0\", \"id\": 1, \"method\": \"click\", \"params\": [970, 310]}","Screenshot":""}
{"Type":"ScriptInfo","MonkeyStepsCount":9,"Time":"2026-05-31 08:53:00.800","Info":"{\"propName\":\"aard2.Aard2Test.test_open_setting\",\"startStepsCount\":9,\"state\":\"pass\"}","Screenshot":""}
{"Type":"ScriptInfo","MonkeyStepsCount":9,"Time":"2026-05-31 08:53:01.127","Info":"{\"propName\":\"aard2.Aard2Test.test_filter_words\",\"startStepsCount\":9,\"state\":\"start\"}","Screenshot":""}
{"Type":"Script","MonkeyStepsCount":9,"Time":"2026-05-31 08:53:01.159","Info":"{\"jsonrpc\": \"2.0\", \"id\": 1, \"method\": \"click\", \"params\": [532, 310]}","Screenshot":""}
{"Type":"Script","MonkeyStepsCount":9,"Time":"2026-05-31 08:53:03.737","Info":"{\"jsonrpc\": \"2.0\", \"id\": 1, \"method\": \"click\", \"params\": [695.0, 198.0]}","Screenshot":""}
{"Type":"Script","MonkeyStepsCount":9,"Time":"2026-05-31 08:53:05.028","Info":"{\"jsonrpc\": \"2.0\", \"id\": 1, \"method\": \"setText\", \"params\": [{\"mask\": 2097152, \"childOrSibling\": [], \"childOrSiblingSelector\": [], \"resourceId\": \"android:id\/search_src_text\"}, \"k\"]}","Screenshot":""}
{"Type":"Script","MonkeyStepsCount":9,"Time":"2026-05-31 08:53:06.343","Info":"{\"jsonrpc\": \"2.0\", \"id\": 1, \"method\": \"click\", \"params\": [848.5, 196.0]}","Screenshot":""}
{"Type":"ScriptInfo","MonkeyStepsCount":9,"Time":"2026-05-31 08:53:06.586","Info":"{\"propName\":\"aard2.Aard2Test.test_filter_words\",\"startStepsCount\":9,\"state\":\"pass\"}","Screenshot":""}
{"Type":"ScriptInfo","MonkeyStepsCount":9,"Time":"2026-05-31 08:53:06.961","Info":"{\"propName\":\"aard2.Aard2Test.test_filter_words\",\"startStepsCount\":9,\"state\":\"start\"}","Screenshot":""}
{"Type":"Script","MonkeyStepsCount":9,"Time":"2026-05-31 08:53:06.995","Info":"{\"jsonrpc\": \"2.0\", \"id\": 1, \"method\": \"click\", \"params\": [532, 310]}","Screenshot":""}
{"Type":"Script","MonkeyStepsCount":9,"Time":"2026-05-31 08:53:09.031","Info":"{\"jsonrpc\": \"2.0\", \"id\": 1, \"method\": \"setText\", \"params\": [{\"mask\": 2097152, \"childOrSibling\": [], \"childOrSiblingSelector\": [], \"resourceId\": \"android:id\/search_src_text\"}, \"~\"]}","Screenshot":""}
{"Type":"Script","MonkeyStepsCount":9,"Time":"2026-05-31 08:53:10.792","Info":"{\"jsonrpc\": \"2.0\", \"id\": 1, \"method\": \"click\", \"params\": [848.5, 196.0]}","Screenshot":""}
{"Type":"ScriptInfo","MonkeyStepsCount":9,"Time":"2026-05-31 08:53:10.947","Info":"{\"propName\":\"aard2.Aard2Test.test_filter_words\",\"startStepsCount\":9,\"state\":\"pass\"}","Screenshot":""}
{"Type":"ScriptInfo","MonkeyStepsCount":9,"Time":"2026-05-31 08:53:11.339","Info":"{\"propName\":\"aard2.Aard2Test.test_lookup_word\",\"startStepsCount\":9,\"state\":\"start\"}","Screenshot":""}
{"Type":"Script","MonkeyStepsCount":9,"Time":"2026-05-31 08:53:11.373","Info":"{\"jsonrpc\": \"2.0\", \"id\": 1, \"method\": \"click\", \"params\": [102, 310]}","Screenshot":""}
{"Type":"Script","MonkeyStepsCount":9,"Time":"2026-05-31 08:53:12.607","Info":"{\"jsonrpc\": \"2.0\", \"id\": 1, \"method\": \"setText\", \"params\": [{\"mask\": 2097152, \"childOrSibling\": [], \"childOrSiblingSelector\": [], \"resourceId\": \"android:id\/search_src_text\"}, \"-\"]}","Screenshot":""}
{"Type":"Script","MonkeyStepsCount":9,"Time":"2026-05-31 08:53:15.426","Info":"{\"jsonrpc\": \"2.0\", \"id\": 1, \"method\": \"click\", \"params\": [509.5, 595.0]}","Screenshot":""}
{"Type":"Script","MonkeyStepsCount":9,"Time":"2026-05-31 08:53:16.822","Info":"{\"jsonrpc\": \"2.0\", \"id\": 1, \"method\": \"click\", \"params\": [22.0, 198.0]}","Screenshot":""}
{"Type":"ScriptInfo","MonkeyStepsCount":9,"Time":"2026-05-31 08:53:18.167","Info":"{\"propName\":\"aard2.Aard2Test.test_lookup_word\",\"startStepsCount\":9,\"state\":\"pass\"}","Screenshot":""}
{"Type":"ScriptInfo","MonkeyStepsCount":9,"Time":"2026-05-31 08:53:18.814","Info":"{\"propName\":\"aard2.Aard2Test.test_lookup_word\",\"startStepsCount\":9,\"state\":\"start\"}","Screenshot":""}
{"Type":"Script","MonkeyStepsCount":9,"Time":"2026-05-31 08:53:18.853","Info":"{\"jsonrpc\": \"2.0\", \"id\": 1, \"method\": \"click\", \"params\": [102, 310]}","Screenshot":""}
{"Type":"Script","MonkeyStepsCount":9,"Time":"2026-05-31 08:53:20.103","Info":"{\"jsonrpc\": \"2.0\", \"id\": 1, \"method\": \"setText\", \"params\": [{\"mask\": 2097152, \"childOrSibling\": [], \"childOrSiblingSelector\": [], \"resourceId\": \"android:id\/search_src_text\"}, \"aJ\"]}","Screenshot":""}
{"Type":"Script","MonkeyStepsCount":9,"Time":"2026-05-31 08:53:22.953","Info":"{\"jsonrpc\": \"2.0\", \"id\": 1, \"method\": \"click\", \"params\": [509.5, 441.0]}","Screenshot":""}
{"Type":"Script","MonkeyStepsCount":9,"Time":"2026-05-31 08:53:24.338","Info":"{\"jsonrpc\": \"2.0\", \"id\": 1, \"method\": \"click\", \"params\": [22.0, 198.0]}","Screenshot":""}
{"Type":"ScriptInfo","MonkeyStepsCount":9,"Time":"2026-05-31 08:53:25.635","Info":"{\"propName\":\"aard2.Aard2Test.test_lookup_word\",\"startStepsCount\":9,\"state\":\"pass\"}","Screenshot":""}
{"Type":"ScriptInfo","MonkeyStepsCount":9,"Time":"2026-05-31 08:53:26.009","Info":"{\"propName\":\"aard2.Aard2Test.test_random_word\",\"startStepsCount\":9,\"state\":\"start\"}","Screenshot":""}
{"Type":"Script","MonkeyStepsCount":9,"Time":"2026-05-31 08:53:26.370","Info":"{\"jsonrpc\": \"2.0\", \"id\": 1, \"method\": \"click\", \"params\": [77.0, 198.0]}","Screenshot":""}
{"Type":"Script","MonkeyStepsCount":9,"Time":"2026-05-31 08:53:27.744","Info":"{\"jsonrpc\": \"2.0\", \"id\": 1, \"method\": \"click\", \"params\": [22.0, 198.0]}","Screenshot":""}
{"Type":"ScriptInfo","MonkeyStepsCount":9,"Time":"2026-05-31 08:53:28.970","Info":"{\"propName\":\"aard2.Aard2Test.test_random_word\",\"startStepsCount\":9,\"state\":\"pass\"}","Screenshot":""}
{"Type":"ScriptInfo","MonkeyStepsCount":9,"Time":"2026-05-31 08:53:29.312","Info":"{\"propName\":\"aard2.Aard2Test.test_favorite_word\",\"startStepsCount\":9,\"state\":\"start\"}","Screenshot":""}
{"Type":"Script","MonkeyStepsCount":9,"Time":"2026-05-31 08:53:29.344","Info":"{\"jsonrpc\": \"2.0\", \"id\": 1, \"method\": \"click\", \"params\": [102, 310]}","Screenshot":""}
{"Type":"Script","MonkeyStepsCount":9,"Time":"2026-05-31 08:53:31.024","Info":"{\"jsonrpc\": \"2.0\", \"id\": 1, \"method\": \"click\", \"params\": [509.5, 595.0]}","Screenshot":""}
{"Type":"Script","MonkeyStepsCount":9,"Time":"2026-05-31 08:53:32.449","Info":"{\"jsonrpc\": \"2.0\", \"id\": 1, \"method\": \"click\", \"params\": [695.0, 198.0]}","Screenshot":""}
{"Type":"Script","MonkeyStepsCount":9,"Time":"2026-05-31 08:53:33.859","Info":"{\"jsonrpc\": \"2.0\", \"id\": 1, \"method\": \"click\", \"params\": [22.0, 198.0]}","Screenshot":""}
{"Type":"Script","MonkeyStepsCount":9,"Time":"2026-05-31 08:53:35.085","Info":"{\"jsonrpc\": \"2.0\", \"id\": 1, \"method\": \"click\", \"params\": [322, 310]}","Screenshot":""}
{"Type":"ScriptInfo","MonkeyStepsCount":9,"Time":"2026-05-31 08:53:36.322","Info":"{\"propName\":\"aard2.Aard2Test.test_favorite_word\",\"startStepsCount\":9,\"state\":\"pass\"}","Screenshot":""}
{"Type":"ScriptInfo","MonkeyStepsCount":9,"Time":"2026-05-31 08:53:36.649","Info":"{\"propName\":\"aard2.Aard2Test.test_open_setting\",\"startStepsCount\":9,\"state\":\"start\"}","Screenshot":""}
{"Type":"Script","MonkeyStepsCount":9,"Time":"2026-05-31 08:53:36.681","Info":"{\"jsonrpc\": \"2.0\", \"id\": 1, \"method\": \"click\", \"params\": [970, 310]}","Screenshot":""}
{"Type":"ScriptInfo","MonkeyStepsCount":9,"Time":"2026-05-31 08:53:37.944","Info":"{\"propName\":\"aard2.Aard2Test.test_open_setting\",\"startStepsCount\":9,\"state\":\"pass\"}","Screenshot":""}
{"Type":"ScriptInfo","MonkeyStepsCount":9,"Time":"2026-05-31 08:53:38.255","Info":"{\"propName\":\"aard2.Aard2Test.test_random_word\",\"startStepsCount\":9,\"state\":\"start\"}","Screenshot":""}
{"Type":"Script","MonkeyStepsCount":9,"Time":"2026-05-31 08:53:38.411","Info":"{\"jsonrpc\": \"2.0\", \"id\": 1, \"method\": \"click\", \"params\": [77.0, 198.0]}","Screenshot":""}
{"Type":"Script","MonkeyStepsCount":9,"Time":"2026-05-31 08:53:39.792","Info":"{\"jsonrpc\": \"2.0\", \"id\": 1, \"method\": \"click\", \"params\": [22.0, 198.0]}","Screenshot":""}
{"Type":"ScriptInfo","MonkeyStepsCount":9,"Time":"2026-05-31 08:53:41.060","Info":"{\"propName\":\"aard2.Aard2Test.test_random_word\",\"startStepsCount\":9,\"state\":\"pass\"}","Screenshot":""}
{"Type":"ScriptInfo","MonkeyStepsCount":9,"Time":"2026-05-31 08:53:41.418","Info":"{\"propName\":\"aard2.Aard2Test.test_open_setting\",\"startStepsCount\":9,\"state\":\"start\"}","Screenshot":""}
{"Type":"Script","MonkeyStepsCount":9,"Time":"2026-05-31 08:53:41.501","Info":"{\"jsonrpc\": \"2.0\", \"id\": 1, \"method\": \"click\", \"params\": [970, 310]}","Screenshot":""}
{"Type":"ScriptInfo","MonkeyStepsCount":9,"Time":"2026-05-31 08:53:42.864","Info":"{\"propName\":\"aard2.Aard2Test.test_open_setting\",\"startStepsCount\":9,\"state\":\"pass\"}","Screenshot":""}
{"Type":"ScriptInfo","MonkeyStepsCount":9,"Time":"2026-05-31 08:53:43.203","Info":"{\"propName\":\"aard2.Aard2Test.test_open_setting\",\"startStepsCount\":9,\"state\":\"start\"}","Screenshot":""}
{"Type":"Script","MonkeyStepsCount":9,"Time":"2026-05-31 08:53:43.251","Info":"{\"jsonrpc\": \"2.0\", \"id\": 1, \"method\": \"click\", \"params\": [970, 310]}","Screenshot":""}
{"Type":"ScriptInfo","MonkeyStepsCount":9,"Time":"2026-05-31 08:53:44.520","Info":"{\"propName\":\"aard2.Aard2Test.test_open_setting\",\"startStepsCount\":9,\"state\":\"pass\"}","Screenshot":""}
{"Type":"Monkey","MonkeyStepsCount":10,"Time":"2026-05-31 08:53:44.837","Info":"{\"act\":\"CLICK\",\"adbinput\":false,\"aid\":\"g0a37\",\"allowFuzzing\":true,\"clear\":false,\"editable\":false,\"jAction\":\"\",\"pos\":[22,1209,1039,1347],\"rawinput\":false,\"sid\":\"\",\"text\":\"\",\"throttle\":33,\"waitTime\":0,\"widget\":\"{\\\"bounds\\\":\\\"[22,1209][1039,1347]\\\",\\\"class\\\":\\\"android.widget.CheckedTextView\\\",\\\"content-desc\\\":\\\"\\\",\\\"index\\\":0,\\\"resource-id\\\":\\\"itkach.aard2:id\/setting_fav_random_search\\\",\\\"text\\\":\\\"Useonlyfavoritedictionariesforrandomlookup\\\"}\"}","Screenshot":""}
{"Type":"ScriptInfo","MonkeyStepsCount":10,"Time":"2026-05-31 08:53:45.206","Info":"{\"propName\":\"aard2.Aard2Test.test_open_setting\",\"startStepsCount\":10,\"state\":\"start\"}","Screenshot":""}
{"Type":"Script","MonkeyStepsCount":10,"Time":"2026-05-31 08:53:45.237","Info":"{\"jsonrpc\": \"2.0\", \"id\": 1, \"method\": \"click\", \"params\": [970, 310]}","Screenshot":""}
{"Type":"ScriptInfo","MonkeyStepsCount":10,"Time":"2026-05-31 08:53:46.459","Info":"{\"propName\":\"aard2.Aard2Test.test_open_setting\",\"startStepsCount\":10,\"state\":\"pass\"}","Screenshot":""}
{"Type":"ScriptInfo","MonkeyStepsCount":10,"Time":"2026-05-31 08:53:46.769","Info":"{\"propName\":\"aard2.Aard2Test.test_filter_words\",\"startStepsCount\":10,\"state\":\"start\"}","Screenshot":""}
{"Type":"Script","MonkeyStepsCount":10,"Time":"2026-05-31 08:53:46.818","Info":"{\"jsonrpc\": \"2.0\", \"id\": 1, \"method\": \"click\", \"params\": [532, 310]}","Screenshot":""}
{"Type":"Script","MonkeyStepsCount":10,"Time":"2026-05-31 08:53:49.299","Info":"{\"jsonrpc\": \"2.0\", \"id\": 1, \"method\": \"click\", \"params\": [695.0, 198.0]}","Screenshot":""}
{"Type":"Script","MonkeyStepsCount":10,"Time":"2026-05-31 08:53:50.578","Info":"{\"jsonrpc\": \"2.0\", \"id\": 1, \"method\": \"setText\", \"params\": [{\"mask\": 2097152, \"childOrSibling\": [], \"childOrSiblingSelector\": [], \"resourceId\": \"android:id\/search_src_text\"}, \"l\"]}","Screenshot":""}
{"Type":"Script","MonkeyStepsCount":10,"Time":"2026-05-31 08:53:52.282","Info":"{\"jsonrpc\": \"2.0\", \"id\": 1, \"method\": \"click\", \"params\": [848.5, 196.0]}","Screenshot":""}
{"Type":"ScriptInfo","MonkeyStepsCount":10,"Time":"2026-05-31 08:53:52.531","Info":"{\"propName\":\"aard2.Aard2Test.test_filter_words\",\"startStepsCount\":10,\"state\":\"pass\"}","Screenshot":""}
{"Type":"ScriptInfo","MonkeyStepsCount":10,"Time":"2026-05-31 08:53:52.923","Info":"{\"propName\":\"aard2.Aard2Test.test_lookup_word\",\"startStepsCount\":10,\"state\":\"start\"}","Screenshot":""}
{"Type":"Script","MonkeyStepsCount":10,"Time":"2026-05-31 08:53:52.969","Info":"{\"jsonrpc\": \"2.0\", \"id\": 1, \"method\": \"click\", \"params\": [102, 310]}","Screenshot":""}
{"Type":"Script","MonkeyStepsCount":10,"Time":"2026-05-31 08:53:54.216","Info":"{\"jsonrpc\": \"2.0\", \"id\": 1, \"method\": \"setText\", \"params\": [{\"mask\": 2097152, \"childOrSibling\": [], \"childOrSiblingSelector\": [], \"resourceId\": \"android:id\/search_src_text\"}, \"Bw\"]}","Screenshot":""}
{"Type":"ScriptInfo","MonkeyStepsCount":10,"Time":"2026-05-31 08:53:56.355","Info":"{\"propName\":\"aard2.Aard2Test.test_lookup_word\",\"startStepsCount\":10,\"state\":\"pass\"}","Screenshot":""}
{"Type":"ScriptInfo","MonkeyStepsCount":10,"Time":"2026-05-31 08:53:56.765","Info":"{\"propName\":\"aard2.Aard2Test.test_filter_words\",\"startStepsCount\":10,\"state\":\"start\"}","Screenshot":""}
{"Type":"Script","MonkeyStepsCount":10,"Time":"2026-05-31 08:53:56.797","Info":"{\"jsonrpc\": \"2.0\", \"id\": 1, \"method\": \"click\", \"params\": [532, 310]}","Screenshot":""}
{"Type":"Script","MonkeyStepsCount":10,"Time":"2026-05-31 08:53:59.338","Info":"{\"jsonrpc\": \"2.0\", \"id\": 1, \"method\": \"click\", \"params\": [695.0, 198.0]}","Screenshot":""}
{"Type":"Script","MonkeyStepsCount":10,"Time":"2026-05-31 08:54:00.601","Info":"{\"jsonrpc\": \"2.0\", \"id\": 1, \"method\": \"setText\", \"params\": [{\"mask\": 2097152, \"childOrSibling\": [], \"childOrSiblingSelector\": [], \"resourceId\": \"android:id\/search_src_text\"}, \"l\"]}","Screenshot":""}
{"Type":"Script","MonkeyStepsCount":10,"Time":"2026-05-31 08:54:01.915","Info":"{\"jsonrpc\": \"2.0\", \"id\": 1, \"method\": \"click\", \"params\": [848.5, 196.0]}","Screenshot":""}
{"Type":"ScriptInfo","MonkeyStepsCount":10,"Time":"2026-05-31 08:54:02.150","Info":"{\"propName\":\"aard2.Aard2Test.test_filter_words\",\"startStepsCount\":10,\"state\":\"pass\"}","Screenshot":""}
{"Type":"Monkey","MonkeyStepsCount":11,"Time":"2026-05-31 08:54:02.552","Info":"{\"act\":\"CLICK\",\"adbinput\":false,\"aid\":\"g0a14\",\"allowFuzzing\":true,\"clear\":false,\"editable\":false,\"jAction\":\"\",\"pos\":[0,132,132,264],\"rawinput\":false,\"sid\":\"\",\"text\":\"\",\"throttle\":67,\"waitTime\":0,\"widget\":\"{\\\"bounds\\\":\\\"[0,132][132,264]\\\",\\\"class\\\":\\\"android.widget.FrameLayout\\\",\\\"content-desc\\\":\\\"Navigate up\\\",\\\"index\\\":0,\\\"resource-id\\\":\\\"\\\",\\\"text\\\":\\\"\\\"}\"}","Screenshot":""}
{"Type":"ScriptInfo","MonkeyStepsCount":11,"Time":"2026-05-31 08:54:03.093","Info":"{\"propName\":\"aard2.Aard2Test.test_random_word\",\"startStepsCount\":11,\"state\":\"start\"}","Screenshot":""}
{"Type":"Script","MonkeyStepsCount":11,"Time":"2026-05-31 08:54:03.279","Info":"{\"jsonrpc\": \"2.0\", \"id\": 1, \"method\": \"click\", \"params\": [77.0, 198.0]}","Screenshot":""}
{"Type":"ScriptInfo","MonkeyStepsCount":11,"Time":"2026-05-31 08:54:35.014","Info":"{\"propName\":\"aard2.Aard2Test.test_random_word\",\"startStepsCount\":11,\"state\":\"error\"}","Screenshot":""}
{"Type":"ScriptInfo","MonkeyStepsCount":11,"Time":"2026-05-31 08:54:35.343","Info":"{\"propName\":\"aard2.Aard2Test.test_open_setting\",\"startStepsCount\":11,\"state\":\"start\"}","Screenshot":""}
{"Type":"Script","MonkeyStepsCount":11,"Time":"2026-05-31 08:54:35.390","Info":"{\"jsonrpc\": \"2.0\", \"id\": 1, \"method\": \"click\", \"params\": [970, 310]}","Screenshot":""}
{"Type":"ScriptInfo","MonkeyStepsCount":11,"Time":"2026-05-31 08:54:36.635","Info":"{\"propName\":\"aard2.Aard2Test.test_open_setting\",\"startStepsCount\":11,\"state\":\"pass\"}","Screenshot":""}
{"Type":"Monkey","MonkeyStepsCount":12,"Time":"2026-05-31 08:54:36.926","Info":"{\"act\":\"CLICK\",\"adbinput\":false,\"aid\":\"g0a33\",\"allowFuzzing\":true,\"clear\":false,\"editable\":false,\"jAction\":\"\",\"pos\":[931,1646,1058,1762],\"rawinput\":false,\"sid\":\"\",\"text\":\"\",\"throttle\":74,\"waitTime\":0,\"widget\":\"{\\\"bounds\\\":\\\"[931,1646][1058,1762]\\\",\\\"class\\\":\\\"android.widget.ImageView\\\",\\\"content-desc\\\":\\\"\\\",\\\"index\\\":1,\\\"resource-id\\\":\\\"itkach.aard2:id\/setting_btn_add_user_style\\\",\\\"text\\\":\\\"\\\"}\"}","Screenshot":""}
{"Type":"ScriptInfo","MonkeyStepsCount":12,"Time":"2026-05-31 08:54:37.272","Info":"{\"propName\":\"aard2.Aard2Test.test_open_setting\",\"startStepsCount\":12,\"state\":\"start\"}","Screenshot":""}
{"Type":"Script","MonkeyStepsCount":12,"Time":"2026-05-31 08:54:37.315","Info":"{\"jsonrpc\": \"2.0\", \"id\": 1, \"method\": \"click\", \"params\": [970, 310]}","Screenshot":""}
{"Type":"ScriptInfo","MonkeyStepsCount":12,"Time":"2026-05-31 08:54:38.562","Info":"{\"propName\":\"aard2.Aard2Test.test_open_setting\",\"startStepsCount\":12,\"state\":\"pass\"}","Screenshot":""}
{"Type":"ScriptInfo","MonkeyStepsCount":12,"Time":"2026-05-31 08:54:38.877","Info":"{\"propName\":\"aard2.Aard2Test.test_random_word\",\"startStepsCount\":12,\"state\":\"start\"}","Screenshot":""}
{"Type":"Script","MonkeyStepsCount":12,"Time":"2026-05-31 08:54:39.035","Info":"{\"jsonrpc\": \"2.0\", \"id\": 1, \"method\": \"click\", \"params\": [77.0, 198.0]}","Screenshot":""}
{"Type":"ScriptInfo","MonkeyStepsCount":12,"Time":"2026-05-31 08:55:10.809","Info":"{\"propName\":\"aard2.Aard2Test.test_random_word\",\"startStepsCount\":12,\"state\":\"error\"}","Screenshot":""}
