{"Type":"Monkey","MonkeyStepsCount":1,"Time":"2026-04-11 09:47:23.808","Info":"{\"act\":\"CLICK\",\"adbinput\":false,\"aid\":\"g0a11\",\"allowFuzzing\":true,\"clear\":false,\"editable\":false,\"jAction\":\"\",\"pos\":[969,94,1080,226],\"rawinput\":false,\"sid\":\"\",\"text\":\"\",\"throttle\":93,\"waitTime\":0,\"widget\":\"{\\\"bounds\\\":\\\"[969,94][1080,226]\\\",\\\"class\\\":\\\"android.widget.ImageView\\\",\\\"content-desc\\\":\\\"More options\\\",\\\"index\\\":2,\\\"resource-id\\\":\\\"\\\",\\\"text\\\":\\\"\\\"}\"}","Screenshot":""}
{"Type":"Monkey","MonkeyStepsCount":2,"Time":"2026-04-11 09:47:24.179","Info":"{\"act\":\"SCROLL_LEFT_RIGHT\",\"adbinput\":false,\"aid\":\"g0a5\",\"allowFuzzing\":true,\"clear\":false,\"editable\":false,\"jAction\":\"\",\"pos\":[530,95,1025,227],\"rawinput\":false,\"sid\":\"\",\"text\":\"\",\"throttle\":68,\"waitTime\":0,\"widget\":\"{\\\"bounds\\\":\\\"[530,95][1025,227]\\\",\\\"class\\\":\\\"android.widget.FrameLayout\\\",\\\"content-desc\\\":\\\"\\\",\\\"index\\\":0,\\\"resource-id\\\":\\\"\\\",\\\"text\\\":\\\"\\\"}\"}","Screenshot":""}
{"Type":"Monkey","MonkeyStepsCount":3,"Time":"2026-04-11 09:47:24.811","Info":"{\"act\":\"SCROLL_BOTTOM_UP\",\"adbinput\":false,\"aid\":\"g0a4\",\"allowFuzzing\":true,\"clear\":false,\"editable\":false,\"jAction\":\"\",\"pos\":[530,95,1025,227],\"rawinput\":false,\"sid\":\"\",\"text\":\"\",\"throttle\":68,\"waitTime\":0,\"widget\":\"{\\\"bounds\\\":\\\"[530,95][1025,227]\\\",\\\"class\\\":\\\"android.widget.FrameLayout\\\",\\\"content-desc\\\":\\\"\\\",\\\"index\\\":0,\\\"resource-id\\\":\\\"\\\",\\\"text\\\":\\\"\\\"}\"}","Screenshot":""}
{"Type":"Monkey","MonkeyStepsCount":4,"Time":"2026-04-11 09:47:25.396","Info":"{\"act\":\"SCROLL_RIGHT_LEFT\",\"adbinput\":false,\"aid\":\"g0a6\",\"allowFuzzing\":true,\"clear\":false,\"editable\":false,\"jAction\":\"\",\"pos\":[530,95,1025,227],\"rawinput\":false,\"sid\":\"\",\"text\":\"\",\"throttle\":38,\"waitTime\":0,\"widget\":\"{\\\"bounds\\\":\\\"[530,95][1025,227]\\\",\\\"class\\\":\\\"android.widget.FrameLayout\\\",\\\"content-desc\\\":\\\"\\\",\\\"index\\\":0,\\\"resource-id\\\":\\\"\\\",\\\"text\\\":\\\"\\\"}\"}","Screenshot":""}
{"Type":"Monkey","MonkeyStepsCount":5,"Time":"2026-04-11 09:47:25.982","Info":"{\"act\":\"SCROLL_TOP_DOWN\",\"adbinput\":false,\"aid\":\"g0a3\",\"allowFuzzing\":true,\"clear\":false,\"editable\":false,\"jAction\":\"\",\"pos\":[530,95,1025,227],\"rawinput\":false,\"sid\":\"\",\"text\":\"\",\"throttle\":38,\"waitTime\":0,\"widget\":\"{\\\"bounds\\\":\\\"[530,95][1025,227]\\\",\\\"class\\\":\\\"android.widget.FrameLayout\\\",\\\"content-desc\\\":\\\"\\\",\\\"index\\\":0,\\\"resource-id\\\":\\\"\\\",\\\"text\\\":\\\"\\\"}\"}","Screenshot":""}
{"Type":"Monkey","MonkeyStepsCount":6,"Time":"2026-04-11 09:47:26.550","Info":"{\"act\":\"CLICK\",\"adbinput\":false,\"aid\":\"g0a14\",\"allowFuzzing\":true,\"clear\":false,\"editable\":false,\"jAction\":\"\",\"pos\":[530,117,1025,227],\"rawinput\":false,\"sid\":\"\",\"text\":\"\",\"throttle\":45,\"waitTime\":0,\"widget\":\"{\\\"bounds\\\":\\\"[530,117][1025,227]\\\",\\\"class\\\":\\\"android.widget.LinearLayout\\\",\\\"content-desc\\\":\\\"\\\",\\\"index\\\":0,\\\"resource-id\\\":\\\"\\\",\\\"text\\\":\\\"\\\"}\"}","Screenshot":""}
{"Type":"ScriptInfo","MonkeyStepsCount":6,"Time":"2026-04-11 09:47:26.866","Info":"{\"propName\":\"omni939.OmninotesArchive.test_search_does_not_show_archived_notes\",\"startStepsCount\":6,\"state\":\"start\"}","Screenshot":""}
{"Type":"Script","MonkeyStepsCount":6,"Time":"2026-04-11 09:47:27.091","Info":"{\"jsonrpc\": \"2.0\", \"id\": 1, \"method\": \"click\", \"params\": [771.0, 160.0]}","Screenshot":""}
{"Type":"Script","MonkeyStepsCount":6,"Time":"2026-04-11 09:47:28.425","Info":"{\"jsonrpc\": \"2.0\", \"id\": 1, \"method\": \"click\", \"params\": [77.0, 160.0]}","Screenshot":""}
{"Type":"ScriptInfo","MonkeyStepsCount":6,"Time":"2026-04-11 09:47:29.153","Info":"{\"propName\":\"omni939.OmninotesArchive.test_search_does_not_show_archived_notes\",\"startStepsCount\":6,\"state\":\"pass\"}","Screenshot":""}
{"Type":"ScriptInfo","MonkeyStepsCount":6,"Time":"2026-04-11 09:47:29.414","Info":"{\"propName\":\"omni939.OmninotesArchive.test_search_does_not_show_archived_notes\",\"startStepsCount\":6,\"state\":\"start\"}","Screenshot":""}
{"Type":"Script","MonkeyStepsCount":6,"Time":"2026-04-11 09:47:29.589","Info":"{\"jsonrpc\": \"2.0\", \"id\": 1, \"method\": \"click\", \"params\": [771.0, 160.0]}","Screenshot":""}
{"Type":"Script","MonkeyStepsCount":6,"Time":"2026-04-11 09:47:30.838","Info":"{\"jsonrpc\": \"2.0\", \"id\": 1, \"method\": \"click\", \"params\": [77.0, 160.0]}","Screenshot":""}
{"Type":"ScriptInfo","MonkeyStepsCount":6,"Time":"2026-04-11 09:47:31.603","Info":"{\"propName\":\"omni939.OmninotesArchive.test_search_does_not_show_archived_notes\",\"startStepsCount\":6,\"state\":\"pass\"}","Screenshot":""}
{"Type":"Monkey","MonkeyStepsCount":7,"Time":"2026-04-11 09:47:31.887","Info":"{\"act\":\"CLICK\",\"adbinput\":false,\"aid\":\"g0a8\",\"allowFuzzing\":true,\"clear\":false,\"editable\":false,\"jAction\":\"\",\"pos\":[837,94,969,226],\"rawinput\":false,\"sid\":\"\",\"text\":\"\",\"throttle\":37,\"waitTime\":0,\"widget\":\"{\\\"bounds\\\":\\\"[837,94][969,226]\\\",\\\"class\\\":\\\"android.widget.Button\\\",\\\"content-desc\\\":\\\"Sort\\\",\\\"index\\\":1,\\\"resource-id\\\":\\\"it.feio.android.omninotes.alpha:id\/menu_sort\\\",\\\"text\\\":\\\"\\\"}\"}","Screenshot":""}
{"Type":"Monkey","MonkeyStepsCount":8,"Time":"2026-04-11 09:47:32.230","Info":"{\"act\":\"SCROLL_TOP_DOWN\",\"adbinput\":false,\"aid\":\"g0a3\",\"allowFuzzing\":true,\"clear\":false,\"editable\":false,\"jAction\":\"\",\"pos\":[422,95,1036,623],\"rawinput\":false,\"sid\":\"\",\"text\":\"\",\"throttle\":20,\"waitTime\":0,\"widget\":\"{\\\"bounds\\\":\\\"[422,95][1036,623]\\\",\\\"class\\\":\\\"android.widget.FrameLayout\\\",\\\"content-desc\\\":\\\"\\\",\\\"index\\\":0,\\\"resource-id\\\":\\\"\\\",\\\"text\\\":\\\"\\\"}\"}","Screenshot":""}
{"Type":"Monkey","MonkeyStepsCount":9,"Time":"2026-04-11 09:47:32.768","Info":"{\"act\":\"SCROLL_BOTTOM_UP\",\"adbinput\":false,\"aid\":\"g0a4\",\"allowFuzzing\":true,\"clear\":false,\"editable\":false,\"jAction\":\"\",\"pos\":[422,95,1036,623],\"rawinput\":false,\"sid\":\"\",\"text\":\"\",\"throttle\":20,\"waitTime\":0,\"widget\":\"{\\\"bounds\\\":\\\"[422,95][1036,623]\\\",\\\"class\\\":\\\"android.widget.FrameLayout\\\",\\\"content-desc\\\":\\\"\\\",\\\"index\\\":0,\\\"resource-id\\\":\\\"\\\",\\\"text\\\":\\\"\\\"}\"}","Screenshot":""}
{"Type":"Monkey","MonkeyStepsCount":10,"Time":"2026-04-11 09:47:33.324","Info":"{\"act\":\"CLICK\",\"adbinput\":false,\"aid\":\"g0a14\",\"allowFuzzing\":true,\"clear\":false,\"editable\":false,\"jAction\":\"\",\"pos\":[422,117,1036,249],\"rawinput\":false,\"sid\":\"\",\"text\":\"\",\"throttle\":31,\"waitTime\":0,\"widget\":\"{\\\"bounds\\\":\\\"[422,117][1036,249]\\\",\\\"class\\\":\\\"android.widget.LinearLayout\\\",\\\"content-desc\\\":\\\"\\\",\\\"index\\\":0,\\\"resource-id\\\":\\\"\\\",\\\"text\\\":\\\"\\\"}\"}","Screenshot":""}
{"Type":"ScriptInfo","MonkeyStepsCount":10,"Time":"2026-04-11 09:47:33.661","Info":"{\"propName\":\"omni939.OmninotesArchive.test_search_does_not_show_archived_notes\",\"startStepsCount\":10,\"state\":\"start\"}","Screenshot":""}
{"Type":"Script","MonkeyStepsCount":10,"Time":"2026-04-11 09:47:33.863","Info":"{\"jsonrpc\": \"2.0\", \"id\": 1, \"method\": \"click\", \"params\": [771.0, 160.0]}","Screenshot":""}
{"Type":"Script","MonkeyStepsCount":10,"Time":"2026-04-11 09:47:35.142","Info":"{\"jsonrpc\": \"2.0\", \"id\": 1, \"method\": \"click\", \"params\": [77.0, 160.0]}","Screenshot":""}
{"Type":"ScriptInfo","MonkeyStepsCount":10,"Time":"2026-04-11 09:47:35.883","Info":"{\"propName\":\"omni939.OmninotesArchive.test_search_does_not_show_archived_notes\",\"startStepsCount\":10,\"state\":\"pass\"}","Screenshot":""}
{"Type":"ScriptInfo","MonkeyStepsCount":10,"Time":"2026-04-11 09:47:36.195","Info":"{\"propName\":\"omni939.OmninotesArchive.test_search_does_not_show_archived_notes\",\"startStepsCount\":10,\"state\":\"start\"}","Screenshot":""}
{"Type":"Script","MonkeyStepsCount":10,"Time":"2026-04-11 09:47:36.353","Info":"{\"jsonrpc\": \"2.0\", \"id\": 1, \"method\": \"click\", \"params\": [771.0, 160.0]}","Screenshot":""}
{"Type":"Script","MonkeyStepsCount":10,"Time":"2026-04-11 09:47:37.700","Info":"{\"jsonrpc\": \"2.0\", \"id\": 1, \"method\": \"click\", \"params\": [77.0, 160.0]}","Screenshot":""}
{"Type":"ScriptInfo","MonkeyStepsCount":10,"Time":"2026-04-11 09:47:38.429","Info":"{\"propName\":\"omni939.OmninotesArchive.test_search_does_not_show_archived_notes\",\"startStepsCount\":10,\"state\":\"pass\"}","Screenshot":""}
{"Type":"ScriptInfo","MonkeyStepsCount":10,"Time":"2026-04-11 09:47:38.743","Info":"{\"propName\":\"omni939.OmninotesArchive.test_search_does_not_show_archived_notes\",\"startStepsCount\":10,\"state\":\"start\"}","Screenshot":""}
{"Type":"Script","MonkeyStepsCount":10,"Time":"2026-04-11 09:47:38.900","Info":"{\"jsonrpc\": \"2.0\", \"id\": 1, \"method\": \"click\", \"params\": [771.0, 160.0]}","Screenshot":""}
{"Type":"Script","MonkeyStepsCount":10,"Time":"2026-04-11 09:47:40.306","Info":"{\"jsonrpc\": \"2.0\", \"id\": 1, \"method\": \"click\", \"params\": [77.0, 160.0]}","Screenshot":""}
{"Type":"ScriptInfo","MonkeyStepsCount":10,"Time":"2026-04-11 09:47:41.036","Info":"{\"propName\":\"omni939.OmninotesArchive.test_search_does_not_show_archived_notes\",\"startStepsCount\":10,\"state\":\"pass\"}","Screenshot":""}
{"Type":"ScriptInfo","MonkeyStepsCount":10,"Time":"2026-04-11 09:47:41.308","Info":"{\"propName\":\"omni939.OmninotesArchive.test_create_note_for_archive\",\"startStepsCount\":10,\"state\":\"start\"}","Screenshot":""}
{"Type":"Script","MonkeyStepsCount":10,"Time":"2026-04-11 09:47:41.452","Info":"{\"jsonrpc\": \"2.0\", \"id\": 1, \"method\": \"click\", \"params\": [957.0, 2024.5]}","Screenshot":""}
{"Type":"Script","MonkeyStepsCount":10,"Time":"2026-04-11 09:47:42.259","Info":"{\"jsonrpc\": \"2.0\", \"id\": 1, \"method\": \"click\", \"params\": [957.5, 1832.5]}","Screenshot":""}
{"Type":"Script","MonkeyStepsCount":10,"Time":"2026-04-11 09:47:43.048","Info":"{\"jsonrpc\": \"2.0\", \"id\": 1, \"method\": \"setText\", \"params\": [{\"mask\": 2097152, \"childOrSibling\": [], \"childOrSiblingSelector\": [], \"resourceId\": \"it.feio.android.omninotes.alpha:id\/detail_title\"}, \"PK1NFn\"]}","Screenshot":""}
{"Type":"Script","MonkeyStepsCount":10,"Time":"2026-04-11 09:47:43.700","Info":"{\"jsonrpc\": \"2.0\", \"id\": 1, \"method\": \"pressKey\", \"params\": [\"back\"]}","Screenshot":""}
{"Type":"ScriptInfo","MonkeyStepsCount":10,"Time":"2026-04-11 09:47:44.341","Info":"{\"propName\":\"omni939.OmninotesArchive.test_create_note_for_archive\",\"startStepsCount\":10,\"state\":\"pass\"}","Screenshot":""}
{"Type":"ScriptInfo","MonkeyStepsCount":10,"Time":"2026-04-11 09:47:44.632","Info":"{\"propName\":\"omni939.OmninotesArchive.test_search_does_not_show_archived_notes\",\"startStepsCount\":10,\"state\":\"start\"}","Screenshot":""}
{"Type":"Script","MonkeyStepsCount":10,"Time":"2026-04-11 09:47:44.774","Info":"{\"jsonrpc\": \"2.0\", \"id\": 1, \"method\": \"click\", \"params\": [771.0, 160.0]}","Screenshot":""}
{"Type":"Script","MonkeyStepsCount":10,"Time":"2026-04-11 09:47:46.081","Info":"{\"jsonrpc\": \"2.0\", \"id\": 1, \"method\": \"click\", \"params\": [77.0, 160.0]}","Screenshot":""}
{"Type":"ScriptInfo","MonkeyStepsCount":10,"Time":"2026-04-11 09:47:47.030","Info":"{\"propName\":\"omni939.OmninotesArchive.test_search_does_not_show_archived_notes\",\"startStepsCount\":10,\"state\":\"pass\"}","Screenshot":""}
{"Type":"ScriptInfo","MonkeyStepsCount":10,"Time":"2026-04-11 09:47:47.298","Info":"{\"propName\":\"omni939.OmninotesArchive.test_search_does_not_show_archived_notes\",\"startStepsCount\":10,\"state\":\"start\"}","Screenshot":""}
{"Type":"Script","MonkeyStepsCount":10,"Time":"2026-04-11 09:47:47.451","Info":"{\"jsonrpc\": \"2.0\", \"id\": 1, \"method\": \"click\", \"params\": [771.0, 160.0]}","Screenshot":""}
{"Type":"Script","MonkeyStepsCount":10,"Time":"2026-04-11 09:47:48.805","Info":"{\"jsonrpc\": \"2.0\", \"id\": 1, \"method\": \"click\", \"params\": [77.0, 160.0]}","Screenshot":""}
{"Type":"ScriptInfo","MonkeyStepsCount":10,"Time":"2026-04-11 09:47:49.775","Info":"{\"propName\":\"omni939.OmninotesArchive.test_search_does_not_show_archived_notes\",\"startStepsCount\":10,\"state\":\"pass\"}","Screenshot":""}
{"Type":"ScriptInfo","MonkeyStepsCount":10,"Time":"2026-04-11 09:47:50.034","Info":"{\"propName\":\"omni939.OmninotesArchive.test_behavior_setting\",\"startStepsCount\":10,\"state\":\"start\"}","Screenshot":""}
{"Type":"Script","MonkeyStepsCount":10,"Time":"2026-04-11 09:47:50.335","Info":"{\"jsonrpc\": \"2.0\", \"id\": 1, \"method\": \"click\", \"params\": [77.0, 160.0]}","Screenshot":""}
{"Type":"Script","MonkeyStepsCount":10,"Time":"2026-04-11 09:47:51.158","Info":"{\"jsonrpc\": \"2.0\", \"id\": 1, \"method\": \"click\", \"params\": [478.5, 639.0]}","Screenshot":""}
{"Type":"Script","MonkeyStepsCount":10,"Time":"2026-04-11 09:47:52.045","Info":"{\"jsonrpc\": \"2.0\", \"id\": 1, \"method\": \"click\", \"params\": [140.5, 892.5]}","Screenshot":""}
{"Type":"Script","MonkeyStepsCount":10,"Time":"2026-04-11 09:47:52.813","Info":"{\"jsonrpc\": \"2.0\", \"id\": 1, \"method\": \"click\", \"params\": [972.0, 510.0]}","Screenshot":""}
{"Type":"Script","MonkeyStepsCount":10,"Time":"2026-04-11 09:47:53.629","Info":"{\"jsonrpc\": \"2.0\", \"id\": 1, \"method\": \"click\", \"params\": [972.0, 510.0]}","Screenshot":""}
{"Type":"Script","MonkeyStepsCount":10,"Time":"2026-04-11 09:47:54.311","Info":"{\"jsonrpc\": \"2.0\", \"id\": 1, \"method\": \"pressKey\", \"params\": [\"back\"]}","Screenshot":""}
{"Type":"Script","MonkeyStepsCount":10,"Time":"2026-04-11 09:47:54.870","Info":"{\"jsonrpc\": \"2.0\", \"id\": 1, \"method\": \"pressKey\", \"params\": [\"back\"]}","Screenshot":""}
{"Type":"Script","MonkeyStepsCount":10,"Time":"2026-04-11 09:47:56.016","Info":"{\"jsonrpc\": \"2.0\", \"id\": 1, \"method\": \"pressKey\", \"params\": [\"back\"]}","Screenshot":""}
{"Type":"ScriptInfo","MonkeyStepsCount":10,"Time":"2026-04-11 09:47:56.581","Info":"{\"propName\":\"omni939.OmninotesArchive.test_behavior_setting\",\"startStepsCount\":10,\"state\":\"pass\"}","Screenshot":""}
{"Type":"ScriptInfo","MonkeyStepsCount":10,"Time":"2026-04-11 09:47:56.875","Info":"{\"propName\":\"omni939.OmninotesArchive.test_data_setting\",\"startStepsCount\":10,\"state\":\"start\"}","Screenshot":""}
{"Type":"Script","MonkeyStepsCount":10,"Time":"2026-04-11 09:47:57.071","Info":"{\"jsonrpc\": \"2.0\", \"id\": 1, \"method\": \"click\", \"params\": [77.0, 160.0]}","Screenshot":""}
{"Type":"Script","MonkeyStepsCount":10,"Time":"2026-04-11 09:47:57.894","Info":"{\"jsonrpc\": \"2.0\", \"id\": 1, \"method\": \"click\", \"params\": [478.5, 639.0]}","Screenshot":""}
{"Type":"Script","MonkeyStepsCount":10,"Time":"2026-04-11 09:47:58.726","Info":"{\"jsonrpc\": \"2.0\", \"id\": 1, \"method\": \"click\", \"params\": [89.5, 451.5]}","Screenshot":""}
{"Type":"Script","MonkeyStepsCount":10,"Time":"2026-04-11 09:47:59.598","Info":"{\"jsonrpc\": \"2.0\", \"id\": 1, \"method\": \"click\", \"params\": [222.5, 310.5]}","Screenshot":""}
{"Type":"Script","MonkeyStepsCount":10,"Time":"2026-04-11 09:48:00.335","Info":"{\"jsonrpc\": \"2.0\", \"id\": 1, \"method\": \"pressKey\", \"params\": [\"back\"]}","Screenshot":""}
{"Type":"Script","MonkeyStepsCount":10,"Time":"2026-04-11 09:48:00.930","Info":"{\"jsonrpc\": \"2.0\", \"id\": 1, \"method\": \"pressKey\", \"params\": [\"back\"]}","Screenshot":""}
{"Type":"Script","MonkeyStepsCount":10,"Time":"2026-04-11 09:48:01.504","Info":"{\"jsonrpc\": \"2.0\", \"id\": 1, \"method\": \"pressKey\", \"params\": [\"back\"]}","Screenshot":""}
{"Type":"Script","MonkeyStepsCount":10,"Time":"2026-04-11 09:48:02.644","Info":"{\"jsonrpc\": \"2.0\", \"id\": 1, \"method\": \"pressKey\", \"params\": [\"back\"]}","Screenshot":""}
{"Type":"ScriptInfo","MonkeyStepsCount":10,"Time":"2026-04-11 09:48:03.198","Info":"{\"propName\":\"omni939.OmninotesArchive.test_data_setting\",\"startStepsCount\":10,\"state\":\"pass\"}","Screenshot":""}
{"Type":"ScriptInfo","MonkeyStepsCount":10,"Time":"2026-04-11 09:48:03.522","Info":"{\"propName\":\"omni939.OmninotesArchive.test_create_note_for_archive\",\"startStepsCount\":10,\"state\":\"start\"}","Screenshot":""}
{"Type":"Script","MonkeyStepsCount":10,"Time":"2026-04-11 09:48:03.694","Info":"{\"jsonrpc\": \"2.0\", \"id\": 1, \"method\": \"click\", \"params\": [957.0, 2024.5]}","Screenshot":""}
{"Type":"Script","MonkeyStepsCount":10,"Time":"2026-04-11 09:48:04.525","Info":"{\"jsonrpc\": \"2.0\", \"id\": 1, \"method\": \"click\", \"params\": [957.5, 1832.5]}","Screenshot":""}
{"Type":"Script","MonkeyStepsCount":10,"Time":"2026-04-11 09:48:05.287","Info":"{\"jsonrpc\": \"2.0\", \"id\": 1, \"method\": \"setText\", \"params\": [{\"mask\": 2097152, \"childOrSibling\": [], \"childOrSiblingSelector\": [], \"resourceId\": \"it.feio.android.omninotes.alpha:id\/detail_title\"}, \"ybRO77I\"]}","Screenshot":""}
{"Type":"Script","MonkeyStepsCount":10,"Time":"2026-04-11 09:48:05.943","Info":"{\"jsonrpc\": \"2.0\", \"id\": 1, \"method\": \"pressKey\", \"params\": [\"back\"]}","Screenshot":""}
{"Type":"ScriptInfo","MonkeyStepsCount":10,"Time":"2026-04-11 09:48:06.600","Info":"{\"propName\":\"omni939.OmninotesArchive.test_create_note_for_archive\",\"startStepsCount\":10,\"state\":\"pass\"}","Screenshot":""}
{"Type":"ScriptInfo","MonkeyStepsCount":10,"Time":"2026-04-11 09:48:06.880","Info":"{\"propName\":\"omni939.OmninotesArchive.test_search_does_not_show_archived_notes\",\"startStepsCount\":10,\"state\":\"start\"}","Screenshot":""}
{"Type":"Script","MonkeyStepsCount":10,"Time":"2026-04-11 09:48:07.040","Info":"{\"jsonrpc\": \"2.0\", \"id\": 1, \"method\": \"click\", \"params\": [771.0, 160.0]}","Screenshot":""}
{"Type":"Script","MonkeyStepsCount":10,"Time":"2026-04-11 09:48:08.320","Info":"{\"jsonrpc\": \"2.0\", \"id\": 1, \"method\": \"click\", \"params\": [77.0, 160.0]}","Screenshot":""}
{"Type":"ScriptInfo","MonkeyStepsCount":10,"Time":"2026-04-11 09:48:09.320","Info":"{\"propName\":\"omni939.OmninotesArchive.test_search_does_not_show_archived_notes\",\"startStepsCount\":10,\"state\":\"pass\"}","Screenshot":""}
{"Type":"ScriptInfo","MonkeyStepsCount":10,"Time":"2026-04-11 09:48:09.604","Info":"{\"propName\":\"omni939.OmninotesArchive.test_create_note_for_archive\",\"startStepsCount\":10,\"state\":\"start\"}","Screenshot":""}
{"Type":"Script","MonkeyStepsCount":10,"Time":"2026-04-11 09:48:09.747","Info":"{\"jsonrpc\": \"2.0\", \"id\": 1, \"method\": \"click\", \"params\": [957.0, 2024.5]}","Screenshot":""}
{"Type":"Script","MonkeyStepsCount":10,"Time":"2026-04-11 09:48:10.608","Info":"{\"jsonrpc\": \"2.0\", \"id\": 1, \"method\": \"click\", \"params\": [957.5, 1832.5]}","Screenshot":""}
{"Type":"Script","MonkeyStepsCount":10,"Time":"2026-04-11 09:48:11.393","Info":"{\"jsonrpc\": \"2.0\", \"id\": 1, \"method\": \"setText\", \"params\": [{\"mask\": 2097152, \"childOrSibling\": [], \"childOrSiblingSelector\": [], \"resourceId\": \"it.feio.android.omninotes.alpha:id\/detail_title\"}, \"tkRMFlCd\"]}","Screenshot":""}
{"Type":"Script","MonkeyStepsCount":10,"Time":"2026-04-11 09:48:11.990","Info":"{\"jsonrpc\": \"2.0\", \"id\": 1, \"method\": \"pressKey\", \"params\": [\"back\"]}","Screenshot":""}
{"Type":"ScriptInfo","MonkeyStepsCount":10,"Time":"2026-04-11 09:48:12.629","Info":"{\"propName\":\"omni939.OmninotesArchive.test_create_note_for_archive\",\"startStepsCount\":10,\"state\":\"pass\"}","Screenshot":""}
{"Type":"ScriptInfo","MonkeyStepsCount":10,"Time":"2026-04-11 09:48:12.928","Info":"{\"propName\":\"omni939.OmninotesArchive.test_search_does_not_show_archived_notes\",\"startStepsCount\":10,\"state\":\"start\"}","Screenshot":""}
{"Type":"Script","MonkeyStepsCount":10,"Time":"2026-04-11 09:48:13.098","Info":"{\"jsonrpc\": \"2.0\", \"id\": 1, \"method\": \"click\", \"params\": [771.0, 160.0]}","Screenshot":""}
{"Type":"Script","MonkeyStepsCount":10,"Time":"2026-04-11 09:48:14.385","Info":"{\"jsonrpc\": \"2.0\", \"id\": 1, \"method\": \"click\", \"params\": [77.0, 160.0]}","Screenshot":""}
{"Type":"ScriptInfo","MonkeyStepsCount":10,"Time":"2026-04-11 09:48:15.545","Info":"{\"propName\":\"omni939.OmninotesArchive.test_search_does_not_show_archived_notes\",\"startStepsCount\":10,\"state\":\"pass\"}","Screenshot":""}
{"Type":"ScriptInfo","MonkeyStepsCount":10,"Time":"2026-04-11 09:48:15.843","Info":"{\"propName\":\"omni939.OmninotesArchive.test_reduced_view\",\"startStepsCount\":10,\"state\":\"start\"}","Screenshot":""}
{"Type":"Script","MonkeyStepsCount":10,"Time":"2026-04-11 09:48:16.030","Info":"{\"jsonrpc\": \"2.0\", \"id\": 1, \"method\": \"click\", \"params\": [1024.5, 160.0]}","Screenshot":""}
{"Type":"Script","MonkeyStepsCount":10,"Time":"2026-04-11 09:48:16.860","Info":"{\"jsonrpc\": \"2.0\", \"id\": 1, \"method\": \"click\", \"params\": [799.5, 182.5]}","Screenshot":""}
{"Type":"Script","MonkeyStepsCount":10,"Time":"2026-04-11 09:48:27.546","Info":"{\"jsonrpc\": \"2.0\", \"id\": 1, \"method\": \"click\", \"params\": [799.5, 182.5]}","Screenshot":""}
{"Type":"Script","MonkeyStepsCount":10,"Time":"2026-04-11 09:48:28.391","Info":"{\"jsonrpc\": \"2.0\", \"id\": 1, \"method\": \"click\", \"params\": [1024.5, 160.0]}","Screenshot":""}
{"Type":"Script","MonkeyStepsCount":10,"Time":"2026-04-11 09:48:29.231","Info":"{\"jsonrpc\": \"2.0\", \"id\": 1, \"method\": \"click\", \"params\": [799.5, 182.5]}","Screenshot":""}
{"Type":"ScriptInfo","MonkeyStepsCount":10,"Time":"2026-04-11 09:48:29.928","Info":"{\"propName\":\"omni939.OmninotesArchive.test_reduced_view\",\"startStepsCount\":10,\"state\":\"pass\"}","Screenshot":""}
{"Type":"Monkey","MonkeyStepsCount":11,"Time":"2026-04-11 09:48:30.233","Info":"{\"act\":\"LONG_CLICK\",\"adbinput\":false,\"aid\":\"g0a12\",\"allowFuzzing\":true,\"clear\":false,\"editable\":false,\"jAction\":\"\",\"pos\":[969,94,1080,226],\"rawinput\":false,\"sid\":\"\",\"text\":\"\",\"throttle\":25,\"waitTime\":0,\"widget\":\"{\\\"bounds\\\":\\\"[969,94][1080,226]\\\",\\\"class\\\":\\\"android.widget.ImageView\\\",\\\"content-desc\\\":\\\"More options\\\",\\\"index\\\":2,\\\"resource-id\\\":\\\"\\\",\\\"text\\\":\\\"\\\"}\"}","Screenshot":""}
{"Type":"ScriptInfo","MonkeyStepsCount":11,"Time":"2026-04-11 09:48:31.546","Info":"{\"propName\":\"omni939.OmninotesArchive.test_archive_note_removes_from_main_list\",\"startStepsCount\":11,\"state\":\"start\"}","Screenshot":""}
{"Type":"Script","MonkeyStepsCount":11,"Time":"2026-04-11 09:48:31.890","Info":"{\"jsonrpc\": \"2.0\", \"id\": 1, \"method\": \"click\", \"params\": [536.0, 308.5, 500]}","Screenshot":""}
{"Type":"Script","MonkeyStepsCount":11,"Time":"2026-04-11 09:48:33.117","Info":"{\"jsonrpc\": \"2.0\", \"id\": 1, \"method\": \"click\", \"params\": [1024.5, 160.0]}","Screenshot":""}
{"Type":"Script","MonkeyStepsCount":11,"Time":"2026-04-11 09:48:34.394","Info":"{\"jsonrpc\": \"2.0\", \"id\": 1, \"method\": \"click\", \"params\": [799.5, 446.5]}","Screenshot":""}
{"Type":"ScriptInfo","MonkeyStepsCount":11,"Time":"2026-04-11 09:48:35.644","Info":"{\"propName\":\"omni939.OmninotesArchive.test_archive_note_removes_from_main_list\",\"startStepsCount\":11,\"state\":\"pass\"}","Screenshot":""}
{"Type":"ScriptInfo","MonkeyStepsCount":11,"Time":"2026-04-11 09:48:35.962","Info":"{\"propName\":\"omni939.OmninotesArchive.test_search_does_not_show_archived_notes\",\"startStepsCount\":11,\"state\":\"start\"}","Screenshot":""}
{"Type":"Script","MonkeyStepsCount":11,"Time":"2026-04-11 09:48:36.203","Info":"{\"jsonrpc\": \"2.0\", \"id\": 1, \"method\": \"click\", \"params\": [771.0, 160.0]}","Screenshot":""}
{"Type":"Script","MonkeyStepsCount":11,"Time":"2026-04-11 09:48:37.525","Info":"{\"jsonrpc\": \"2.0\", \"id\": 1, \"method\": \"click\", \"params\": [77.0, 160.0]}","Screenshot":""}
{"Type":"ScriptInfo","MonkeyStepsCount":11,"Time":"2026-04-11 09:48:38.748","Info":"{\"propName\":\"omni939.OmninotesArchive.test_search_does_not_show_archived_notes\",\"startStepsCount\":11,\"state\":\"fail\"}","Screenshot":""}
{"Type":"ScriptInfo","MonkeyStepsCount":11,"Time":"2026-04-11 09:48:39.048","Info":"{\"propName\":\"omni939.OmninotesArchive.test_reduced_view\",\"startStepsCount\":11,\"state\":\"start\"}","Screenshot":""}
{"Type":"Script","MonkeyStepsCount":11,"Time":"2026-04-11 09:48:39.172","Info":"{\"jsonrpc\": \"2.0\", \"id\": 1, \"method\": \"click\", \"params\": [1024.5, 160.0]}","Screenshot":""}
{"Type":"Script","MonkeyStepsCount":11,"Time":"2026-04-11 09:48:40.067","Info":"{\"jsonrpc\": \"2.0\", \"id\": 1, \"method\": \"click\", \"params\": [799.5, 182.5]}","Screenshot":""}
{"Type":"Script","MonkeyStepsCount":11,"Time":"2026-04-11 09:48:40.990","Info":"{\"jsonrpc\": \"2.0\", \"id\": 1, \"method\": \"click\", \"params\": [1024.5, 160.0]}","Screenshot":""}
{"Type":"Script","MonkeyStepsCount":11,"Time":"2026-04-11 09:48:41.791","Info":"{\"jsonrpc\": \"2.0\", \"id\": 1, \"method\": \"click\", \"params\": [799.5, 182.5]}","Screenshot":""}
{"Type":"ScriptInfo","MonkeyStepsCount":11,"Time":"2026-04-11 09:48:42.464","Info":"{\"propName\":\"omni939.OmninotesArchive.test_reduced_view\",\"startStepsCount\":11,\"state\":\"pass\"}","Screenshot":""}
{"Type":"ScriptInfo","MonkeyStepsCount":11,"Time":"2026-04-11 09:48:42.747","Info":"{\"propName\":\"omni939.OmninotesArchive.test_search_does_not_show_archived_notes\",\"startStepsCount\":11,\"state\":\"start\"}","Screenshot":""}
{"Type":"Script","MonkeyStepsCount":11,"Time":"2026-04-11 09:48:42.906","Info":"{\"jsonrpc\": \"2.0\", \"id\": 1, \"method\": \"click\", \"params\": [771.0, 160.0]}","Screenshot":""}
{"Type":"Script","MonkeyStepsCount":11,"Time":"2026-04-11 09:48:44.221","Info":"{\"jsonrpc\": \"2.0\", \"id\": 1, \"method\": \"click\", \"params\": [77.0, 160.0]}","Screenshot":""}
{"Type":"ScriptInfo","MonkeyStepsCount":11,"Time":"2026-04-11 09:48:45.354","Info":"{\"propName\":\"omni939.OmninotesArchive.test_search_does_not_show_archived_notes\",\"startStepsCount\":11,\"state\":\"fail\"}","Screenshot":""}
{"Type":"ScriptInfo","MonkeyStepsCount":11,"Time":"2026-04-11 09:48:45.685","Info":"{\"propName\":\"omni939.OmninotesArchive.test_reduced_view\",\"startStepsCount\":11,\"state\":\"start\"}","Screenshot":""}
{"Type":"Script","MonkeyStepsCount":11,"Time":"2026-04-11 09:48:45.846","Info":"{\"jsonrpc\": \"2.0\", \"id\": 1, \"method\": \"click\", \"params\": [1024.5, 160.0]}","Screenshot":""}
{"Type":"Script","MonkeyStepsCount":11,"Time":"2026-04-11 09:48:46.722","Info":"{\"jsonrpc\": \"2.0\", \"id\": 1, \"method\": \"click\", \"params\": [799.5, 182.5]}","Screenshot":""}
{"Type":"Script","MonkeyStepsCount":11,"Time":"2026-04-11 09:48:47.583","Info":"{\"jsonrpc\": \"2.0\", \"id\": 1, \"method\": \"click\", \"params\": [1024.5, 160.0]}","Screenshot":""}
{"Type":"Script","MonkeyStepsCount":11,"Time":"2026-04-11 09:48:48.386","Info":"{\"jsonrpc\": \"2.0\", \"id\": 1, \"method\": \"click\", \"params\": [799.5, 182.5]}","Screenshot":""}
{"Type":"ScriptInfo","MonkeyStepsCount":11,"Time":"2026-04-11 09:48:49.075","Info":"{\"propName\":\"omni939.OmninotesArchive.test_reduced_view\",\"startStepsCount\":11,\"state\":\"pass\"}","Screenshot":""}
{"Type":"ScriptInfo","MonkeyStepsCount":11,"Time":"2026-04-11 09:48:49.374","Info":"{\"propName\":\"omni939.OmninotesArchive.test_create_note_for_archive\",\"startStepsCount\":11,\"state\":\"start\"}","Screenshot":""}
{"Type":"Script","MonkeyStepsCount":11,"Time":"2026-04-11 09:48:49.560","Info":"{\"jsonrpc\": \"2.0\", \"id\": 1, \"method\": \"click\", \"params\": [957.0, 2024.5]}","Screenshot":""}
{"Type":"Script","MonkeyStepsCount":11,"Time":"2026-04-11 09:48:50.375","Info":"{\"jsonrpc\": \"2.0\", \"id\": 1, \"method\": \"click\", \"params\": [957.5, 1832.5]}","Screenshot":""}
{"Type":"Script","MonkeyStepsCount":11,"Time":"2026-04-11 09:48:51.125","Info":"{\"jsonrpc\": \"2.0\", \"id\": 1, \"method\": \"setText\", \"params\": [{\"mask\": 2097152, \"childOrSibling\": [], \"childOrSiblingSelector\": [], \"resourceId\": \"it.feio.android.omninotes.alpha:id\/detail_title\"}, \"7El\"]}","Screenshot":""}
{"Type":"Script","MonkeyStepsCount":11,"Time":"2026-04-11 09:48:51.750","Info":"{\"jsonrpc\": \"2.0\", \"id\": 1, \"method\": \"pressKey\", \"params\": [\"back\"]}","Screenshot":""}
{"Type":"ScriptInfo","MonkeyStepsCount":11,"Time":"2026-04-11 09:48:52.394","Info":"{\"propName\":\"omni939.OmninotesArchive.test_create_note_for_archive\",\"startStepsCount\":11,\"state\":\"pass\"}","Screenshot":""}
{"Type":"ScriptInfo","MonkeyStepsCount":11,"Time":"2026-04-11 09:48:52.691","Info":"{\"propName\":\"omni939.OmninotesArchive.test_reduced_view\",\"startStepsCount\":11,\"state\":\"start\"}","Screenshot":""}
{"Type":"Script","MonkeyStepsCount":11,"Time":"2026-04-11 09:48:52.832","Info":"{\"jsonrpc\": \"2.0\", \"id\": 1, \"method\": \"click\", \"params\": [1024.5, 160.0]}","Screenshot":""}
{"Type":"Script","MonkeyStepsCount":11,"Time":"2026-04-11 09:48:53.748","Info":"{\"jsonrpc\": \"2.0\", \"id\": 1, \"method\": \"click\", \"params\": [799.5, 182.5]}","Screenshot":""}
{"Type":"Script","MonkeyStepsCount":11,"Time":"2026-04-11 09:48:54.538","Info":"{\"jsonrpc\": \"2.0\", \"id\": 1, \"method\": \"click\", \"params\": [1024.5, 160.0]}","Screenshot":""}
{"Type":"Script","MonkeyStepsCount":11,"Time":"2026-04-11 09:48:55.348","Info":"{\"jsonrpc\": \"2.0\", \"id\": 1, \"method\": \"click\", \"params\": [799.5, 182.5]}","Screenshot":""}
{"Type":"ScriptInfo","MonkeyStepsCount":11,"Time":"2026-04-11 09:48:56.006","Info":"{\"propName\":\"omni939.OmninotesArchive.test_reduced_view\",\"startStepsCount\":11,\"state\":\"pass\"}","Screenshot":""}
{"Type":"ScriptInfo","MonkeyStepsCount":11,"Time":"2026-04-11 09:48:56.311","Info":"{\"propName\":\"omni939.OmninotesArchive.test_search_does_not_show_archived_notes\",\"startStepsCount\":11,\"state\":\"start\"}","Screenshot":""}
{"Type":"Script","MonkeyStepsCount":11,"Time":"2026-04-11 09:48:56.471","Info":"{\"jsonrpc\": \"2.0\", \"id\": 1, \"method\": \"click\", \"params\": [771.0, 160.0]}","Screenshot":""}
{"Type":"Script","MonkeyStepsCount":11,"Time":"2026-04-11 09:48:57.770","Info":"{\"jsonrpc\": \"2.0\", \"id\": 1, \"method\": \"click\", \"params\": [77.0, 160.0]}","Screenshot":""}
{"Type":"ScriptInfo","MonkeyStepsCount":11,"Time":"2026-04-11 09:48:58.977","Info":"{\"propName\":\"omni939.OmninotesArchive.test_search_does_not_show_archived_notes\",\"startStepsCount\":11,\"state\":\"pass\"}","Screenshot":""}
{"Type":"ScriptInfo","MonkeyStepsCount":11,"Time":"2026-04-11 09:48:59.270","Info":"{\"propName\":\"omni939.OmninotesArchive.test_reduced_view\",\"startStepsCount\":11,\"state\":\"start\"}","Screenshot":""}
{"Type":"Script","MonkeyStepsCount":11,"Time":"2026-04-11 09:48:59.427","Info":"{\"jsonrpc\": \"2.0\", \"id\": 1, \"method\": \"click\", \"params\": [1024.5, 160.0]}","Screenshot":""}
{"Type":"Script","MonkeyStepsCount":11,"Time":"2026-04-11 09:49:00.252","Info":"{\"jsonrpc\": \"2.0\", \"id\": 1, \"method\": \"click\", \"params\": [799.5, 182.5]}","Screenshot":""}
{"Type":"Script","MonkeyStepsCount":11,"Time":"2026-04-11 09:49:01.013","Info":"{\"jsonrpc\": \"2.0\", \"id\": 1, \"method\": \"click\", \"params\": [1024.5, 160.0]}","Screenshot":""}
{"Type":"Script","MonkeyStepsCount":11,"Time":"2026-04-11 09:49:01.800","Info":"{\"jsonrpc\": \"2.0\", \"id\": 1, \"method\": \"click\", \"params\": [799.5, 182.5]}","Screenshot":""}
{"Type":"ScriptInfo","MonkeyStepsCount":11,"Time":"2026-04-11 09:49:02.539","Info":"{\"propName\":\"omni939.OmninotesArchive.test_reduced_view\",\"startStepsCount\":11,\"state\":\"pass\"}","Screenshot":""}
{"Type":"ScriptInfo","MonkeyStepsCount":11,"Time":"2026-04-11 09:49:02.834","Info":"{\"propName\":\"omni939.OmninotesArchive.test_create_note_for_archive\",\"startStepsCount\":11,\"state\":\"start\"}","Screenshot":""}
{"Type":"Script","MonkeyStepsCount":11,"Time":"2026-04-11 09:49:03.007","Info":"{\"jsonrpc\": \"2.0\", \"id\": 1, \"method\": \"click\", \"params\": [957.0, 2024.5]}","Screenshot":""}
{"Type":"Script","MonkeyStepsCount":11,"Time":"2026-04-11 09:49:03.885","Info":"{\"jsonrpc\": \"2.0\", \"id\": 1, \"method\": \"click\", \"params\": [957.5, 1832.5]}","Screenshot":""}
{"Type":"Script","MonkeyStepsCount":11,"Time":"2026-04-11 09:49:04.631","Info":"{\"jsonrpc\": \"2.0\", \"id\": 1, \"method\": \"setText\", \"params\": [{\"mask\": 2097152, \"childOrSibling\": [], \"childOrSiblingSelector\": [], \"resourceId\": \"it.feio.android.omninotes.alpha:id\/detail_title\"}, \"NDjLE3Sd\"]}","Screenshot":""}
{"Type":"Script","MonkeyStepsCount":11,"Time":"2026-04-11 09:49:05.248","Info":"{\"jsonrpc\": \"2.0\", \"id\": 1, \"method\": \"pressKey\", \"params\": [\"back\"]}","Screenshot":""}
{"Type":"ScriptInfo","MonkeyStepsCount":11,"Time":"2026-04-11 09:49:05.899","Info":"{\"propName\":\"omni939.OmninotesArchive.test_create_note_for_archive\",\"startStepsCount\":11,\"state\":\"pass\"}","Screenshot":""}
{"Type":"ScriptInfo","MonkeyStepsCount":11,"Time":"2026-04-11 09:49:06.170","Info":"{\"propName\":\"omni939.OmninotesArchive.test_create_note_for_archive\",\"startStepsCount\":11,\"state\":\"start\"}","Screenshot":""}
{"Type":"Script","MonkeyStepsCount":11,"Time":"2026-04-11 09:49:06.322","Info":"{\"jsonrpc\": \"2.0\", \"id\": 1, \"method\": \"click\", \"params\": [957.0, 2024.5]}","Screenshot":""}
{"Type":"Script","MonkeyStepsCount":11,"Time":"2026-04-11 09:49:07.263","Info":"{\"jsonrpc\": \"2.0\", \"id\": 1, \"method\": \"click\", \"params\": [957.5, 1832.5]}","Screenshot":""}
{"Type":"Script","MonkeyStepsCount":11,"Time":"2026-04-11 09:49:08.010","Info":"{\"jsonrpc\": \"2.0\", \"id\": 1, \"method\": \"setText\", \"params\": [{\"mask\": 2097152, \"childOrSibling\": [], \"childOrSiblingSelector\": [], \"resourceId\": \"it.feio.android.omninotes.alpha:id\/detail_title\"}, \"GGbYIWksUb\"]}","Screenshot":""}
{"Type":"Script","MonkeyStepsCount":11,"Time":"2026-04-11 09:49:08.624","Info":"{\"jsonrpc\": \"2.0\", \"id\": 1, \"method\": \"pressKey\", \"params\": [\"back\"]}","Screenshot":""}
{"Type":"ScriptInfo","MonkeyStepsCount":11,"Time":"2026-04-11 09:49:09.239","Info":"{\"propName\":\"omni939.OmninotesArchive.test_create_note_for_archive\",\"startStepsCount\":11,\"state\":\"pass\"}","Screenshot":""}
{"Type":"ScriptInfo","MonkeyStepsCount":11,"Time":"2026-04-11 09:49:09.503","Info":"{\"propName\":\"omni939.OmninotesArchive.test_create_note_for_archive\",\"startStepsCount\":11,\"state\":\"start\"}","Screenshot":""}
{"Type":"Script","MonkeyStepsCount":11,"Time":"2026-04-11 09:49:09.641","Info":"{\"jsonrpc\": \"2.0\", \"id\": 1, \"method\": \"click\", \"params\": [957.0, 2024.5]}","Screenshot":""}
{"Type":"Script","MonkeyStepsCount":11,"Time":"2026-04-11 09:49:10.637","Info":"{\"jsonrpc\": \"2.0\", \"id\": 1, \"method\": \"click\", \"params\": [957.5, 1832.5]}","Screenshot":""}
{"Type":"Script","MonkeyStepsCount":11,"Time":"2026-04-11 09:49:11.375","Info":"{\"jsonrpc\": \"2.0\", \"id\": 1, \"method\": \"setText\", \"params\": [{\"mask\": 2097152, \"childOrSibling\": [], \"childOrSiblingSelector\": [], \"resourceId\": \"it.feio.android.omninotes.alpha:id\/detail_title\"}, \"uJJmtDpwAX\"]}","Screenshot":""}
{"Type":"Script","MonkeyStepsCount":11,"Time":"2026-04-11 09:49:12.011","Info":"{\"jsonrpc\": \"2.0\", \"id\": 1, \"method\": \"pressKey\", \"params\": [\"back\"]}","Screenshot":""}
{"Type":"ScriptInfo","MonkeyStepsCount":11,"Time":"2026-04-11 09:49:12.670","Info":"{\"propName\":\"omni939.OmninotesArchive.test_create_note_for_archive\",\"startStepsCount\":11,\"state\":\"pass\"}","Screenshot":""}
{"Type":"ScriptInfo","MonkeyStepsCount":11,"Time":"2026-04-11 09:49:12.987","Info":"{\"propName\":\"omni939.OmninotesArchive.test_archive_note_removes_from_main_list\",\"startStepsCount\":11,\"state\":\"start\"}","Screenshot":""}
{"Type":"Script","MonkeyStepsCount":11,"Time":"2026-04-11 09:49:13.630","Info":"{\"jsonrpc\": \"2.0\", \"id\": 1, \"method\": \"click\", \"params\": [536.0, 308.5, 500]}","Screenshot":""}
{"Type":"Script","MonkeyStepsCount":11,"Time":"2026-04-11 09:49:14.857","Info":"{\"jsonrpc\": \"2.0\", \"id\": 1, \"method\": \"click\", \"params\": [1024.5, 160.0]}","Screenshot":""}
{"Type":"Script","MonkeyStepsCount":11,"Time":"2026-04-11 09:49:16.190","Info":"{\"jsonrpc\": \"2.0\", \"id\": 1, \"method\": \"click\", \"params\": [799.5, 446.5]}","Screenshot":""}
{"Type":"ScriptInfo","MonkeyStepsCount":11,"Time":"2026-04-11 09:49:17.430","Info":"{\"propName\":\"omni939.OmninotesArchive.test_archive_note_removes_from_main_list\",\"startStepsCount\":11,\"state\":\"pass\"}","Screenshot":""}
{"Type":"ScriptInfo","MonkeyStepsCount":11,"Time":"2026-04-11 09:49:17.810","Info":"{\"propName\":\"omni939.OmninotesArchive.test_search_does_not_show_archived_notes\",\"startStepsCount\":11,\"state\":\"start\"}","Screenshot":""}
{"Type":"Script","MonkeyStepsCount":11,"Time":"2026-04-11 09:49:18.026","Info":"{\"jsonrpc\": \"2.0\", \"id\": 1, \"method\": \"click\", \"params\": [771.0, 160.0]}","Screenshot":""}
{"Type":"Script","MonkeyStepsCount":11,"Time":"2026-04-11 09:49:19.337","Info":"{\"jsonrpc\": \"2.0\", \"id\": 1, \"method\": \"click\", \"params\": [77.0, 160.0]}","Screenshot":""}
{"Type":"ScriptInfo","MonkeyStepsCount":11,"Time":"2026-04-11 09:49:20.859","Info":"{\"propName\":\"omni939.OmninotesArchive.test_search_does_not_show_archived_notes\",\"startStepsCount\":11,\"state\":\"fail\"}","Screenshot":""}
{"Type":"Monkey","MonkeyStepsCount":12,"Time":"2026-04-11 09:49:21.168","Info":"{\"act\":\"CLICK\",\"adbinput\":false,\"aid\":\"g0a18\",\"allowFuzzing\":true,\"clear\":false,\"editable\":false,\"jAction\":\"\",\"pos\":[794,1994,1036,2148],\"rawinput\":false,\"sid\":\"\",\"text\":\"\",\"throttle\":25,\"waitTime\":0,\"widget\":\"{\\\"bounds\\\":\\\"[794,1994][1036,2148]\\\",\\\"class\\\":\\\"android.widget.Button\\\",\\\"content-desc\\\":\\\"\\\",\\\"index\\\":1,\\\"resource-id\\\":\\\"it.feio.android.omninotes.alpha:id\/undobar_button\\\",\\\"text\\\":\\\"UNDO\\\"}\"}","Screenshot":""}
{"Type":"ScriptInfo","MonkeyStepsCount":12,"Time":"2026-04-11 09:49:21.479","Info":"{\"propName\":\"omni939.OmninotesArchive.test_create_note_for_archive\",\"startStepsCount\":12,\"state\":\"start\"}","Screenshot":""}
{"Type":"Script","MonkeyStepsCount":12,"Time":"2026-04-11 09:49:21.703","Info":"{\"jsonrpc\": \"2.0\", \"id\": 1, \"method\": \"click\", \"params\": [957.0, 2024.5]}","Screenshot":""}
{"Type":"Script","MonkeyStepsCount":12,"Time":"2026-04-11 09:49:22.548","Info":"{\"jsonrpc\": \"2.0\", \"id\": 1, \"method\": \"click\", \"params\": [957.5, 1832.5]}","Screenshot":""}
{"Type":"Script","MonkeyStepsCount":12,"Time":"2026-04-11 09:49:23.346","Info":"{\"jsonrpc\": \"2.0\", \"id\": 1, \"method\": \"setText\", \"params\": [{\"mask\": 2097152, \"childOrSibling\": [], \"childOrSiblingSelector\": [], \"resourceId\": \"it.feio.android.omninotes.alpha:id\/detail_title\"}, \"6pzz\"]}","Screenshot":""}
{"Type":"Script","MonkeyStepsCount":12,"Time":"2026-04-11 09:49:23.972","Info":"{\"jsonrpc\": \"2.0\", \"id\": 1, \"method\": \"pressKey\", \"params\": [\"back\"]}","Screenshot":""}
{"Type":"ScriptInfo","MonkeyStepsCount":12,"Time":"2026-04-11 09:49:24.601","Info":"{\"propName\":\"omni939.OmninotesArchive.test_create_note_for_archive\",\"startStepsCount\":12,\"state\":\"pass\"}","Screenshot":""}
