{"Type":"Monkey","MonkeyStepsCount":1,"Time":"2026-04-11 15:30:28.484","Info":"{\"act\":\"CLICK\",\"adbinput\":false,\"aid\":\"g0a7\",\"allowFuzzing\":true,\"clear\":false,\"editable\":false,\"jAction\":\"\",\"pos\":[705,143,837,275],\"rawinput\":false,\"sid\":\"\",\"text\":\"\",\"throttle\":37,\"waitTime\":0,\"widget\":\"{\\\"bounds\\\":\\\"[705,143][837,275]\\\",\\\"class\\\":\\\"android.widget.Button\\\",\\\"content-desc\\\":\\\"Search\\\",\\\"index\\\":0,\\\"resource-id\\\":\\\"it.feio.android.omninotes.alpha:id\/menu_search\\\",\\\"text\\\":\\\"\\\"}\"}","Screenshot":""}
{"Type":"Monkey","MonkeyStepsCount":2,"Time":"2026-04-11 15:30:28.816","Info":"{\"act\":\"CLICK\",\"adbinput\":false,\"aid\":\"g0a2\",\"allowFuzzing\":true,\"clear\":false,\"editable\":false,\"jAction\":\"\",\"pos\":[0,132,154,286],\"rawinput\":false,\"sid\":\"\",\"text\":\"\",\"throttle\":45,\"waitTime\":0,\"widget\":\"{\\\"bounds\\\":\\\"[0,132][154,286]\\\",\\\"class\\\":\\\"android.widget.ImageButton\\\",\\\"content-desc\\\":\\\"Collapse\\\",\\\"index\\\":0,\\\"resource-id\\\":\\\"\\\",\\\"text\\\":\\\"\\\"}\"}","Screenshot":""}
{"Type":"ScriptInfo","MonkeyStepsCount":2,"Time":"2026-04-11 15:30:29.127","Info":"{\"propName\":\"omni954.OmniNotesBugTest.test_create_note_without_category\",\"startStepsCount\":2,\"state\":\"start\"}","Screenshot":""}
{"Type":"Script","MonkeyStepsCount":2,"Time":"2026-04-11 15:30:29.295","Info":"{\"jsonrpc\": \"2.0\", \"id\": 1, \"method\": \"click\", \"params\": [957.0, 2024.5]}","Screenshot":""}
{"Type":"Script","MonkeyStepsCount":2,"Time":"2026-04-11 15:30:30.097","Info":"{\"jsonrpc\": \"2.0\", \"id\": 1, \"method\": \"click\", \"params\": [957.5, 1832.5]}","Screenshot":""}
{"Type":"Script","MonkeyStepsCount":2,"Time":"2026-04-11 15:30:30.852","Info":"{\"jsonrpc\": \"2.0\", \"id\": 1, \"method\": \"setText\", \"params\": [{\"mask\": 2097152, \"childOrSibling\": [], \"childOrSiblingSelector\": [], \"resourceId\": \"it.feio.android.omninotes.alpha:id\/detail_title\"}, \"JMWY8\"]}","Screenshot":""}
{"Type":"Script","MonkeyStepsCount":2,"Time":"2026-04-11 15:30:31.037","Info":"{\"jsonrpc\": \"2.0\", \"id\": 1, \"method\": \"setText\", \"params\": [{\"mask\": 2097152, \"childOrSibling\": [], \"childOrSiblingSelector\": [], \"resourceId\": \"it.feio.android.omninotes.alpha:id\/detail_content\"}, \"test content\"]}","Screenshot":""}
{"Type":"Script","MonkeyStepsCount":2,"Time":"2026-04-11 15:30:31.674","Info":"{\"jsonrpc\": \"2.0\", \"id\": 1, \"method\": \"pressKey\", \"params\": [\"back\"]}","Screenshot":""}
{"Type":"ScriptInfo","MonkeyStepsCount":2,"Time":"2026-04-11 15:30:32.289","Info":"{\"propName\":\"omni954.OmniNotesBugTest.test_create_note_without_category\",\"startStepsCount\":2,\"state\":\"pass\"}","Screenshot":""}
{"Type":"ScriptInfo","MonkeyStepsCount":2,"Time":"2026-04-11 15:30:32.563","Info":"{\"propName\":\"omni954.OmniNotesBugTest.test_open_uncategorized_category_setting\",\"startStepsCount\":2,\"state\":\"start\"}","Screenshot":""}
{"Type":"Script","MonkeyStepsCount":2,"Time":"2026-04-11 15:30:32.803","Info":"{\"jsonrpc\": \"2.0\", \"id\": 1, \"method\": \"click\", \"params\": [77.0, 209.0]}","Screenshot":""}
{"Type":"Script","MonkeyStepsCount":2,"Time":"2026-04-11 15:30:33.724","Info":"{\"jsonrpc\": \"2.0\", \"id\": 1, \"method\": \"click\", \"params\": [478.5, 688.0]}","Screenshot":""}
{"Type":"Script","MonkeyStepsCount":2,"Time":"2026-04-11 15:30:34.567","Info":"{\"jsonrpc\": \"2.0\", \"id\": 1, \"method\": \"click\", \"params\": [149.0, 794.5]}","Screenshot":""}
{"Type":"Script","MonkeyStepsCount":2,"Time":"2026-04-11 15:30:35.406","Info":"{\"jsonrpc\": \"2.0\", \"id\": 1, \"method\": \"click\", \"params\": [261.0, 805.5]}","Screenshot":""}
{"Type":"Script","MonkeyStepsCount":2,"Time":"2026-04-11 15:30:36.094","Info":"{\"jsonrpc\": \"2.0\", \"id\": 1, \"method\": \"pressKey\", \"params\": [\"back\"]}","Screenshot":""}
{"Type":"Script","MonkeyStepsCount":2,"Time":"2026-04-11 15:30:36.660","Info":"{\"jsonrpc\": \"2.0\", \"id\": 1, \"method\": \"pressKey\", \"params\": [\"back\"]}","Screenshot":""}
{"Type":"Script","MonkeyStepsCount":2,"Time":"2026-04-11 15:30:38.066","Info":"{\"jsonrpc\": \"2.0\", \"id\": 1, \"method\": \"pressKey\", \"params\": [\"back\"]}","Screenshot":""}
{"Type":"ScriptInfo","MonkeyStepsCount":2,"Time":"2026-04-11 15:30:38.687","Info":"{\"propName\":\"omni954.OmniNotesBugTest.test_open_uncategorized_category_setting\",\"startStepsCount\":2,\"state\":\"pass\"}","Screenshot":""}
{"Type":"ScriptInfo","MonkeyStepsCount":2,"Time":"2026-04-11 15:30:38.980","Info":"{\"propName\":\"omni954.OmniNotesBugTest.test_create_note_without_category\",\"startStepsCount\":2,\"state\":\"start\"}","Screenshot":""}
{"Type":"Script","MonkeyStepsCount":2,"Time":"2026-04-11 15:30:39.167","Info":"{\"jsonrpc\": \"2.0\", \"id\": 1, \"method\": \"click\", \"params\": [957.0, 2024.5]}","Screenshot":""}
{"Type":"Script","MonkeyStepsCount":2,"Time":"2026-04-11 15:30:39.967","Info":"{\"jsonrpc\": \"2.0\", \"id\": 1, \"method\": \"click\", \"params\": [957.5, 1832.5]}","Screenshot":""}
{"Type":"Script","MonkeyStepsCount":2,"Time":"2026-04-11 15:30:40.683","Info":"{\"jsonrpc\": \"2.0\", \"id\": 1, \"method\": \"setText\", \"params\": [{\"mask\": 2097152, \"childOrSibling\": [], \"childOrSiblingSelector\": [], \"resourceId\": \"it.feio.android.omninotes.alpha:id\/detail_title\"}, \"Tk8tGNP\"]}","Screenshot":""}
{"Type":"Script","MonkeyStepsCount":2,"Time":"2026-04-11 15:30:40.868","Info":"{\"jsonrpc\": \"2.0\", \"id\": 1, \"method\": \"setText\", \"params\": [{\"mask\": 2097152, \"childOrSibling\": [], \"childOrSiblingSelector\": [], \"resourceId\": \"it.feio.android.omninotes.alpha:id\/detail_content\"}, \"test content\"]}","Screenshot":""}
{"Type":"Script","MonkeyStepsCount":2,"Time":"2026-04-11 15:30:41.505","Info":"{\"jsonrpc\": \"2.0\", \"id\": 1, \"method\": \"pressKey\", \"params\": [\"back\"]}","Screenshot":""}
{"Type":"ScriptInfo","MonkeyStepsCount":2,"Time":"2026-04-11 15:30:42.129","Info":"{\"propName\":\"omni954.OmniNotesBugTest.test_create_note_without_category\",\"startStepsCount\":2,\"state\":\"pass\"}","Screenshot":""}
{"Type":"Monkey","MonkeyStepsCount":3,"Time":"2026-04-11 15:30:42.433","Info":"{\"act\":\"CLICK\",\"adbinput\":false,\"aid\":\"g0a7\",\"allowFuzzing\":true,\"clear\":false,\"editable\":false,\"jAction\":\"\",\"pos\":[705,143,837,275],\"rawinput\":false,\"sid\":\"\",\"text\":\"\",\"throttle\":45,\"waitTime\":0,\"widget\":\"{\\\"bounds\\\":\\\"[705,143][837,275]\\\",\\\"class\\\":\\\"android.widget.Button\\\",\\\"content-desc\\\":\\\"Search\\\",\\\"index\\\":0,\\\"resource-id\\\":\\\"it.feio.android.omninotes.alpha:id\/menu_search\\\",\\\"text\\\":\\\"\\\"}\"}","Screenshot":""}
{"Type":"Monkey","MonkeyStepsCount":4,"Time":"2026-04-11 15:30:42.747","Info":"{\"act\":\"CLICK\",\"adbinput\":false,\"aid\":\"g0a2\",\"allowFuzzing\":true,\"clear\":false,\"editable\":false,\"jAction\":\"\",\"pos\":[0,132,154,286],\"rawinput\":false,\"sid\":\"\",\"text\":\"\",\"throttle\":39,\"waitTime\":0,\"widget\":\"{\\\"bounds\\\":\\\"[0,132][154,286]\\\",\\\"class\\\":\\\"android.widget.ImageButton\\\",\\\"content-desc\\\":\\\"Collapse\\\",\\\"index\\\":0,\\\"resource-id\\\":\\\"\\\",\\\"text\\\":\\\"\\\"}\"}","Screenshot":""}
{"Type":"ScriptInfo","MonkeyStepsCount":4,"Time":"2026-04-11 15:30:43.134","Info":"{\"propName\":\"omni954.OmniNotesBugTest.test_check_uncategorized_notes\",\"startStepsCount\":4,\"state\":\"start\"}","Screenshot":""}
{"Type":"Script","MonkeyStepsCount":4,"Time":"2026-04-11 15:30:43.552","Info":"{\"jsonrpc\": \"2.0\", \"id\": 1, \"method\": \"click\", \"params\": [77.0, 209.0]}","Screenshot":""}
{"Type":"Script","MonkeyStepsCount":4,"Time":"2026-04-11 15:30:44.419","Info":"{\"jsonrpc\": \"2.0\", \"id\": 1, \"method\": \"click\", \"params\": [478.5, 687.0]}","Screenshot":""}
{"Type":"Script","MonkeyStepsCount":4,"Time":"2026-04-11 15:30:45.689","Info":"{\"jsonrpc\": \"2.0\", \"id\": 1, \"method\": \"click\", \"params\": [77.0, 209.0]}","Screenshot":""}
{"Type":"Script","MonkeyStepsCount":4,"Time":"2026-04-11 15:30:46.543","Info":"{\"jsonrpc\": \"2.0\", \"id\": 1, \"method\": \"click\", \"params\": [478.5, 556.0]}","Screenshot":""}
{"Type":"ScriptInfo","MonkeyStepsCount":4,"Time":"2026-04-11 15:30:47.216","Info":"{\"propName\":\"omni954.OmniNotesBugTest.test_check_uncategorized_notes\",\"startStepsCount\":4,\"state\":\"pass\"}","Screenshot":""}
{"Type":"ScriptInfo","MonkeyStepsCount":4,"Time":"2026-04-11 15:30:47.525","Info":"{\"propName\":\"omni954.OmniNotesBugTest.test_delete_category\",\"startStepsCount\":4,\"state\":\"start\"}","Screenshot":""}
{"Type":"Script","MonkeyStepsCount":4,"Time":"2026-04-11 15:30:47.837","Info":"{\"jsonrpc\": \"2.0\", \"id\": 1, \"method\": \"click\", \"params\": [77.0, 209.0]}","Screenshot":""}
{"Type":"Script","MonkeyStepsCount":4,"Time":"2026-04-11 15:30:48.880","Info":"{\"jsonrpc\": \"2.0\", \"id\": 1, \"method\": \"pressKey\", \"params\": [\"back\"]}","Screenshot":""}
{"Type":"ScriptInfo","MonkeyStepsCount":4,"Time":"2026-04-11 15:30:48.957","Info":"{\"propName\":\"omni954.OmniNotesBugTest.test_delete_category\",\"startStepsCount\":4,\"state\":\"pass\"}","Screenshot":""}
{"Type":"ScriptInfo","MonkeyStepsCount":4,"Time":"2026-04-11 15:30:49.303","Info":"{\"propName\":\"omni954.OmniNotesBugTest.test_note_info\",\"startStepsCount\":4,\"state\":\"start\"}","Screenshot":""}
{"Type":"Script","MonkeyStepsCount":4,"Time":"2026-04-11 15:30:49.472","Info":"{\"jsonrpc\": \"2.0\", \"id\": 1, \"method\": \"click\", \"params\": [957.0, 2024.5]}","Screenshot":""}
{"Type":"Script","MonkeyStepsCount":4,"Time":"2026-04-11 15:30:50.269","Info":"{\"jsonrpc\": \"2.0\", \"id\": 1, \"method\": \"click\", \"params\": [957.5, 1832.5]}","Screenshot":""}
{"Type":"Script","MonkeyStepsCount":4,"Time":"2026-04-11 15:30:51.054","Info":"{\"jsonrpc\": \"2.0\", \"id\": 1, \"method\": \"setText\", \"params\": [{\"mask\": 2097152, \"childOrSibling\": [], \"childOrSiblingSelector\": [], \"resourceId\": \"it.feio.android.omninotes.alpha:id\/detail_title\"}, \"9m1LSIQMmA\"]}","Screenshot":""}
{"Type":"Script","MonkeyStepsCount":4,"Time":"2026-04-11 15:30:51.710","Info":"{\"jsonrpc\": \"2.0\", \"id\": 1, \"method\": \"setText\", \"params\": [{\"mask\": 2097152, \"childOrSibling\": [], \"childOrSiblingSelector\": [], \"resourceId\": \"it.feio.android.omninotes.alpha:id\/detail_content\"}, \"07W6rjRtGMty1nffNmu\"]}","Screenshot":""}
{"Type":"Script","MonkeyStepsCount":4,"Time":"2026-04-11 15:30:52.509","Info":"{\"jsonrpc\": \"2.0\", \"id\": 1, \"method\": \"click\", \"params\": [1024.5, 209.0]}","Screenshot":""}
{"Type":"Script","MonkeyStepsCount":4,"Time":"2026-04-11 15:30:53.286","Info":"{\"jsonrpc\": \"2.0\", \"id\": 1, \"method\": \"click\", \"params\": [799.5, 627.5]}","Screenshot":""}
{"Type":"Script","MonkeyStepsCount":4,"Time":"2026-04-11 15:30:54.134","Info":"{\"jsonrpc\": \"2.0\", \"id\": 1, \"method\": \"pressKey\", \"params\": [\"back\"]}","Screenshot":""}
{"Type":"Script","MonkeyStepsCount":4,"Time":"2026-04-11 15:30:56.084","Info":"{\"jsonrpc\": \"2.0\", \"id\": 1, \"method\": \"click\", \"params\": [1024.5, 209.0]}","Screenshot":""}
{"Type":"Script","MonkeyStepsCount":4,"Time":"2026-04-11 15:30:56.904","Info":"{\"jsonrpc\": \"2.0\", \"id\": 1, \"method\": \"click\", \"params\": [799.5, 891.5]}","Screenshot":""}
{"Type":"ScriptInfo","MonkeyStepsCount":4,"Time":"2026-04-11 15:30:58.047","Info":"{\"propName\":\"omni954.OmniNotesBugTest.test_note_info\",\"startStepsCount\":4,\"state\":\"pass\"}","Screenshot":""}
{"Type":"ScriptInfo","MonkeyStepsCount":4,"Time":"2026-04-11 15:30:58.384","Info":"{\"propName\":\"omni954.OmniNotesBugTest.test_check_uncategorized_notes\",\"startStepsCount\":4,\"state\":\"start\"}","Screenshot":""}
{"Type":"Script","MonkeyStepsCount":4,"Time":"2026-04-11 15:30:58.952","Info":"{\"jsonrpc\": \"2.0\", \"id\": 1, \"method\": \"click\", \"params\": [77.0, 209.0]}","Screenshot":""}
{"Type":"Script","MonkeyStepsCount":4,"Time":"2026-04-11 15:30:59.784","Info":"{\"jsonrpc\": \"2.0\", \"id\": 1, \"method\": \"click\", \"params\": [478.5, 818.0]}","Screenshot":""}
{"Type":"Script","MonkeyStepsCount":4,"Time":"2026-04-11 15:31:00.977","Info":"{\"jsonrpc\": \"2.0\", \"id\": 1, \"method\": \"click\", \"params\": [77.0, 209.0]}","Screenshot":""}
{"Type":"Script","MonkeyStepsCount":4,"Time":"2026-04-11 15:31:01.850","Info":"{\"jsonrpc\": \"2.0\", \"id\": 1, \"method\": \"click\", \"params\": [478.5, 556.0]}","Screenshot":""}
{"Type":"ScriptInfo","MonkeyStepsCount":4,"Time":"2026-04-11 15:31:02.535","Info":"{\"propName\":\"omni954.OmniNotesBugTest.test_check_uncategorized_notes\",\"startStepsCount\":4,\"state\":\"pass\"}","Screenshot":""}
{"Type":"ScriptInfo","MonkeyStepsCount":4,"Time":"2026-04-11 15:31:02.849","Info":"{\"propName\":\"omni954.OmniNotesBugTest.test_create_checklist\",\"startStepsCount\":4,\"state\":\"start\"}","Screenshot":""}
{"Type":"Script","MonkeyStepsCount":4,"Time":"2026-04-11 15:31:03.005","Info":"{\"jsonrpc\": \"2.0\", \"id\": 1, \"method\": \"click\", \"params\": [957.0, 2024.5]}","Screenshot":""}
{"Type":"Script","MonkeyStepsCount":4,"Time":"2026-04-11 15:31:03.802","Info":"{\"jsonrpc\": \"2.0\", \"id\": 1, \"method\": \"click\", \"params\": [957.5, 1662.5]}","Screenshot":""}
{"Type":"Script","MonkeyStepsCount":4,"Time":"2026-04-11 15:31:04.518","Info":"{\"jsonrpc\": \"2.0\", \"id\": 1, \"method\": \"setText\", \"params\": [{\"mask\": 2097152, \"childOrSibling\": [], \"childOrSiblingSelector\": [], \"resourceId\": \"it.feio.android.omninotes.alpha:id\/detail_title\"}, \"hI6ZgN3\"]}","Screenshot":""}
{"Type":"Script","MonkeyStepsCount":4,"Time":"2026-04-11 15:31:05.190","Info":"{\"jsonrpc\": \"2.0\", \"id\": 1, \"method\": \"setText\", \"params\": [{\"mask\": 17, \"childOrSibling\": [], \"childOrSiblingSelector\": [], \"className\": \"android.widget.EditText\", \"text\": \"New item\"}, \"9KX\"]}","Screenshot":""}
{"Type":"Script","MonkeyStepsCount":4,"Time":"2026-04-11 15:31:06.048","Info":"{\"jsonrpc\": \"2.0\", \"id\": 1, \"method\": \"click\", \"params\": [215.0, 514.0]}","Screenshot":""}
{"Type":"Script","MonkeyStepsCount":4,"Time":"2026-04-11 15:31:06.734","Info":"{\"jsonrpc\": \"2.0\", \"id\": 1, \"method\": \"pressKey\", \"params\": [\"back\"]}","Screenshot":""}
{"Type":"ScriptInfo","MonkeyStepsCount":4,"Time":"2026-04-11 15:31:07.285","Info":"{\"propName\":\"omni954.OmniNotesBugTest.test_create_checklist\",\"startStepsCount\":4,\"state\":\"pass\"}","Screenshot":""}
{"Type":"ScriptInfo","MonkeyStepsCount":4,"Time":"2026-04-11 15:31:07.575","Info":"{\"propName\":\"omni954.OmniNotesBugTest.test_check_uncategorized_notes\",\"startStepsCount\":4,\"state\":\"start\"}","Screenshot":""}
{"Type":"Script","MonkeyStepsCount":4,"Time":"2026-04-11 15:31:07.825","Info":"{\"jsonrpc\": \"2.0\", \"id\": 1, \"method\": \"click\", \"params\": [77.0, 209.0]}","Screenshot":""}
{"Type":"Script","MonkeyStepsCount":4,"Time":"2026-04-11 15:31:08.831","Info":"{\"jsonrpc\": \"2.0\", \"id\": 1, \"method\": \"click\", \"params\": [478.5, 818.0]}","Screenshot":""}
{"Type":"Script","MonkeyStepsCount":4,"Time":"2026-04-11 15:31:10.282","Info":"{\"jsonrpc\": \"2.0\", \"id\": 1, \"method\": \"click\", \"params\": [77.0, 209.0]}","Screenshot":""}
{"Type":"Script","MonkeyStepsCount":4,"Time":"2026-04-11 15:31:11.124","Info":"{\"jsonrpc\": \"2.0\", \"id\": 1, \"method\": \"click\", \"params\": [478.5, 556.0]}","Screenshot":""}
{"Type":"ScriptInfo","MonkeyStepsCount":4,"Time":"2026-04-11 15:31:11.784","Info":"{\"propName\":\"omni954.OmniNotesBugTest.test_check_uncategorized_notes\",\"startStepsCount\":4,\"state\":\"fail\"}","Screenshot":""}
{"Type":"ScriptInfo","MonkeyStepsCount":4,"Time":"2026-04-11 15:31:12.079","Info":"{\"propName\":\"omni954.OmniNotesBugTest.test_check_uncategorized_notes\",\"startStepsCount\":4,\"state\":\"start\"}","Screenshot":""}
{"Type":"Script","MonkeyStepsCount":4,"Time":"2026-04-11 15:31:12.376","Info":"{\"jsonrpc\": \"2.0\", \"id\": 1, \"method\": \"click\", \"params\": [77.0, 209.0]}","Screenshot":""}
{"Type":"Script","MonkeyStepsCount":4,"Time":"2026-04-11 15:31:13.205","Info":"{\"jsonrpc\": \"2.0\", \"id\": 1, \"method\": \"click\", \"params\": [478.5, 818.0]}","Screenshot":""}
{"Type":"Script","MonkeyStepsCount":4,"Time":"2026-04-11 15:31:14.658","Info":"{\"jsonrpc\": \"2.0\", \"id\": 1, \"method\": \"click\", \"params\": [77.0, 209.0]}","Screenshot":""}
{"Type":"Script","MonkeyStepsCount":4,"Time":"2026-04-11 15:31:15.529","Info":"{\"jsonrpc\": \"2.0\", \"id\": 1, \"method\": \"click\", \"params\": [478.5, 556.0]}","Screenshot":""}
{"Type":"ScriptInfo","MonkeyStepsCount":4,"Time":"2026-04-11 15:31:16.201","Info":"{\"propName\":\"omni954.OmniNotesBugTest.test_check_uncategorized_notes\",\"startStepsCount\":4,\"state\":\"fail\"}","Screenshot":""}
{"Type":"ScriptInfo","MonkeyStepsCount":4,"Time":"2026-04-11 15:31:16.497","Info":"{\"propName\":\"omni954.OmniNotesBugTest.test_check_uncategorized_notes\",\"startStepsCount\":4,\"state\":\"start\"}","Screenshot":""}
{"Type":"Script","MonkeyStepsCount":4,"Time":"2026-04-11 15:31:16.766","Info":"{\"jsonrpc\": \"2.0\", \"id\": 1, \"method\": \"click\", \"params\": [77.0, 209.0]}","Screenshot":""}
{"Type":"Script","MonkeyStepsCount":4,"Time":"2026-04-11 15:31:17.638","Info":"{\"jsonrpc\": \"2.0\", \"id\": 1, \"method\": \"click\", \"params\": [478.5, 818.0]}","Screenshot":""}
{"Type":"Script","MonkeyStepsCount":4,"Time":"2026-04-11 15:31:19.182","Info":"{\"jsonrpc\": \"2.0\", \"id\": 1, \"method\": \"click\", \"params\": [77.0, 209.0]}","Screenshot":""}
{"Type":"Script","MonkeyStepsCount":4,"Time":"2026-04-11 15:31:20.011","Info":"{\"jsonrpc\": \"2.0\", \"id\": 1, \"method\": \"click\", \"params\": [478.5, 556.0]}","Screenshot":""}
{"Type":"ScriptInfo","MonkeyStepsCount":4,"Time":"2026-04-11 15:31:20.732","Info":"{\"propName\":\"omni954.OmniNotesBugTest.test_check_uncategorized_notes\",\"startStepsCount\":4,\"state\":\"fail\"}","Screenshot":""}
{"Type":"ScriptInfo","MonkeyStepsCount":4,"Time":"2026-04-11 15:31:21.000","Info":"{\"propName\":\"omni954.OmniNotesBugTest.test_check_uncategorized_notes\",\"startStepsCount\":4,\"state\":\"start\"}","Screenshot":""}
{"Type":"Script","MonkeyStepsCount":4,"Time":"2026-04-11 15:31:21.237","Info":"{\"jsonrpc\": \"2.0\", \"id\": 1, \"method\": \"click\", \"params\": [77.0, 209.0]}","Screenshot":""}
{"Type":"Script","MonkeyStepsCount":4,"Time":"2026-04-11 15:31:22.078","Info":"{\"jsonrpc\": \"2.0\", \"id\": 1, \"method\": \"click\", \"params\": [478.5, 818.0]}","Screenshot":""}
{"Type":"Script","MonkeyStepsCount":4,"Time":"2026-04-11 15:31:23.489","Info":"{\"jsonrpc\": \"2.0\", \"id\": 1, \"method\": \"click\", \"params\": [77.0, 209.0]}","Screenshot":""}
{"Type":"Script","MonkeyStepsCount":4,"Time":"2026-04-11 15:31:24.285","Info":"{\"jsonrpc\": \"2.0\", \"id\": 1, \"method\": \"click\", \"params\": [478.5, 556.0]}","Screenshot":""}
{"Type":"ScriptInfo","MonkeyStepsCount":4,"Time":"2026-04-11 15:31:24.975","Info":"{\"propName\":\"omni954.OmniNotesBugTest.test_check_uncategorized_notes\",\"startStepsCount\":4,\"state\":\"fail\"}","Screenshot":""}
{"Type":"ScriptInfo","MonkeyStepsCount":4,"Time":"2026-04-11 15:31:25.269","Info":"{\"propName\":\"omni954.OmniNotesBugTest.test_check_uncategorized_notes\",\"startStepsCount\":4,\"state\":\"start\"}","Screenshot":""}
{"Type":"Script","MonkeyStepsCount":4,"Time":"2026-04-11 15:31:25.609","Info":"{\"jsonrpc\": \"2.0\", \"id\": 1, \"method\": \"click\", \"params\": [77.0, 209.0]}","Screenshot":""}
{"Type":"Script","MonkeyStepsCount":4,"Time":"2026-04-11 15:31:26.468","Info":"{\"jsonrpc\": \"2.0\", \"id\": 1, \"method\": \"click\", \"params\": [478.5, 818.0]}","Screenshot":""}
{"Type":"Script","MonkeyStepsCount":4,"Time":"2026-04-11 15:31:27.843","Info":"{\"jsonrpc\": \"2.0\", \"id\": 1, \"method\": \"click\", \"params\": [77.0, 209.0]}","Screenshot":""}
{"Type":"Script","MonkeyStepsCount":4,"Time":"2026-04-11 15:31:28.648","Info":"{\"jsonrpc\": \"2.0\", \"id\": 1, \"method\": \"click\", \"params\": [478.5, 556.0]}","Screenshot":""}
{"Type":"ScriptInfo","MonkeyStepsCount":4,"Time":"2026-04-11 15:31:29.375","Info":"{\"propName\":\"omni954.OmniNotesBugTest.test_check_uncategorized_notes\",\"startStepsCount\":4,\"state\":\"fail\"}","Screenshot":""}
{"Type":"ScriptInfo","MonkeyStepsCount":4,"Time":"2026-04-11 15:31:29.671","Info":"{\"propName\":\"omni954.OmniNotesBugTest.test_check_uncategorized_notes\",\"startStepsCount\":4,\"state\":\"start\"}","Screenshot":""}
{"Type":"Script","MonkeyStepsCount":4,"Time":"2026-04-11 15:31:29.948","Info":"{\"jsonrpc\": \"2.0\", \"id\": 1, \"method\": \"click\", \"params\": [77.0, 209.0]}","Screenshot":""}
{"Type":"Script","MonkeyStepsCount":4,"Time":"2026-04-11 15:31:30.789","Info":"{\"jsonrpc\": \"2.0\", \"id\": 1, \"method\": \"click\", \"params\": [478.5, 818.0]}","Screenshot":""}
{"Type":"Script","MonkeyStepsCount":4,"Time":"2026-04-11 15:31:32.215","Info":"{\"jsonrpc\": \"2.0\", \"id\": 1, \"method\": \"click\", \"params\": [77.0, 209.0]}","Screenshot":""}
{"Type":"Script","MonkeyStepsCount":4,"Time":"2026-04-11 15:31:32.987","Info":"{\"jsonrpc\": \"2.0\", \"id\": 1, \"method\": \"click\", \"params\": [478.5, 556.0]}","Screenshot":""}
{"Type":"ScriptInfo","MonkeyStepsCount":4,"Time":"2026-04-11 15:31:33.634","Info":"{\"propName\":\"omni954.OmniNotesBugTest.test_check_uncategorized_notes\",\"startStepsCount\":4,\"state\":\"fail\"}","Screenshot":""}
{"Type":"ScriptInfo","MonkeyStepsCount":4,"Time":"2026-04-11 15:31:33.945","Info":"{\"propName\":\"omni954.OmniNotesBugTest.test_create_note_with_new_category\",\"startStepsCount\":4,\"state\":\"start\"}","Screenshot":""}
{"Type":"Script","MonkeyStepsCount":4,"Time":"2026-04-11 15:31:34.084","Info":"{\"jsonrpc\": \"2.0\", \"id\": 1, \"method\": \"click\", \"params\": [957.0, 2024.5]}","Screenshot":""}
{"Type":"Script","MonkeyStepsCount":4,"Time":"2026-04-11 15:31:34.923","Info":"{\"jsonrpc\": \"2.0\", \"id\": 1, \"method\": \"click\", \"params\": [957.5, 1832.5]}","Screenshot":""}
{"Type":"Script","MonkeyStepsCount":4,"Time":"2026-04-11 15:31:35.671","Info":"{\"jsonrpc\": \"2.0\", \"id\": 1, \"method\": \"setText\", \"params\": [{\"mask\": 2097152, \"childOrSibling\": [], \"childOrSiblingSelector\": [], \"resourceId\": \"it.feio.android.omninotes.alpha:id\/detail_title\"}, \"kY4RP0Hg0\"]}","Screenshot":""}
{"Type":"Script","MonkeyStepsCount":4,"Time":"2026-04-11 15:31:35.812","Info":"{\"jsonrpc\": \"2.0\", \"id\": 1, \"method\": \"setText\", \"params\": [{\"mask\": 2097152, \"childOrSibling\": [], \"childOrSiblingSelector\": [], \"resourceId\": \"it.feio.android.omninotes.alpha:id\/detail_content\"}, \"test content\"]}","Screenshot":""}
{"Type":"Script","MonkeyStepsCount":4,"Time":"2026-04-11 15:31:36.606","Info":"{\"jsonrpc\": \"2.0\", \"id\": 1, \"method\": \"click\", \"params\": [639.0, 209.0]}","Screenshot":""}
{"Type":"Script","MonkeyStepsCount":4,"Time":"2026-04-11 15:31:37.433","Info":"{\"jsonrpc\": \"2.0\", \"id\": 1, \"method\": \"click\", \"params\": [768.5, 1215.0]}","Screenshot":""}
{"Type":"Script","MonkeyStepsCount":4,"Time":"2026-04-11 15:31:38.159","Info":"{\"jsonrpc\": \"2.0\", \"id\": 1, \"method\": \"setText\", \"params\": [{\"mask\": 2097152, \"childOrSibling\": [], \"childOrSiblingSelector\": [], \"resourceId\": \"it.feio.android.omninotes.alpha:id\/category_title\"}, \"wdapohZ\"]}","Screenshot":""}
{"Type":"Script","MonkeyStepsCount":4,"Time":"2026-04-11 15:31:38.455","Info":"{\"jsonrpc\": \"2.0\", \"id\": 1, \"method\": \"click\", \"params\": [659.5, 1409.5]}","Screenshot":""}
{"Type":"Script","MonkeyStepsCount":4,"Time":"2026-04-11 15:31:39.359","Info":"{\"jsonrpc\": \"2.0\", \"id\": 1, \"method\": \"click\", \"params\": [77.0, 209.0]}","Screenshot":""}
{"Type":"ScriptInfo","MonkeyStepsCount":4,"Time":"2026-04-11 15:31:40.183","Info":"{\"propName\":\"omni954.OmniNotesBugTest.test_create_note_with_new_category\",\"startStepsCount\":4,\"state\":\"pass\"}","Screenshot":""}
{"Type":"Monkey","MonkeyStepsCount":5,"Time":"2026-04-11 15:31:40.525","Info":"{\"act\":\"CLICK\",\"adbinput\":false,\"aid\":\"g0a2\",\"allowFuzzing\":true,\"clear\":false,\"editable\":false,\"jAction\":\"\",\"pos\":[0,132,154,286],\"rawinput\":false,\"sid\":\"\",\"text\":\"\",\"throttle\":74,\"waitTime\":0,\"widget\":\"{\\\"bounds\\\":\\\"[0,132][154,286]\\\",\\\"class\\\":\\\"android.widget.ImageButton\\\",\\\"content-desc\\\":\\\"drawer open\\\",\\\"index\\\":0,\\\"resource-id\\\":\\\"\\\",\\\"text\\\":\\\"\\\"}\"}","Screenshot":""}
{"Type":"ScriptInfo","MonkeyStepsCount":5,"Time":"2026-04-11 15:31:40.963","Info":"{\"propName\":\"omni954.OmniNotesBugTest.test_create_note_with_new_category\",\"startStepsCount\":5,\"state\":\"start\"}","Screenshot":""}
{"Type":"Script","MonkeyStepsCount":5,"Time":"2026-04-11 15:31:41.137","Info":"{\"jsonrpc\": \"2.0\", \"id\": 1, \"method\": \"click\", \"params\": [957.0, 2024.5]}","Screenshot":""}
{"Type":"Script","MonkeyStepsCount":5,"Time":"2026-04-11 15:31:53.850","Info":"{\"jsonrpc\": \"2.0\", \"id\": 1, \"method\": \"click\", \"params\": [957.5, 1832.5]}","Screenshot":""}
{"Type":"Script","MonkeyStepsCount":5,"Time":"2026-04-11 15:31:54.601","Info":"{\"jsonrpc\": \"2.0\", \"id\": 1, \"method\": \"setText\", \"params\": [{\"mask\": 2097152, \"childOrSibling\": [], \"childOrSiblingSelector\": [], \"resourceId\": \"it.feio.android.omninotes.alpha:id\/detail_title\"}, \"T85AAzQ2S\"]}","Screenshot":""}
{"Type":"Script","MonkeyStepsCount":5,"Time":"2026-04-11 15:31:54.787","Info":"{\"jsonrpc\": \"2.0\", \"id\": 1, \"method\": \"setText\", \"params\": [{\"mask\": 2097152, \"childOrSibling\": [], \"childOrSiblingSelector\": [], \"resourceId\": \"it.feio.android.omninotes.alpha:id\/detail_content\"}, \"test content\"]}","Screenshot":""}
{"Type":"Script","MonkeyStepsCount":5,"Time":"2026-04-11 15:31:55.554","Info":"{\"jsonrpc\": \"2.0\", \"id\": 1, \"method\": \"click\", \"params\": [639.0, 209.0]}","Screenshot":""}
{"Type":"Script","MonkeyStepsCount":5,"Time":"2026-04-11 15:31:56.367","Info":"{\"jsonrpc\": \"2.0\", \"id\": 1, \"method\": \"click\", \"params\": [768.5, 1273.0]}","Screenshot":""}
{"Type":"Script","MonkeyStepsCount":5,"Time":"2026-04-11 15:31:57.120","Info":"{\"jsonrpc\": \"2.0\", \"id\": 1, \"method\": \"setText\", \"params\": [{\"mask\": 2097152, \"childOrSibling\": [], \"childOrSiblingSelector\": [], \"resourceId\": \"it.feio.android.omninotes.alpha:id\/category_title\"}, \"tno57oUr\"]}","Screenshot":""}
{"Type":"Script","MonkeyStepsCount":5,"Time":"2026-04-11 15:31:57.404","Info":"{\"jsonrpc\": \"2.0\", \"id\": 1, \"method\": \"click\", \"params\": [659.5, 1409.5]}","Screenshot":""}
{"Type":"Script","MonkeyStepsCount":5,"Time":"2026-04-11 15:31:58.294","Info":"{\"jsonrpc\": \"2.0\", \"id\": 1, \"method\": \"click\", \"params\": [77.0, 209.0]}","Screenshot":""}
{"Type":"ScriptInfo","MonkeyStepsCount":5,"Time":"2026-04-11 15:31:59.074","Info":"{\"propName\":\"omni954.OmniNotesBugTest.test_create_note_with_new_category\",\"startStepsCount\":5,\"state\":\"pass\"}","Screenshot":""}
{"Type":"ScriptInfo","MonkeyStepsCount":5,"Time":"2026-04-11 15:31:59.448","Info":"{\"propName\":\"omni954.OmniNotesBugTest.test_check_uncategorized_notes\",\"startStepsCount\":5,\"state\":\"start\"}","Screenshot":""}
{"Type":"Script","MonkeyStepsCount":5,"Time":"2026-04-11 15:31:59.651","Info":"{\"jsonrpc\": \"2.0\", \"id\": 1, \"method\": \"click\", \"params\": [77.0, 209.0]}","Screenshot":""}
{"Type":"Script","MonkeyStepsCount":5,"Time":"2026-04-11 15:32:00.797","Info":"{\"jsonrpc\": \"2.0\", \"id\": 1, \"method\": \"click\", \"params\": [478.5, 818.0]}","Screenshot":""}
{"Type":"Script","MonkeyStepsCount":5,"Time":"2026-04-11 15:32:02.232","Info":"{\"jsonrpc\": \"2.0\", \"id\": 1, \"method\": \"click\", \"params\": [77.0, 209.0]}","Screenshot":""}
{"Type":"Script","MonkeyStepsCount":5,"Time":"2026-04-11 15:32:03.061","Info":"{\"jsonrpc\": \"2.0\", \"id\": 1, \"method\": \"click\", \"params\": [478.5, 556.0]}","Screenshot":""}
{"Type":"ScriptInfo","MonkeyStepsCount":5,"Time":"2026-04-11 15:32:03.720","Info":"{\"propName\":\"omni954.OmniNotesBugTest.test_check_uncategorized_notes\",\"startStepsCount\":5,\"state\":\"fail\"}","Screenshot":""}
{"Type":"ScriptInfo","MonkeyStepsCount":5,"Time":"2026-04-11 15:32:04.029","Info":"{\"propName\":\"omni954.OmniNotesBugTest.test_create_note_without_category\",\"startStepsCount\":5,\"state\":\"start\"}","Screenshot":""}
{"Type":"Script","MonkeyStepsCount":5,"Time":"2026-04-11 15:32:04.171","Info":"{\"jsonrpc\": \"2.0\", \"id\": 1, \"method\": \"click\", \"params\": [957.0, 2024.5]}","Screenshot":""}
{"Type":"Script","MonkeyStepsCount":5,"Time":"2026-04-11 15:32:05.049","Info":"{\"jsonrpc\": \"2.0\", \"id\": 1, \"method\": \"click\", \"params\": [957.5, 1832.5]}","Screenshot":""}
{"Type":"Script","MonkeyStepsCount":5,"Time":"2026-04-11 15:32:05.870","Info":"{\"jsonrpc\": \"2.0\", \"id\": 1, \"method\": \"setText\", \"params\": [{\"mask\": 2097152, \"childOrSibling\": [], \"childOrSiblingSelector\": [], \"resourceId\": \"it.feio.android.omninotes.alpha:id\/detail_title\"}, \"EidVNp\"]}","Screenshot":""}
{"Type":"Script","MonkeyStepsCount":5,"Time":"2026-04-11 15:32:06.037","Info":"{\"jsonrpc\": \"2.0\", \"id\": 1, \"method\": \"setText\", \"params\": [{\"mask\": 2097152, \"childOrSibling\": [], \"childOrSiblingSelector\": [], \"resourceId\": \"it.feio.android.omninotes.alpha:id\/detail_content\"}, \"test content\"]}","Screenshot":""}
{"Type":"Script","MonkeyStepsCount":5,"Time":"2026-04-11 15:32:06.639","Info":"{\"jsonrpc\": \"2.0\", \"id\": 1, \"method\": \"pressKey\", \"params\": [\"back\"]}","Screenshot":""}
{"Type":"ScriptInfo","MonkeyStepsCount":5,"Time":"2026-04-11 15:32:07.272","Info":"{\"propName\":\"omni954.OmniNotesBugTest.test_create_note_without_category\",\"startStepsCount\":5,\"state\":\"pass\"}","Screenshot":""}
{"Type":"ScriptInfo","MonkeyStepsCount":5,"Time":"2026-04-11 15:32:07.602","Info":"{\"propName\":\"omni954.OmniNotesBugTest.test_check_uncategorized_notes\",\"startStepsCount\":5,\"state\":\"start\"}","Screenshot":""}
{"Type":"Script","MonkeyStepsCount":5,"Time":"2026-04-11 15:32:07.803","Info":"{\"jsonrpc\": \"2.0\", \"id\": 1, \"method\": \"click\", \"params\": [77.0, 209.0]}","Screenshot":""}
{"Type":"Script","MonkeyStepsCount":5,"Time":"2026-04-11 15:32:08.762","Info":"{\"jsonrpc\": \"2.0\", \"id\": 1, \"method\": \"click\", \"params\": [478.5, 818.0]}","Screenshot":""}
{"Type":"Script","MonkeyStepsCount":5,"Time":"2026-04-11 15:32:10.247","Info":"{\"jsonrpc\": \"2.0\", \"id\": 1, \"method\": \"click\", \"params\": [77.0, 209.0]}","Screenshot":""}
{"Type":"Script","MonkeyStepsCount":5,"Time":"2026-04-11 15:32:11.088","Info":"{\"jsonrpc\": \"2.0\", \"id\": 1, \"method\": \"click\", \"params\": [478.5, 556.0]}","Screenshot":""}
{"Type":"ScriptInfo","MonkeyStepsCount":5,"Time":"2026-04-11 15:32:11.759","Info":"{\"propName\":\"omni954.OmniNotesBugTest.test_check_uncategorized_notes\",\"startStepsCount\":5,\"state\":\"fail\"}","Screenshot":""}
{"Type":"ScriptInfo","MonkeyStepsCount":5,"Time":"2026-04-11 15:32:12.086","Info":"{\"propName\":\"omni954.OmniNotesBugTest.test_create_note_with_new_category\",\"startStepsCount\":5,\"state\":\"start\"}","Screenshot":""}
{"Type":"Script","MonkeyStepsCount":5,"Time":"2026-04-11 15:32:12.243","Info":"{\"jsonrpc\": \"2.0\", \"id\": 1, \"method\": \"click\", \"params\": [957.0, 2024.5]}","Screenshot":""}
{"Type":"Script","MonkeyStepsCount":5,"Time":"2026-04-11 15:32:13.069","Info":"{\"jsonrpc\": \"2.0\", \"id\": 1, \"method\": \"click\", \"params\": [957.5, 1832.5]}","Screenshot":""}
{"Type":"Script","MonkeyStepsCount":5,"Time":"2026-04-11 15:32:13.820","Info":"{\"jsonrpc\": \"2.0\", \"id\": 1, \"method\": \"setText\", \"params\": [{\"mask\": 2097152, \"childOrSibling\": [], \"childOrSiblingSelector\": [], \"resourceId\": \"it.feio.android.omninotes.alpha:id\/detail_title\"}, \"4WstGOP\"]}","Screenshot":""}
{"Type":"Script","MonkeyStepsCount":5,"Time":"2026-04-11 15:32:13.978","Info":"{\"jsonrpc\": \"2.0\", \"id\": 1, \"method\": \"setText\", \"params\": [{\"mask\": 2097152, \"childOrSibling\": [], \"childOrSiblingSelector\": [], \"resourceId\": \"it.feio.android.omninotes.alpha:id\/detail_content\"}, \"test content\"]}","Screenshot":""}
{"Type":"Script","MonkeyStepsCount":5,"Time":"2026-04-11 15:32:14.775","Info":"{\"jsonrpc\": \"2.0\", \"id\": 1, \"method\": \"click\", \"params\": [639.0, 209.0]}","Screenshot":""}
{"Type":"Script","MonkeyStepsCount":5,"Time":"2026-04-11 15:32:15.589","Info":"{\"jsonrpc\": \"2.0\", \"id\": 1, \"method\": \"click\", \"params\": [768.5, 1339.0]}","Screenshot":""}
{"Type":"Script","MonkeyStepsCount":5,"Time":"2026-04-11 15:32:16.349","Info":"{\"jsonrpc\": \"2.0\", \"id\": 1, \"method\": \"setText\", \"params\": [{\"mask\": 2097152, \"childOrSibling\": [], \"childOrSiblingSelector\": [], \"resourceId\": \"it.feio.android.omninotes.alpha:id\/category_title\"}, \"t2A\"]}","Screenshot":""}
{"Type":"Script","MonkeyStepsCount":5,"Time":"2026-04-11 15:32:16.629","Info":"{\"jsonrpc\": \"2.0\", \"id\": 1, \"method\": \"click\", \"params\": [659.5, 1409.5]}","Screenshot":""}
{"Type":"Script","MonkeyStepsCount":5,"Time":"2026-04-11 15:32:17.589","Info":"{\"jsonrpc\": \"2.0\", \"id\": 1, \"method\": \"click\", \"params\": [77.0, 209.0]}","Screenshot":""}
{"Type":"ScriptInfo","MonkeyStepsCount":5,"Time":"2026-04-11 15:32:18.352","Info":"{\"propName\":\"omni954.OmniNotesBugTest.test_create_note_with_new_category\",\"startStepsCount\":5,\"state\":\"pass\"}","Screenshot":""}
{"Type":"ScriptInfo","MonkeyStepsCount":5,"Time":"2026-04-11 15:32:18.674","Info":"{\"propName\":\"omni954.OmniNotesBugTest.test_create_note_without_category\",\"startStepsCount\":5,\"state\":\"start\"}","Screenshot":""}
{"Type":"Script","MonkeyStepsCount":5,"Time":"2026-04-11 15:32:18.824","Info":"{\"jsonrpc\": \"2.0\", \"id\": 1, \"method\": \"click\", \"params\": [957.0, 2024.5]}","Screenshot":""}
{"Type":"Script","MonkeyStepsCount":5,"Time":"2026-04-11 15:32:20.036","Info":"{\"jsonrpc\": \"2.0\", \"id\": 1, \"method\": \"click\", \"params\": [957.5, 1832.5]}","Screenshot":""}
{"Type":"Script","MonkeyStepsCount":5,"Time":"2026-04-11 15:32:20.801","Info":"{\"jsonrpc\": \"2.0\", \"id\": 1, \"method\": \"setText\", \"params\": [{\"mask\": 2097152, \"childOrSibling\": [], \"childOrSiblingSelector\": [], \"resourceId\": \"it.feio.android.omninotes.alpha:id\/detail_title\"}, \"GZ4Pos1PhW\"]}","Screenshot":""}
{"Type":"Script","MonkeyStepsCount":5,"Time":"2026-04-11 15:32:20.970","Info":"{\"jsonrpc\": \"2.0\", \"id\": 1, \"method\": \"setText\", \"params\": [{\"mask\": 2097152, \"childOrSibling\": [], \"childOrSiblingSelector\": [], \"resourceId\": \"it.feio.android.omninotes.alpha:id\/detail_content\"}, \"test content\"]}","Screenshot":""}
{"Type":"Script","MonkeyStepsCount":5,"Time":"2026-04-11 15:32:21.644","Info":"{\"jsonrpc\": \"2.0\", \"id\": 1, \"method\": \"pressKey\", \"params\": [\"back\"]}","Screenshot":""}
{"Type":"ScriptInfo","MonkeyStepsCount":5,"Time":"2026-04-11 15:32:22.297","Info":"{\"propName\":\"omni954.OmniNotesBugTest.test_create_note_without_category\",\"startStepsCount\":5,\"state\":\"pass\"}","Screenshot":""}
{"Type":"ScriptInfo","MonkeyStepsCount":5,"Time":"2026-04-11 15:32:22.608","Info":"{\"propName\":\"omni954.OmniNotesBugTest.test_check_uncategorized_notes\",\"startStepsCount\":5,\"state\":\"start\"}","Screenshot":""}
{"Type":"Script","MonkeyStepsCount":5,"Time":"2026-04-11 15:32:22.873","Info":"{\"jsonrpc\": \"2.0\", \"id\": 1, \"method\": \"click\", \"params\": [77.0, 209.0]}","Screenshot":""}
{"Type":"Script","MonkeyStepsCount":5,"Time":"2026-04-11 15:32:23.720","Info":"{\"jsonrpc\": \"2.0\", \"id\": 1, \"method\": \"click\", \"params\": [478.5, 818.0]}","Screenshot":""}
{"Type":"Script","MonkeyStepsCount":5,"Time":"2026-04-11 15:32:25.307","Info":"{\"jsonrpc\": \"2.0\", \"id\": 1, \"method\": \"click\", \"params\": [77.0, 209.0]}","Screenshot":""}
{"Type":"Script","MonkeyStepsCount":5,"Time":"2026-04-11 15:32:26.106","Info":"{\"jsonrpc\": \"2.0\", \"id\": 1, \"method\": \"click\", \"params\": [478.5, 556.0]}","Screenshot":""}
{"Type":"ScriptInfo","MonkeyStepsCount":5,"Time":"2026-04-11 15:32:26.794","Info":"{\"propName\":\"omni954.OmniNotesBugTest.test_check_uncategorized_notes\",\"startStepsCount\":5,\"state\":\"fail\"}","Screenshot":""}
{"Type":"ScriptInfo","MonkeyStepsCount":5,"Time":"2026-04-11 15:32:27.139","Info":"{\"propName\":\"omni954.OmniNotesBugTest.test_create_note_with_new_category\",\"startStepsCount\":5,\"state\":\"start\"}","Screenshot":""}
{"Type":"Script","MonkeyStepsCount":5,"Time":"2026-04-11 15:32:27.315","Info":"{\"jsonrpc\": \"2.0\", \"id\": 1, \"method\": \"click\", \"params\": [957.0, 2024.5]}","Screenshot":""}
{"Type":"Script","MonkeyStepsCount":5,"Time":"2026-04-11 15:32:28.132","Info":"{\"jsonrpc\": \"2.0\", \"id\": 1, \"method\": \"click\", \"params\": [957.5, 1832.5]}","Screenshot":""}
{"Type":"Script","MonkeyStepsCount":5,"Time":"2026-04-11 15:32:28.935","Info":"{\"jsonrpc\": \"2.0\", \"id\": 1, \"method\": \"setText\", \"params\": [{\"mask\": 2097152, \"childOrSibling\": [], \"childOrSiblingSelector\": [], \"resourceId\": \"it.feio.android.omninotes.alpha:id\/detail_title\"}, \"Ss8o\"]}","Screenshot":""}
{"Type":"Script","MonkeyStepsCount":5,"Time":"2026-04-11 15:32:29.105","Info":"{\"jsonrpc\": \"2.0\", \"id\": 1, \"method\": \"setText\", \"params\": [{\"mask\": 2097152, \"childOrSibling\": [], \"childOrSiblingSelector\": [], \"resourceId\": \"it.feio.android.omninotes.alpha:id\/detail_content\"}, \"test content\"]}","Screenshot":""}
{"Type":"Script","MonkeyStepsCount":5,"Time":"2026-04-11 15:32:29.871","Info":"{\"jsonrpc\": \"2.0\", \"id\": 1, \"method\": \"click\", \"params\": [639.0, 209.0]}","Screenshot":""}
{"Type":"Script","MonkeyStepsCount":5,"Time":"2026-04-11 15:32:30.690","Info":"{\"jsonrpc\": \"2.0\", \"id\": 1, \"method\": \"click\", \"params\": [768.5, 1405.0]}","Screenshot":""}
{"Type":"Script","MonkeyStepsCount":5,"Time":"2026-04-11 15:32:31.425","Info":"{\"jsonrpc\": \"2.0\", \"id\": 1, \"method\": \"setText\", \"params\": [{\"mask\": 2097152, \"childOrSibling\": [], \"childOrSiblingSelector\": [], \"resourceId\": \"it.feio.android.omninotes.alpha:id\/category_title\"}, \"F7M1l4\"]}","Screenshot":""}
{"Type":"Script","MonkeyStepsCount":5,"Time":"2026-04-11 15:32:31.690","Info":"{\"jsonrpc\": \"2.0\", \"id\": 1, \"method\": \"click\", \"params\": [659.5, 1409.5]}","Screenshot":""}
{"Type":"Script","MonkeyStepsCount":5,"Time":"2026-04-11 15:32:32.657","Info":"{\"jsonrpc\": \"2.0\", \"id\": 1, \"method\": \"click\", \"params\": [77.0, 209.0]}","Screenshot":""}
{"Type":"ScriptInfo","MonkeyStepsCount":5,"Time":"2026-04-11 15:32:33.490","Info":"{\"propName\":\"omni954.OmniNotesBugTest.test_create_note_with_new_category\",\"startStepsCount\":5,\"state\":\"pass\"}","Screenshot":""}
{"Type":"ScriptInfo","MonkeyStepsCount":5,"Time":"2026-04-11 15:32:33.819","Info":"{\"propName\":\"omni954.OmniNotesBugTest.test_create_note_with_new_category\",\"startStepsCount\":5,\"state\":\"start\"}","Screenshot":""}
{"Type":"Script","MonkeyStepsCount":5,"Time":"2026-04-11 15:32:33.974","Info":"{\"jsonrpc\": \"2.0\", \"id\": 1, \"method\": \"click\", \"params\": [957.0, 2024.5]}","Screenshot":""}
{"Type":"Script","MonkeyStepsCount":5,"Time":"2026-04-11 15:32:35.132","Info":"{\"jsonrpc\": \"2.0\", \"id\": 1, \"method\": \"click\", \"params\": [957.5, 1832.5]}","Screenshot":""}
{"Type":"Script","MonkeyStepsCount":5,"Time":"2026-04-11 15:32:35.933","Info":"{\"jsonrpc\": \"2.0\", \"id\": 1, \"method\": \"setText\", \"params\": [{\"mask\": 2097152, \"childOrSibling\": [], \"childOrSiblingSelector\": [], \"resourceId\": \"it.feio.android.omninotes.alpha:id\/detail_title\"}, \"vsx\"]}","Screenshot":""}
{"Type":"Script","MonkeyStepsCount":5,"Time":"2026-04-11 15:32:36.118","Info":"{\"jsonrpc\": \"2.0\", \"id\": 1, \"method\": \"setText\", \"params\": [{\"mask\": 2097152, \"childOrSibling\": [], \"childOrSiblingSelector\": [], \"resourceId\": \"it.feio.android.omninotes.alpha:id\/detail_content\"}, \"test content\"]}","Screenshot":""}
{"Type":"Script","MonkeyStepsCount":5,"Time":"2026-04-11 15:32:36.868","Info":"{\"jsonrpc\": \"2.0\", \"id\": 1, \"method\": \"click\", \"params\": [639.0, 209.0]}","Screenshot":""}
{"Type":"Script","MonkeyStepsCount":5,"Time":"2026-04-11 15:32:37.683","Info":"{\"jsonrpc\": \"2.0\", \"id\": 1, \"method\": \"click\", \"params\": [768.5, 1471.0]}","Screenshot":""}
{"Type":"Script","MonkeyStepsCount":5,"Time":"2026-04-11 15:32:38.416","Info":"{\"jsonrpc\": \"2.0\", \"id\": 1, \"method\": \"setText\", \"params\": [{\"mask\": 2097152, \"childOrSibling\": [], \"childOrSiblingSelector\": [], \"resourceId\": \"it.feio.android.omninotes.alpha:id\/category_title\"}, \"n6x\"]}","Screenshot":""}
{"Type":"Script","MonkeyStepsCount":5,"Time":"2026-04-11 15:32:38.698","Info":"{\"jsonrpc\": \"2.0\", \"id\": 1, \"method\": \"click\", \"params\": [659.5, 1409.5]}","Screenshot":""}
{"Type":"Script","MonkeyStepsCount":5,"Time":"2026-04-11 15:32:39.541","Info":"{\"jsonrpc\": \"2.0\", \"id\": 1, \"method\": \"click\", \"params\": [77.0, 209.0]}","Screenshot":""}
{"Type":"ScriptInfo","MonkeyStepsCount":5,"Time":"2026-04-11 15:32:40.736","Info":"{\"propName\":\"omni954.OmniNotesBugTest.test_create_note_with_new_category\",\"startStepsCount\":5,\"state\":\"fail\"}","Screenshot":""}
{"Type":"Monkey","MonkeyStepsCount":6,"Time":"2026-04-11 15:32:41.053","Info":"{\"act\":\"CLICK\",\"adbinput\":false,\"aid\":\"g0a2\",\"allowFuzzing\":true,\"clear\":false,\"editable\":false,\"jAction\":\"\",\"pos\":[0,132,154,286],\"rawinput\":false,\"sid\":\"\",\"text\":\"\",\"throttle\":19,\"waitTime\":0,\"widget\":\"{\\\"bounds\\\":\\\"[0,132][154,286]\\\",\\\"class\\\":\\\"android.widget.ImageButton\\\",\\\"content-desc\\\":\\\"drawer open\\\",\\\"index\\\":0,\\\"resource-id\\\":\\\"\\\",\\\"text\\\":\\\"\\\"}\"}","Screenshot":""}
{"Type":"ScriptInfo","MonkeyStepsCount":6,"Time":"2026-04-11 15:32:41.638","Info":"{\"propName\":\"omni954.OmniNotesBugTest.test_create_note_without_category\",\"startStepsCount\":6,\"state\":\"start\"}","Screenshot":""}
{"Type":"Script","MonkeyStepsCount":6,"Time":"2026-04-11 15:32:42.173","Info":"{\"jsonrpc\": \"2.0\", \"id\": 1, \"method\": \"click\", \"params\": [957.0, 2024.5]}","Screenshot":""}
{"Type":"Script","MonkeyStepsCount":6,"Time":"2026-04-11 15:32:50.429","Info":"{\"jsonrpc\": \"2.0\", \"id\": 1, \"method\": \"click\", \"params\": [957.5, 1832.5]}","Screenshot":""}
{"Type":"Script","MonkeyStepsCount":6,"Time":"2026-04-11 15:32:51.158","Info":"{\"jsonrpc\": \"2.0\", \"id\": 1, \"method\": \"setText\", \"params\": [{\"mask\": 2097152, \"childOrSibling\": [], \"childOrSiblingSelector\": [], \"resourceId\": \"it.feio.android.omninotes.alpha:id\/detail_title\"}, \"jVnRgTRr8N\"]}","Screenshot":""}
{"Type":"Script","MonkeyStepsCount":6,"Time":"2026-04-11 15:32:51.382","Info":"{\"jsonrpc\": \"2.0\", \"id\": 1, \"method\": \"setText\", \"params\": [{\"mask\": 2097152, \"childOrSibling\": [], \"childOrSiblingSelector\": [], \"resourceId\": \"it.feio.android.omninotes.alpha:id\/detail_content\"}, \"test content\"]}","Screenshot":""}
{"Type":"Script","MonkeyStepsCount":6,"Time":"2026-04-11 15:32:52.040","Info":"{\"jsonrpc\": \"2.0\", \"id\": 1, \"method\": \"pressKey\", \"params\": [\"back\"]}","Screenshot":""}
{"Type":"ScriptInfo","MonkeyStepsCount":6,"Time":"2026-04-11 15:32:52.667","Info":"{\"propName\":\"omni954.OmniNotesBugTest.test_create_note_without_category\",\"startStepsCount\":6,\"state\":\"pass\"}","Screenshot":""}
{"Type":"ScriptInfo","MonkeyStepsCount":6,"Time":"2026-04-11 15:32:52.977","Info":"{\"propName\":\"omni954.OmniNotesBugTest.test_check_uncategorized_notes\",\"startStepsCount\":6,\"state\":\"start\"}","Screenshot":""}
{"Type":"Script","MonkeyStepsCount":6,"Time":"2026-04-11 15:32:53.197","Info":"{\"jsonrpc\": \"2.0\", \"id\": 1, \"method\": \"click\", \"params\": [77.0, 209.0]}","Screenshot":""}
{"Type":"Script","MonkeyStepsCount":6,"Time":"2026-04-11 15:32:54.117","Info":"{\"jsonrpc\": \"2.0\", \"id\": 1, \"method\": \"click\", \"params\": [478.5, 818.0]}","Screenshot":""}
{"Type":"Script","MonkeyStepsCount":6,"Time":"2026-04-11 15:32:55.881","Info":"{\"jsonrpc\": \"2.0\", \"id\": 1, \"method\": \"click\", \"params\": [77.0, 209.0]}","Screenshot":""}
{"Type":"Script","MonkeyStepsCount":6,"Time":"2026-04-11 15:32:56.725","Info":"{\"jsonrpc\": \"2.0\", \"id\": 1, \"method\": \"click\", \"params\": [478.5, 556.0]}","Screenshot":""}
{"Type":"ScriptInfo","MonkeyStepsCount":6,"Time":"2026-04-11 15:32:57.413","Info":"{\"propName\":\"omni954.OmniNotesBugTest.test_check_uncategorized_notes\",\"startStepsCount\":6,\"state\":\"fail\"}","Screenshot":""}
{"Type":"ScriptInfo","MonkeyStepsCount":6,"Time":"2026-04-11 15:32:57.748","Info":"{\"propName\":\"omni954.OmniNotesBugTest.test_check_uncategorized_notes\",\"startStepsCount\":6,\"state\":\"start\"}","Screenshot":""}
{"Type":"Script","MonkeyStepsCount":6,"Time":"2026-04-11 15:32:58.032","Info":"{\"jsonrpc\": \"2.0\", \"id\": 1, \"method\": \"click\", \"params\": [77.0, 209.0]}","Screenshot":""}
{"Type":"Script","MonkeyStepsCount":6,"Time":"2026-04-11 15:32:58.834","Info":"{\"jsonrpc\": \"2.0\", \"id\": 1, \"method\": \"click\", \"params\": [478.5, 818.0]}","Screenshot":""}
{"Type":"Script","MonkeyStepsCount":6,"Time":"2026-04-11 15:33:00.442","Info":"{\"jsonrpc\": \"2.0\", \"id\": 1, \"method\": \"click\", \"params\": [77.0, 209.0]}","Screenshot":""}
{"Type":"Script","MonkeyStepsCount":6,"Time":"2026-04-11 15:33:01.256","Info":"{\"jsonrpc\": \"2.0\", \"id\": 1, \"method\": \"click\", \"params\": [478.5, 556.0]}","Screenshot":""}
{"Type":"ScriptInfo","MonkeyStepsCount":6,"Time":"2026-04-11 15:33:01.909","Info":"{\"propName\":\"omni954.OmniNotesBugTest.test_check_uncategorized_notes\",\"startStepsCount\":6,\"state\":\"fail\"}","Screenshot":""}
{"Type":"ScriptInfo","MonkeyStepsCount":6,"Time":"2026-04-11 15:33:02.254","Info":"{\"propName\":\"omni954.OmniNotesBugTest.test_check_uncategorized_notes\",\"startStepsCount\":6,\"state\":\"start\"}","Screenshot":""}
{"Type":"Script","MonkeyStepsCount":6,"Time":"2026-04-11 15:33:02.507","Info":"{\"jsonrpc\": \"2.0\", \"id\": 1, \"method\": \"click\", \"params\": [77.0, 209.0]}","Screenshot":""}
{"Type":"Script","MonkeyStepsCount":6,"Time":"2026-04-11 15:33:03.422","Info":"{\"jsonrpc\": \"2.0\", \"id\": 1, \"method\": \"click\", \"params\": [478.5, 818.0]}","Screenshot":""}
{"Type":"Script","MonkeyStepsCount":6,"Time":"2026-04-11 15:33:04.945","Info":"{\"jsonrpc\": \"2.0\", \"id\": 1, \"method\": \"click\", \"params\": [77.0, 209.0]}","Screenshot":""}
{"Type":"Script","MonkeyStepsCount":6,"Time":"2026-04-11 15:33:05.811","Info":"{\"jsonrpc\": \"2.0\", \"id\": 1, \"method\": \"click\", \"params\": [478.5, 556.0]}","Screenshot":""}
{"Type":"ScriptInfo","MonkeyStepsCount":6,"Time":"2026-04-11 15:33:06.499","Info":"{\"propName\":\"omni954.OmniNotesBugTest.test_check_uncategorized_notes\",\"startStepsCount\":6,\"state\":\"fail\"}","Screenshot":""}
{"Type":"ScriptInfo","MonkeyStepsCount":6,"Time":"2026-04-11 15:33:06.825","Info":"{\"propName\":\"omni954.OmniNotesBugTest.test_create_note_without_category\",\"startStepsCount\":6,\"state\":\"start\"}","Screenshot":""}
{"Type":"Script","MonkeyStepsCount":6,"Time":"2026-04-11 15:33:06.982","Info":"{\"jsonrpc\": \"2.0\", \"id\": 1, \"method\": \"click\", \"params\": [957.0, 2024.5]}","Screenshot":""}
{"Type":"Script","MonkeyStepsCount":6,"Time":"2026-04-11 15:33:07.809","Info":"{\"jsonrpc\": \"2.0\", \"id\": 1, \"method\": \"click\", \"params\": [957.5, 1832.5]}","Screenshot":""}
{"Type":"Script","MonkeyStepsCount":6,"Time":"2026-04-11 15:33:08.558","Info":"{\"jsonrpc\": \"2.0\", \"id\": 1, \"method\": \"setText\", \"params\": [{\"mask\": 2097152, \"childOrSibling\": [], \"childOrSiblingSelector\": [], \"resourceId\": \"it.feio.android.omninotes.alpha:id\/detail_title\"}, \"OFxQa5E9\"]}","Screenshot":""}
{"Type":"Script","MonkeyStepsCount":6,"Time":"2026-04-11 15:33:08.746","Info":"{\"jsonrpc\": \"2.0\", \"id\": 1, \"method\": \"setText\", \"params\": [{\"mask\": 2097152, \"childOrSibling\": [], \"childOrSiblingSelector\": [], \"resourceId\": \"it.feio.android.omninotes.alpha:id\/detail_content\"}, \"test content\"]}","Screenshot":""}
{"Type":"Script","MonkeyStepsCount":6,"Time":"2026-04-11 15:33:09.375","Info":"{\"jsonrpc\": \"2.0\", \"id\": 1, \"method\": \"pressKey\", \"params\": [\"back\"]}","Screenshot":""}
{"Type":"ScriptInfo","MonkeyStepsCount":6,"Time":"2026-04-11 15:33:10.115","Info":"{\"propName\":\"omni954.OmniNotesBugTest.test_create_note_without_category\",\"startStepsCount\":6,\"state\":\"fail\"}","Screenshot":""}
{"Type":"ScriptInfo","MonkeyStepsCount":6,"Time":"2026-04-11 15:33:10.442","Info":"{\"propName\":\"omni954.OmniNotesBugTest.test_create_note_without_category\",\"startStepsCount\":6,\"state\":\"start\"}","Screenshot":""}
{"Type":"Script","MonkeyStepsCount":6,"Time":"2026-04-11 15:33:10.631","Info":"{\"jsonrpc\": \"2.0\", \"id\": 1, \"method\": \"click\", \"params\": [957.0, 2024.5]}","Screenshot":""}
{"Type":"Script","MonkeyStepsCount":6,"Time":"2026-04-11 15:33:11.549","Info":"{\"jsonrpc\": \"2.0\", \"id\": 1, \"method\": \"click\", \"params\": [957.5, 1832.5]}","Screenshot":""}
{"Type":"Script","MonkeyStepsCount":6,"Time":"2026-04-11 15:33:12.279","Info":"{\"jsonrpc\": \"2.0\", \"id\": 1, \"method\": \"setText\", \"params\": [{\"mask\": 2097152, \"childOrSibling\": [], \"childOrSiblingSelector\": [], \"resourceId\": \"it.feio.android.omninotes.alpha:id\/detail_title\"}, \"FUXGVZ\"]}","Screenshot":""}
{"Type":"Script","MonkeyStepsCount":6,"Time":"2026-04-11 15:33:12.477","Info":"{\"jsonrpc\": \"2.0\", \"id\": 1, \"method\": \"setText\", \"params\": [{\"mask\": 2097152, \"childOrSibling\": [], \"childOrSiblingSelector\": [], \"resourceId\": \"it.feio.android.omninotes.alpha:id\/detail_content\"}, \"test content\"]}","Screenshot":""}
{"Type":"Script","MonkeyStepsCount":6,"Time":"2026-04-11 15:33:13.080","Info":"{\"jsonrpc\": \"2.0\", \"id\": 1, \"method\": \"pressKey\", \"params\": [\"back\"]}","Screenshot":""}
{"Type":"ScriptInfo","MonkeyStepsCount":6,"Time":"2026-04-11 15:33:13.706","Info":"{\"propName\":\"omni954.OmniNotesBugTest.test_create_note_without_category\",\"startStepsCount\":6,\"state\":\"pass\"}","Screenshot":""}
{"Type":"ScriptInfo","MonkeyStepsCount":6,"Time":"2026-04-11 15:33:14.039","Info":"{\"propName\":\"omni954.OmniNotesBugTest.test_check_uncategorized_notes\",\"startStepsCount\":6,\"state\":\"start\"}","Screenshot":""}
{"Type":"Script","MonkeyStepsCount":6,"Time":"2026-04-11 15:33:14.243","Info":"{\"jsonrpc\": \"2.0\", \"id\": 1, \"method\": \"click\", \"params\": [77.0, 209.0]}","Screenshot":""}
{"Type":"Script","MonkeyStepsCount":6,"Time":"2026-04-11 15:33:15.151","Info":"{\"jsonrpc\": \"2.0\", \"id\": 1, \"method\": \"click\", \"params\": [478.5, 818.0]}","Screenshot":""}
{"Type":"Script","MonkeyStepsCount":6,"Time":"2026-04-11 15:33:17.063","Info":"{\"jsonrpc\": \"2.0\", \"id\": 1, \"method\": \"click\", \"params\": [77.0, 209.0]}","Screenshot":""}
{"Type":"Script","MonkeyStepsCount":6,"Time":"2026-04-11 15:33:17.921","Info":"{\"jsonrpc\": \"2.0\", \"id\": 1, \"method\": \"click\", \"params\": [478.5, 556.0]}","Screenshot":""}
{"Type":"ScriptInfo","MonkeyStepsCount":6,"Time":"2026-04-11 15:33:18.615","Info":"{\"propName\":\"omni954.OmniNotesBugTest.test_check_uncategorized_notes\",\"startStepsCount\":6,\"state\":\"fail\"}","Screenshot":""}
{"Type":"ScriptInfo","MonkeyStepsCount":6,"Time":"2026-04-11 15:33:18.952","Info":"{\"propName\":\"omni954.OmniNotesBugTest.test_create_note_without_category\",\"startStepsCount\":6,\"state\":\"start\"}","Screenshot":""}
{"Type":"Script","MonkeyStepsCount":6,"Time":"2026-04-11 15:33:19.110","Info":"{\"jsonrpc\": \"2.0\", \"id\": 1, \"method\": \"click\", \"params\": [957.0, 2024.5]}","Screenshot":""}
{"Type":"Script","MonkeyStepsCount":6,"Time":"2026-04-11 15:33:19.937","Info":"{\"jsonrpc\": \"2.0\", \"id\": 1, \"method\": \"click\", \"params\": [957.5, 1832.5]}","Screenshot":""}
{"Type":"Script","MonkeyStepsCount":6,"Time":"2026-04-11 15:33:20.690","Info":"{\"jsonrpc\": \"2.0\", \"id\": 1, \"method\": \"setText\", \"params\": [{\"mask\": 2097152, \"childOrSibling\": [], \"childOrSiblingSelector\": [], \"resourceId\": \"it.feio.android.omninotes.alpha:id\/detail_title\"}, \"BPeRfHY22\"]}","Screenshot":""}
{"Type":"Script","MonkeyStepsCount":6,"Time":"2026-04-11 15:33:20.880","Info":"{\"jsonrpc\": \"2.0\", \"id\": 1, \"method\": \"setText\", \"params\": [{\"mask\": 2097152, \"childOrSibling\": [], \"childOrSiblingSelector\": [], \"resourceId\": \"it.feio.android.omninotes.alpha:id\/detail_content\"}, \"test content\"]}","Screenshot":""}
{"Type":"Script","MonkeyStepsCount":6,"Time":"2026-04-11 15:33:21.501","Info":"{\"jsonrpc\": \"2.0\", \"id\": 1, \"method\": \"pressKey\", \"params\": [\"back\"]}","Screenshot":""}
{"Type":"ScriptInfo","MonkeyStepsCount":6,"Time":"2026-04-11 15:33:22.153","Info":"{\"propName\":\"omni954.OmniNotesBugTest.test_create_note_without_category\",\"startStepsCount\":6,\"state\":\"pass\"}","Screenshot":""}
{"Type":"ScriptInfo","MonkeyStepsCount":6,"Time":"2026-04-11 15:33:22.486","Info":"{\"propName\":\"omni954.OmniNotesBugTest.test_delete_category\",\"startStepsCount\":6,\"state\":\"start\"}","Screenshot":""}
{"Type":"Script","MonkeyStepsCount":6,"Time":"2026-04-11 15:33:22.717","Info":"{\"jsonrpc\": \"2.0\", \"id\": 1, \"method\": \"click\", \"params\": [77.0, 209.0]}","Screenshot":""}
{"Type":"Script","MonkeyStepsCount":6,"Time":"2026-04-11 15:33:26.330","Info":"{\"jsonrpc\": \"2.0\", \"id\": 1, \"method\": \"click\", \"params\": [429.0, 1212.0, 1500]}","Screenshot":""}
{"Type":"Script","MonkeyStepsCount":6,"Time":"2026-04-11 15:33:28.597","Info":"{\"jsonrpc\": \"2.0\", \"id\": 1, \"method\": \"click\", \"params\": [422.0, 1409.5]}","Screenshot":""}
{"Type":"Script","MonkeyStepsCount":6,"Time":"2026-04-11 15:33:29.409","Info":"{\"jsonrpc\": \"2.0\", \"id\": 1, \"method\": \"click\", \"params\": [824.5, 1307.0]}","Screenshot":""}
{"Type":"Script","MonkeyStepsCount":6,"Time":"2026-04-11 15:33:32.598","Info":"{\"jsonrpc\": \"2.0\", \"id\": 1, \"method\": \"pressKey\", \"params\": [\"back\"]}","Screenshot":""}
{"Type":"ScriptInfo","MonkeyStepsCount":6,"Time":"2026-04-11 15:33:33.180","Info":"{\"propName\":\"omni954.OmniNotesBugTest.test_delete_category\",\"startStepsCount\":6,\"state\":\"pass\"}","Screenshot":""}
{"Type":"Monkey","MonkeyStepsCount":7,"Time":"2026-04-11 15:33:33.539","Info":"{\"act\":\"CLICK\",\"adbinput\":false,\"aid\":\"g0a7\",\"allowFuzzing\":true,\"clear\":false,\"editable\":false,\"jAction\":\"\",\"pos\":[705,143,837,275],\"rawinput\":false,\"sid\":\"\",\"text\":\"\",\"throttle\":34,\"waitTime\":0,\"widget\":\"{\\\"bounds\\\":\\\"[705,143][837,275]\\\",\\\"class\\\":\\\"android.widget.Button\\\",\\\"content-desc\\\":\\\"Search\\\",\\\"index\\\":0,\\\"resource-id\\\":\\\"it.feio.android.omninotes.alpha:id\/menu_search\\\",\\\"text\\\":\\\"\\\"}\"}","Screenshot":""}
{"Type":"Monkey","MonkeyStepsCount":8,"Time":"2026-04-11 15:33:33.848","Info":"{\"act\":\"LONG_CLICK\",\"adbinput\":false,\"aid\":\"g0a15\",\"allowFuzzing\":true,\"clear\":false,\"editable\":true,\"jAction\":\"\",\"pos\":[220,159,640,258],\"rawinput\":false,\"sid\":\"\",\"text\":\"\",\"throttle\":32,\"waitTime\":0,\"widget\":\"{\\\"bounds\\\":\\\"[220,159][640,258]\\\",\\\"class\\\":\\\"android.widget.EditText\\\",\\\"content-desc\\\":\\\"\\\",\\\"index\\\":0,\\\"resource-id\\\":\\\"it.feio.android.omninotes.alpha:id\/search_src_text\\\",\\\"text\\\":\\\"Searchinnotes\\\"}\"}","Screenshot":""}
{"Type":"ScriptInfo","MonkeyStepsCount":8,"Time":"2026-04-11 15:33:35.187","Info":"{\"propName\":\"omni954.OmniNotesBugTest.test_create_note_with_new_category\",\"startStepsCount\":8,\"state\":\"start\"}","Screenshot":""}
{"Type":"Script","MonkeyStepsCount":8,"Time":"2026-04-11 15:33:35.327","Info":"{\"jsonrpc\": \"2.0\", \"id\": 1, \"method\": \"click\", \"params\": [957.0, 2024.5]}","Screenshot":""}
{"Type":"Script","MonkeyStepsCount":8,"Time":"2026-04-11 15:33:36.171","Info":"{\"jsonrpc\": \"2.0\", \"id\": 1, \"method\": \"click\", \"params\": [957.5, 1832.5]}","Screenshot":""}
{"Type":"Script","MonkeyStepsCount":8,"Time":"2026-04-11 15:33:36.921","Info":"{\"jsonrpc\": \"2.0\", \"id\": 1, \"method\": \"setText\", \"params\": [{\"mask\": 2097152, \"childOrSibling\": [], \"childOrSiblingSelector\": [], \"resourceId\": \"it.feio.android.omninotes.alpha:id\/detail_title\"}, \"unvXCx5\"]}","Screenshot":""}
{"Type":"Script","MonkeyStepsCount":8,"Time":"2026-04-11 15:33:37.076","Info":"{\"jsonrpc\": \"2.0\", \"id\": 1, \"method\": \"setText\", \"params\": [{\"mask\": 2097152, \"childOrSibling\": [], \"childOrSiblingSelector\": [], \"resourceId\": \"it.feio.android.omninotes.alpha:id\/detail_content\"}, \"test content\"]}","Screenshot":""}
{"Type":"Script","MonkeyStepsCount":8,"Time":"2026-04-11 15:33:37.824","Info":"{\"jsonrpc\": \"2.0\", \"id\": 1, \"method\": \"click\", \"params\": [639.0, 209.0]}","Screenshot":""}
{"Type":"Script","MonkeyStepsCount":8,"Time":"2026-04-11 15:33:38.705","Info":"{\"jsonrpc\": \"2.0\", \"id\": 1, \"method\": \"click\", \"params\": [768.5, 1471.0]}","Screenshot":""}
{"Type":"Script","MonkeyStepsCount":8,"Time":"2026-04-11 15:33:39.486","Info":"{\"jsonrpc\": \"2.0\", \"id\": 1, \"method\": \"setText\", \"params\": [{\"mask\": 2097152, \"childOrSibling\": [], \"childOrSiblingSelector\": [], \"resourceId\": \"it.feio.android.omninotes.alpha:id\/category_title\"}, \"T1QeS6c\"]}","Screenshot":""}
{"Type":"Script","MonkeyStepsCount":8,"Time":"2026-04-11 15:33:39.708","Info":"{\"jsonrpc\": \"2.0\", \"id\": 1, \"method\": \"click\", \"params\": [659.5, 1409.5]}","Screenshot":""}
{"Type":"Script","MonkeyStepsCount":8,"Time":"2026-04-11 15:33:40.714","Info":"{\"jsonrpc\": \"2.0\", \"id\": 1, \"method\": \"click\", \"params\": [77.0, 209.0]}","Screenshot":""}
{"Type":"ScriptInfo","MonkeyStepsCount":8,"Time":"2026-04-11 15:33:41.731","Info":"{\"propName\":\"omni954.OmniNotesBugTest.test_create_note_with_new_category\",\"startStepsCount\":8,\"state\":\"fail\"}","Screenshot":""}
{"Type":"ScriptInfo","MonkeyStepsCount":8,"Time":"2026-04-11 15:33:42.041","Info":"{\"propName\":\"omni954.OmniNotesBugTest.test_create_note_without_category\",\"startStepsCount\":8,\"state\":\"start\"}","Screenshot":""}
{"Type":"Script","MonkeyStepsCount":8,"Time":"2026-04-11 15:33:42.230","Info":"{\"jsonrpc\": \"2.0\", \"id\": 1, \"method\": \"click\", \"params\": [957.0, 2024.5]}","Screenshot":""}
{"Type":"Script","MonkeyStepsCount":8,"Time":"2026-04-11 15:33:43.170","Info":"{\"jsonrpc\": \"2.0\", \"id\": 1, \"method\": \"click\", \"params\": [957.5, 1832.5]}","Screenshot":""}
{"Type":"Script","MonkeyStepsCount":8,"Time":"2026-04-11 15:33:43.937","Info":"{\"jsonrpc\": \"2.0\", \"id\": 1, \"method\": \"setText\", \"params\": [{\"mask\": 2097152, \"childOrSibling\": [], \"childOrSiblingSelector\": [], \"resourceId\": \"it.feio.android.omninotes.alpha:id\/detail_title\"}, \"p0p\"]}","Screenshot":""}
{"Type":"Script","MonkeyStepsCount":8,"Time":"2026-04-11 15:33:44.109","Info":"{\"jsonrpc\": \"2.0\", \"id\": 1, \"method\": \"setText\", \"params\": [{\"mask\": 2097152, \"childOrSibling\": [], \"childOrSiblingSelector\": [], \"resourceId\": \"it.feio.android.omninotes.alpha:id\/detail_content\"}, \"test content\"]}","Screenshot":""}
{"Type":"Script","MonkeyStepsCount":8,"Time":"2026-04-11 15:33:44.730","Info":"{\"jsonrpc\": \"2.0\", \"id\": 1, \"method\": \"pressKey\", \"params\": [\"back\"]}","Screenshot":""}
{"Type":"ScriptInfo","MonkeyStepsCount":8,"Time":"2026-04-11 15:33:45.387","Info":"{\"propName\":\"omni954.OmniNotesBugTest.test_create_note_without_category\",\"startStepsCount\":8,\"state\":\"fail\"}","Screenshot":""}
{"Type":"ScriptInfo","MonkeyStepsCount":8,"Time":"2026-04-11 15:33:45.691","Info":"{\"propName\":\"omni954.OmniNotesBugTest.test_check_uncategorized_notes\",\"startStepsCount\":8,\"state\":\"start\"}","Screenshot":""}
{"Type":"Script","MonkeyStepsCount":8,"Time":"2026-04-11 15:33:45.904","Info":"{\"jsonrpc\": \"2.0\", \"id\": 1, \"method\": \"click\", \"params\": [77.0, 209.0]}","Screenshot":""}
{"Type":"Script","MonkeyStepsCount":8,"Time":"2026-04-11 15:33:46.786","Info":"{\"jsonrpc\": \"2.0\", \"id\": 1, \"method\": \"click\", \"params\": [478.5, 818.0]}","Screenshot":""}
{"Type":"Script","MonkeyStepsCount":8,"Time":"2026-04-11 15:33:48.636","Info":"{\"jsonrpc\": \"2.0\", \"id\": 1, \"method\": \"click\", \"params\": [77.0, 209.0]}","Screenshot":""}
{"Type":"Script","MonkeyStepsCount":8,"Time":"2026-04-11 15:33:49.436","Info":"{\"jsonrpc\": \"2.0\", \"id\": 1, \"method\": \"click\", \"params\": [478.5, 556.0]}","Screenshot":""}
{"Type":"ScriptInfo","MonkeyStepsCount":8,"Time":"2026-04-11 15:33:50.082","Info":"{\"propName\":\"omni954.OmniNotesBugTest.test_check_uncategorized_notes\",\"startStepsCount\":8,\"state\":\"fail\"}","Screenshot":""}
{"Type":"ScriptInfo","MonkeyStepsCount":8,"Time":"2026-04-11 15:33:50.393","Info":"{\"propName\":\"omni954.OmniNotesBugTest.test_create_note_with_new_category\",\"startStepsCount\":8,\"state\":\"start\"}","Screenshot":""}
{"Type":"Script","MonkeyStepsCount":8,"Time":"2026-04-11 15:33:50.548","Info":"{\"jsonrpc\": \"2.0\", \"id\": 1, \"method\": \"click\", \"params\": [957.0, 2024.5]}","Screenshot":""}
{"Type":"Script","MonkeyStepsCount":8,"Time":"2026-04-11 15:33:51.376","Info":"{\"jsonrpc\": \"2.0\", \"id\": 1, \"method\": \"click\", \"params\": [957.5, 1832.5]}","Screenshot":""}
{"Type":"Script","MonkeyStepsCount":8,"Time":"2026-04-11 15:33:52.174","Info":"{\"jsonrpc\": \"2.0\", \"id\": 1, \"method\": \"setText\", \"params\": [{\"mask\": 2097152, \"childOrSibling\": [], \"childOrSiblingSelector\": [], \"resourceId\": \"it.feio.android.omninotes.alpha:id\/detail_title\"}, \"DSFj2Fjbk\"]}","Screenshot":""}
{"Type":"Script","MonkeyStepsCount":8,"Time":"2026-04-11 15:33:52.377","Info":"{\"jsonrpc\": \"2.0\", \"id\": 1, \"method\": \"setText\", \"params\": [{\"mask\": 2097152, \"childOrSibling\": [], \"childOrSiblingSelector\": [], \"resourceId\": \"it.feio.android.omninotes.alpha:id\/detail_content\"}, \"test content\"]}","Screenshot":""}
{"Type":"Script","MonkeyStepsCount":8,"Time":"2026-04-11 15:33:53.076","Info":"{\"jsonrpc\": \"2.0\", \"id\": 1, \"method\": \"click\", \"params\": [639.0, 209.0]}","Screenshot":""}
{"Type":"Script","MonkeyStepsCount":8,"Time":"2026-04-11 15:33:53.938","Info":"{\"jsonrpc\": \"2.0\", \"id\": 1, \"method\": \"click\", \"params\": [768.5, 1537.0]}","Screenshot":""}
{"Type":"Script","MonkeyStepsCount":8,"Time":"2026-04-11 15:33:54.627","Info":"{\"jsonrpc\": \"2.0\", \"id\": 1, \"method\": \"setText\", \"params\": [{\"mask\": 2097152, \"childOrSibling\": [], \"childOrSiblingSelector\": [], \"resourceId\": \"it.feio.android.omninotes.alpha:id\/category_title\"}, \"vHi\"]}","Screenshot":""}
{"Type":"Script","MonkeyStepsCount":8,"Time":"2026-04-11 15:33:54.970","Info":"{\"jsonrpc\": \"2.0\", \"id\": 1, \"method\": \"click\", \"params\": [659.5, 1409.5]}","Screenshot":""}
{"Type":"Script","MonkeyStepsCount":8,"Time":"2026-04-11 15:33:55.969","Info":"{\"jsonrpc\": \"2.0\", \"id\": 1, \"method\": \"click\", \"params\": [77.0, 209.0]}","Screenshot":""}
{"Type":"ScriptInfo","MonkeyStepsCount":8,"Time":"2026-04-11 15:33:56.753","Info":"{\"propName\":\"omni954.OmniNotesBugTest.test_create_note_with_new_category\",\"startStepsCount\":8,\"state\":\"pass\"}","Screenshot":""}
{"Type":"ScriptInfo","MonkeyStepsCount":8,"Time":"2026-04-11 15:33:57.061","Info":"{\"propName\":\"omni954.OmniNotesBugTest.test_create_note_without_category\",\"startStepsCount\":8,\"state\":\"start\"}","Screenshot":""}
{"Type":"Script","MonkeyStepsCount":8,"Time":"2026-04-11 15:33:57.243","Info":"{\"jsonrpc\": \"2.0\", \"id\": 1, \"method\": \"click\", \"params\": [957.0, 2024.5]}","Screenshot":""}
{"Type":"Script","MonkeyStepsCount":8,"Time":"2026-04-11 15:33:58.470","Info":"{\"jsonrpc\": \"2.0\", \"id\": 1, \"method\": \"click\", \"params\": [957.5, 1832.5]}","Screenshot":""}
{"Type":"Script","MonkeyStepsCount":8,"Time":"2026-04-11 15:33:59.256","Info":"{\"jsonrpc\": \"2.0\", \"id\": 1, \"method\": \"setText\", \"params\": [{\"mask\": 2097152, \"childOrSibling\": [], \"childOrSiblingSelector\": [], \"resourceId\": \"it.feio.android.omninotes.alpha:id\/detail_title\"}, \"tiJXAOm70c\"]}","Screenshot":""}
{"Type":"Script","MonkeyStepsCount":8,"Time":"2026-04-11 15:33:59.411","Info":"{\"jsonrpc\": \"2.0\", \"id\": 1, \"method\": \"setText\", \"params\": [{\"mask\": 2097152, \"childOrSibling\": [], \"childOrSiblingSelector\": [], \"resourceId\": \"it.feio.android.omninotes.alpha:id\/detail_content\"}, \"test content\"]}","Screenshot":""}
{"Type":"Script","MonkeyStepsCount":8,"Time":"2026-04-11 15:34:00.053","Info":"{\"jsonrpc\": \"2.0\", \"id\": 1, \"method\": \"pressKey\", \"params\": [\"back\"]}","Screenshot":""}
{"Type":"ScriptInfo","MonkeyStepsCount":8,"Time":"2026-04-11 15:34:00.727","Info":"{\"propName\":\"omni954.OmniNotesBugTest.test_create_note_without_category\",\"startStepsCount\":8,\"state\":\"fail\"}","Screenshot":""}
{"Type":"ScriptInfo","MonkeyStepsCount":8,"Time":"2026-04-11 15:34:01.054","Info":"{\"propName\":\"omni954.OmniNotesBugTest.test_delete_category\",\"startStepsCount\":8,\"state\":\"start\"}","Screenshot":""}
{"Type":"Script","MonkeyStepsCount":8,"Time":"2026-04-11 15:34:01.272","Info":"{\"jsonrpc\": \"2.0\", \"id\": 1, \"method\": \"click\", \"params\": [77.0, 209.0]}","Screenshot":""}
{"Type":"Script","MonkeyStepsCount":8,"Time":"2026-04-11 15:34:05.465","Info":"{\"jsonrpc\": \"2.0\", \"id\": 1, \"method\": \"click\", \"params\": [429.0, 1081.0, 1500]}","Screenshot":""}
{"Type":"Script","MonkeyStepsCount":8,"Time":"2026-04-11 15:34:07.641","Info":"{\"jsonrpc\": \"2.0\", \"id\": 1, \"method\": \"click\", \"params\": [422.0, 1409.5]}","Screenshot":""}
{"Type":"Script","MonkeyStepsCount":8,"Time":"2026-04-11 15:34:08.514","Info":"{\"jsonrpc\": \"2.0\", \"id\": 1, \"method\": \"click\", \"params\": [824.5, 1307.0]}","Screenshot":""}
{"Type":"Script","MonkeyStepsCount":8,"Time":"2026-04-11 15:34:12.045","Info":"{\"jsonrpc\": \"2.0\", \"id\": 1, \"method\": \"pressKey\", \"params\": [\"back\"]}","Screenshot":""}
{"Type":"ScriptInfo","MonkeyStepsCount":8,"Time":"2026-04-11 15:34:12.603","Info":"{\"propName\":\"omni954.OmniNotesBugTest.test_delete_category\",\"startStepsCount\":8,\"state\":\"pass\"}","Screenshot":""}
{"Type":"ScriptInfo","MonkeyStepsCount":8,"Time":"2026-04-11 15:34:12.934","Info":"{\"propName\":\"omni954.OmniNotesBugTest.test_delete_category\",\"startStepsCount\":8,\"state\":\"start\"}","Screenshot":""}
{"Type":"Script","MonkeyStepsCount":8,"Time":"2026-04-11 15:34:13.262","Info":"{\"jsonrpc\": \"2.0\", \"id\": 1, \"method\": \"click\", \"params\": [77.0, 209.0]}","Screenshot":""}
{"Type":"Script","MonkeyStepsCount":8,"Time":"2026-04-11 15:34:16.782","Info":"{\"jsonrpc\": \"2.0\", \"id\": 1, \"method\": \"click\", \"params\": [429.0, 1212.0, 1500]}","Screenshot":""}
{"Type":"Script","MonkeyStepsCount":8,"Time":"2026-04-11 15:34:19.078","Info":"{\"jsonrpc\": \"2.0\", \"id\": 1, \"method\": \"click\", \"params\": [422.0, 1409.5]}","Screenshot":""}
{"Type":"Script","MonkeyStepsCount":8,"Time":"2026-04-11 15:34:19.921","Info":"{\"jsonrpc\": \"2.0\", \"id\": 1, \"method\": \"click\", \"params\": [824.5, 1307.0]}","Screenshot":""}
{"Type":"Script","MonkeyStepsCount":8,"Time":"2026-04-11 15:34:22.998","Info":"{\"jsonrpc\": \"2.0\", \"id\": 1, \"method\": \"pressKey\", \"params\": [\"back\"]}","Screenshot":""}
{"Type":"ScriptInfo","MonkeyStepsCount":8,"Time":"2026-04-11 15:34:23.565","Info":"{\"propName\":\"omni954.OmniNotesBugTest.test_delete_category\",\"startStepsCount\":8,\"state\":\"pass\"}","Screenshot":""}
{"Type":"ScriptInfo","MonkeyStepsCount":8,"Time":"2026-04-11 15:34:23.891","Info":"{\"propName\":\"omni954.OmniNotesBugTest.test_check_uncategorized_notes\",\"startStepsCount\":8,\"state\":\"start\"}","Screenshot":""}
{"Type":"Script","MonkeyStepsCount":8,"Time":"2026-04-11 15:34:24.142","Info":"{\"jsonrpc\": \"2.0\", \"id\": 1, \"method\": \"click\", \"params\": [77.0, 209.0]}","Screenshot":""}
{"Type":"Script","MonkeyStepsCount":8,"Time":"2026-04-11 15:34:25.023","Info":"{\"jsonrpc\": \"2.0\", \"id\": 1, \"method\": \"click\", \"params\": [478.5, 818.0]}","Screenshot":""}
{"Type":"Script","MonkeyStepsCount":8,"Time":"2026-04-11 15:34:26.978","Info":"{\"jsonrpc\": \"2.0\", \"id\": 1, \"method\": \"click\", \"params\": [77.0, 209.0]}","Screenshot":""}
{"Type":"Script","MonkeyStepsCount":8,"Time":"2026-04-11 15:34:27.833","Info":"{\"jsonrpc\": \"2.0\", \"id\": 1, \"method\": \"click\", \"params\": [478.5, 556.0]}","Screenshot":""}
{"Type":"ScriptInfo","MonkeyStepsCount":8,"Time":"2026-04-11 15:34:28.551","Info":"{\"propName\":\"omni954.OmniNotesBugTest.test_check_uncategorized_notes\",\"startStepsCount\":8,\"state\":\"fail\"}","Screenshot":""}
