{"Type":"Monkey","MonkeyStepsCount":1,"Time":"2026-04-12 09:09:40.140","Info":"{\"act\":\"CLICK\",\"adbinput\":false,\"aid\":\"g0a7\",\"allowFuzzing\":true,\"clear\":false,\"editable\":false,\"jAction\":\"\",\"pos\":[705,143,837,275],\"rawinput\":false,\"sid\":\"\",\"text\":\"\",\"throttle\":35,\"waitTime\":0,\"widget\":\"{\\\"bounds\\\":\\\"[705,143][837,275]\\\",\\\"class\\\":\\\"android.widget.Button\\\",\\\"content-desc\\\":\\\"Search\\\",\\\"index\\\":0,\\\"resource-id\\\":\\\"it.feio.android.omninotes.alpha:id\/menu_search\\\",\\\"text\\\":\\\"\\\"}\"}","Screenshot":""}
{"Type":"Monkey","MonkeyStepsCount":2,"Time":"2026-04-12 09:09:40.454","Info":"{\"act\":\"CLICK\",\"adbinput\":false,\"aid\":\"g0a2\",\"allowFuzzing\":true,\"clear\":false,\"editable\":false,\"jAction\":\"\",\"pos\":[0,132,154,286],\"rawinput\":false,\"sid\":\"\",\"text\":\"\",\"throttle\":90,\"waitTime\":0,\"widget\":\"{\\\"bounds\\\":\\\"[0,132][154,286]\\\",\\\"class\\\":\\\"android.widget.ImageButton\\\",\\\"content-desc\\\":\\\"Collapse\\\",\\\"index\\\":0,\\\"resource-id\\\":\\\"\\\",\\\"text\\\":\\\"\\\"}\"}","Screenshot":""}
{"Type":"ScriptInfo","MonkeyStepsCount":2,"Time":"2026-04-12 09:09:40.809","Info":"{\"propName\":\"omni956.OmniNotesBugTest.test_create_note_with_tags\",\"startStepsCount\":2,\"state\":\"start\"}","Screenshot":""}
{"Type":"Script","MonkeyStepsCount":2,"Time":"2026-04-12 09:09:40.962","Info":"{\"jsonrpc\": \"2.0\", \"id\": 1, \"method\": \"click\", \"params\": [957.0, 2024.5]}","Screenshot":""}
{"Type":"Script","MonkeyStepsCount":2,"Time":"2026-04-12 09:09:41.770","Info":"{\"jsonrpc\": \"2.0\", \"id\": 1, \"method\": \"click\", \"params\": [957.5, 1832.5]}","Screenshot":""}
{"Type":"Script","MonkeyStepsCount":2,"Time":"2026-04-12 09:09:42.568","Info":"{\"jsonrpc\": \"2.0\", \"id\": 1, \"method\": \"setText\", \"params\": [{\"mask\": 2097152, \"childOrSibling\": [], \"childOrSiblingSelector\": [], \"resourceId\": \"it.feio.android.omninotes.alpha:id\/detail_title\"}, \"K5hVy2GKT\"]}","Screenshot":""}
{"Type":"Script","MonkeyStepsCount":2,"Time":"2026-04-12 09:09:42.773","Info":"{\"jsonrpc\": \"2.0\", \"id\": 1, \"method\": \"setText\", \"params\": [{\"mask\": 2097152, \"childOrSibling\": [], \"childOrSiblingSelector\": [], \"resourceId\": \"it.feio.android.omninotes.alpha:id\/detail_content\"}, \"#HAXx\"]}","Screenshot":""}
{"Type":"Script","MonkeyStepsCount":2,"Time":"2026-04-12 09:09:43.379","Info":"{\"jsonrpc\": \"2.0\", \"id\": 1, \"method\": \"pressKey\", \"params\": [\"back\"]}","Screenshot":""}
{"Type":"ScriptInfo","MonkeyStepsCount":2,"Time":"2026-04-12 09:09:44.013","Info":"{\"propName\":\"omni956.OmniNotesBugTest.test_create_note_with_tags\",\"startStepsCount\":2,\"state\":\"pass\"}","Screenshot":""}
{"Type":"ScriptInfo","MonkeyStepsCount":2,"Time":"2026-04-12 09:09:44.295","Info":"{\"propName\":\"omni956.OmniNotesBugTest.test_create_note_with_tags\",\"startStepsCount\":2,\"state\":\"start\"}","Screenshot":""}
{"Type":"Script","MonkeyStepsCount":2,"Time":"2026-04-12 09:09:44.435","Info":"{\"jsonrpc\": \"2.0\", \"id\": 1, \"method\": \"click\", \"params\": [957.0, 2024.5]}","Screenshot":""}
{"Type":"Script","MonkeyStepsCount":2,"Time":"2026-04-12 09:09:45.390","Info":"{\"jsonrpc\": \"2.0\", \"id\": 1, \"method\": \"click\", \"params\": [957.5, 1832.5]}","Screenshot":""}
{"Type":"Script","MonkeyStepsCount":2,"Time":"2026-04-12 09:09:46.167","Info":"{\"jsonrpc\": \"2.0\", \"id\": 1, \"method\": \"setText\", \"params\": [{\"mask\": 2097152, \"childOrSibling\": [], \"childOrSiblingSelector\": [], \"resourceId\": \"it.feio.android.omninotes.alpha:id\/detail_title\"}, \"1UzxZJf\"]}","Screenshot":""}
{"Type":"Script","MonkeyStepsCount":2,"Time":"2026-04-12 09:09:46.425","Info":"{\"jsonrpc\": \"2.0\", \"id\": 1, \"method\": \"setText\", \"params\": [{\"mask\": 2097152, \"childOrSibling\": [], \"childOrSiblingSelector\": [], \"resourceId\": \"it.feio.android.omninotes.alpha:id\/detail_content\"}, \"#fut\"]}","Screenshot":""}
{"Type":"Script","MonkeyStepsCount":2,"Time":"2026-04-12 09:09:47.102","Info":"{\"jsonrpc\": \"2.0\", \"id\": 1, \"method\": \"pressKey\", \"params\": [\"back\"]}","Screenshot":""}
{"Type":"ScriptInfo","MonkeyStepsCount":2,"Time":"2026-04-12 09:09:47.761","Info":"{\"propName\":\"omni956.OmniNotesBugTest.test_create_note_with_tags\",\"startStepsCount\":2,\"state\":\"pass\"}","Screenshot":""}
{"Type":"ScriptInfo","MonkeyStepsCount":2,"Time":"2026-04-12 09:09:48.044","Info":"{\"propName\":\"omni956.OmniNotesBugTest.test_create_note_with_tags\",\"startStepsCount\":2,\"state\":\"start\"}","Screenshot":""}
{"Type":"Script","MonkeyStepsCount":2,"Time":"2026-04-12 09:09:48.215","Info":"{\"jsonrpc\": \"2.0\", \"id\": 1, \"method\": \"click\", \"params\": [957.0, 2024.5]}","Screenshot":""}
{"Type":"Script","MonkeyStepsCount":2,"Time":"2026-04-12 09:09:49.067","Info":"{\"jsonrpc\": \"2.0\", \"id\": 1, \"method\": \"click\", \"params\": [957.5, 1832.5]}","Screenshot":""}
{"Type":"Script","MonkeyStepsCount":2,"Time":"2026-04-12 09:09:49.857","Info":"{\"jsonrpc\": \"2.0\", \"id\": 1, \"method\": \"setText\", \"params\": [{\"mask\": 2097152, \"childOrSibling\": [], \"childOrSiblingSelector\": [], \"resourceId\": \"it.feio.android.omninotes.alpha:id\/detail_title\"}, \"f8Z#\"]}","Screenshot":""}
{"Type":"Script","MonkeyStepsCount":2,"Time":"2026-04-12 09:09:50.075","Info":"{\"jsonrpc\": \"2.0\", \"id\": 1, \"method\": \"setText\", \"params\": [{\"mask\": 2097152, \"childOrSibling\": [], \"childOrSiblingSelector\": [], \"resourceId\": \"it.feio.android.omninotes.alpha:id\/detail_content\"}, \"#XpL\"]}","Screenshot":""}
{"Type":"Script","MonkeyStepsCount":2,"Time":"2026-04-12 09:09:50.679","Info":"{\"jsonrpc\": \"2.0\", \"id\": 1, \"method\": \"pressKey\", \"params\": [\"back\"]}","Screenshot":""}
{"Type":"ScriptInfo","MonkeyStepsCount":2,"Time":"2026-04-12 09:09:51.290","Info":"{\"propName\":\"omni956.OmniNotesBugTest.test_create_note_with_tags\",\"startStepsCount\":2,\"state\":\"pass\"}","Screenshot":""}
{"Type":"ScriptInfo","MonkeyStepsCount":2,"Time":"2026-04-12 09:09:51.562","Info":"{\"propName\":\"omni956.OmniNotesBugTest.test_create_note_with_tags\",\"startStepsCount\":2,\"state\":\"start\"}","Screenshot":""}
{"Type":"Script","MonkeyStepsCount":2,"Time":"2026-04-12 09:09:51.728","Info":"{\"jsonrpc\": \"2.0\", \"id\": 1, \"method\": \"click\", \"params\": [957.0, 2024.5]}","Screenshot":""}
{"Type":"Script","MonkeyStepsCount":2,"Time":"2026-04-12 09:09:52.720","Info":"{\"jsonrpc\": \"2.0\", \"id\": 1, \"method\": \"click\", \"params\": [957.5, 1832.5]}","Screenshot":""}
{"Type":"Script","MonkeyStepsCount":2,"Time":"2026-04-12 09:09:53.505","Info":"{\"jsonrpc\": \"2.0\", \"id\": 1, \"method\": \"setText\", \"params\": [{\"mask\": 2097152, \"childOrSibling\": [], \"childOrSiblingSelector\": [], \"resourceId\": \"it.feio.android.omninotes.alpha:id\/detail_title\"}, \"CZ7DZprK#\"]}","Screenshot":""}
{"Type":"Script","MonkeyStepsCount":2,"Time":"2026-04-12 09:09:53.761","Info":"{\"jsonrpc\": \"2.0\", \"id\": 1, \"method\": \"setText\", \"params\": [{\"mask\": 2097152, \"childOrSibling\": [], \"childOrSiblingSelector\": [], \"resourceId\": \"it.feio.android.omninotes.alpha:id\/detail_content\"}, \"#mv1Vq\"]}","Screenshot":""}
{"Type":"Script","MonkeyStepsCount":2,"Time":"2026-04-12 09:09:54.387","Info":"{\"jsonrpc\": \"2.0\", \"id\": 1, \"method\": \"pressKey\", \"params\": [\"back\"]}","Screenshot":""}
{"Type":"ScriptInfo","MonkeyStepsCount":2,"Time":"2026-04-12 09:09:55.030","Info":"{\"propName\":\"omni956.OmniNotesBugTest.test_create_note_with_tags\",\"startStepsCount\":2,\"state\":\"pass\"}","Screenshot":""}
{"Type":"ScriptInfo","MonkeyStepsCount":2,"Time":"2026-04-12 09:09:55.327","Info":"{\"propName\":\"omni956.OmniNotesBugTest.test_search_tag\",\"startStepsCount\":2,\"state\":\"start\"}","Screenshot":""}
{"Type":"Script","MonkeyStepsCount":2,"Time":"2026-04-12 09:09:55.495","Info":"{\"jsonrpc\": \"2.0\", \"id\": 1, \"method\": \"click\", \"params\": [771.0, 209.0]}","Screenshot":""}
{"Type":"Script","MonkeyStepsCount":2,"Time":"2026-04-12 09:09:56.845","Info":"{\"jsonrpc\": \"2.0\", \"id\": 1, \"method\": \"click\", \"params\": [507.0, 209.0]}","Screenshot":""}
{"Type":"Script","MonkeyStepsCount":2,"Time":"2026-04-12 09:09:58.149","Info":"{\"jsonrpc\": \"2.0\", \"id\": 1, \"method\": \"click\", \"params\": [1014.0, 209.0]}","Screenshot":""}
{"Type":"Script","MonkeyStepsCount":2,"Time":"2026-04-12 09:09:59.794","Info":"{\"jsonrpc\": \"2.0\", \"id\": 1, \"method\": \"pressKey\", \"params\": [\"back\"]}","Screenshot":""}
{"Type":"ScriptInfo","MonkeyStepsCount":2,"Time":"2026-04-12 09:10:00.643","Info":"{\"propName\":\"omni956.OmniNotesBugTest.test_search_tag\",\"startStepsCount\":2,\"state\":\"pass\"}","Screenshot":""}
{"Type":"ScriptInfo","MonkeyStepsCount":2,"Time":"2026-04-12 09:10:00.938","Info":"{\"propName\":\"omni956.OmniNotesBugTest.test_create_empty_category\",\"startStepsCount\":2,\"state\":\"start\"}","Screenshot":""}
{"Type":"Script","MonkeyStepsCount":2,"Time":"2026-04-12 09:10:01.099","Info":"{\"jsonrpc\": \"2.0\", \"id\": 1, \"method\": \"click\", \"params\": [957.0, 2024.5]}","Screenshot":""}
{"Type":"Script","MonkeyStepsCount":2,"Time":"2026-04-12 09:10:01.915","Info":"{\"jsonrpc\": \"2.0\", \"id\": 1, \"method\": \"click\", \"params\": [957.5, 1832.5]}","Screenshot":""}
{"Type":"Script","MonkeyStepsCount":2,"Time":"2026-04-12 09:10:02.755","Info":"{\"jsonrpc\": \"2.0\", \"id\": 1, \"method\": \"click\", \"params\": [639.0, 209.0]}","Screenshot":""}
{"Type":"Script","MonkeyStepsCount":2,"Time":"2026-04-12 09:10:03.591","Info":"{\"jsonrpc\": \"2.0\", \"id\": 1, \"method\": \"click\", \"params\": [768.5, 1215.0]}","Screenshot":""}
{"Type":"Script","MonkeyStepsCount":2,"Time":"2026-04-12 09:10:04.333","Info":"{\"jsonrpc\": \"2.0\", \"id\": 1, \"method\": \"setText\", \"params\": [{\"mask\": 2097153, \"childOrSibling\": [], \"childOrSiblingSelector\": [], \"resourceId\": \"it.feio.android.omninotes.alpha:id\/category_title\", \"text\": \"Title\"}, \"Wf8GSHZer\"]}","Screenshot":""}
{"Type":"Script","MonkeyStepsCount":2,"Time":"2026-04-12 09:10:05.145","Info":"{\"jsonrpc\": \"2.0\", \"id\": 1, \"method\": \"click\", \"params\": [659.5, 1409.5]}","Screenshot":""}
{"Type":"Script","MonkeyStepsCount":2,"Time":"2026-04-12 09:10:05.799","Info":"{\"jsonrpc\": \"2.0\", \"id\": 1, \"method\": \"pressKey\", \"params\": [\"back\"]}","Screenshot":""}
{"Type":"Script","MonkeyStepsCount":2,"Time":"2026-04-12 09:10:06.870","Info":"{\"jsonrpc\": \"2.0\", \"id\": 1, \"method\": \"click\", \"params\": [77.0, 209.0]}","Screenshot":""}
{"Type":"Script","MonkeyStepsCount":2,"Time":"2026-04-12 09:10:07.074","Info":"{\"jsonrpc\": \"2.0\", \"id\": 1, \"method\": \"pressKey\", \"params\": [\"back\"]}","Screenshot":""}
{"Type":"ScriptInfo","MonkeyStepsCount":2,"Time":"2026-04-12 09:10:07.632","Info":"{\"propName\":\"omni956.OmniNotesBugTest.test_create_empty_category\",\"startStepsCount\":2,\"state\":\"pass\"}","Screenshot":""}
{"Type":"Monkey","MonkeyStepsCount":3,"Time":"2026-04-12 09:10:08.018","Info":"{\"act\":\"CLICK\",\"adbinput\":false,\"aid\":\"g0a29\",\"allowFuzzing\":true,\"clear\":false,\"editable\":false,\"jAction\":\"\",\"pos\":[38,154,1042,457],\"rawinput\":false,\"sid\":\"\",\"text\":\"\",\"throttle\":13,\"waitTime\":0,\"widget\":\"{\\\"bounds\\\":\\\"[38,154][1042,457]\\\",\\\"class\\\":\\\"android.widget.FrameLayout\\\",\\\"content-desc\\\":\\\"\\\",\\\"index\\\":0,\\\"resource-id\\\":\\\"com.google.android.apps.nexuslauncher:id\/search_container_workspace\\\",\\\"text\\\":\\\"\\\"}\"}","Screenshot":""}
{"Type":"Monkey","MonkeyStepsCount":4,"Time":"2026-04-12 09:10:09.385","Info":"{\"act\":\"CLICK\",\"adbinput\":false,\"aid\":\"g0a30\",\"allowFuzzing\":true,\"clear\":false,\"editable\":false,\"jAction\":\"\",\"pos\":[507,1640,573,1706],\"rawinput\":false,\"sid\":\"\",\"text\":\"\",\"throttle\":91,\"waitTime\":0,\"widget\":\"{\\\"bounds\\\":\\\"[507,1640][573,1706]\\\",\\\"class\\\":\\\"android.view.View\\\",\\\"content-desc\\\":\\\"Apps list\\\",\\\"index\\\":0,\\\"resource-id\\\":\\\"\\\",\\\"text\\\":\\\"\\\"}\"}","Screenshot":""}
{"Type":"ScriptInfo","MonkeyStepsCount":4,"Time":"2026-04-12 09:10:11.762","Info":"{\"propName\":\"omni956.OmniNotesBugTest.test_lock_note\",\"startStepsCount\":4,\"state\":\"start\"}","Screenshot":""}
{"Type":"Script","MonkeyStepsCount":4,"Time":"2026-04-12 09:10:12.385","Info":"{\"jsonrpc\": \"2.0\", \"id\": 1, \"method\": \"click\", \"params\": [536.0, 657.5]}","Screenshot":""}
{"Type":"Script","MonkeyStepsCount":4,"Time":"2026-04-12 09:10:13.301","Info":"{\"jsonrpc\": \"2.0\", \"id\": 1, \"method\": \"click\", \"params\": [1024.5, 209.0]}","Screenshot":""}
{"Type":"Script","MonkeyStepsCount":4,"Time":"2026-04-12 09:10:14.064","Info":"{\"jsonrpc\": \"2.0\", \"id\": 1, \"method\": \"click\", \"params\": [799.5, 363.5]}","Screenshot":""}
{"Type":"Script","MonkeyStepsCount":4,"Time":"2026-04-12 09:10:14.938","Info":"{\"jsonrpc\": \"2.0\", \"id\": 1, \"method\": \"setText\", \"params\": [{\"mask\": 2097153, \"childOrSibling\": [], \"childOrSiblingSelector\": [], \"resourceId\": \"it.feio.android.omninotes.alpha:id\/password\", \"text\": \"Insert a new password\"}, \"1\"]}","Screenshot":""}
{"Type":"Script","MonkeyStepsCount":4,"Time":"2026-04-12 09:10:15.575","Info":"{\"jsonrpc\": \"2.0\", \"id\": 1, \"method\": \"setText\", \"params\": [{\"mask\": 2097153, \"childOrSibling\": [], \"childOrSiblingSelector\": [], \"resourceId\": \"it.feio.android.omninotes.alpha:id\/password_check\", \"text\": \"Confirm the new password\"}, \"1\"]}","Screenshot":""}
{"Type":"Script","MonkeyStepsCount":4,"Time":"2026-04-12 09:10:16.300","Info":"{\"jsonrpc\": \"2.0\", \"id\": 1, \"method\": \"setText\", \"params\": [{\"mask\": 2097153, \"childOrSibling\": [], \"childOrSiblingSelector\": [], \"resourceId\": \"it.feio.android.omninotes.alpha:id\/question\", \"text\": \"Question\"}, \"1\"]}","Screenshot":""}
{"Type":"Script","MonkeyStepsCount":4,"Time":"2026-04-12 09:10:16.961","Info":"{\"jsonrpc\": \"2.0\", \"id\": 1, \"method\": \"setText\", \"params\": [{\"mask\": 2097153, \"childOrSibling\": [], \"childOrSiblingSelector\": [], \"resourceId\": \"it.feio.android.omninotes.alpha:id\/answer\", \"text\": \"Answer\"}, \"1\"]}","Screenshot":""}
{"Type":"Script","MonkeyStepsCount":4,"Time":"2026-04-12 09:10:17.625","Info":"{\"jsonrpc\": \"2.0\", \"id\": 1, \"method\": \"setText\", \"params\": [{\"mask\": 2097153, \"childOrSibling\": [], \"childOrSiblingSelector\": [], \"resourceId\": \"it.feio.android.omninotes.alpha:id\/answer_check\", \"text\": \"Confirm answer\"}, \"1\"]}","Screenshot":""}
{"Type":"Script","MonkeyStepsCount":4,"Time":"2026-04-12 09:10:18.400","Info":"{\"jsonrpc\": \"2.0\", \"id\": 1, \"method\": \"click\", \"params\": [807.0, 1891.0]}","Screenshot":""}
{"Type":"Script","MonkeyStepsCount":4,"Time":"2026-04-12 09:10:19.046","Info":"{\"jsonrpc\": \"2.0\", \"id\": 1, \"method\": \"pressKey\", \"params\": [\"back\"]}","Screenshot":""}
{"Type":"Script","MonkeyStepsCount":4,"Time":"2026-04-12 09:10:19.868","Info":"{\"jsonrpc\": \"2.0\", \"id\": 1, \"method\": \"pressKey\", \"params\": [\"back\"]}","Screenshot":""}
{"Type":"Script","MonkeyStepsCount":4,"Time":"2026-04-12 09:10:20.603","Info":"{\"jsonrpc\": \"2.0\", \"id\": 1, \"method\": \"click\", \"params\": [536.0, 657.5]}","Screenshot":""}
{"Type":"Script","MonkeyStepsCount":4,"Time":"2026-04-12 09:10:21.371","Info":"{\"jsonrpc\": \"2.0\", \"id\": 1, \"method\": \"pressKey\", \"params\": [\"back\"]}","Screenshot":""}
{"Type":"ScriptInfo","MonkeyStepsCount":4,"Time":"2026-04-12 09:10:21.632","Info":"{\"propName\":\"omni956.OmniNotesBugTest.test_lock_note\",\"startStepsCount\":4,\"state\":\"pass\"}","Screenshot":""}
{"Type":"ScriptInfo","MonkeyStepsCount":4,"Time":"2026-04-12 09:10:21.916","Info":"{\"propName\":\"omni956.OmniNotesBugTest.test_reduced_view\",\"startStepsCount\":4,\"state\":\"start\"}","Screenshot":""}
{"Type":"Script","MonkeyStepsCount":4,"Time":"2026-04-12 09:10:22.039","Info":"{\"jsonrpc\": \"2.0\", \"id\": 1, \"method\": \"click\", \"params\": [1024.5, 209.0]}","Screenshot":""}
{"Type":"Script","MonkeyStepsCount":4,"Time":"2026-04-12 09:10:23.185","Info":"{\"jsonrpc\": \"2.0\", \"id\": 1, \"method\": \"click\", \"params\": [799.5, 231.5]}","Screenshot":""}
{"Type":"Script","MonkeyStepsCount":4,"Time":"2026-04-12 09:10:24.092","Info":"{\"jsonrpc\": \"2.0\", \"id\": 1, \"method\": \"click\", \"params\": [1024.5, 209.0]}","Screenshot":""}
{"Type":"Script","MonkeyStepsCount":4,"Time":"2026-04-12 09:10:24.940","Info":"{\"jsonrpc\": \"2.0\", \"id\": 1, \"method\": \"click\", \"params\": [799.5, 231.5]}","Screenshot":""}
{"Type":"ScriptInfo","MonkeyStepsCount":4,"Time":"2026-04-12 09:10:25.637","Info":"{\"propName\":\"omni956.OmniNotesBugTest.test_reduced_view\",\"startStepsCount\":4,\"state\":\"pass\"}","Screenshot":""}
{"Type":"ScriptInfo","MonkeyStepsCount":4,"Time":"2026-04-12 09:10:25.937","Info":"{\"propName\":\"omni956.OmniNotesBugTest.test_behavior_setting\",\"startStepsCount\":4,\"state\":\"start\"}","Screenshot":""}
{"Type":"Script","MonkeyStepsCount":4,"Time":"2026-04-12 09:10:26.234","Info":"{\"jsonrpc\": \"2.0\", \"id\": 1, \"method\": \"click\", \"params\": [77.0, 209.0]}","Screenshot":""}
{"Type":"Script","MonkeyStepsCount":4,"Time":"2026-04-12 09:10:27.000","Info":"{\"jsonrpc\": \"2.0\", \"id\": 1, \"method\": \"click\", \"params\": [478.5, 819.0]}","Screenshot":""}
{"Type":"Script","MonkeyStepsCount":4,"Time":"2026-04-12 09:10:27.872","Info":"{\"jsonrpc\": \"2.0\", \"id\": 1, \"method\": \"click\", \"params\": [140.5, 941.5]}","Screenshot":""}
{"Type":"Script","MonkeyStepsCount":4,"Time":"2026-04-12 09:10:28.657","Info":"{\"jsonrpc\": \"2.0\", \"id\": 1, \"method\": \"click\", \"params\": [972.0, 559.0]}","Screenshot":""}
{"Type":"Script","MonkeyStepsCount":4,"Time":"2026-04-12 09:10:29.464","Info":"{\"jsonrpc\": \"2.0\", \"id\": 1, \"method\": \"click\", \"params\": [972.0, 559.0]}","Screenshot":""}
{"Type":"Script","MonkeyStepsCount":4,"Time":"2026-04-12 09:10:30.190","Info":"{\"jsonrpc\": \"2.0\", \"id\": 1, \"method\": \"pressKey\", \"params\": [\"back\"]}","Screenshot":""}
{"Type":"Script","MonkeyStepsCount":4,"Time":"2026-04-12 09:10:30.766","Info":"{\"jsonrpc\": \"2.0\", \"id\": 1, \"method\": \"pressKey\", \"params\": [\"back\"]}","Screenshot":""}
{"Type":"Script","MonkeyStepsCount":4,"Time":"2026-04-12 09:10:31.860","Info":"{\"jsonrpc\": \"2.0\", \"id\": 1, \"method\": \"pressKey\", \"params\": [\"back\"]}","Screenshot":""}
{"Type":"ScriptInfo","MonkeyStepsCount":4,"Time":"2026-04-12 09:10:32.415","Info":"{\"propName\":\"omni956.OmniNotesBugTest.test_behavior_setting\",\"startStepsCount\":4,\"state\":\"pass\"}","Screenshot":""}
{"Type":"ScriptInfo","MonkeyStepsCount":4,"Time":"2026-04-12 09:10:32.729","Info":"{\"propName\":\"omni956.OmniNotesBugTest.test_create_checklist\",\"startStepsCount\":4,\"state\":\"start\"}","Screenshot":""}
{"Type":"Script","MonkeyStepsCount":4,"Time":"2026-04-12 09:10:32.887","Info":"{\"jsonrpc\": \"2.0\", \"id\": 1, \"method\": \"click\", \"params\": [957.0, 2024.5]}","Screenshot":""}
{"Type":"Script","MonkeyStepsCount":4,"Time":"2026-04-12 09:10:33.705","Info":"{\"jsonrpc\": \"2.0\", \"id\": 1, \"method\": \"click\", \"params\": [957.5, 1662.5]}","Screenshot":""}
{"Type":"Script","MonkeyStepsCount":4,"Time":"2026-04-12 09:10:34.499","Info":"{\"jsonrpc\": \"2.0\", \"id\": 1, \"method\": \"setText\", \"params\": [{\"mask\": 2097152, \"childOrSibling\": [], \"childOrSiblingSelector\": [], \"resourceId\": \"it.feio.android.omninotes.alpha:id\/detail_title\"}, \"R7nCz qza\"]}","Screenshot":""}
{"Type":"Script","MonkeyStepsCount":4,"Time":"2026-04-12 09:10:35.191","Info":"{\"jsonrpc\": \"2.0\", \"id\": 1, \"method\": \"setText\", \"params\": [{\"mask\": 17, \"childOrSibling\": [], \"childOrSiblingSelector\": [], \"className\": \"android.widget.EditText\", \"text\": \"New item\"}, \"Pf6\"]}","Screenshot":""}
{"Type":"Script","MonkeyStepsCount":4,"Time":"2026-04-12 09:10:36.031","Info":"{\"jsonrpc\": \"2.0\", \"id\": 1, \"method\": \"click\", \"params\": [215.0, 514.0]}","Screenshot":""}
{"Type":"Script","MonkeyStepsCount":4,"Time":"2026-04-12 09:10:36.712","Info":"{\"jsonrpc\": \"2.0\", \"id\": 1, \"method\": \"pressKey\", \"params\": [\"back\"]}","Screenshot":""}
{"Type":"ScriptInfo","MonkeyStepsCount":4,"Time":"2026-04-12 09:10:37.274","Info":"{\"propName\":\"omni956.OmniNotesBugTest.test_create_checklist\",\"startStepsCount\":4,\"state\":\"pass\"}","Screenshot":""}
{"Type":"ScriptInfo","MonkeyStepsCount":4,"Time":"2026-04-12 09:10:37.561","Info":"{\"propName\":\"omni956.OmniNotesBugTest.test_data_setting\",\"startStepsCount\":4,\"state\":\"start\"}","Screenshot":""}
{"Type":"Script","MonkeyStepsCount":4,"Time":"2026-04-12 09:10:37.844","Info":"{\"jsonrpc\": \"2.0\", \"id\": 1, \"method\": \"click\", \"params\": [77.0, 209.0]}","Screenshot":""}
{"Type":"Script","MonkeyStepsCount":4,"Time":"2026-04-12 09:10:38.811","Info":"{\"jsonrpc\": \"2.0\", \"id\": 1, \"method\": \"click\", \"params\": [478.5, 819.0]}","Screenshot":""}
{"Type":"Script","MonkeyStepsCount":4,"Time":"2026-04-12 09:10:39.679","Info":"{\"jsonrpc\": \"2.0\", \"id\": 1, \"method\": \"click\", \"params\": [89.5, 500.5]}","Screenshot":""}
{"Type":"Script","MonkeyStepsCount":4,"Time":"2026-04-12 09:10:40.481","Info":"{\"jsonrpc\": \"2.0\", \"id\": 1, \"method\": \"click\", \"params\": [222.5, 359.5]}","Screenshot":""}
{"Type":"Script","MonkeyStepsCount":4,"Time":"2026-04-12 09:10:41.137","Info":"{\"jsonrpc\": \"2.0\", \"id\": 1, \"method\": \"pressKey\", \"params\": [\"back\"]}","Screenshot":""}
{"Type":"Script","MonkeyStepsCount":4,"Time":"2026-04-12 09:10:41.717","Info":"{\"jsonrpc\": \"2.0\", \"id\": 1, \"method\": \"pressKey\", \"params\": [\"back\"]}","Screenshot":""}
{"Type":"Script","MonkeyStepsCount":4,"Time":"2026-04-12 09:10:42.287","Info":"{\"jsonrpc\": \"2.0\", \"id\": 1, \"method\": \"pressKey\", \"params\": [\"back\"]}","Screenshot":""}
{"Type":"Script","MonkeyStepsCount":4,"Time":"2026-04-12 09:10:43.396","Info":"{\"jsonrpc\": \"2.0\", \"id\": 1, \"method\": \"pressKey\", \"params\": [\"back\"]}","Screenshot":""}
{"Type":"ScriptInfo","MonkeyStepsCount":4,"Time":"2026-04-12 09:10:43.962","Info":"{\"propName\":\"omni956.OmniNotesBugTest.test_data_setting\",\"startStepsCount\":4,\"state\":\"pass\"}","Screenshot":""}
{"Type":"ScriptInfo","MonkeyStepsCount":4,"Time":"2026-04-12 09:10:44.258","Info":"{\"propName\":\"omni956.OmniNotesBugTest.test_search_tag\",\"startStepsCount\":4,\"state\":\"start\"}","Screenshot":""}
{"Type":"Script","MonkeyStepsCount":4,"Time":"2026-04-12 09:10:44.433","Info":"{\"jsonrpc\": \"2.0\", \"id\": 1, \"method\": \"click\", \"params\": [771.0, 209.0]}","Screenshot":""}
{"Type":"Script","MonkeyStepsCount":4,"Time":"2026-04-12 09:10:45.781","Info":"{\"jsonrpc\": \"2.0\", \"id\": 1, \"method\": \"click\", \"params\": [507.0, 209.0]}","Screenshot":""}
{"Type":"Script","MonkeyStepsCount":4,"Time":"2026-04-12 09:10:47.112","Info":"{\"jsonrpc\": \"2.0\", \"id\": 1, \"method\": \"click\", \"params\": [1014.0, 209.0]}","Screenshot":""}
{"Type":"Script","MonkeyStepsCount":4,"Time":"2026-04-12 09:10:48.758","Info":"{\"jsonrpc\": \"2.0\", \"id\": 1, \"method\": \"pressKey\", \"params\": [\"back\"]}","Screenshot":""}
{"Type":"ScriptInfo","MonkeyStepsCount":4,"Time":"2026-04-12 09:10:50.528","Info":"{\"propName\":\"omni956.OmniNotesBugTest.test_search_tag\",\"startStepsCount\":4,\"state\":\"fail\"}","Screenshot":""}
{"Type":"ScriptInfo","MonkeyStepsCount":4,"Time":"2026-04-12 09:10:50.820","Info":"{\"propName\":\"omni956.OmniNotesBugTest.test_lock_note\",\"startStepsCount\":4,\"state\":\"start\"}","Screenshot":""}
{"Type":"Script","MonkeyStepsCount":4,"Time":"2026-04-12 09:10:51.581","Info":"{\"jsonrpc\": \"2.0\", \"id\": 1, \"method\": \"click\", \"params\": [536.0, 1257.5]}","Screenshot":""}
{"Type":"Script","MonkeyStepsCount":4,"Time":"2026-04-12 09:10:52.495","Info":"{\"jsonrpc\": \"2.0\", \"id\": 1, \"method\": \"click\", \"params\": [1024.5, 209.0]}","Screenshot":""}
{"Type":"Script","MonkeyStepsCount":4,"Time":"2026-04-12 09:10:53.332","Info":"{\"jsonrpc\": \"2.0\", \"id\": 1, \"method\": \"click\", \"params\": [799.5, 363.5]}","Screenshot":""}
{"Type":"Script","MonkeyStepsCount":4,"Time":"2026-04-12 09:10:54.098","Info":"{\"jsonrpc\": \"2.0\", \"id\": 1, \"method\": \"click\", \"params\": [456, 1198]}","Screenshot":""}
{"Type":"Script","MonkeyStepsCount":4,"Time":"2026-04-12 09:10:54.577","Info":"{\"jsonrpc\": \"2.0\", \"id\": 1, \"method\": \"click\", \"params\": [843.5, 1255.0]}","Screenshot":""}
{"Type":"Script","MonkeyStepsCount":4,"Time":"2026-04-12 09:10:55.300","Info":"{\"jsonrpc\": \"2.0\", \"id\": 1, \"method\": \"pressKey\", \"params\": [\"back\"]}","Screenshot":""}
{"Type":"Script","MonkeyStepsCount":4,"Time":"2026-04-12 09:10:56.449","Info":"{\"jsonrpc\": \"2.0\", \"id\": 1, \"method\": \"click\", \"params\": [536.0, 1257.5]}","Screenshot":""}
{"Type":"Script","MonkeyStepsCount":4,"Time":"2026-04-12 09:10:57.217","Info":"{\"jsonrpc\": \"2.0\", \"id\": 1, \"method\": \"pressKey\", \"params\": [\"back\"]}","Screenshot":""}
{"Type":"ScriptInfo","MonkeyStepsCount":4,"Time":"2026-04-12 09:10:57.530","Info":"{\"propName\":\"omni956.OmniNotesBugTest.test_lock_note\",\"startStepsCount\":4,\"state\":\"pass\"}","Screenshot":""}
{"Type":"ScriptInfo","MonkeyStepsCount":4,"Time":"2026-04-12 09:10:57.988","Info":"{\"propName\":\"omni956.OmniNotesBugTest.test_reduced_view\",\"startStepsCount\":4,\"state\":\"start\"}","Screenshot":""}
{"Type":"Script","MonkeyStepsCount":4,"Time":"2026-04-12 09:10:58.175","Info":"{\"jsonrpc\": \"2.0\", \"id\": 1, \"method\": \"click\", \"params\": [1024.5, 209.0]}","Screenshot":""}
{"Type":"Script","MonkeyStepsCount":4,"Time":"2026-04-12 09:10:59.059","Info":"{\"jsonrpc\": \"2.0\", \"id\": 1, \"method\": \"click\", \"params\": [799.5, 231.5]}","Screenshot":""}
{"Type":"Script","MonkeyStepsCount":4,"Time":"2026-04-12 09:10:59.897","Info":"{\"jsonrpc\": \"2.0\", \"id\": 1, \"method\": \"click\", \"params\": [1024.5, 209.0]}","Screenshot":""}
{"Type":"Script","MonkeyStepsCount":4,"Time":"2026-04-12 09:11:00.663","Info":"{\"jsonrpc\": \"2.0\", \"id\": 1, \"method\": \"click\", \"params\": [799.5, 231.5]}","Screenshot":""}
{"Type":"ScriptInfo","MonkeyStepsCount":4,"Time":"2026-04-12 09:11:01.307","Info":"{\"propName\":\"omni956.OmniNotesBugTest.test_reduced_view\",\"startStepsCount\":4,\"state\":\"pass\"}","Screenshot":""}
{"Type":"ScriptInfo","MonkeyStepsCount":4,"Time":"2026-04-12 09:11:01.620","Info":"{\"propName\":\"omni956.OmniNotesBugTest.test_reduced_view\",\"startStepsCount\":4,\"state\":\"start\"}","Screenshot":""}
{"Type":"Script","MonkeyStepsCount":4,"Time":"2026-04-12 09:11:01.791","Info":"{\"jsonrpc\": \"2.0\", \"id\": 1, \"method\": \"click\", \"params\": [1024.5, 209.0]}","Screenshot":""}
{"Type":"Script","MonkeyStepsCount":4,"Time":"2026-04-12 09:11:02.681","Info":"{\"jsonrpc\": \"2.0\", \"id\": 1, \"method\": \"click\", \"params\": [799.5, 231.5]}","Screenshot":""}
{"Type":"Script","MonkeyStepsCount":4,"Time":"2026-04-12 09:11:03.491","Info":"{\"jsonrpc\": \"2.0\", \"id\": 1, \"method\": \"click\", \"params\": [1024.5, 209.0]}","Screenshot":""}
{"Type":"Script","MonkeyStepsCount":4,"Time":"2026-04-12 09:11:04.317","Info":"{\"jsonrpc\": \"2.0\", \"id\": 1, \"method\": \"click\", \"params\": [799.5, 231.5]}","Screenshot":""}
{"Type":"ScriptInfo","MonkeyStepsCount":4,"Time":"2026-04-12 09:11:04.964","Info":"{\"propName\":\"omni956.OmniNotesBugTest.test_reduced_view\",\"startStepsCount\":4,\"state\":\"pass\"}","Screenshot":""}
{"Type":"ScriptInfo","MonkeyStepsCount":4,"Time":"2026-04-12 09:11:05.301","Info":"{\"propName\":\"omni956.OmniNotesBugTest.test_reduced_view\",\"startStepsCount\":4,\"state\":\"start\"}","Screenshot":""}
{"Type":"Script","MonkeyStepsCount":4,"Time":"2026-04-12 09:11:05.458","Info":"{\"jsonrpc\": \"2.0\", \"id\": 1, \"method\": \"click\", \"params\": [1024.5, 209.0]}","Screenshot":""}
{"Type":"Script","MonkeyStepsCount":4,"Time":"2026-04-12 09:11:06.350","Info":"{\"jsonrpc\": \"2.0\", \"id\": 1, \"method\": \"click\", \"params\": [799.5, 231.5]}","Screenshot":""}
{"Type":"Script","MonkeyStepsCount":4,"Time":"2026-04-12 09:11:07.160","Info":"{\"jsonrpc\": \"2.0\", \"id\": 1, \"method\": \"click\", \"params\": [1024.5, 209.0]}","Screenshot":""}
{"Type":"Script","MonkeyStepsCount":4,"Time":"2026-04-12 09:11:07.985","Info":"{\"jsonrpc\": \"2.0\", \"id\": 1, \"method\": \"click\", \"params\": [799.5, 231.5]}","Screenshot":""}
{"Type":"ScriptInfo","MonkeyStepsCount":4,"Time":"2026-04-12 09:11:08.673","Info":"{\"propName\":\"omni956.OmniNotesBugTest.test_reduced_view\",\"startStepsCount\":4,\"state\":\"pass\"}","Screenshot":""}
{"Type":"ScriptInfo","MonkeyStepsCount":4,"Time":"2026-04-12 09:11:08.974","Info":"{\"propName\":\"omni956.OmniNotesBugTest.test_reduced_view\",\"startStepsCount\":4,\"state\":\"start\"}","Screenshot":""}
{"Type":"Script","MonkeyStepsCount":4,"Time":"2026-04-12 09:11:09.147","Info":"{\"jsonrpc\": \"2.0\", \"id\": 1, \"method\": \"click\", \"params\": [1024.5, 209.0]}","Screenshot":""}
{"Type":"Script","MonkeyStepsCount":4,"Time":"2026-04-12 09:11:10.067","Info":"{\"jsonrpc\": \"2.0\", \"id\": 1, \"method\": \"click\", \"params\": [799.5, 231.5]}","Screenshot":""}
{"Type":"Script","MonkeyStepsCount":4,"Time":"2026-04-12 09:11:10.917","Info":"{\"jsonrpc\": \"2.0\", \"id\": 1, \"method\": \"click\", \"params\": [1024.5, 209.0]}","Screenshot":""}
{"Type":"Script","MonkeyStepsCount":4,"Time":"2026-04-12 09:11:11.776","Info":"{\"jsonrpc\": \"2.0\", \"id\": 1, \"method\": \"click\", \"params\": [799.5, 231.5]}","Screenshot":""}
{"Type":"ScriptInfo","MonkeyStepsCount":4,"Time":"2026-04-12 09:11:12.432","Info":"{\"propName\":\"omni956.OmniNotesBugTest.test_reduced_view\",\"startStepsCount\":4,\"state\":\"pass\"}","Screenshot":""}
{"Type":"Monkey","MonkeyStepsCount":5,"Time":"2026-04-12 09:11:12.707","Info":"{\"act\":\"LONG_CLICK\",\"adbinput\":false,\"aid\":\"g0a9\",\"allowFuzzing\":true,\"clear\":false,\"editable\":false,\"jAction\":\"\",\"pos\":[837,143,969,275],\"rawinput\":false,\"sid\":\"\",\"text\":\"\",\"throttle\":13,\"waitTime\":0,\"widget\":\"{\\\"bounds\\\":\\\"[837,143][969,275]\\\",\\\"class\\\":\\\"android.widget.Button\\\",\\\"content-desc\\\":\\\"Sort\\\",\\\"index\\\":1,\\\"resource-id\\\":\\\"it.feio.android.omninotes.alpha:id\/menu_sort\\\",\\\"text\\\":\\\"\\\"}\"}","Screenshot":""}
{"Type":"ScriptInfo","MonkeyStepsCount":5,"Time":"2026-04-12 09:11:13.994","Info":"{\"propName\":\"omni956.OmniNotesBugTest.test_search_tag\",\"startStepsCount\":5,\"state\":\"start\"}","Screenshot":""}
{"Type":"Script","MonkeyStepsCount":5,"Time":"2026-04-12 09:11:14.170","Info":"{\"jsonrpc\": \"2.0\", \"id\": 1, \"method\": \"click\", \"params\": [771.0, 209.0]}","Screenshot":""}
{"Type":"Script","MonkeyStepsCount":5,"Time":"2026-04-12 09:11:15.611","Info":"{\"jsonrpc\": \"2.0\", \"id\": 1, \"method\": \"click\", \"params\": [507.0, 209.0]}","Screenshot":""}
{"Type":"Script","MonkeyStepsCount":5,"Time":"2026-04-12 09:11:16.985","Info":"{\"jsonrpc\": \"2.0\", \"id\": 1, \"method\": \"click\", \"params\": [1014.0, 209.0]}","Screenshot":""}
{"Type":"Script","MonkeyStepsCount":5,"Time":"2026-04-12 09:11:18.556","Info":"{\"jsonrpc\": \"2.0\", \"id\": 1, \"method\": \"pressKey\", \"params\": [\"back\"]}","Screenshot":""}
{"Type":"ScriptInfo","MonkeyStepsCount":5,"Time":"2026-04-12 09:11:20.328","Info":"{\"propName\":\"omni956.OmniNotesBugTest.test_search_tag\",\"startStepsCount\":5,\"state\":\"fail\"}","Screenshot":""}
{"Type":"Monkey","MonkeyStepsCount":6,"Time":"2026-04-12 09:11:20.623","Info":"{\"act\":\"SCROLL_RIGHT_LEFT\",\"adbinput\":false,\"aid\":\"g0a6\",\"allowFuzzing\":true,\"clear\":false,\"editable\":false,\"jAction\":\"\",\"pos\":[0,0,1080,2280],\"rawinput\":false,\"sid\":\"\",\"text\":\"\",\"throttle\":76,\"waitTime\":0,\"widget\":\"{\\\"bounds\\\":\\\"[0,0][1080,2280]\\\",\\\"class\\\":\\\"android.widget.FrameLayout\\\",\\\"content-desc\\\":\\\"\\\",\\\"index\\\":0,\\\"resource-id\\\":\\\"\\\",\\\"text\\\":\\\"\\\"}\"}","Screenshot":""}
{"Type":"Monkey","MonkeyStepsCount":7,"Time":"2026-04-12 09:11:21.373","Info":"{\"act\":\"CLICK\",\"adbinput\":false,\"aid\":\"g0a2\",\"allowFuzzing\":true,\"clear\":false,\"editable\":false,\"jAction\":\"\",\"pos\":[0,132,154,286],\"rawinput\":false,\"sid\":\"\",\"text\":\"\",\"throttle\":15,\"waitTime\":0,\"widget\":\"{\\\"bounds\\\":\\\"[0,132][154,286]\\\",\\\"class\\\":\\\"android.widget.ImageButton\\\",\\\"content-desc\\\":\\\"Collapse\\\",\\\"index\\\":0,\\\"resource-id\\\":\\\"\\\",\\\"text\\\":\\\"\\\"}\"}","Screenshot":""}
{"Type":"Monkey","MonkeyStepsCount":8,"Time":"2026-04-12 09:11:21.683","Info":"{\"act\":\"SCROLL_TOP_DOWN\",\"adbinput\":false,\"aid\":\"g0a3\",\"allowFuzzing\":true,\"clear\":false,\"editable\":false,\"jAction\":\"\",\"pos\":[0,0,1080,2280],\"rawinput\":false,\"sid\":\"\",\"text\":\"\",\"throttle\":15,\"waitTime\":0,\"widget\":\"{\\\"bounds\\\":\\\"[0,0][1080,2280]\\\",\\\"class\\\":\\\"android.widget.FrameLayout\\\",\\\"content-desc\\\":\\\"\\\",\\\"index\\\":0,\\\"resource-id\\\":\\\"\\\",\\\"text\\\":\\\"\\\"}\"}","Screenshot":""}
{"Type":"ScriptInfo","MonkeyStepsCount":8,"Time":"2026-04-12 09:11:22.270","Info":"{\"propName\":\"omni956.OmniNotesBugTest.test_reduced_view\",\"startStepsCount\":8,\"state\":\"start\"}","Screenshot":""}
{"Type":"Script","MonkeyStepsCount":8,"Time":"2026-04-12 09:11:22.697","Info":"{\"jsonrpc\": \"2.0\", \"id\": 1, \"method\": \"click\", \"params\": [1024.5, 209.0]}","Screenshot":""}
{"Type":"Script","MonkeyStepsCount":8,"Time":"2026-04-12 09:11:23.607","Info":"{\"jsonrpc\": \"2.0\", \"id\": 1, \"method\": \"click\", \"params\": [799.5, 231.5]}","Screenshot":""}
{"Type":"Script","MonkeyStepsCount":8,"Time":"2026-04-12 09:11:24.424","Info":"{\"jsonrpc\": \"2.0\", \"id\": 1, \"method\": \"click\", \"params\": [1024.5, 209.0]}","Screenshot":""}
{"Type":"Script","MonkeyStepsCount":8,"Time":"2026-04-12 09:11:25.208","Info":"{\"jsonrpc\": \"2.0\", \"id\": 1, \"method\": \"click\", \"params\": [799.5, 231.5]}","Screenshot":""}
{"Type":"ScriptInfo","MonkeyStepsCount":8,"Time":"2026-04-12 09:11:25.935","Info":"{\"propName\":\"omni956.OmniNotesBugTest.test_reduced_view\",\"startStepsCount\":8,\"state\":\"pass\"}","Screenshot":""}
{"Type":"ScriptInfo","MonkeyStepsCount":8,"Time":"2026-04-12 09:11:26.235","Info":"{\"propName\":\"omni956.OmniNotesBugTest.test_search_tag\",\"startStepsCount\":8,\"state\":\"start\"}","Screenshot":""}
{"Type":"Script","MonkeyStepsCount":8,"Time":"2026-04-12 09:11:26.404","Info":"{\"jsonrpc\": \"2.0\", \"id\": 1, \"method\": \"click\", \"params\": [771.0, 209.0]}","Screenshot":""}
{"Type":"Script","MonkeyStepsCount":8,"Time":"2026-04-12 09:11:27.697","Info":"{\"jsonrpc\": \"2.0\", \"id\": 1, \"method\": \"click\", \"params\": [507.0, 209.0]}","Screenshot":""}
{"Type":"Script","MonkeyStepsCount":8,"Time":"2026-04-12 09:11:29.049","Info":"{\"jsonrpc\": \"2.0\", \"id\": 1, \"method\": \"click\", \"params\": [1014.0, 209.0]}","Screenshot":""}
{"Type":"Script","MonkeyStepsCount":8,"Time":"2026-04-12 09:11:30.699","Info":"{\"jsonrpc\": \"2.0\", \"id\": 1, \"method\": \"pressKey\", \"params\": [\"back\"]}","Screenshot":""}
{"Type":"ScriptInfo","MonkeyStepsCount":8,"Time":"2026-04-12 09:11:32.450","Info":"{\"propName\":\"omni956.OmniNotesBugTest.test_search_tag\",\"startStepsCount\":8,\"state\":\"fail\"}","Screenshot":""}
{"Type":"Monkey","MonkeyStepsCount":9,"Time":"2026-04-12 09:11:32.743","Info":"{\"act\":\"SCROLL_LEFT_RIGHT\",\"adbinput\":false,\"aid\":\"g0a5\",\"allowFuzzing\":true,\"clear\":false,\"editable\":false,\"jAction\":\"\",\"pos\":[0,0,1080,2280],\"rawinput\":false,\"sid\":\"\",\"text\":\"\",\"throttle\":71,\"waitTime\":0,\"widget\":\"{\\\"bounds\\\":\\\"[0,0][1080,2280]\\\",\\\"class\\\":\\\"android.widget.FrameLayout\\\",\\\"content-desc\\\":\\\"\\\",\\\"index\\\":0,\\\"resource-id\\\":\\\"\\\",\\\"text\\\":\\\"\\\"}\"}","Screenshot":""}
{"Type":"ScriptInfo","MonkeyStepsCount":9,"Time":"2026-04-12 09:11:33.524","Info":"{\"propName\":\"omni956.OmniNotesBugTest.test_lock_note\",\"startStepsCount\":9,\"state\":\"start\"}","Screenshot":""}
{"Type":"ScriptInfo","MonkeyStepsCount":9,"Time":"2026-04-12 09:12:04.901","Info":"{\"propName\":\"omni956.OmniNotesBugTest.test_lock_note\",\"startStepsCount\":9,\"state\":\"error\"}","Screenshot":""}
