{"Type":"Monkey","MonkeyStepsCount":1,"Time":"2026-06-19 03:05:32.882","Info":"{\"act\":\"LONG_CLICK\",\"adbinput\":false,\"aid\":\"g0a3\",\"allowFuzzing\":true,\"clear\":false,\"editable\":false,\"jAction\":\"\",\"pos\":[0,286,1080,412],\"rawinput\":false,\"sid\":\"\",\"text\":\"\",\"throttle\":26,\"waitTime\":0,\"widget\":\"{\\\"bounds\\\":\\\"[0,286][1080,412]\\\",\\\"class\\\":\\\"android.widget.LinearLayout\\\",\\\"content-desc\\\":\\\"Folder .. \/storage\/emulated\/0\/Documents\\\",\\\"index\\\":0,\\\"resource-id\\\":\\\"net.gsantner.markor_test:id\/opoc_filesystem_item__root\\\",\\\"text\\\":\\\"\\\"}\"}","Screenshot":""}
{"Type":"ScriptInfo","MonkeyStepsCount":1,"Time":"2026-06-19 03:05:34.225","Info":"{\"propName\":\"markor1668.Markor.test_rename_file\",\"startStepsCount\":1,\"state\":\"start\"}","Screenshot":""}
{"Type":"Script","MonkeyStepsCount":1,"Time":"2026-06-19 03:05:34.414","Info":"{\"jsonrpc\": \"2.0\", \"id\": 1, \"method\": \"click\", \"params\": [135.0, 2013.0]}","Screenshot":""}
{"Type":"Script","MonkeyStepsCount":1,"Time":"2026-06-19 03:05:35.789","Info":"{\"jsonrpc\": \"2.0\", \"id\": 1, \"method\": \"click\", \"params\": [694.0, 209.0]}","Screenshot":""}
{"Type":"Script","MonkeyStepsCount":1,"Time":"2026-06-19 03:05:37.079","Info":"{\"jsonrpc\": \"2.0\", \"id\": 1, \"method\": \"click\", \"params\": [717.5, 1107.0]}","Screenshot":""}
{"Type":"Script","MonkeyStepsCount":1,"Time":"2026-06-19 03:05:38.941","Info":"{\"jsonrpc\": \"2.0\", \"id\": 1, \"method\": \"click\", \"params\": [309.5, 774.0, 500]}","Screenshot":""}
{"Type":"Script","MonkeyStepsCount":1,"Time":"2026-06-19 03:05:40.938","Info":"{\"jsonrpc\": \"2.0\", \"id\": 1, \"method\": \"click\", \"params\": [694.0, 209.0]}","Screenshot":""}
{"Type":"Script","MonkeyStepsCount":1,"Time":"2026-06-19 03:05:42.175","Info":"{\"jsonrpc\": \"2.0\", \"id\": 1, \"method\": \"setText\", \"params\": [{\"mask\": 2097152, \"childOrSibling\": [], \"childOrSiblingSelector\": [], \"resourceId\": \"net.gsantner.markor_test:id\/new_name\"}, \"o38.md\"]}","Screenshot":""}
{"Type":"Script","MonkeyStepsCount":1,"Time":"2026-06-19 03:05:43.508","Info":"{\"jsonrpc\": \"2.0\", \"id\": 1, \"method\": \"click\", \"params\": [751.5, 1341.0]}","Screenshot":""}
{"Type":"ScriptInfo","MonkeyStepsCount":1,"Time":"2026-06-19 03:05:44.801","Info":"{\"propName\":\"markor1668.Markor.test_rename_file\",\"startStepsCount\":1,\"state\":\"pass\"}","Screenshot":""}
{"Type":"Monkey","MonkeyStepsCount":2,"Time":"2026-06-19 03:05:45.136","Info":"{\"act\":\"SCROLL_LEFT_RIGHT\",\"adbinput\":false,\"aid\":\"g0a17\",\"allowFuzzing\":true,\"clear\":false,\"editable\":false,\"jAction\":\"\",\"pos\":[0,286,1080,1994],\"rawinput\":false,\"sid\":\"\",\"text\":\"\",\"throttle\":86,\"waitTime\":0,\"widget\":\"{\\\"bounds\\\":\\\"[0,286][1080,1994]\\\",\\\"class\\\":\\\"android.support.v4.view.ViewPager\\\",\\\"content-desc\\\":\\\"\\\",\\\"index\\\":2,\\\"resource-id\\\":\\\"net.gsantner.markor_test:id\/main__view_pager_container\\\",\\\"text\\\":\\\"\\\"}\"}","Screenshot":""}
{"Type":"ScriptInfo","MonkeyStepsCount":2,"Time":"2026-06-19 03:05:45.812","Info":"{\"propName\":\"markor1668.Markor.test_rename_file\",\"startStepsCount\":2,\"state\":\"start\"}","Screenshot":""}
{"Type":"Script","MonkeyStepsCount":2,"Time":"2026-06-19 03:05:45.970","Info":"{\"jsonrpc\": \"2.0\", \"id\": 1, \"method\": \"click\", \"params\": [135.0, 2013.0]}","Screenshot":""}
{"Type":"Script","MonkeyStepsCount":2,"Time":"2026-06-19 03:05:47.309","Info":"{\"jsonrpc\": \"2.0\", \"id\": 1, \"method\": \"click\", \"params\": [694.0, 209.0]}","Screenshot":""}
{"Type":"Script","MonkeyStepsCount":2,"Time":"2026-06-19 03:05:48.602","Info":"{\"jsonrpc\": \"2.0\", \"id\": 1, \"method\": \"click\", \"params\": [717.5, 1107.0]}","Screenshot":""}
{"Type":"Script","MonkeyStepsCount":2,"Time":"2026-06-19 03:05:50.536","Info":"{\"jsonrpc\": \"2.0\", \"id\": 1, \"method\": \"click\", \"params\": [254.5, 774.0, 500]}","Screenshot":""}
{"Type":"Script","MonkeyStepsCount":2,"Time":"2026-06-19 03:05:52.394","Info":"{\"jsonrpc\": \"2.0\", \"id\": 1, \"method\": \"click\", \"params\": [694.0, 209.0]}","Screenshot":""}
{"Type":"Script","MonkeyStepsCount":2,"Time":"2026-06-19 03:05:53.596","Info":"{\"jsonrpc\": \"2.0\", \"id\": 1, \"method\": \"setText\", \"params\": [{\"mask\": 2097152, \"childOrSibling\": [], \"childOrSiblingSelector\": [], \"resourceId\": \"net.gsantner.markor_test:id\/new_name\"}, \"Mh5JneUDi.md\"]}","Screenshot":""}
{"Type":"Script","MonkeyStepsCount":2,"Time":"2026-06-19 03:05:54.873","Info":"{\"jsonrpc\": \"2.0\", \"id\": 1, \"method\": \"click\", \"params\": [751.5, 1341.0]}","Screenshot":""}
{"Type":"ScriptInfo","MonkeyStepsCount":2,"Time":"2026-06-19 03:05:56.158","Info":"{\"propName\":\"markor1668.Markor.test_rename_file\",\"startStepsCount\":2,\"state\":\"pass\"}","Screenshot":""}
{"Type":"ScriptInfo","MonkeyStepsCount":2,"Time":"2026-06-19 03:05:56.456","Info":"{\"propName\":\"markor1668.Markor.test_rename_file\",\"startStepsCount\":2,\"state\":\"start\"}","Screenshot":""}
{"Type":"Script","MonkeyStepsCount":2,"Time":"2026-06-19 03:05:56.641","Info":"{\"jsonrpc\": \"2.0\", \"id\": 1, \"method\": \"click\", \"params\": [135.0, 2013.0]}","Screenshot":""}
{"Type":"Script","MonkeyStepsCount":2,"Time":"2026-06-19 03:05:58.011","Info":"{\"jsonrpc\": \"2.0\", \"id\": 1, \"method\": \"click\", \"params\": [694.0, 209.0]}","Screenshot":""}
{"Type":"Script","MonkeyStepsCount":2,"Time":"2026-06-19 03:05:59.365","Info":"{\"jsonrpc\": \"2.0\", \"id\": 1, \"method\": \"click\", \"params\": [717.5, 1107.0]}","Screenshot":""}
{"Type":"Script","MonkeyStepsCount":2,"Time":"2026-06-19 03:06:01.191","Info":"{\"jsonrpc\": \"2.0\", \"id\": 1, \"method\": \"click\", \"params\": [345.5, 774.0, 500]}","Screenshot":""}
{"Type":"Script","MonkeyStepsCount":2,"Time":"2026-06-19 03:06:03.251","Info":"{\"jsonrpc\": \"2.0\", \"id\": 1, \"method\": \"click\", \"params\": [694.0, 209.0]}","Screenshot":""}
{"Type":"Script","MonkeyStepsCount":2,"Time":"2026-06-19 03:06:04.480","Info":"{\"jsonrpc\": \"2.0\", \"id\": 1, \"method\": \"setText\", \"params\": [{\"mask\": 2097152, \"childOrSibling\": [], \"childOrSiblingSelector\": [], \"resourceId\": \"net.gsantner.markor_test:id\/new_name\"}, \"Kxazc3A.md\"]}","Screenshot":""}
{"Type":"Script","MonkeyStepsCount":2,"Time":"2026-06-19 03:06:05.790","Info":"{\"jsonrpc\": \"2.0\", \"id\": 1, \"method\": \"click\", \"params\": [751.5, 1341.0]}","Screenshot":""}
{"Type":"ScriptInfo","MonkeyStepsCount":2,"Time":"2026-06-19 03:06:06.998","Info":"{\"propName\":\"markor1668.Markor.test_rename_file\",\"startStepsCount\":2,\"state\":\"pass\"}","Screenshot":""}
{"Type":"Monkey","MonkeyStepsCount":3,"Time":"2026-06-19 03:06:07.321","Info":"{\"act\":\"CLICK\",\"adbinput\":false,\"aid\":\"g0a2\",\"allowFuzzing\":true,\"clear\":false,\"editable\":false,\"jAction\":\"\",\"pos\":[0,286,1080,412],\"rawinput\":false,\"sid\":\"\",\"text\":\"\",\"throttle\":15,\"waitTime\":0,\"widget\":\"{\\\"bounds\\\":\\\"[0,286][1080,412]\\\",\\\"class\\\":\\\"android.widget.LinearLayout\\\",\\\"content-desc\\\":\\\"Folder .. \/storage\/emulated\/0\/Documents\\\",\\\"index\\\":0,\\\"resource-id\\\":\\\"net.gsantner.markor_test:id\/opoc_filesystem_item__root\\\",\\\"text\\\":\\\"\\\"}\"}","Screenshot":""}
{"Type":"ScriptInfo","MonkeyStepsCount":3,"Time":"2026-06-19 03:06:07.648","Info":"{\"propName\":\"markor1668.Markor.test_create_note\",\"startStepsCount\":3,\"state\":\"start\"}","Screenshot":""}
{"Type":"Script","MonkeyStepsCount":3,"Time":"2026-06-19 03:06:07.801","Info":"{\"jsonrpc\": \"2.0\", \"id\": 1, \"method\": \"click\", \"params\": [694.0, 209.0]}","Screenshot":""}
{"Type":"Script","MonkeyStepsCount":3,"Time":"2026-06-19 03:06:09.158","Info":"{\"jsonrpc\": \"2.0\", \"id\": 1, \"method\": \"click\", \"params\": [717.5, 1107.0]}","Screenshot":""}
{"Type":"Script","MonkeyStepsCount":3,"Time":"2026-06-19 03:06:10.499","Info":"{\"jsonrpc\": \"2.0\", \"id\": 1, \"method\": \"click\", \"params\": [959.0, 1873.0]}","Screenshot":""}
{"Type":"Script","MonkeyStepsCount":3,"Time":"2026-06-19 03:06:11.742","Info":"{\"jsonrpc\": \"2.0\", \"id\": 1, \"method\": \"setText\", \"params\": [{\"mask\": 2097152, \"childOrSibling\": [], \"childOrSiblingSelector\": [], \"resourceId\": \"net.gsantner.markor_test:id\/new_file_dialog__name\"}, \"hLPrjfj5\"]}","Screenshot":""}
{"Type":"Script","MonkeyStepsCount":3,"Time":"2026-06-19 03:06:13.023","Info":"{\"jsonrpc\": \"2.0\", \"id\": 1, \"method\": \"click\", \"params\": [909.5, 1424.0]}","Screenshot":""}
{"Type":"Script","MonkeyStepsCount":3,"Time":"2026-06-19 03:06:14.193","Info":"{\"jsonrpc\": \"2.0\", \"id\": 1, \"method\": \"pressKey\", \"params\": [\"back\"]}","Screenshot":""}
{"Type":"ScriptInfo","MonkeyStepsCount":3,"Time":"2026-06-19 03:06:15.051","Info":"{\"propName\":\"markor1668.Markor.test_create_note\",\"startStepsCount\":3,\"state\":\"pass\"}","Screenshot":""}
{"Type":"Monkey","MonkeyStepsCount":4,"Time":"2026-06-19 03:06:15.360","Info":"{\"act\":\"LONG_CLICK\",\"adbinput\":false,\"aid\":\"g0a3\",\"allowFuzzing\":true,\"clear\":false,\"editable\":false,\"jAction\":\"\",\"pos\":[0,286,1080,412],\"rawinput\":false,\"sid\":\"\",\"text\":\"\",\"throttle\":15,\"waitTime\":0,\"widget\":\"{\\\"bounds\\\":\\\"[0,286][1080,412]\\\",\\\"class\\\":\\\"android.widget.LinearLayout\\\",\\\"content-desc\\\":\\\"Folder .. \/storage\/emulated\/0\/Documents\\\",\\\"index\\\":0,\\\"resource-id\\\":\\\"net.gsantner.markor_test:id\/opoc_filesystem_item__root\\\",\\\"text\\\":\\\"\\\"}\"}","Screenshot":""}
{"Type":"Monkey","MonkeyStepsCount":5,"Time":"2026-06-19 03:06:16.663","Info":"{\"act\":\"SCROLL_BOTTOM_UP\",\"adbinput\":false,\"aid\":\"g0a5\",\"allowFuzzing\":true,\"clear\":false,\"editable\":false,\"jAction\":\"\",\"pos\":[0,0,1080,2016],\"rawinput\":false,\"sid\":\"\",\"text\":\"\",\"throttle\":55,\"waitTime\":0,\"widget\":\"{\\\"bounds\\\":\\\"[0,0][1080,2016]\\\",\\\"class\\\":\\\"android.widget.FrameLayout\\\",\\\"content-desc\\\":\\\"\\\",\\\"index\\\":0,\\\"resource-id\\\":\\\"\\\",\\\"text\\\":\\\"\\\"}\"}","Screenshot":""}
{"Type":"ScriptInfo","MonkeyStepsCount":5,"Time":"2026-06-19 03:06:17.255","Info":"{\"propName\":\"markor1668.Markor.test_create_note\",\"startStepsCount\":5,\"state\":\"start\"}","Screenshot":""}
{"Type":"Script","MonkeyStepsCount":5,"Time":"2026-06-19 03:06:17.402","Info":"{\"jsonrpc\": \"2.0\", \"id\": 1, \"method\": \"click\", \"params\": [694.0, 209.0]}","Screenshot":""}
{"Type":"Script","MonkeyStepsCount":5,"Time":"2026-06-19 03:06:18.713","Info":"{\"jsonrpc\": \"2.0\", \"id\": 1, \"method\": \"click\", \"params\": [717.5, 1107.0]}","Screenshot":""}
{"Type":"Script","MonkeyStepsCount":5,"Time":"2026-06-19 03:06:20.071","Info":"{\"jsonrpc\": \"2.0\", \"id\": 1, \"method\": \"click\", \"params\": [959.0, 1873.0]}","Screenshot":""}
{"Type":"Script","MonkeyStepsCount":5,"Time":"2026-06-19 03:06:21.299","Info":"{\"jsonrpc\": \"2.0\", \"id\": 1, \"method\": \"setText\", \"params\": [{\"mask\": 2097152, \"childOrSibling\": [], \"childOrSiblingSelector\": [], \"resourceId\": \"net.gsantner.markor_test:id\/new_file_dialog__name\"}, \"__M\"]}","Screenshot":""}
{"Type":"Script","MonkeyStepsCount":5,"Time":"2026-06-19 03:06:22.592","Info":"{\"jsonrpc\": \"2.0\", \"id\": 1, \"method\": \"click\", \"params\": [909.5, 1424.0]}","Screenshot":""}
{"Type":"Script","MonkeyStepsCount":5,"Time":"2026-06-19 03:06:23.759","Info":"{\"jsonrpc\": \"2.0\", \"id\": 1, \"method\": \"pressKey\", \"params\": [\"back\"]}","Screenshot":""}
{"Type":"ScriptInfo","MonkeyStepsCount":5,"Time":"2026-06-19 03:06:24.604","Info":"{\"propName\":\"markor1668.Markor.test_create_note\",\"startStepsCount\":5,\"state\":\"pass\"}","Screenshot":""}
{"Type":"Monkey","MonkeyStepsCount":6,"Time":"2026-06-19 03:06:24.902","Info":"{\"act\":\"CLICK\",\"adbinput\":false,\"aid\":\"g0a21\",\"allowFuzzing\":true,\"clear\":false,\"editable\":false,\"jAction\":\"\",\"pos\":[882,1796,1036,1950],\"rawinput\":false,\"sid\":\"\",\"text\":\"\",\"throttle\":48,\"waitTime\":0,\"widget\":\"{\\\"bounds\\\":\\\"[882,1796][1036,1950]\\\",\\\"class\\\":\\\"android.widget.ImageButton\\\",\\\"content-desc\\\":\\\"Create a new file or folder\\\",\\\"index\\\":0,\\\"resource-id\\\":\\\"net.gsantner.markor_test:id\/fab_add_new_item\\\",\\\"text\\\":\\\"\\\"}\"}","Screenshot":""}
{"Type":"Monkey","MonkeyStepsCount":7,"Time":"2026-06-19 03:06:25.199","Info":"{\"act\":\"CLICK\",\"adbinput\":false,\"aid\":\"g0a28\",\"allowFuzzing\":true,\"clear\":false,\"editable\":false,\"jAction\":\"\",\"pos\":[88,1113,992,1179],\"rawinput\":false,\"sid\":\"\",\"text\":\"\",\"throttle\":89,\"waitTime\":0,\"widget\":\"{\\\"bounds\\\":\\\"[88,1113][992,1179]\\\",\\\"class\\\":\\\"android.widget.Spinner\\\",\\\"content-desc\\\":\\\"\\\",\\\"index\\\":5,\\\"resource-id\\\":\\\"net.gsantner.markor_test:id\/new_file_dialog__template\\\",\\\"text\\\":\\\"\\\"}\"}","Screenshot":""}
{"Type":"Monkey","MonkeyStepsCount":8,"Time":"2026-06-19 03:06:25.514","Info":"{\"act\":\"CLICK\",\"adbinput\":false,\"aid\":\"g0a46\",\"allowFuzzing\":true,\"clear\":false,\"editable\":false,\"jAction\":\"\",\"pos\":[98,1113,772,1156],\"rawinput\":false,\"sid\":\"\",\"text\":\"\",\"throttle\":89,\"waitTime\":0,\"widget\":\"{\\\"bounds\\\":\\\"[98,1113][772,1156]\\\",\\\"class\\\":\\\"android.widget.TextView\\\",\\\"content-desc\\\":\\\"\\\",\\\"index\\\":0,\\\"resource-id\\\":\\\"android:id\/text1\\\",\\\"text\\\":\\\"Emptyfile\\\"}\"}","Screenshot":""}
{"Type":"Monkey","MonkeyStepsCount":9,"Time":"2026-06-19 03:06:25.921","Info":"{\"act\":\"SCROLL_LEFT_RIGHT\",\"adbinput\":false,\"aid\":\"g0a6\",\"allowFuzzing\":true,\"clear\":false,\"editable\":false,\"jAction\":\"\",\"pos\":[0,709,992,1482],\"rawinput\":false,\"sid\":\"\",\"text\":\"\",\"throttle\":89,\"waitTime\":0,\"widget\":\"{\\\"bounds\\\":\\\"[0,709][992,1482]\\\",\\\"class\\\":\\\"android.widget.FrameLayout\\\",\\\"content-desc\\\":\\\"\\\",\\\"index\\\":0,\\\"resource-id\\\":\\\"\\\",\\\"text\\\":\\\"\\\"}\"}","Screenshot":""}
{"Type":"Monkey","MonkeyStepsCount":10,"Time":"2026-06-19 03:06:26.519","Info":"{\"act\":\"CLICK\",\"adbinput\":false,\"aid\":\"g0a27\",\"allowFuzzing\":true,\"clear\":false,\"editable\":false,\"jAction\":\"\",\"pos\":[77,1366,283,1482],\"rawinput\":false,\"sid\":\"\",\"text\":\"\",\"throttle\":63,\"waitTime\":0,\"widget\":\"{\\\"bounds\\\":\\\"[77,1366][283,1482]\\\",\\\"class\\\":\\\"android.widget.Button\\\",\\\"content-desc\\\":\\\"\\\",\\\"index\\\":0,\\\"resource-id\\\":\\\"android:id\/button3\\\",\\\"text\\\":\\\"FOLDER\\\"}\"}","Screenshot":""}
{"Type":"Monkey","MonkeyStepsCount":11,"Time":"2026-06-19 03:06:26.876","Info":"{\"act\":\"LONG_CLICK\",\"adbinput\":false,\"aid\":\"g0a20\",\"allowFuzzing\":true,\"clear\":false,\"editable\":false,\"jAction\":\"\",\"pos\":[639,143,749,275],\"rawinput\":false,\"sid\":\"\",\"text\":\"\",\"throttle\":63,\"waitTime\":0,\"widget\":\"{\\\"bounds\\\":\\\"[639,143][749,275]\\\",\\\"class\\\":\\\"android.widget.TextView\\\",\\\"content-desc\\\":\\\"Go to\\\",\\\"index\\\":0,\\\"resource-id\\\":\\\"net.gsantner.markor_test:id\/action_go_to\\\",\\\"text\\\":\\\"\\\"}\"}","Screenshot":""}
{"Type":"Monkey","MonkeyStepsCount":12,"Time":"2026-06-19 03:06:28.223","Info":"{\"act\":\"LONG_CLICK\",\"adbinput\":false,\"aid\":\"g0a22\",\"allowFuzzing\":true,\"clear\":false,\"editable\":false,\"jAction\":\"\",\"pos\":[882,1796,1036,1950],\"rawinput\":false,\"sid\":\"\",\"text\":\"\",\"throttle\":73,\"waitTime\":0,\"widget\":\"{\\\"bounds\\\":\\\"[882,1796][1036,1950]\\\",\\\"class\\\":\\\"android.widget.ImageButton\\\",\\\"content-desc\\\":\\\"Create a new file or folder\\\",\\\"index\\\":0,\\\"resource-id\\\":\\\"net.gsantner.markor_test:id\/fab_add_new_item\\\",\\\"text\\\":\\\"\\\"}\"}","Screenshot":""}
{"Type":"Monkey","MonkeyStepsCount":13,"Time":"2026-06-19 03:06:29.599","Info":"{\"act\":\"LONG_CLICK\",\"adbinput\":false,\"aid\":\"g0a3\",\"allowFuzzing\":true,\"clear\":false,\"editable\":false,\"jAction\":\"\",\"pos\":[0,286,1080,412],\"rawinput\":false,\"sid\":\"\",\"text\":\"\",\"throttle\":73,\"waitTime\":0,\"widget\":\"{\\\"bounds\\\":\\\"[0,286][1080,412]\\\",\\\"class\\\":\\\"android.widget.LinearLayout\\\",\\\"content-desc\\\":\\\"Folder .. \/storage\\\",\\\"index\\\":0,\\\"resource-id\\\":\\\"net.gsantner.markor_test:id\/opoc_filesystem_item__root\\\",\\\"text\\\":\\\"\\\"}\"}","Screenshot":""}
{"Type":"ScriptInfo","MonkeyStepsCount":13,"Time":"2026-06-19 03:06:30.968","Info":"{\"propName\":\"markor1668.Markor.test_create_note\",\"startStepsCount\":13,\"state\":\"start\"}","Screenshot":""}
{"Type":"Script","MonkeyStepsCount":13,"Time":"2026-06-19 03:06:31.126","Info":"{\"jsonrpc\": \"2.0\", \"id\": 1, \"method\": \"click\", \"params\": [804.0, 209.0]}","Screenshot":""}
{"Type":"Script","MonkeyStepsCount":13,"Time":"2026-06-19 03:06:32.457","Info":"{\"jsonrpc\": \"2.0\", \"id\": 1, \"method\": \"click\", \"params\": [717.5, 1107.0]}","Screenshot":""}
{"Type":"Script","MonkeyStepsCount":13,"Time":"2026-06-19 03:06:33.749","Info":"{\"jsonrpc\": \"2.0\", \"id\": 1, \"method\": \"click\", \"params\": [959.0, 1873.0]}","Screenshot":""}
{"Type":"Script","MonkeyStepsCount":13,"Time":"2026-06-19 03:06:34.980","Info":"{\"jsonrpc\": \"2.0\", \"id\": 1, \"method\": \"setText\", \"params\": [{\"mask\": 2097152, \"childOrSibling\": [], \"childOrSiblingSelector\": [], \"resourceId\": \"net.gsantner.markor_test:id\/new_file_dialog__name\"}, \"LNyvbz\"]}","Screenshot":""}
{"Type":"Script","MonkeyStepsCount":13,"Time":"2026-06-19 03:06:36.322","Info":"{\"jsonrpc\": \"2.0\", \"id\": 1, \"method\": \"click\", \"params\": [909.5, 1424.0]}","Screenshot":""}
{"Type":"Script","MonkeyStepsCount":13,"Time":"2026-06-19 03:06:37.554","Info":"{\"jsonrpc\": \"2.0\", \"id\": 1, \"method\": \"pressKey\", \"params\": [\"back\"]}","Screenshot":""}
{"Type":"ScriptInfo","MonkeyStepsCount":13,"Time":"2026-06-19 03:06:38.411","Info":"{\"propName\":\"markor1668.Markor.test_create_note\",\"startStepsCount\":13,\"state\":\"pass\"}","Screenshot":""}
{"Type":"ScriptInfo","MonkeyStepsCount":13,"Time":"2026-06-19 03:06:38.723","Info":"{\"propName\":\"markor1668.Markor.test_modify_note\",\"startStepsCount\":13,\"state\":\"start\"}","Screenshot":""}
{"Type":"Script","MonkeyStepsCount":13,"Time":"2026-06-19 03:06:38.876","Info":"{\"jsonrpc\": \"2.0\", \"id\": 1, \"method\": \"click\", \"params\": [694.0, 209.0]}","Screenshot":""}
{"Type":"Script","MonkeyStepsCount":13,"Time":"2026-06-19 03:06:40.168","Info":"{\"jsonrpc\": \"2.0\", \"id\": 1, \"method\": \"click\", \"params\": [717.5, 1107.0]}","Screenshot":""}
{"Type":"Script","MonkeyStepsCount":13,"Time":"2026-06-19 03:06:42.489","Info":"{\"jsonrpc\": \"2.0\", \"id\": 1, \"method\": \"click\", \"params\": [255.5, 472.0]}","Screenshot":""}
{"Type":"Script","MonkeyStepsCount":13,"Time":"2026-06-19 03:06:44.094","Info":"{\"jsonrpc\": \"2.0\", \"id\": 1, \"method\": \"setText\", \"params\": [{\"mask\": 2097152, \"childOrSibling\": [], \"childOrSiblingSelector\": [], \"resourceId\": \"net.gsantner.markor_test:id\/document__fragment__edit__highlighting_editor\"}, \"GzrXLggJh7jSgGmHdGacs\"]}","Screenshot":""}
{"Type":"Script","MonkeyStepsCount":13,"Time":"2026-06-19 03:06:45.203","Info":"{\"jsonrpc\": \"2.0\", \"id\": 1, \"method\": \"pressKey\", \"params\": [\"back\"]}","Screenshot":""}
{"Type":"Script","MonkeyStepsCount":13,"Time":"2026-06-19 03:06:47.336","Info":"{\"jsonrpc\": \"2.0\", \"id\": 1, \"method\": \"click\", \"params\": [255.5, 472.0]}","Screenshot":""}
{"Type":"Script","MonkeyStepsCount":13,"Time":"2026-06-19 03:06:48.634","Info":"{\"jsonrpc\": \"2.0\", \"id\": 1, \"method\": \"pressKey\", \"params\": [\"back\"]}","Screenshot":""}
{"Type":"ScriptInfo","MonkeyStepsCount":13,"Time":"2026-06-19 03:06:50.538","Info":"{\"propName\":\"markor1668.Markor.test_modify_note\",\"startStepsCount\":13,\"state\":\"pass\"}","Screenshot":""}
{"Type":"Monkey","MonkeyStepsCount":14,"Time":"2026-06-19 03:06:50.854","Info":"{\"act\":\"CLICK\",\"adbinput\":false,\"aid\":\"g0a1\",\"allowFuzzing\":true,\"clear\":false,\"editable\":false,\"jAction\":\"\",\"pos\":[810,1994,1080,2016],\"rawinput\":false,\"sid\":\"\",\"text\":\"\",\"throttle\":89,\"waitTime\":0,\"widget\":\"{\\\"bounds\\\":\\\"[810,1994][1080,2016]\\\",\\\"class\\\":\\\"android.widget.FrameLayout\\\",\\\"content-desc\\\":\\\"More\\\",\\\"index\\\":3,\\\"resource-id\\\":\\\"net.gsantner.markor_test:id\/nav_more\\\",\\\"text\\\":\\\"\\\"}\"}","Screenshot":""}
{"Type":"Monkey","MonkeyStepsCount":15,"Time":"2026-06-19 03:06:51.182","Info":"{\"act\":\"CLICK\",\"adbinput\":false,\"aid\":\"g0a55\",\"allowFuzzing\":true,\"clear\":false,\"editable\":false,\"jAction\":\"\",\"pos\":[78,286,1080,532],\"rawinput\":false,\"sid\":\"\",\"text\":\"\",\"throttle\":89,\"waitTime\":0,\"widget\":\"{\\\"bounds\\\":\\\"[78,286][1080,532]\\\",\\\"class\\\":\\\"android.widget.LinearLayout\\\",\\\"content-desc\\\":\\\"\\\",\\\"index\\\":0,\\\"resource-id\\\":\\\"\\\",\\\"text\\\":\\\"\\\"}\"}","Screenshot":""}
{"Type":"Monkey","MonkeyStepsCount":16,"Time":"2026-06-19 03:06:51.498","Info":"{\"act\":\"CLICK\",\"adbinput\":false,\"aid\":\"g0a55\",\"allowFuzzing\":true,\"clear\":false,\"editable\":false,\"jAction\":\"\",\"pos\":[0,286,1080,532],\"rawinput\":false,\"sid\":\"\",\"text\":\"\",\"throttle\":32,\"waitTime\":0,\"widget\":\"{\\\"bounds\\\":\\\"[0,286][1080,532]\\\",\\\"class\\\":\\\"android.widget.LinearLayout\\\",\\\"content-desc\\\":\\\"\\\",\\\"index\\\":0,\\\"resource-id\\\":\\\"\\\",\\\"text\\\":\\\"\\\"}\"}","Screenshot":""}
{"Type":"Monkey","MonkeyStepsCount":17,"Time":"2026-06-19 03:06:51.850","Info":"{\"act\":\"LONG_CLICK\",\"adbinput\":false,\"aid\":\"g0a16\",\"allowFuzzing\":true,\"clear\":false,\"editable\":false,\"jAction\":\"\",\"pos\":[0,132,1080,286],\"rawinput\":false,\"sid\":\"\",\"text\":\"\",\"throttle\":32,\"waitTime\":0,\"widget\":\"{\\\"bounds\\\":\\\"[0,132][1080,286]\\\",\\\"class\\\":\\\"android.view.ViewGroup\\\",\\\"content-desc\\\":\\\"\\\",\\\"index\\\":0,\\\"resource-id\\\":\\\"net.gsantner.markor_test:id\/toolbar\\\",\\\"text\\\":\\\"\\\"}\"}","Screenshot":""}
{"Type":"Monkey","MonkeyStepsCount":18,"Time":"2026-06-19 03:06:53.203","Info":"{\"act\":\"LONG_CLICK\",\"adbinput\":false,\"aid\":\"g0a24\",\"allowFuzzing\":true,\"clear\":false,\"editable\":false,\"jAction\":\"\",\"pos\":[969,143,1080,275],\"rawinput\":false,\"sid\":\"\",\"text\":\"\",\"throttle\":32,\"waitTime\":0,\"widget\":\"{\\\"bounds\\\":\\\"[969,143][1080,275]\\\",\\\"class\\\":\\\"android.widget.ImageView\\\",\\\"content-desc\\\":\\\"More options\\\",\\\"index\\\":0,\\\"resource-id\\\":\\\"\\\",\\\"text\\\":\\\"\\\"}\"}","Screenshot":""}
{"Type":"Monkey","MonkeyStepsCount":19,"Time":"2026-06-19 03:06:54.543","Info":"{\"act\":\"SCROLL_RIGHT_LEFT\",\"adbinput\":false,\"aid\":\"g0a18\",\"allowFuzzing\":true,\"clear\":false,\"editable\":false,\"jAction\":\"\",\"pos\":[0,286,1080,1994],\"rawinput\":false,\"sid\":\"\",\"text\":\"\",\"throttle\":55,\"waitTime\":0,\"widget\":\"{\\\"bounds\\\":\\\"[0,286][1080,1994]\\\",\\\"class\\\":\\\"android.support.v4.view.ViewPager\\\",\\\"content-desc\\\":\\\"\\\",\\\"index\\\":2,\\\"resource-id\\\":\\\"net.gsantner.markor_test:id\/main__view_pager_container\\\",\\\"text\\\":\\\"\\\"}\"}","Screenshot":""}
{"Type":"Monkey","MonkeyStepsCount":20,"Time":"2026-06-19 03:06:55.145","Info":"{\"act\":\"SCROLL_TOP_DOWN\",\"adbinput\":false,\"aid\":\"g0a53\",\"allowFuzzing\":true,\"clear\":false,\"editable\":false,\"jAction\":\"\",\"pos\":[0,286,1080,1994],\"rawinput\":false,\"sid\":\"\",\"text\":\"\",\"throttle\":63,\"waitTime\":0,\"widget\":\"{\\\"bounds\\\":\\\"[0,286][1080,1994]\\\",\\\"class\\\":\\\"android.support.v7.widget.RecyclerView\\\",\\\"content-desc\\\":\\\"\\\",\\\"index\\\":0,\\\"resource-id\\\":\\\"net.gsantner.markor_test:id\/recycler_view\\\",\\\"text\\\":\\\"\\\"}\"}","Screenshot":""}
{"Type":"Monkey","MonkeyStepsCount":21,"Time":"2026-06-19 03:06:55.774","Info":"{\"act\":\"CLICK\",\"adbinput\":false,\"aid\":\"g0a15\",\"allowFuzzing\":true,\"clear\":false,\"editable\":false,\"jAction\":\"\",\"pos\":[0,132,1080,286],\"rawinput\":false,\"sid\":\"\",\"text\":\"\",\"throttle\":63,\"waitTime\":0,\"widget\":\"{\\\"bounds\\\":\\\"[0,132][1080,286]\\\",\\\"class\\\":\\\"android.view.ViewGroup\\\",\\\"content-desc\\\":\\\"\\\",\\\"index\\\":0,\\\"resource-id\\\":\\\"net.gsantner.markor_test:id\/toolbar\\\",\\\"text\\\":\\\"\\\"}\"}","Screenshot":""}
{"Type":"Monkey","MonkeyStepsCount":22,"Time":"2026-06-19 03:06:56.166","Info":"{\"act\":\"CLICK\",\"adbinput\":false,\"aid\":\"g0a23\",\"allowFuzzing\":true,\"clear\":false,\"editable\":false,\"jAction\":\"\",\"pos\":[969,143,1080,275],\"rawinput\":false,\"sid\":\"\",\"text\":\"\",\"throttle\":21,\"waitTime\":0,\"widget\":\"{\\\"bounds\\\":\\\"[969,143][1080,275]\\\",\\\"class\\\":\\\"android.widget.ImageView\\\",\\\"content-desc\\\":\\\"More options\\\",\\\"index\\\":0,\\\"resource-id\\\":\\\"\\\",\\\"text\\\":\\\"\\\"}\"}","Screenshot":""}
{"Type":"Monkey","MonkeyStepsCount":23,"Time":"2026-06-19 03:06:56.477","Info":"{\"act\":\"CLICK\",\"adbinput\":false,\"aid\":\"g0a55\",\"allowFuzzing\":true,\"clear\":false,\"editable\":false,\"jAction\":\"\",\"pos\":[545,143,981,187],\"rawinput\":false,\"sid\":\"\",\"text\":\"\",\"throttle\":21,\"waitTime\":0,\"widget\":\"{\\\"bounds\\\":\\\"[545,143][981,187]\\\",\\\"class\\\":\\\"android.widget.LinearLayout\\\",\\\"content-desc\\\":\\\"\\\",\\\"index\\\":0,\\\"resource-id\\\":\\\"\\\",\\\"text\\\":\\\"\\\"}\"}","Screenshot":""}
{"Type":"Monkey","MonkeyStepsCount":24,"Time":"2026-06-19 03:06:56.903","Info":"{\"act\":\"SCROLL_BOTTOM_UP\",\"adbinput\":false,\"aid\":\"g0a62\",\"allowFuzzing\":true,\"clear\":false,\"editable\":false,\"jAction\":\"\",\"pos\":[0,286,1080,2016],\"rawinput\":false,\"sid\":\"\",\"text\":\"\",\"throttle\":21,\"waitTime\":0,\"widget\":\"{\\\"bounds\\\":\\\"[0,286][1080,2016]\\\",\\\"class\\\":\\\"android.support.v7.widget.RecyclerView\\\",\\\"content-desc\\\":\\\"\\\",\\\"index\\\":0,\\\"resource-id\\\":\\\"net.gsantner.markor_test:id\/recycler_view\\\",\\\"text\\\":\\\"\\\"}\"}","Screenshot":""}
{"Type":"Monkey","MonkeyStepsCount":25,"Time":"2026-06-19 03:06:57.498","Info":"{\"act\":\"SCROLL_RIGHT_LEFT\",\"adbinput\":false,\"aid\":\"g0a60\",\"allowFuzzing\":true,\"clear\":false,\"editable\":false,\"jAction\":\"\",\"pos\":[0,0,1080,2016],\"rawinput\":false,\"sid\":\"\",\"text\":\"\",\"throttle\":21,\"waitTime\":0,\"widget\":\"{\\\"bounds\\\":\\\"[0,0][1080,2016]\\\",\\\"class\\\":\\\"android.widget.FrameLayout\\\",\\\"content-desc\\\":\\\"\\\",\\\"index\\\":0,\\\"resource-id\\\":\\\"\\\",\\\"text\\\":\\\"\\\"}\"}","Screenshot":""}
{"Type":"Monkey","MonkeyStepsCount":26,"Time":"2026-06-19 03:06:58.085","Info":"{\"act\":\"CLICK\",\"adbinput\":false,\"aid\":\"g0a63\",\"allowFuzzing\":true,\"clear\":false,\"editable\":false,\"jAction\":\"\",\"pos\":[0,398,1080,644],\"rawinput\":false,\"sid\":\"\",\"text\":\"\",\"throttle\":94,\"waitTime\":0,\"widget\":\"{\\\"bounds\\\":\\\"[0,398][1080,644]\\\",\\\"class\\\":\\\"android.widget.LinearLayout\\\",\\\"content-desc\\\":\\\"\\\",\\\"index\\\":1,\\\"resource-id\\\":\\\"\\\",\\\"text\\\":\\\"\\\"}\"}","Screenshot":""}
{"Type":"Monkey","MonkeyStepsCount":27,"Time":"2026-06-19 03:06:58.397","Info":"{\"act\":\"SCROLL_BOTTOM_UP\",\"adbinput\":false,\"aid\":\"g0a58\",\"allowFuzzing\":true,\"clear\":false,\"editable\":false,\"jAction\":\"\",\"pos\":[0,0,1080,2016],\"rawinput\":false,\"sid\":\"\",\"text\":\"\",\"throttle\":86,\"waitTime\":0,\"widget\":\"{\\\"bounds\\\":\\\"[0,0][1080,2016]\\\",\\\"class\\\":\\\"android.widget.FrameLayout\\\",\\\"content-desc\\\":\\\"\\\",\\\"index\\\":0,\\\"resource-id\\\":\\\"\\\",\\\"text\\\":\\\"\\\"}\"}","Screenshot":""}
{"Type":"Monkey","MonkeyStepsCount":28,"Time":"2026-06-19 03:06:59.061","Info":"{\"act\":\"CLICK\",\"adbinput\":false,\"aid\":\"g0a65\",\"allowFuzzing\":true,\"clear\":false,\"editable\":false,\"jAction\":\"\",\"pos\":[948,477,1036,565],\"rawinput\":false,\"sid\":\"\",\"text\":\"\",\"throttle\":86,\"waitTime\":0,\"widget\":\"{\\\"bounds\\\":\\\"[948,477][1036,565]\\\",\\\"class\\\":\\\"android.widget.CheckBox\\\",\\\"content-desc\\\":\\\"\\\",\\\"index\\\":0,\\\"resource-id\\\":\\\"android:id\/checkbox\\\",\\\"text\\\":\\\"\\\"}\"}","Screenshot":""}
{"Type":"Monkey","MonkeyStepsCount":29,"Time":"2026-06-19 03:06:59.485","Info":"{\"act\":\"BACK\",\"adbinput\":false,\"aid\":\"g0a64\",\"allowFuzzing\":true,\"clear\":false,\"editable\":false,\"jAction\":\"\",\"pos\":[0,0,0,0],\"rawinput\":false,\"sid\":\"\",\"text\":\"\",\"throttle\":88,\"waitTime\":0,\"widget\":\"\"}","Screenshot":""}
{"Type":"Monkey","MonkeyStepsCount":30,"Time":"2026-06-19 03:06:59.949","Info":"{\"act\":\"SCROLL_TOP_DOWN\",\"adbinput\":false,\"aid\":\"g0a61\",\"allowFuzzing\":true,\"clear\":false,\"editable\":false,\"jAction\":\"\",\"pos\":[0,286,1080,2016],\"rawinput\":false,\"sid\":\"\",\"text\":\"\",\"throttle\":88,\"waitTime\":0,\"widget\":\"{\\\"bounds\\\":\\\"[0,286][1080,2016]\\\",\\\"class\\\":\\\"android.support.v7.widget.RecyclerView\\\",\\\"content-desc\\\":\\\"\\\",\\\"index\\\":0,\\\"resource-id\\\":\\\"net.gsantner.markor_test:id\/recycler_view\\\",\\\"text\\\":\\\"\\\"}\"}","Screenshot":""}
{"Type":"Monkey","MonkeyStepsCount":31,"Time":"2026-06-19 03:07:00.623","Info":"{\"act\":\"CLICK\",\"adbinput\":false,\"aid\":\"g0a56\",\"allowFuzzing\":true,\"clear\":false,\"editable\":false,\"jAction\":\"\",\"pos\":[0,132,154,286],\"rawinput\":false,\"sid\":\"\",\"text\":\"\",\"throttle\":58,\"waitTime\":0,\"widget\":\"{\\\"bounds\\\":\\\"[0,132][154,286]\\\",\\\"class\\\":\\\"android.widget.ImageButton\\\",\\\"content-desc\\\":\\\"Back\\\",\\\"index\\\":0,\\\"resource-id\\\":\\\"\\\",\\\"text\\\":\\\"\\\"}\"}","Screenshot":""}
{"Type":"Monkey","MonkeyStepsCount":32,"Time":"2026-06-19 03:07:01.118","Info":"{\"act\":\"CLICK\",\"adbinput\":false,\"aid\":\"g0a66\",\"allowFuzzing\":true,\"clear\":false,\"editable\":false,\"jAction\":\"\",\"pos\":[0,132,154,286],\"rawinput\":false,\"sid\":\"\",\"text\":\"\",\"throttle\":58,\"waitTime\":0,\"widget\":\"{\\\"bounds\\\":\\\"[0,132][154,286]\\\",\\\"class\\\":\\\"android.widget.ImageButton\\\",\\\"content-desc\\\":\\\"Back\\\",\\\"index\\\":0,\\\"resource-id\\\":\\\"\\\",\\\"text\\\":\\\"\\\"}\"}","Screenshot":""}
{"Type":"Monkey","MonkeyStepsCount":33,"Time":"2026-06-19 03:07:01.445","Info":"{\"act\":\"SCROLL_LEFT_RIGHT\",\"adbinput\":false,\"aid\":\"g0a6\",\"allowFuzzing\":true,\"clear\":false,\"editable\":false,\"jAction\":\"\",\"pos\":[0,0,1080,2016],\"rawinput\":false,\"sid\":\"\",\"text\":\"\",\"throttle\":71,\"waitTime\":0,\"widget\":\"{\\\"bounds\\\":\\\"[0,0][1080,2016]\\\",\\\"class\\\":\\\"android.widget.FrameLayout\\\",\\\"content-desc\\\":\\\"\\\",\\\"index\\\":0,\\\"resource-id\\\":\\\"\\\",\\\"text\\\":\\\"\\\"}\"}","Screenshot":""}
{"Type":"Monkey","MonkeyStepsCount":34,"Time":"2026-06-19 03:07:02.078","Info":"{\"act\":\"CLICK\",\"adbinput\":false,\"aid\":\"g0a51\",\"allowFuzzing\":true,\"clear\":false,\"editable\":true,\"jAction\":\"\",\"pos\":[0,286,1054,1867],\"rawinput\":false,\"sid\":\"\",\"text\":\"More\",\"throttle\":94,\"waitTime\":0,\"widget\":\"{\\\"bounds\\\":\\\"[0,286][1054,1867]\\\",\\\"class\\\":\\\"android.widget.EditText\\\",\\\"content-desc\\\":\\\"\\\",\\\"index\\\":0,\\\"resource-id\\\":\\\"net.gsantner.markor_test:id\/document__fragment__edit__highlighting_editor\\\",\\\"text\\\":\\\"Markor.open_pass=True\\\"}\"}","Screenshot":""}
{"Type":"ScriptInfo","MonkeyStepsCount":34,"Time":"2026-06-19 03:07:02.587","Info":"{\"propName\":\"markor1668.Markor.test_rename_file\",\"startStepsCount\":34,\"state\":\"start\"}","Screenshot":""}
{"Type":"Script","MonkeyStepsCount":34,"Time":"2026-06-19 03:07:02.851","Info":"{\"jsonrpc\": \"2.0\", \"id\": 1, \"method\": \"click\", \"params\": [135.0, 2049.0]}","Screenshot":""}
{"Type":"Script","MonkeyStepsCount":34,"Time":"2026-06-19 03:07:04.164","Info":"{\"jsonrpc\": \"2.0\", \"id\": 1, \"method\": \"click\", \"params\": [694.0, 209.0]}","Screenshot":""}
{"Type":"Script","MonkeyStepsCount":34,"Time":"2026-06-19 03:07:05.533","Info":"{\"jsonrpc\": \"2.0\", \"id\": 1, \"method\": \"click\", \"params\": [717.5, 1107.0]}","Screenshot":""}
{"Type":"Script","MonkeyStepsCount":34,"Time":"2026-06-19 03:07:07.782","Info":"{\"jsonrpc\": \"2.0\", \"id\": 1, \"method\": \"click\", \"params\": [230.5, 774.0, 500]}","Screenshot":""}
{"Type":"Script","MonkeyStepsCount":34,"Time":"2026-06-19 03:07:09.912","Info":"{\"jsonrpc\": \"2.0\", \"id\": 1, \"method\": \"click\", \"params\": [694.0, 209.0]}","Screenshot":""}
{"Type":"Script","MonkeyStepsCount":34,"Time":"2026-06-19 03:07:11.219","Info":"{\"jsonrpc\": \"2.0\", \"id\": 1, \"method\": \"setText\", \"params\": [{\"mask\": 2097152, \"childOrSibling\": [], \"childOrSiblingSelector\": [], \"resourceId\": \"net.gsantner.markor_test:id\/new_name\"}, \"yKOwesyC\/.md\"]}","Screenshot":""}
{"Type":"Script","MonkeyStepsCount":34,"Time":"2026-06-19 03:07:12.498","Info":"{\"jsonrpc\": \"2.0\", \"id\": 1, \"method\": \"click\", \"params\": [751.5, 1341.0]}","Screenshot":""}
{"Type":"ScriptInfo","MonkeyStepsCount":34,"Time":"2026-06-19 03:07:13.732","Info":"{\"propName\":\"markor1668.Markor.test_rename_file\",\"startStepsCount\":34,\"state\":\"fail\"}","Screenshot":""}
{"Type":"ScriptInfo","MonkeyStepsCount":34,"Time":"2026-06-19 03:07:14.062","Info":"{\"propName\":\"markor1668.Markor.test_rename_file\",\"startStepsCount\":34,\"state\":\"start\"}","Screenshot":""}
{"Type":"Script","MonkeyStepsCount":34,"Time":"2026-06-19 03:07:14.245","Info":"{\"jsonrpc\": \"2.0\", \"id\": 1, \"method\": \"click\", \"params\": [135.0, 2013.0]}","Screenshot":""}
{"Type":"Script","MonkeyStepsCount":34,"Time":"2026-06-19 03:07:15.555","Info":"{\"jsonrpc\": \"2.0\", \"id\": 1, \"method\": \"click\", \"params\": [694.0, 209.0]}","Screenshot":""}
{"Type":"Script","MonkeyStepsCount":34,"Time":"2026-06-19 03:07:16.931","Info":"{\"jsonrpc\": \"2.0\", \"id\": 1, \"method\": \"click\", \"params\": [717.5, 1107.0]}","Screenshot":""}
{"Type":"Script","MonkeyStepsCount":34,"Time":"2026-06-19 03:07:19.222","Info":"{\"jsonrpc\": \"2.0\", \"id\": 1, \"method\": \"click\", \"params\": [312.0, 1076.0, 500]}","Screenshot":""}
{"Type":"Script","MonkeyStepsCount":34,"Time":"2026-06-19 03:07:21.266","Info":"{\"jsonrpc\": \"2.0\", \"id\": 1, \"method\": \"click\", \"params\": [694.0, 209.0]}","Screenshot":""}
{"Type":"Script","MonkeyStepsCount":34,"Time":"2026-06-19 03:07:22.517","Info":"{\"jsonrpc\": \"2.0\", \"id\": 1, \"method\": \"setText\", \"params\": [{\"mask\": 2097152, \"childOrSibling\": [], \"childOrSiblingSelector\": [], \"resourceId\": \"net.gsantner.markor_test:id\/new_name\"}, \"KQyWr7faFi\/.md\"]}","Screenshot":""}
{"Type":"Script","MonkeyStepsCount":34,"Time":"2026-06-19 03:07:23.792","Info":"{\"jsonrpc\": \"2.0\", \"id\": 1, \"method\": \"click\", \"params\": [751.5, 1341.0]}","Screenshot":""}
{"Type":"ScriptInfo","MonkeyStepsCount":34,"Time":"2026-06-19 03:07:25.005","Info":"{\"propName\":\"markor1668.Markor.test_rename_file\",\"startStepsCount\":34,\"state\":\"fail\"}","Screenshot":""}
{"Type":"Monkey","MonkeyStepsCount":35,"Time":"2026-06-19 03:07:25.343","Info":"{\"act\":\"SCROLL_LEFT_RIGHT\",\"adbinput\":false,\"aid\":\"g0a6\",\"allowFuzzing\":true,\"clear\":false,\"editable\":false,\"jAction\":\"\",\"pos\":[0,0,1080,2016],\"rawinput\":false,\"sid\":\"\",\"text\":\"\",\"throttle\":68,\"waitTime\":0,\"widget\":\"{\\\"bounds\\\":\\\"[0,0][1080,2016]\\\",\\\"class\\\":\\\"android.widget.FrameLayout\\\",\\\"content-desc\\\":\\\"\\\",\\\"index\\\":0,\\\"resource-id\\\":\\\"\\\",\\\"text\\\":\\\"\\\"}\"}","Screenshot":""}
{"Type":"ScriptInfo","MonkeyStepsCount":35,"Time":"2026-06-19 03:07:25.976","Info":"{\"propName\":\"markor1668.Markor.test_rename_file\",\"startStepsCount\":35,\"state\":\"start\"}","Screenshot":""}
{"Type":"Script","MonkeyStepsCount":35,"Time":"2026-06-19 03:07:26.133","Info":"{\"jsonrpc\": \"2.0\", \"id\": 1, \"method\": \"click\", \"params\": [135.0, 2013.0]}","Screenshot":""}
{"Type":"Script","MonkeyStepsCount":35,"Time":"2026-06-19 03:07:27.434","Info":"{\"jsonrpc\": \"2.0\", \"id\": 1, \"method\": \"click\", \"params\": [694.0, 209.0]}","Screenshot":""}
{"Type":"Script","MonkeyStepsCount":35,"Time":"2026-06-19 03:07:28.744","Info":"{\"jsonrpc\": \"2.0\", \"id\": 1, \"method\": \"click\", \"params\": [717.5, 1107.0]}","Screenshot":""}
{"Type":"Script","MonkeyStepsCount":35,"Time":"2026-06-19 03:07:31.005","Info":"{\"jsonrpc\": \"2.0\", \"id\": 1, \"method\": \"click\", \"params\": [300.5, 925.0, 500]}","Screenshot":""}
{"Type":"Script","MonkeyStepsCount":35,"Time":"2026-06-19 03:07:33.095","Info":"{\"jsonrpc\": \"2.0\", \"id\": 1, \"method\": \"click\", \"params\": [694.0, 209.0]}","Screenshot":""}
{"Type":"Script","MonkeyStepsCount":35,"Time":"2026-06-19 03:07:34.414","Info":"{\"jsonrpc\": \"2.0\", \"id\": 1, \"method\": \"setText\", \"params\": [{\"mask\": 2097152, \"childOrSibling\": [], \"childOrSiblingSelector\": [], \"resourceId\": \"net.gsantner.markor_test:id\/new_name\"}, \"xKlU6EADvl\/.md\"]}","Screenshot":""}
{"Type":"Script","MonkeyStepsCount":35,"Time":"2026-06-19 03:07:35.692","Info":"{\"jsonrpc\": \"2.0\", \"id\": 1, \"method\": \"click\", \"params\": [751.5, 1341.0]}","Screenshot":""}
{"Type":"ScriptInfo","MonkeyStepsCount":35,"Time":"2026-06-19 03:07:36.903","Info":"{\"propName\":\"markor1668.Markor.test_rename_file\",\"startStepsCount\":35,\"state\":\"fail\"}","Screenshot":""}
{"Type":"ScriptInfo","MonkeyStepsCount":35,"Time":"2026-06-19 03:07:37.196","Info":"{\"propName\":\"markor1668.Markor.test_rename_file\",\"startStepsCount\":35,\"state\":\"start\"}","Screenshot":""}
{"Type":"Script","MonkeyStepsCount":35,"Time":"2026-06-19 03:07:37.344","Info":"{\"jsonrpc\": \"2.0\", \"id\": 1, \"method\": \"click\", \"params\": [135.0, 2013.0]}","Screenshot":""}
{"Type":"Script","MonkeyStepsCount":35,"Time":"2026-06-19 03:07:38.710","Info":"{\"jsonrpc\": \"2.0\", \"id\": 1, \"method\": \"click\", \"params\": [694.0, 209.0]}","Screenshot":""}
{"Type":"Script","MonkeyStepsCount":35,"Time":"2026-06-19 03:07:40.066","Info":"{\"jsonrpc\": \"2.0\", \"id\": 1, \"method\": \"click\", \"params\": [717.5, 1107.0]}","Screenshot":""}
{"Type":"Script","MonkeyStepsCount":35,"Time":"2026-06-19 03:07:42.464","Info":"{\"jsonrpc\": \"2.0\", \"id\": 1, \"method\": \"click\", \"params\": [230.5, 774.0, 500]}","Screenshot":""}
{"Type":"Script","MonkeyStepsCount":35,"Time":"2026-06-19 03:07:44.421","Info":"{\"jsonrpc\": \"2.0\", \"id\": 1, \"method\": \"click\", \"params\": [694.0, 209.0]}","Screenshot":""}
{"Type":"Script","MonkeyStepsCount":35,"Time":"2026-06-19 03:07:45.728","Info":"{\"jsonrpc\": \"2.0\", \"id\": 1, \"method\": \"setText\", \"params\": [{\"mask\": 2097152, \"childOrSibling\": [], \"childOrSiblingSelector\": [], \"resourceId\": \"net.gsantner.markor_test:id\/new_name\"}, \"AtAyl\/.md\"]}","Screenshot":""}
{"Type":"Script","MonkeyStepsCount":35,"Time":"2026-06-19 03:07:47.027","Info":"{\"jsonrpc\": \"2.0\", \"id\": 1, \"method\": \"click\", \"params\": [751.5, 1341.0]}","Screenshot":""}
{"Type":"ScriptInfo","MonkeyStepsCount":35,"Time":"2026-06-19 03:07:48.255","Info":"{\"propName\":\"markor1668.Markor.test_rename_file\",\"startStepsCount\":35,\"state\":\"fail\"}","Screenshot":""}
{"Type":"ScriptInfo","MonkeyStepsCount":35,"Time":"2026-06-19 03:07:48.552","Info":"{\"propName\":\"markor1668.Markor.test_rename_file\",\"startStepsCount\":35,\"state\":\"start\"}","Screenshot":""}
{"Type":"Script","MonkeyStepsCount":35,"Time":"2026-06-19 03:07:48.708","Info":"{\"jsonrpc\": \"2.0\", \"id\": 1, \"method\": \"click\", \"params\": [135.0, 2013.0]}","Screenshot":""}
{"Type":"Script","MonkeyStepsCount":35,"Time":"2026-06-19 03:07:50.050","Info":"{\"jsonrpc\": \"2.0\", \"id\": 1, \"method\": \"click\", \"params\": [694.0, 209.0]}","Screenshot":""}
{"Type":"Script","MonkeyStepsCount":35,"Time":"2026-06-19 03:07:51.355","Info":"{\"jsonrpc\": \"2.0\", \"id\": 1, \"method\": \"click\", \"params\": [717.5, 1107.0]}","Screenshot":""}
{"Type":"Script","MonkeyStepsCount":35,"Time":"2026-06-19 03:07:53.659","Info":"{\"jsonrpc\": \"2.0\", \"id\": 1, \"method\": \"click\", \"params\": [331.5, 1378.0, 500]}","Screenshot":""}
{"Type":"Script","MonkeyStepsCount":35,"Time":"2026-06-19 03:07:55.718","Info":"{\"jsonrpc\": \"2.0\", \"id\": 1, \"method\": \"click\", \"params\": [694.0, 209.0]}","Screenshot":""}
{"Type":"Script","MonkeyStepsCount":35,"Time":"2026-06-19 03:07:56.946","Info":"{\"jsonrpc\": \"2.0\", \"id\": 1, \"method\": \"setText\", \"params\": [{\"mask\": 2097152, \"childOrSibling\": [], \"childOrSiblingSelector\": [], \"resourceId\": \"net.gsantner.markor_test:id\/new_name\"}, \"KxH1\/.md\"]}","Screenshot":""}
{"Type":"Script","MonkeyStepsCount":35,"Time":"2026-06-19 03:07:58.238","Info":"{\"jsonrpc\": \"2.0\", \"id\": 1, \"method\": \"click\", \"params\": [751.5, 1341.0]}","Screenshot":""}
{"Type":"ScriptInfo","MonkeyStepsCount":35,"Time":"2026-06-19 03:07:59.471","Info":"{\"propName\":\"markor1668.Markor.test_rename_file\",\"startStepsCount\":35,\"state\":\"fail\"}","Screenshot":""}
{"Type":"Monkey","MonkeyStepsCount":36,"Time":"2026-06-19 03:07:59.773","Info":"{\"act\":\"CLICK\",\"adbinput\":false,\"aid\":\"g0a1\",\"allowFuzzing\":true,\"clear\":false,\"editable\":false,\"jAction\":\"\",\"pos\":[810,1994,1080,2016],\"rawinput\":false,\"sid\":\"\",\"text\":\"\",\"throttle\":24,\"waitTime\":0,\"widget\":\"{\\\"bounds\\\":\\\"[810,1994][1080,2016]\\\",\\\"class\\\":\\\"android.widget.FrameLayout\\\",\\\"content-desc\\\":\\\"More\\\",\\\"index\\\":3,\\\"resource-id\\\":\\\"net.gsantner.markor_test:id\/nav_more\\\",\\\"text\\\":\\\"\\\"}\"}","Screenshot":""}
{"Type":"Monkey","MonkeyStepsCount":37,"Time":"2026-06-19 03:08:00.134","Info":"{\"act\":\"SCROLL_LEFT_RIGHT\",\"adbinput\":false,\"aid\":\"g0a17\",\"allowFuzzing\":true,\"clear\":false,\"editable\":false,\"jAction\":\"\",\"pos\":[0,286,1080,1994],\"rawinput\":false,\"sid\":\"\",\"text\":\"\",\"throttle\":99,\"waitTime\":0,\"widget\":\"{\\\"bounds\\\":\\\"[0,286][1080,1994]\\\",\\\"class\\\":\\\"android.support.v4.view.ViewPager\\\",\\\"content-desc\\\":\\\"\\\",\\\"index\\\":2,\\\"resource-id\\\":\\\"net.gsantner.markor_test:id\/main__view_pager_container\\\",\\\"text\\\":\\\"\\\"}\"}","Screenshot":""}
{"Type":"Monkey","MonkeyStepsCount":38,"Time":"2026-06-19 03:08:00.794","Info":"{\"act\":\"SCROLL_BOTTOM_UP\",\"adbinput\":false,\"aid\":\"g0a5\",\"allowFuzzing\":true,\"clear\":false,\"editable\":false,\"jAction\":\"\",\"pos\":[0,0,1080,2016],\"rawinput\":false,\"sid\":\"\",\"text\":\"\",\"throttle\":99,\"waitTime\":0,\"widget\":\"{\\\"bounds\\\":\\\"[0,0][1080,2016]\\\",\\\"class\\\":\\\"android.widget.FrameLayout\\\",\\\"content-desc\\\":\\\"\\\",\\\"index\\\":0,\\\"resource-id\\\":\\\"\\\",\\\"text\\\":\\\"\\\"}\"}","Screenshot":""}
{"Type":"ScriptInfo","MonkeyStepsCount":38,"Time":"2026-06-19 03:08:01.467","Info":"{\"propName\":\"markor1668.Markor.test_rename_file\",\"startStepsCount\":38,\"state\":\"start\"}","Screenshot":""}
{"Type":"Script","MonkeyStepsCount":38,"Time":"2026-06-19 03:08:01.667","Info":"{\"jsonrpc\": \"2.0\", \"id\": 1, \"method\": \"click\", \"params\": [135.0, 2049.0]}","Screenshot":""}
{"Type":"Script","MonkeyStepsCount":38,"Time":"2026-06-19 03:08:02.989","Info":"{\"jsonrpc\": \"2.0\", \"id\": 1, \"method\": \"click\", \"params\": [694.0, 209.0]}","Screenshot":""}
{"Type":"Script","MonkeyStepsCount":38,"Time":"2026-06-19 03:08:04.342","Info":"{\"jsonrpc\": \"2.0\", \"id\": 1, \"method\": \"click\", \"params\": [717.5, 1107.0]}","Screenshot":""}
{"Type":"Script","MonkeyStepsCount":38,"Time":"2026-06-19 03:08:06.731","Info":"{\"jsonrpc\": \"2.0\", \"id\": 1, \"method\": \"click\", \"params\": [255.5, 472.0, 500]}","Screenshot":""}
{"Type":"Script","MonkeyStepsCount":38,"Time":"2026-06-19 03:08:08.729","Info":"{\"jsonrpc\": \"2.0\", \"id\": 1, \"method\": \"click\", \"params\": [694.0, 209.0]}","Screenshot":""}
{"Type":"Script","MonkeyStepsCount":38,"Time":"2026-06-19 03:08:09.959","Info":"{\"jsonrpc\": \"2.0\", \"id\": 1, \"method\": \"setText\", \"params\": [{\"mask\": 2097152, \"childOrSibling\": [], \"childOrSiblingSelector\": [], \"resourceId\": \"net.gsantner.markor_test:id\/new_name\"}, \"OYW63w86x\/.md\"]}","Screenshot":""}
{"Type":"Script","MonkeyStepsCount":38,"Time":"2026-06-19 03:08:11.221","Info":"{\"jsonrpc\": \"2.0\", \"id\": 1, \"method\": \"click\", \"params\": [751.5, 1341.0]}","Screenshot":""}
{"Type":"ScriptInfo","MonkeyStepsCount":38,"Time":"2026-06-19 03:08:12.427","Info":"{\"propName\":\"markor1668.Markor.test_rename_file\",\"startStepsCount\":38,\"state\":\"fail\"}","Screenshot":""}
{"Type":"Monkey","MonkeyStepsCount":39,"Time":"2026-06-19 03:08:12.762","Info":"{\"act\":\"SCROLL_RIGHT_LEFT\",\"adbinput\":false,\"aid\":\"g0a18\",\"allowFuzzing\":true,\"clear\":false,\"editable\":false,\"jAction\":\"\",\"pos\":[0,286,1080,1994],\"rawinput\":false,\"sid\":\"\",\"text\":\"\",\"throttle\":22,\"waitTime\":0,\"widget\":\"{\\\"bounds\\\":\\\"[0,286][1080,1994]\\\",\\\"class\\\":\\\"android.support.v4.view.ViewPager\\\",\\\"content-desc\\\":\\\"\\\",\\\"index\\\":2,\\\"resource-id\\\":\\\"net.gsantner.markor_test:id\/main__view_pager_container\\\",\\\"text\\\":\\\"\\\"}\"}","Screenshot":""}
{"Type":"ScriptInfo","MonkeyStepsCount":39,"Time":"2026-06-19 03:08:13.320","Info":"{\"propName\":\"markor1668.Markor.test_rename_file\",\"startStepsCount\":39,\"state\":\"start\"}","Screenshot":""}
{"Type":"Script","MonkeyStepsCount":39,"Time":"2026-06-19 03:08:13.546","Info":"{\"jsonrpc\": \"2.0\", \"id\": 1, \"method\": \"click\", \"params\": [135.0, 2049.0]}","Screenshot":""}
{"Type":"Script","MonkeyStepsCount":39,"Time":"2026-06-19 03:08:14.888","Info":"{\"jsonrpc\": \"2.0\", \"id\": 1, \"method\": \"click\", \"params\": [694.0, 209.0]}","Screenshot":""}
{"Type":"Script","MonkeyStepsCount":39,"Time":"2026-06-19 03:08:16.170","Info":"{\"jsonrpc\": \"2.0\", \"id\": 1, \"method\": \"click\", \"params\": [717.5, 1107.0]}","Screenshot":""}
{"Type":"Script","MonkeyStepsCount":39,"Time":"2026-06-19 03:08:18.510","Info":"{\"jsonrpc\": \"2.0\", \"id\": 1, \"method\": \"click\", \"params\": [312.0, 1076.0, 500]}","Screenshot":""}
{"Type":"Script","MonkeyStepsCount":39,"Time":"2026-06-19 03:08:20.508","Info":"{\"jsonrpc\": \"2.0\", \"id\": 1, \"method\": \"click\", \"params\": [694.0, 209.0]}","Screenshot":""}
{"Type":"Script","MonkeyStepsCount":39,"Time":"2026-06-19 03:08:21.726","Info":"{\"jsonrpc\": \"2.0\", \"id\": 1, \"method\": \"setText\", \"params\": [{\"mask\": 2097152, \"childOrSibling\": [], \"childOrSiblingSelector\": [], \"resourceId\": \"net.gsantner.markor_test:id\/new_name\"}, \"PEteEabU\/.md\"]}","Screenshot":""}
{"Type":"Script","MonkeyStepsCount":39,"Time":"2026-06-19 03:08:22.990","Info":"{\"jsonrpc\": \"2.0\", \"id\": 1, \"method\": \"click\", \"params\": [751.5, 1341.0]}","Screenshot":""}
{"Type":"ScriptInfo","MonkeyStepsCount":39,"Time":"2026-06-19 03:08:24.312","Info":"{\"propName\":\"markor1668.Markor.test_rename_file\",\"startStepsCount\":39,\"state\":\"fail\"}","Screenshot":""}
{"Type":"ScriptInfo","MonkeyStepsCount":39,"Time":"2026-06-19 03:08:24.639","Info":"{\"propName\":\"markor1668.Markor.test_rename_file\",\"startStepsCount\":39,\"state\":\"start\"}","Screenshot":""}
{"Type":"Script","MonkeyStepsCount":39,"Time":"2026-06-19 03:08:24.812","Info":"{\"jsonrpc\": \"2.0\", \"id\": 1, \"method\": \"click\", \"params\": [135.0, 2013.0]}","Screenshot":""}
{"Type":"Script","MonkeyStepsCount":39,"Time":"2026-06-19 03:08:26.098","Info":"{\"jsonrpc\": \"2.0\", \"id\": 1, \"method\": \"click\", \"params\": [694.0, 209.0]}","Screenshot":""}
{"Type":"Script","MonkeyStepsCount":39,"Time":"2026-06-19 03:08:27.421","Info":"{\"jsonrpc\": \"2.0\", \"id\": 1, \"method\": \"click\", \"params\": [717.5, 1107.0]}","Screenshot":""}
{"Type":"Script","MonkeyStepsCount":39,"Time":"2026-06-19 03:08:29.728","Info":"{\"jsonrpc\": \"2.0\", \"id\": 1, \"method\": \"click\", \"params\": [295.0, 1227.0, 500]}","Screenshot":""}
{"Type":"Script","MonkeyStepsCount":39,"Time":"2026-06-19 03:08:31.783","Info":"{\"jsonrpc\": \"2.0\", \"id\": 1, \"method\": \"click\", \"params\": [694.0, 209.0]}","Screenshot":""}
{"Type":"Script","MonkeyStepsCount":39,"Time":"2026-06-19 03:08:33.001","Info":"{\"jsonrpc\": \"2.0\", \"id\": 1, \"method\": \"setText\", \"params\": [{\"mask\": 2097152, \"childOrSibling\": [], \"childOrSiblingSelector\": [], \"resourceId\": \"net.gsantner.markor_test:id\/new_name\"}, \"vFGhFENKE1\/.md\"]}","Screenshot":""}
{"Type":"Script","MonkeyStepsCount":39,"Time":"2026-06-19 03:08:34.303","Info":"{\"jsonrpc\": \"2.0\", \"id\": 1, \"method\": \"click\", \"params\": [751.5, 1341.0]}","Screenshot":""}
{"Type":"ScriptInfo","MonkeyStepsCount":39,"Time":"2026-06-19 03:08:35.605","Info":"{\"propName\":\"markor1668.Markor.test_rename_file\",\"startStepsCount\":39,\"state\":\"fail\"}","Screenshot":""}
