{"Type":"Monkey","MonkeyStepsCount":1,"Time":"2026-06-19 03:49:52.675","Info":"{\"act\":\"LONG_CLICK\",\"adbinput\":false,\"aid\":\"g0a3\",\"allowFuzzing\":true,\"clear\":false,\"editable\":false,\"jAction\":\"\",\"pos\":[0,286,1080,412],\"rawinput\":false,\"sid\":\"\",\"text\":\"\",\"throttle\":26,\"waitTime\":0,\"widget\":\"{\\\"bounds\\\":\\\"[0,286][1080,412]\\\",\\\"class\\\":\\\"android.widget.LinearLayout\\\",\\\"content-desc\\\":\\\"Folder .. \/storage\/emulated\/0\/Documents\\\",\\\"index\\\":0,\\\"resource-id\\\":\\\"net.gsantner.markor_test:id\/opoc_filesystem_item__root\\\",\\\"text\\\":\\\"\\\"}\"}","Screenshot":""}
{"Type":"Monkey","MonkeyStepsCount":2,"Time":"2026-06-19 03:49:54.008","Info":"{\"act\":\"SCROLL_LEFT_RIGHT\",\"adbinput\":false,\"aid\":\"g0a6\",\"allowFuzzing\":true,\"clear\":false,\"editable\":false,\"jAction\":\"\",\"pos\":[0,0,1080,2016],\"rawinput\":false,\"sid\":\"\",\"text\":\"\",\"throttle\":77,\"waitTime\":0,\"widget\":\"{\\\"bounds\\\":\\\"[0,0][1080,2016]\\\",\\\"class\\\":\\\"android.widget.FrameLayout\\\",\\\"content-desc\\\":\\\"\\\",\\\"index\\\":0,\\\"resource-id\\\":\\\"\\\",\\\"text\\\":\\\"\\\"}\"}","Screenshot":""}
{"Type":"ScriptInfo","MonkeyStepsCount":2,"Time":"2026-06-19 03:49:54.655","Info":"{\"propName\":\"markor1695.Markor.test_rename_file\",\"startStepsCount\":2,\"state\":\"start\"}","Screenshot":""}
{"Type":"Script","MonkeyStepsCount":2,"Time":"2026-06-19 03:49:54.841","Info":"{\"jsonrpc\": \"2.0\", \"id\": 1, \"method\": \"click\", \"params\": [135.0, 2013.0]}","Screenshot":""}
{"Type":"Script","MonkeyStepsCount":2,"Time":"2026-06-19 03:49:56.158","Info":"{\"jsonrpc\": \"2.0\", \"id\": 1, \"method\": \"click\", \"params\": [694.0, 209.0]}","Screenshot":""}
{"Type":"Script","MonkeyStepsCount":2,"Time":"2026-06-19 03:49:57.452","Info":"{\"jsonrpc\": \"2.0\", \"id\": 1, \"method\": \"click\", \"params\": [717.5, 1107.0]}","Screenshot":""}
{"Type":"Script","MonkeyStepsCount":2,"Time":"2026-06-19 03:49:59.405","Info":"{\"jsonrpc\": \"2.0\", \"id\": 1, \"method\": \"click\", \"params\": [230.5, 623.0, 500]}","Screenshot":""}
{"Type":"Script","MonkeyStepsCount":2,"Time":"2026-06-19 03:50:01.298","Info":"{\"jsonrpc\": \"2.0\", \"id\": 1, \"method\": \"click\", \"params\": [694.0, 209.0]}","Screenshot":""}
{"Type":"Script","MonkeyStepsCount":2,"Time":"2026-06-19 03:50:02.520","Info":"{\"jsonrpc\": \"2.0\", \"id\": 1, \"method\": \"setText\", \"params\": [{\"mask\": 2097152, \"childOrSibling\": [], \"childOrSiblingSelector\": [], \"resourceId\": \"net.gsantner.markor_test:id\/new_name\"}, \"DXTkt.md\"]}","Screenshot":""}
{"Type":"Script","MonkeyStepsCount":2,"Time":"2026-06-19 03:50:03.876","Info":"{\"jsonrpc\": \"2.0\", \"id\": 1, \"method\": \"click\", \"params\": [751.5, 1341.0]}","Screenshot":""}
{"Type":"ScriptInfo","MonkeyStepsCount":2,"Time":"2026-06-19 03:50:05.142","Info":"{\"propName\":\"markor1695.Markor.test_rename_file\",\"startStepsCount\":2,\"state\":\"pass\"}","Screenshot":""}
{"Type":"Monkey","MonkeyStepsCount":3,"Time":"2026-06-19 03:50:05.463","Info":"{\"act\":\"CLICK\",\"adbinput\":false,\"aid\":\"g0a19\",\"allowFuzzing\":true,\"clear\":false,\"editable\":false,\"jAction\":\"\",\"pos\":[639,143,749,275],\"rawinput\":false,\"sid\":\"\",\"text\":\"\",\"throttle\":31,\"waitTime\":0,\"widget\":\"{\\\"bounds\\\":\\\"[639,143][749,275]\\\",\\\"class\\\":\\\"android.widget.TextView\\\",\\\"content-desc\\\":\\\"Go to\\\",\\\"index\\\":0,\\\"resource-id\\\":\\\"net.gsantner.markor_test:id\/action_go_to\\\",\\\"text\\\":\\\"\\\"}\"}","Screenshot":""}
{"Type":"Monkey","MonkeyStepsCount":4,"Time":"2026-06-19 03:50:05.806","Info":"{\"act\":\"CLICK\",\"adbinput\":false,\"aid\":\"g0a26\",\"allowFuzzing\":true,\"clear\":false,\"editable\":false,\"jAction\":\"\",\"pos\":[333,143,992,149],\"rawinput\":false,\"sid\":\"\",\"text\":\"\",\"throttle\":31,\"waitTime\":0,\"widget\":\"{\\\"bounds\\\":\\\"[333,143][992,149]\\\",\\\"class\\\":\\\"android.widget.LinearLayout\\\",\\\"content-desc\\\":\\\"\\\",\\\"index\\\":0,\\\"resource-id\\\":\\\"\\\",\\\"text\\\":\\\"\\\"}\"}","Screenshot":""}
{"Type":"ScriptInfo","MonkeyStepsCount":4,"Time":"2026-06-19 03:50:06.174","Info":"{\"propName\":\"markor1695.Markor.test_create_note\",\"startStepsCount\":4,\"state\":\"start\"}","Screenshot":""}
{"Type":"Script","MonkeyStepsCount":4,"Time":"2026-06-19 03:50:06.365","Info":"{\"jsonrpc\": \"2.0\", \"id\": 1, \"method\": \"click\", \"params\": [694.0, 209.0]}","Screenshot":""}
{"Type":"Script","MonkeyStepsCount":4,"Time":"2026-06-19 03:50:07.781","Info":"{\"jsonrpc\": \"2.0\", \"id\": 1, \"method\": \"click\", \"params\": [717.5, 1107.0]}","Screenshot":""}
{"Type":"Script","MonkeyStepsCount":4,"Time":"2026-06-19 03:50:09.690","Info":"{\"jsonrpc\": \"2.0\", \"id\": 1, \"method\": \"click\", \"params\": [959.0, 1873.0]}","Screenshot":""}
{"Type":"Script","MonkeyStepsCount":4,"Time":"2026-06-19 03:50:10.968","Info":"{\"jsonrpc\": \"2.0\", \"id\": 1, \"method\": \"setText\", \"params\": [{\"mask\": 2097152, \"childOrSibling\": [], \"childOrSiblingSelector\": [], \"resourceId\": \"net.gsantner.markor_test:id\/new_file_dialog__name\"}, \"k9qMhDEC7s\"]}","Screenshot":""}
{"Type":"Script","MonkeyStepsCount":4,"Time":"2026-06-19 03:50:12.202","Info":"{\"jsonrpc\": \"2.0\", \"id\": 1, \"method\": \"click\", \"params\": [909.5, 1424.0]}","Screenshot":""}
{"Type":"Script","MonkeyStepsCount":4,"Time":"2026-06-19 03:50:13.432","Info":"{\"jsonrpc\": \"2.0\", \"id\": 1, \"method\": \"pressKey\", \"params\": [\"back\"]}","Screenshot":""}
{"Type":"ScriptInfo","MonkeyStepsCount":4,"Time":"2026-06-19 03:50:14.276","Info":"{\"propName\":\"markor1695.Markor.test_create_note\",\"startStepsCount\":4,\"state\":\"pass\"}","Screenshot":""}
{"Type":"ScriptInfo","MonkeyStepsCount":4,"Time":"2026-06-19 03:50:14.575","Info":"{\"propName\":\"markor1695.Markor.test_create_note\",\"startStepsCount\":4,\"state\":\"start\"}","Screenshot":""}
{"Type":"Script","MonkeyStepsCount":4,"Time":"2026-06-19 03:50:14.764","Info":"{\"jsonrpc\": \"2.0\", \"id\": 1, \"method\": \"click\", \"params\": [694.0, 209.0]}","Screenshot":""}
{"Type":"Script","MonkeyStepsCount":4,"Time":"2026-06-19 03:50:16.038","Info":"{\"jsonrpc\": \"2.0\", \"id\": 1, \"method\": \"click\", \"params\": [717.5, 1107.0]}","Screenshot":""}
{"Type":"Script","MonkeyStepsCount":4,"Time":"2026-06-19 03:50:17.402","Info":"{\"jsonrpc\": \"2.0\", \"id\": 1, \"method\": \"click\", \"params\": [959.0, 1873.0]}","Screenshot":""}
{"Type":"Script","MonkeyStepsCount":4,"Time":"2026-06-19 03:50:18.648","Info":"{\"jsonrpc\": \"2.0\", \"id\": 1, \"method\": \"setText\", \"params\": [{\"mask\": 2097152, \"childOrSibling\": [], \"childOrSiblingSelector\": [], \"resourceId\": \"net.gsantner.markor_test:id\/new_file_dialog__name\"}, \"iELd_YR6Nc\"]}","Screenshot":""}
{"Type":"Script","MonkeyStepsCount":4,"Time":"2026-06-19 03:50:19.897","Info":"{\"jsonrpc\": \"2.0\", \"id\": 1, \"method\": \"click\", \"params\": [909.5, 1424.0]}","Screenshot":""}
{"Type":"Script","MonkeyStepsCount":4,"Time":"2026-06-19 03:50:21.082","Info":"{\"jsonrpc\": \"2.0\", \"id\": 1, \"method\": \"pressKey\", \"params\": [\"back\"]}","Screenshot":""}
{"Type":"ScriptInfo","MonkeyStepsCount":4,"Time":"2026-06-19 03:50:21.940","Info":"{\"propName\":\"markor1695.Markor.test_create_note\",\"startStepsCount\":4,\"state\":\"pass\"}","Screenshot":""}
{"Type":"Monkey","MonkeyStepsCount":5,"Time":"2026-06-19 03:50:22.253","Info":"{\"act\":\"LONG_CLICK\",\"adbinput\":false,\"aid\":\"g0a3\",\"allowFuzzing\":true,\"clear\":false,\"editable\":false,\"jAction\":\"\",\"pos\":[0,286,1080,412],\"rawinput\":false,\"sid\":\"\",\"text\":\"\",\"throttle\":31,\"waitTime\":0,\"widget\":\"{\\\"bounds\\\":\\\"[0,286][1080,412]\\\",\\\"class\\\":\\\"android.widget.LinearLayout\\\",\\\"content-desc\\\":\\\"Folder .. \/storage\/emulated\/0\/Documents\\\",\\\"index\\\":0,\\\"resource-id\\\":\\\"net.gsantner.markor_test:id\/opoc_filesystem_item__root\\\",\\\"text\\\":\\\"\\\"}\"}","Screenshot":""}
{"Type":"Monkey","MonkeyStepsCount":6,"Time":"2026-06-19 03:50:23.573","Info":"{\"act\":\"CLICK\",\"adbinput\":false,\"aid\":\"g0a19\",\"allowFuzzing\":true,\"clear\":false,\"editable\":false,\"jAction\":\"\",\"pos\":[639,143,749,275],\"rawinput\":false,\"sid\":\"\",\"text\":\"\",\"throttle\":20,\"waitTime\":0,\"widget\":\"{\\\"bounds\\\":\\\"[639,143][749,275]\\\",\\\"class\\\":\\\"android.widget.TextView\\\",\\\"content-desc\\\":\\\"Go to\\\",\\\"index\\\":0,\\\"resource-id\\\":\\\"net.gsantner.markor_test:id\/action_go_to\\\",\\\"text\\\":\\\"\\\"}\"}","Screenshot":""}
{"Type":"ScriptInfo","MonkeyStepsCount":6,"Time":"2026-06-19 03:50:23.883","Info":"{\"propName\":\"markor1695.Markor.test_modify_note\",\"startStepsCount\":6,\"state\":\"start\"}","Screenshot":""}
{"Type":"Script","MonkeyStepsCount":6,"Time":"2026-06-19 03:50:24.066","Info":"{\"jsonrpc\": \"2.0\", \"id\": 1, \"method\": \"click\", \"params\": [388.0, 209.0]}","Screenshot":""}
{"Type":"Script","MonkeyStepsCount":6,"Time":"2026-06-19 03:50:25.346","Info":"{\"jsonrpc\": \"2.0\", \"id\": 1, \"method\": \"click\", \"params\": [694.0, 209.0]}","Screenshot":""}
{"Type":"Script","MonkeyStepsCount":6,"Time":"2026-06-19 03:50:26.802","Info":"{\"jsonrpc\": \"2.0\", \"id\": 1, \"method\": \"click\", \"params\": [717.5, 1107.0]}","Screenshot":""}
{"Type":"Script","MonkeyStepsCount":6,"Time":"2026-06-19 03:50:28.734","Info":"{\"jsonrpc\": \"2.0\", \"id\": 1, \"method\": \"click\", \"params\": [280.5, 623.0]}","Screenshot":""}
{"Type":"Script","MonkeyStepsCount":6,"Time":"2026-06-19 03:50:29.950","Info":"{\"jsonrpc\": \"2.0\", \"id\": 1, \"method\": \"setText\", \"params\": [{\"mask\": 2097152, \"childOrSibling\": [], \"childOrSiblingSelector\": [], \"resourceId\": \"net.gsantner.markor_test:id\/document__fragment__edit__highlighting_editor\"}, \"lKYGOUHVY6lcN7_2vezsW3WX2Tj\"]}","Screenshot":""}
{"Type":"Script","MonkeyStepsCount":6,"Time":"2026-06-19 03:50:31.106","Info":"{\"jsonrpc\": \"2.0\", \"id\": 1, \"method\": \"pressKey\", \"params\": [\"back\"]}","Screenshot":""}
{"Type":"Script","MonkeyStepsCount":6,"Time":"2026-06-19 03:50:33.239","Info":"{\"jsonrpc\": \"2.0\", \"id\": 1, \"method\": \"click\", \"params\": [280.5, 623.0]}","Screenshot":""}
{"Type":"Script","MonkeyStepsCount":6,"Time":"2026-06-19 03:50:34.612","Info":"{\"jsonrpc\": \"2.0\", \"id\": 1, \"method\": \"pressKey\", \"params\": [\"back\"]}","Screenshot":""}
{"Type":"ScriptInfo","MonkeyStepsCount":6,"Time":"2026-06-19 03:50:36.428","Info":"{\"propName\":\"markor1695.Markor.test_modify_note\",\"startStepsCount\":6,\"state\":\"pass\"}","Screenshot":""}
{"Type":"ScriptInfo","MonkeyStepsCount":6,"Time":"2026-06-19 03:50:36.738","Info":"{\"propName\":\"markor1695.Markor.test_rename_file\",\"startStepsCount\":6,\"state\":\"start\"}","Screenshot":""}
{"Type":"Script","MonkeyStepsCount":6,"Time":"2026-06-19 03:50:36.925","Info":"{\"jsonrpc\": \"2.0\", \"id\": 1, \"method\": \"click\", \"params\": [135.0, 2013.0]}","Screenshot":""}
{"Type":"Script","MonkeyStepsCount":6,"Time":"2026-06-19 03:50:38.191","Info":"{\"jsonrpc\": \"2.0\", \"id\": 1, \"method\": \"click\", \"params\": [694.0, 209.0]}","Screenshot":""}
{"Type":"Script","MonkeyStepsCount":6,"Time":"2026-06-19 03:50:39.602","Info":"{\"jsonrpc\": \"2.0\", \"id\": 1, \"method\": \"click\", \"params\": [717.5, 1107.0]}","Screenshot":""}
{"Type":"Script","MonkeyStepsCount":6,"Time":"2026-06-19 03:50:41.881","Info":"{\"jsonrpc\": \"2.0\", \"id\": 1, \"method\": \"click\", \"params\": [349.5, 774.0, 500]}","Screenshot":""}
{"Type":"Script","MonkeyStepsCount":6,"Time":"2026-06-19 03:50:43.973","Info":"{\"jsonrpc\": \"2.0\", \"id\": 1, \"method\": \"click\", \"params\": [694.0, 209.0]}","Screenshot":""}
{"Type":"Script","MonkeyStepsCount":6,"Time":"2026-06-19 03:50:45.203","Info":"{\"jsonrpc\": \"2.0\", \"id\": 1, \"method\": \"setText\", \"params\": [{\"mask\": 2097152, \"childOrSibling\": [], \"childOrSiblingSelector\": [], \"resourceId\": \"net.gsantner.markor_test:id\/new_name\"}, \"dxtkt.md\"]}","Screenshot":""}
{"Type":"Script","MonkeyStepsCount":6,"Time":"2026-06-19 03:50:46.501","Info":"{\"jsonrpc\": \"2.0\", \"id\": 1, \"method\": \"click\", \"params\": [751.5, 1341.0]}","Screenshot":""}
{"Type":"Script","MonkeyStepsCount":6,"Time":"2026-06-19 03:50:47.749","Info":"{\"jsonrpc\": \"2.0\", \"id\": 1, \"method\": \"swipe\", \"params\": [500, 1600, 500, 800, 55]}","Screenshot":""}
{"Type":"Script","MonkeyStepsCount":6,"Time":"2026-06-19 03:50:49.891","Info":"{\"jsonrpc\": \"2.0\", \"id\": 1, \"method\": \"swipe\", \"params\": [500, 1600, 500, 800, 55]}","Screenshot":""}
{"Type":"Script","MonkeyStepsCount":6,"Time":"2026-06-19 03:50:51.948","Info":"{\"jsonrpc\": \"2.0\", \"id\": 1, \"method\": \"swipe\", \"params\": [500, 800, 500, 1600, 55]}","Screenshot":""}
{"Type":"ScriptInfo","MonkeyStepsCount":6,"Time":"2026-06-19 03:50:54.031","Info":"{\"propName\":\"markor1695.Markor.test_rename_file\",\"startStepsCount\":6,\"state\":\"fail\"}","Screenshot":""}
{"Type":"ScriptInfo","MonkeyStepsCount":6,"Time":"2026-06-19 03:50:54.334","Info":"{\"propName\":\"markor1695.Markor.test_rename_file\",\"startStepsCount\":6,\"state\":\"start\"}","Screenshot":""}
{"Type":"Script","MonkeyStepsCount":6,"Time":"2026-06-19 03:50:54.505","Info":"{\"jsonrpc\": \"2.0\", \"id\": 1, \"method\": \"click\", \"params\": [135.0, 2013.0]}","Screenshot":""}
{"Type":"Script","MonkeyStepsCount":6,"Time":"2026-06-19 03:50:55.785","Info":"{\"jsonrpc\": \"2.0\", \"id\": 1, \"method\": \"click\", \"params\": [694.0, 209.0]}","Screenshot":""}
{"Type":"Script","MonkeyStepsCount":6,"Time":"2026-06-19 03:50:57.133","Info":"{\"jsonrpc\": \"2.0\", \"id\": 1, \"method\": \"click\", \"params\": [717.5, 1107.0]}","Screenshot":""}
{"Type":"Script","MonkeyStepsCount":6,"Time":"2026-06-19 03:50:59.171","Info":"{\"jsonrpc\": \"2.0\", \"id\": 1, \"method\": \"click\", \"params\": [367.5, 774.0, 500]}","Screenshot":""}
{"Type":"Script","MonkeyStepsCount":6,"Time":"2026-06-19 03:51:00.961","Info":"{\"jsonrpc\": \"2.0\", \"id\": 1, \"method\": \"click\", \"params\": [694.0, 209.0]}","Screenshot":""}
{"Type":"Script","MonkeyStepsCount":6,"Time":"2026-06-19 03:51:02.178","Info":"{\"jsonrpc\": \"2.0\", \"id\": 1, \"method\": \"setText\", \"params\": [{\"mask\": 2097152, \"childOrSibling\": [], \"childOrSiblingSelector\": [], \"resourceId\": \"net.gsantner.markor_test:id\/new_name\"}, \"dxtkt.md\"]}","Screenshot":""}
{"Type":"Script","MonkeyStepsCount":6,"Time":"2026-06-19 03:51:03.540","Info":"{\"jsonrpc\": \"2.0\", \"id\": 1, \"method\": \"click\", \"params\": [751.5, 1341.0]}","Screenshot":""}
{"Type":"Script","MonkeyStepsCount":6,"Time":"2026-06-19 03:51:04.796","Info":"{\"jsonrpc\": \"2.0\", \"id\": 1, \"method\": \"swipe\", \"params\": [500, 1600, 500, 800, 55]}","Screenshot":""}
{"Type":"Script","MonkeyStepsCount":6,"Time":"2026-06-19 03:51:06.951","Info":"{\"jsonrpc\": \"2.0\", \"id\": 1, \"method\": \"swipe\", \"params\": [500, 1600, 500, 800, 55]}","Screenshot":""}
{"Type":"Script","MonkeyStepsCount":6,"Time":"2026-06-19 03:51:08.929","Info":"{\"jsonrpc\": \"2.0\", \"id\": 1, \"method\": \"swipe\", \"params\": [500, 800, 500, 1600, 55]}","Screenshot":""}
{"Type":"ScriptInfo","MonkeyStepsCount":6,"Time":"2026-06-19 03:51:10.984","Info":"{\"propName\":\"markor1695.Markor.test_rename_file\",\"startStepsCount\":6,\"state\":\"fail\"}","Screenshot":""}
{"Type":"ScriptInfo","MonkeyStepsCount":6,"Time":"2026-06-19 03:51:11.300","Info":"{\"propName\":\"markor1695.Markor.test_rename_file\",\"startStepsCount\":6,\"state\":\"start\"}","Screenshot":""}
{"Type":"Script","MonkeyStepsCount":6,"Time":"2026-06-19 03:51:11.458","Info":"{\"jsonrpc\": \"2.0\", \"id\": 1, \"method\": \"click\", \"params\": [135.0, 2013.0]}","Screenshot":""}
{"Type":"Script","MonkeyStepsCount":6,"Time":"2026-06-19 03:51:12.808","Info":"{\"jsonrpc\": \"2.0\", \"id\": 1, \"method\": \"click\", \"params\": [694.0, 209.0]}","Screenshot":""}
{"Type":"Script","MonkeyStepsCount":6,"Time":"2026-06-19 03:51:14.115","Info":"{\"jsonrpc\": \"2.0\", \"id\": 1, \"method\": \"click\", \"params\": [717.5, 1107.0]}","Screenshot":""}
{"Type":"Script","MonkeyStepsCount":6,"Time":"2026-06-19 03:51:15.897","Info":"{\"jsonrpc\": \"2.0\", \"id\": 1, \"method\": \"click\", \"params\": [280.5, 623.0, 500]}","Screenshot":""}
{"Type":"Script","MonkeyStepsCount":6,"Time":"2026-06-19 03:51:17.984","Info":"{\"jsonrpc\": \"2.0\", \"id\": 1, \"method\": \"click\", \"params\": [694.0, 209.0]}","Screenshot":""}
{"Type":"Script","MonkeyStepsCount":6,"Time":"2026-06-19 03:51:19.221","Info":"{\"jsonrpc\": \"2.0\", \"id\": 1, \"method\": \"setText\", \"params\": [{\"mask\": 2097152, \"childOrSibling\": [], \"childOrSiblingSelector\": [], \"resourceId\": \"net.gsantner.markor_test:id\/new_name\"}, \"HVH.md\"]}","Screenshot":""}
{"Type":"Script","MonkeyStepsCount":6,"Time":"2026-06-19 03:51:20.545","Info":"{\"jsonrpc\": \"2.0\", \"id\": 1, \"method\": \"click\", \"params\": [751.5, 1341.0]}","Screenshot":""}
{"Type":"ScriptInfo","MonkeyStepsCount":6,"Time":"2026-06-19 03:51:21.790","Info":"{\"propName\":\"markor1695.Markor.test_rename_file\",\"startStepsCount\":6,\"state\":\"pass\"}","Screenshot":""}
{"Type":"ScriptInfo","MonkeyStepsCount":6,"Time":"2026-06-19 03:51:22.117","Info":"{\"propName\":\"markor1695.Markor.test_rename_file\",\"startStepsCount\":6,\"state\":\"start\"}","Screenshot":""}
{"Type":"Script","MonkeyStepsCount":6,"Time":"2026-06-19 03:51:22.292","Info":"{\"jsonrpc\": \"2.0\", \"id\": 1, \"method\": \"click\", \"params\": [135.0, 2013.0]}","Screenshot":""}
{"Type":"Script","MonkeyStepsCount":6,"Time":"2026-06-19 03:51:23.571","Info":"{\"jsonrpc\": \"2.0\", \"id\": 1, \"method\": \"click\", \"params\": [694.0, 209.0]}","Screenshot":""}
{"Type":"Script","MonkeyStepsCount":6,"Time":"2026-06-19 03:51:24.919","Info":"{\"jsonrpc\": \"2.0\", \"id\": 1, \"method\": \"click\", \"params\": [717.5, 1107.0]}","Screenshot":""}
{"Type":"Script","MonkeyStepsCount":6,"Time":"2026-06-19 03:51:26.706","Info":"{\"jsonrpc\": \"2.0\", \"id\": 1, \"method\": \"click\", \"params\": [263.5, 623.0, 500]}","Screenshot":""}
{"Type":"Script","MonkeyStepsCount":6,"Time":"2026-06-19 03:51:28.813","Info":"{\"jsonrpc\": \"2.0\", \"id\": 1, \"method\": \"click\", \"params\": [694.0, 209.0]}","Screenshot":""}
{"Type":"Script","MonkeyStepsCount":6,"Time":"2026-06-19 03:51:30.033","Info":"{\"jsonrpc\": \"2.0\", \"id\": 1, \"method\": \"setText\", \"params\": [{\"mask\": 2097152, \"childOrSibling\": [], \"childOrSiblingSelector\": [], \"resourceId\": \"net.gsantner.markor_test:id\/new_name\"}, \"JpQ.md\"]}","Screenshot":""}
{"Type":"Script","MonkeyStepsCount":6,"Time":"2026-06-19 03:51:31.333","Info":"{\"jsonrpc\": \"2.0\", \"id\": 1, \"method\": \"click\", \"params\": [751.5, 1341.0]}","Screenshot":""}
{"Type":"ScriptInfo","MonkeyStepsCount":6,"Time":"2026-06-19 03:51:32.550","Info":"{\"propName\":\"markor1695.Markor.test_rename_file\",\"startStepsCount\":6,\"state\":\"pass\"}","Screenshot":""}
{"Type":"ScriptInfo","MonkeyStepsCount":6,"Time":"2026-06-19 03:51:32.847","Info":"{\"propName\":\"markor1695.Markor.test_rename_file\",\"startStepsCount\":6,\"state\":\"start\"}","Screenshot":""}
{"Type":"Script","MonkeyStepsCount":6,"Time":"2026-06-19 03:51:33.003","Info":"{\"jsonrpc\": \"2.0\", \"id\": 1, \"method\": \"click\", \"params\": [135.0, 2013.0]}","Screenshot":""}
{"Type":"Script","MonkeyStepsCount":6,"Time":"2026-06-19 03:51:34.276","Info":"{\"jsonrpc\": \"2.0\", \"id\": 1, \"method\": \"click\", \"params\": [694.0, 209.0]}","Screenshot":""}
{"Type":"Script","MonkeyStepsCount":6,"Time":"2026-06-19 03:51:35.625","Info":"{\"jsonrpc\": \"2.0\", \"id\": 1, \"method\": \"click\", \"params\": [717.5, 1107.0]}","Screenshot":""}
{"Type":"Script","MonkeyStepsCount":6,"Time":"2026-06-19 03:51:37.424","Info":"{\"jsonrpc\": \"2.0\", \"id\": 1, \"method\": \"click\", \"params\": [256.5, 623.0, 500]}","Screenshot":""}
{"Type":"Script","MonkeyStepsCount":6,"Time":"2026-06-19 03:51:39.416","Info":"{\"jsonrpc\": \"2.0\", \"id\": 1, \"method\": \"click\", \"params\": [694.0, 209.0]}","Screenshot":""}
{"Type":"Script","MonkeyStepsCount":6,"Time":"2026-06-19 03:51:40.670","Info":"{\"jsonrpc\": \"2.0\", \"id\": 1, \"method\": \"setText\", \"params\": [{\"mask\": 2097152, \"childOrSibling\": [], \"childOrSiblingSelector\": [], \"resourceId\": \"net.gsantner.markor_test:id\/new_name\"}, \"EYZyr6bZs1.md\"]}","Screenshot":""}
{"Type":"Script","MonkeyStepsCount":6,"Time":"2026-06-19 03:51:42.032","Info":"{\"jsonrpc\": \"2.0\", \"id\": 1, \"method\": \"click\", \"params\": [751.5, 1341.0]}","Screenshot":""}
{"Type":"ScriptInfo","MonkeyStepsCount":6,"Time":"2026-06-19 03:51:43.252","Info":"{\"propName\":\"markor1695.Markor.test_rename_file\",\"startStepsCount\":6,\"state\":\"pass\"}","Screenshot":""}
{"Type":"Monkey","MonkeyStepsCount":7,"Time":"2026-06-19 03:51:43.570","Info":"{\"act\":\"CLICK\",\"adbinput\":false,\"aid\":\"g0a15\",\"allowFuzzing\":true,\"clear\":false,\"editable\":false,\"jAction\":\"\",\"pos\":[0,132,1080,286],\"rawinput\":false,\"sid\":\"\",\"text\":\"\",\"throttle\":80,\"waitTime\":0,\"widget\":\"{\\\"bounds\\\":\\\"[0,132][1080,286]\\\",\\\"class\\\":\\\"android.view.ViewGroup\\\",\\\"content-desc\\\":\\\"\\\",\\\"index\\\":0,\\\"resource-id\\\":\\\"net.gsantner.markor_test:id\/toolbar\\\",\\\"text\\\":\\\"\\\"}\"}","Screenshot":""}
{"Type":"Monkey","MonkeyStepsCount":8,"Time":"2026-06-19 03:51:43.900","Info":"{\"act\":\"LONG_CLICK\",\"adbinput\":false,\"aid\":\"g0a11\",\"allowFuzzing\":true,\"clear\":false,\"editable\":false,\"jAction\":\"\",\"pos\":[749,143,859,275],\"rawinput\":false,\"sid\":\"\",\"text\":\"\",\"throttle\":80,\"waitTime\":0,\"widget\":\"{\\\"bounds\\\":\\\"[749,143][859,275]\\\",\\\"class\\\":\\\"android.widget.TextView\\\",\\\"content-desc\\\":\\\"Sort by\\\",\\\"index\\\":1,\\\"resource-id\\\":\\\"net.gsantner.markor_test:id\/action_sort\\\",\\\"text\\\":\\\"\\\"}\"}","Screenshot":""}
{"Type":"ScriptInfo","MonkeyStepsCount":8,"Time":"2026-06-19 03:51:45.263","Info":"{\"propName\":\"markor1695.Markor.test_rename_file\",\"startStepsCount\":8,\"state\":\"start\"}","Screenshot":""}
{"Type":"Script","MonkeyStepsCount":8,"Time":"2026-06-19 03:51:45.402","Info":"{\"jsonrpc\": \"2.0\", \"id\": 1, \"method\": \"click\", \"params\": [135.0, 2013.0]}","Screenshot":""}
{"Type":"Script","MonkeyStepsCount":8,"Time":"2026-06-19 03:51:46.837","Info":"{\"jsonrpc\": \"2.0\", \"id\": 1, \"method\": \"click\", \"params\": [694.0, 209.0]}","Screenshot":""}
{"Type":"Script","MonkeyStepsCount":8,"Time":"2026-06-19 03:51:48.228","Info":"{\"jsonrpc\": \"2.0\", \"id\": 1, \"method\": \"click\", \"params\": [717.5, 1107.0]}","Screenshot":""}
{"Type":"Script","MonkeyStepsCount":8,"Time":"2026-06-19 03:51:50.020","Info":"{\"jsonrpc\": \"2.0\", \"id\": 1, \"method\": \"click\", \"params\": [350.0, 623.0, 500]}","Screenshot":""}
{"Type":"Script","MonkeyStepsCount":8,"Time":"2026-06-19 03:51:52.037","Info":"{\"jsonrpc\": \"2.0\", \"id\": 1, \"method\": \"click\", \"params\": [694.0, 209.0]}","Screenshot":""}
{"Type":"Script","MonkeyStepsCount":8,"Time":"2026-06-19 03:51:53.285","Info":"{\"jsonrpc\": \"2.0\", \"id\": 1, \"method\": \"setText\", \"params\": [{\"mask\": 2097152, \"childOrSibling\": [], \"childOrSiblingSelector\": [], \"resourceId\": \"net.gsantner.markor_test:id\/new_name\"}, \"HEP1p3Ccu1.md\"]}","Screenshot":""}
{"Type":"Script","MonkeyStepsCount":8,"Time":"2026-06-19 03:51:54.660","Info":"{\"jsonrpc\": \"2.0\", \"id\": 1, \"method\": \"click\", \"params\": [751.5, 1341.0]}","Screenshot":""}
{"Type":"ScriptInfo","MonkeyStepsCount":8,"Time":"2026-06-19 03:51:55.890","Info":"{\"propName\":\"markor1695.Markor.test_rename_file\",\"startStepsCount\":8,\"state\":\"pass\"}","Screenshot":""}
{"Type":"ScriptInfo","MonkeyStepsCount":8,"Time":"2026-06-19 03:51:56.203","Info":"{\"propName\":\"markor1695.Markor.test_rename_file\",\"startStepsCount\":8,\"state\":\"start\"}","Screenshot":""}
{"Type":"Script","MonkeyStepsCount":8,"Time":"2026-06-19 03:51:56.374","Info":"{\"jsonrpc\": \"2.0\", \"id\": 1, \"method\": \"click\", \"params\": [135.0, 2013.0]}","Screenshot":""}
{"Type":"Script","MonkeyStepsCount":8,"Time":"2026-06-19 03:51:57.670","Info":"{\"jsonrpc\": \"2.0\", \"id\": 1, \"method\": \"click\", \"params\": [694.0, 209.0]}","Screenshot":""}
{"Type":"Script","MonkeyStepsCount":8,"Time":"2026-06-19 03:51:58.971","Info":"{\"jsonrpc\": \"2.0\", \"id\": 1, \"method\": \"click\", \"params\": [717.5, 1107.0]}","Screenshot":""}
{"Type":"Script","MonkeyStepsCount":8,"Time":"2026-06-19 03:52:00.825","Info":"{\"jsonrpc\": \"2.0\", \"id\": 1, \"method\": \"click\", \"params\": [363.5, 623.0, 500]}","Screenshot":""}
{"Type":"Script","MonkeyStepsCount":8,"Time":"2026-06-19 03:52:02.801","Info":"{\"jsonrpc\": \"2.0\", \"id\": 1, \"method\": \"click\", \"params\": [694.0, 209.0]}","Screenshot":""}
{"Type":"Script","MonkeyStepsCount":8,"Time":"2026-06-19 03:52:04.017","Info":"{\"jsonrpc\": \"2.0\", \"id\": 1, \"method\": \"setText\", \"params\": [{\"mask\": 2097152, \"childOrSibling\": [], \"childOrSiblingSelector\": [], \"resourceId\": \"net.gsantner.markor_test:id\/new_name\"}, \"p2Trrd.md\"]}","Screenshot":""}
{"Type":"Script","MonkeyStepsCount":8,"Time":"2026-06-19 03:52:05.324","Info":"{\"jsonrpc\": \"2.0\", \"id\": 1, \"method\": \"click\", \"params\": [751.5, 1341.0]}","Screenshot":""}
{"Type":"ScriptInfo","MonkeyStepsCount":8,"Time":"2026-06-19 03:52:06.578","Info":"{\"propName\":\"markor1695.Markor.test_rename_file\",\"startStepsCount\":8,\"state\":\"pass\"}","Screenshot":""}
{"Type":"Monkey","MonkeyStepsCount":9,"Time":"2026-06-19 03:52:06.910","Info":"{\"act\":\"LONG_CLICK\",\"adbinput\":false,\"aid\":\"g0a14\",\"allowFuzzing\":true,\"clear\":false,\"editable\":false,\"jAction\":\"\",\"pos\":[859,143,969,275],\"rawinput\":false,\"sid\":\"\",\"text\":\"\",\"throttle\":72,\"waitTime\":0,\"widget\":\"{\\\"bounds\\\":\\\"[859,143][969,275]\\\",\\\"class\\\":\\\"android.widget.TextView\\\",\\\"content-desc\\\":\\\"Search\\\",\\\"index\\\":2,\\\"resource-id\\\":\\\"net.gsantner.markor_test:id\/action_search\\\",\\\"text\\\":\\\"\\\"}\"}","Screenshot":""}
{"Type":"Monkey","MonkeyStepsCount":10,"Time":"2026-06-19 03:52:08.286","Info":"{\"act\":\"LONG_CLICK\",\"adbinput\":false,\"aid\":\"g0a9\",\"allowFuzzing\":true,\"clear\":false,\"editable\":false,\"jAction\":\"\",\"pos\":[44,310,121,387],\"rawinput\":false,\"sid\":\"\",\"text\":\"\",\"throttle\":60,\"waitTime\":0,\"widget\":\"{\\\"bounds\\\":\\\"[44,310][121,387]\\\",\\\"class\\\":\\\"android.widget.ImageView\\\",\\\"content-desc\\\":\\\"\\\",\\\"index\\\":0,\\\"resource-id\\\":\\\"net.gsantner.markor_test:id\/opoc_filesystem_item__image\\\",\\\"text\\\":\\\"\\\"}\"}","Screenshot":""}
{"Type":"ScriptInfo","MonkeyStepsCount":10,"Time":"2026-06-19 03:52:09.652","Info":"{\"propName\":\"markor1695.Markor.test_rename_file\",\"startStepsCount\":10,\"state\":\"start\"}","Screenshot":""}
{"Type":"Script","MonkeyStepsCount":10,"Time":"2026-06-19 03:52:09.825","Info":"{\"jsonrpc\": \"2.0\", \"id\": 1, \"method\": \"click\", \"params\": [135.0, 2013.0]}","Screenshot":""}
{"Type":"Script","MonkeyStepsCount":10,"Time":"2026-06-19 03:52:11.169","Info":"{\"jsonrpc\": \"2.0\", \"id\": 1, \"method\": \"click\", \"params\": [694.0, 209.0]}","Screenshot":""}
{"Type":"Script","MonkeyStepsCount":10,"Time":"2026-06-19 03:52:12.547","Info":"{\"jsonrpc\": \"2.0\", \"id\": 1, \"method\": \"click\", \"params\": [717.5, 1107.0]}","Screenshot":""}
{"Type":"Script","MonkeyStepsCount":10,"Time":"2026-06-19 03:52:14.345","Info":"{\"jsonrpc\": \"2.0\", \"id\": 1, \"method\": \"click\", \"params\": [286.5, 623.0, 500]}","Screenshot":""}
{"Type":"Script","MonkeyStepsCount":10,"Time":"2026-06-19 03:52:16.359","Info":"{\"jsonrpc\": \"2.0\", \"id\": 1, \"method\": \"click\", \"params\": [694.0, 209.0]}","Screenshot":""}
{"Type":"Script","MonkeyStepsCount":10,"Time":"2026-06-19 03:52:17.565","Info":"{\"jsonrpc\": \"2.0\", \"id\": 1, \"method\": \"setText\", \"params\": [{\"mask\": 2097152, \"childOrSibling\": [], \"childOrSiblingSelector\": [], \"resourceId\": \"net.gsantner.markor_test:id\/new_name\"}, \"lU0nNJzDck.md\"]}","Screenshot":""}
{"Type":"Script","MonkeyStepsCount":10,"Time":"2026-06-19 03:52:18.859","Info":"{\"jsonrpc\": \"2.0\", \"id\": 1, \"method\": \"click\", \"params\": [751.5, 1341.0]}","Screenshot":""}
{"Type":"ScriptInfo","MonkeyStepsCount":10,"Time":"2026-06-19 03:52:20.126","Info":"{\"propName\":\"markor1695.Markor.test_rename_file\",\"startStepsCount\":10,\"state\":\"pass\"}","Screenshot":""}
{"Type":"ScriptInfo","MonkeyStepsCount":10,"Time":"2026-06-19 03:52:20.438","Info":"{\"propName\":\"markor1695.Markor.test_rename_file\",\"startStepsCount\":10,\"state\":\"start\"}","Screenshot":""}
{"Type":"Script","MonkeyStepsCount":10,"Time":"2026-06-19 03:52:20.579","Info":"{\"jsonrpc\": \"2.0\", \"id\": 1, \"method\": \"click\", \"params\": [135.0, 2013.0]}","Screenshot":""}
{"Type":"Script","MonkeyStepsCount":10,"Time":"2026-06-19 03:52:21.865","Info":"{\"jsonrpc\": \"2.0\", \"id\": 1, \"method\": \"click\", \"params\": [694.0, 209.0]}","Screenshot":""}
{"Type":"Script","MonkeyStepsCount":10,"Time":"2026-06-19 03:52:23.219","Info":"{\"jsonrpc\": \"2.0\", \"id\": 1, \"method\": \"click\", \"params\": [717.5, 1107.0]}","Screenshot":""}
{"Type":"Script","MonkeyStepsCount":10,"Time":"2026-06-19 03:52:25.086","Info":"{\"jsonrpc\": \"2.0\", \"id\": 1, \"method\": \"click\", \"params\": [352.5, 623.0, 500]}","Screenshot":""}
{"Type":"Script","MonkeyStepsCount":10,"Time":"2026-06-19 03:52:27.033","Info":"{\"jsonrpc\": \"2.0\", \"id\": 1, \"method\": \"click\", \"params\": [694.0, 209.0]}","Screenshot":""}
{"Type":"Script","MonkeyStepsCount":10,"Time":"2026-06-19 03:52:28.299","Info":"{\"jsonrpc\": \"2.0\", \"id\": 1, \"method\": \"setText\", \"params\": [{\"mask\": 2097152, \"childOrSibling\": [], \"childOrSiblingSelector\": [], \"resourceId\": \"net.gsantner.markor_test:id\/new_name\"}, \"cVd5.md\"]}","Screenshot":""}
{"Type":"Script","MonkeyStepsCount":10,"Time":"2026-06-19 03:52:29.623","Info":"{\"jsonrpc\": \"2.0\", \"id\": 1, \"method\": \"click\", \"params\": [751.5, 1341.0]}","Screenshot":""}
{"Type":"ScriptInfo","MonkeyStepsCount":10,"Time":"2026-06-19 03:52:30.857","Info":"{\"propName\":\"markor1695.Markor.test_rename_file\",\"startStepsCount\":10,\"state\":\"pass\"}","Screenshot":""}
{"Type":"Monkey","MonkeyStepsCount":11,"Time":"2026-06-19 03:52:31.159","Info":"{\"act\":\"LONG_CLICK\",\"adbinput\":false,\"aid\":\"g0a24\",\"allowFuzzing\":true,\"clear\":false,\"editable\":false,\"jAction\":\"\",\"pos\":[969,143,1080,275],\"rawinput\":false,\"sid\":\"\",\"text\":\"\",\"throttle\":95,\"waitTime\":0,\"widget\":\"{\\\"bounds\\\":\\\"[969,143][1080,275]\\\",\\\"class\\\":\\\"android.widget.ImageView\\\",\\\"content-desc\\\":\\\"More options\\\",\\\"index\\\":3,\\\"resource-id\\\":\\\"\\\",\\\"text\\\":\\\"\\\"}\"}","Screenshot":""}
{"Type":"ScriptInfo","MonkeyStepsCount":11,"Time":"2026-06-19 03:52:32.544","Info":"{\"propName\":\"markor1695.Markor.test_rename_file\",\"startStepsCount\":11,\"state\":\"start\"}","Screenshot":""}
{"Type":"Script","MonkeyStepsCount":11,"Time":"2026-06-19 03:52:32.734","Info":"{\"jsonrpc\": \"2.0\", \"id\": 1, \"method\": \"click\", \"params\": [135.0, 2013.0]}","Screenshot":""}
{"Type":"Script","MonkeyStepsCount":11,"Time":"2026-06-19 03:52:34.093","Info":"{\"jsonrpc\": \"2.0\", \"id\": 1, \"method\": \"click\", \"params\": [694.0, 209.0]}","Screenshot":""}
{"Type":"Script","MonkeyStepsCount":11,"Time":"2026-06-19 03:52:35.388","Info":"{\"jsonrpc\": \"2.0\", \"id\": 1, \"method\": \"click\", \"params\": [717.5, 1107.0]}","Screenshot":""}
{"Type":"Script","MonkeyStepsCount":11,"Time":"2026-06-19 03:52:37.232","Info":"{\"jsonrpc\": \"2.0\", \"id\": 1, \"method\": \"click\", \"params\": [269.0, 623.0, 500]}","Screenshot":""}
{"Type":"Script","MonkeyStepsCount":11,"Time":"2026-06-19 03:52:39.234","Info":"{\"jsonrpc\": \"2.0\", \"id\": 1, \"method\": \"click\", \"params\": [694.0, 209.0]}","Screenshot":""}
{"Type":"Script","MonkeyStepsCount":11,"Time":"2026-06-19 03:52:40.455","Info":"{\"jsonrpc\": \"2.0\", \"id\": 1, \"method\": \"setText\", \"params\": [{\"mask\": 2097152, \"childOrSibling\": [], \"childOrSiblingSelector\": [], \"resourceId\": \"net.gsantner.markor_test:id\/new_name\"}, \"iG1wCdrg1.md\"]}","Screenshot":""}
{"Type":"Script","MonkeyStepsCount":11,"Time":"2026-06-19 03:52:41.779","Info":"{\"jsonrpc\": \"2.0\", \"id\": 1, \"method\": \"click\", \"params\": [751.5, 1341.0]}","Screenshot":""}
{"Type":"ScriptInfo","MonkeyStepsCount":11,"Time":"2026-06-19 03:52:43.024","Info":"{\"propName\":\"markor1695.Markor.test_rename_file\",\"startStepsCount\":11,\"state\":\"pass\"}","Screenshot":""}
{"Type":"Monkey","MonkeyStepsCount":12,"Time":"2026-06-19 03:52:43.322","Info":"{\"act\":\"CLICK\",\"adbinput\":false,\"aid\":\"g0a1\",\"allowFuzzing\":true,\"clear\":false,\"editable\":false,\"jAction\":\"\",\"pos\":[810,1994,1080,2016],\"rawinput\":false,\"sid\":\"\",\"text\":\"\",\"throttle\":37,\"waitTime\":0,\"widget\":\"{\\\"bounds\\\":\\\"[810,1994][1080,2016]\\\",\\\"class\\\":\\\"android.widget.FrameLayout\\\",\\\"content-desc\\\":\\\"More\\\",\\\"index\\\":3,\\\"resource-id\\\":\\\"net.gsantner.markor_test:id\/nav_more\\\",\\\"text\\\":\\\"\\\"}\"}","Screenshot":""}
{"Type":"Monkey","MonkeyStepsCount":13,"Time":"2026-06-19 03:52:43.701","Info":"{\"act\":\"CLICK\",\"adbinput\":false,\"aid\":\"g0a26\",\"allowFuzzing\":true,\"clear\":false,\"editable\":false,\"jAction\":\"\",\"pos\":[55,286,1080,532],\"rawinput\":false,\"sid\":\"\",\"text\":\"\",\"throttle\":37,\"waitTime\":0,\"widget\":\"{\\\"bounds\\\":\\\"[55,286][1080,532]\\\",\\\"class\\\":\\\"android.widget.LinearLayout\\\",\\\"content-desc\\\":\\\"\\\",\\\"index\\\":0,\\\"resource-id\\\":\\\"\\\",\\\"text\\\":\\\"\\\"}\"}","Screenshot":""}
{"Type":"Monkey","MonkeyStepsCount":14,"Time":"2026-06-19 03:52:44.038","Info":"{\"act\":\"CLICK\",\"adbinput\":false,\"aid\":\"g0a26\",\"allowFuzzing\":true,\"clear\":false,\"editable\":false,\"jAction\":\"\",\"pos\":[0,286,1080,532],\"rawinput\":false,\"sid\":\"\",\"text\":\"\",\"throttle\":37,\"waitTime\":0,\"widget\":\"{\\\"bounds\\\":\\\"[0,286][1080,532]\\\",\\\"class\\\":\\\"android.widget.LinearLayout\\\",\\\"content-desc\\\":\\\"\\\",\\\"index\\\":0,\\\"resource-id\\\":\\\"\\\",\\\"text\\\":\\\"\\\"}\"}","Screenshot":""}
{"Type":"Monkey","MonkeyStepsCount":15,"Time":"2026-06-19 03:52:44.382","Info":"{\"act\":\"SCROLL_TOP_DOWN\",\"adbinput\":false,\"aid\":\"g0a4\",\"allowFuzzing\":true,\"clear\":false,\"editable\":false,\"jAction\":\"\",\"pos\":[0,0,1080,2016],\"rawinput\":false,\"sid\":\"\",\"text\":\"\",\"throttle\":84,\"waitTime\":0,\"widget\":\"{\\\"bounds\\\":\\\"[0,0][1080,2016]\\\",\\\"class\\\":\\\"android.widget.FrameLayout\\\",\\\"content-desc\\\":\\\"\\\",\\\"index\\\":0,\\\"resource-id\\\":\\\"\\\",\\\"text\\\":\\\"\\\"}\"}","Screenshot":""}
{"Type":"Monkey","MonkeyStepsCount":16,"Time":"2026-06-19 03:52:45.071","Info":"{\"act\":\"LONG_CLICK\",\"adbinput\":false,\"aid\":\"g0a16\",\"allowFuzzing\":true,\"clear\":false,\"editable\":false,\"jAction\":\"\",\"pos\":[0,132,1080,286],\"rawinput\":false,\"sid\":\"\",\"text\":\"\",\"throttle\":19,\"waitTime\":0,\"widget\":\"{\\\"bounds\\\":\\\"[0,132][1080,286]\\\",\\\"class\\\":\\\"android.view.ViewGroup\\\",\\\"content-desc\\\":\\\"\\\",\\\"index\\\":0,\\\"resource-id\\\":\\\"net.gsantner.markor_test:id\/toolbar\\\",\\\"text\\\":\\\"\\\"}\"}","Screenshot":""}
{"Type":"Monkey","MonkeyStepsCount":17,"Time":"2026-06-19 03:52:46.393","Info":"{\"act\":\"CLICK\",\"adbinput\":false,\"aid\":\"g0a23\",\"allowFuzzing\":true,\"clear\":false,\"editable\":false,\"jAction\":\"\",\"pos\":[969,143,1080,275],\"rawinput\":false,\"sid\":\"\",\"text\":\"\",\"throttle\":76,\"waitTime\":0,\"widget\":\"{\\\"bounds\\\":\\\"[969,143][1080,275]\\\",\\\"class\\\":\\\"android.widget.ImageView\\\",\\\"content-desc\\\":\\\"More options\\\",\\\"index\\\":0,\\\"resource-id\\\":\\\"\\\",\\\"text\\\":\\\"\\\"}\"}","Screenshot":""}
{"Type":"Monkey","MonkeyStepsCount":18,"Time":"2026-06-19 03:52:46.756","Info":"{\"act\":\"SCROLL_RIGHT_LEFT\",\"adbinput\":false,\"aid\":\"g0a7\",\"allowFuzzing\":true,\"clear\":false,\"editable\":false,\"jAction\":\"\",\"pos\":[530,143,981,187],\"rawinput\":false,\"sid\":\"\",\"text\":\"\",\"throttle\":76,\"waitTime\":0,\"widget\":\"{\\\"bounds\\\":\\\"[530,143][981,187]\\\",\\\"class\\\":\\\"android.widget.FrameLayout\\\",\\\"content-desc\\\":\\\"\\\",\\\"index\\\":0,\\\"resource-id\\\":\\\"\\\",\\\"text\\\":\\\"\\\"}\"}","Screenshot":""}
{"Type":"Monkey","MonkeyStepsCount":19,"Time":"2026-06-19 03:52:47.362","Info":"{\"act\":\"SCROLL_TOP_DOWN\",\"adbinput\":false,\"aid\":\"g0a4\",\"allowFuzzing\":true,\"clear\":false,\"editable\":false,\"jAction\":\"\",\"pos\":[530,143,981,187],\"rawinput\":false,\"sid\":\"\",\"text\":\"\",\"throttle\":89,\"waitTime\":0,\"widget\":\"{\\\"bounds\\\":\\\"[530,143][981,187]\\\",\\\"class\\\":\\\"android.widget.FrameLayout\\\",\\\"content-desc\\\":\\\"\\\",\\\"index\\\":0,\\\"resource-id\\\":\\\"\\\",\\\"text\\\":\\\"\\\"}\"}","Screenshot":""}
{"Type":"Monkey","MonkeyStepsCount":20,"Time":"2026-06-19 03:52:47.959","Info":"{\"act\":\"SCROLL_LEFT_RIGHT\",\"adbinput\":false,\"aid\":\"g0a6\",\"allowFuzzing\":true,\"clear\":false,\"editable\":false,\"jAction\":\"\",\"pos\":[530,143,981,187],\"rawinput\":false,\"sid\":\"\",\"text\":\"\",\"throttle\":89,\"waitTime\":0,\"widget\":\"{\\\"bounds\\\":\\\"[530,143][981,187]\\\",\\\"class\\\":\\\"android.widget.FrameLayout\\\",\\\"content-desc\\\":\\\"\\\",\\\"index\\\":0,\\\"resource-id\\\":\\\"\\\",\\\"text\\\":\\\"\\\"}\"}","Screenshot":""}
{"Type":"Monkey","MonkeyStepsCount":21,"Time":"2026-06-19 03:52:48.601","Info":"{\"act\":\"SCROLL_BOTTOM_UP\",\"adbinput\":false,\"aid\":\"g0a5\",\"allowFuzzing\":true,\"clear\":false,\"editable\":false,\"jAction\":\"\",\"pos\":[530,143,981,187],\"rawinput\":false,\"sid\":\"\",\"text\":\"\",\"throttle\":63,\"waitTime\":0,\"widget\":\"{\\\"bounds\\\":\\\"[530,143][981,187]\\\",\\\"class\\\":\\\"android.widget.FrameLayout\\\",\\\"content-desc\\\":\\\"\\\",\\\"index\\\":0,\\\"resource-id\\\":\\\"\\\",\\\"text\\\":\\\"\\\"}\"}","Screenshot":""}
{"Type":"Monkey","MonkeyStepsCount":22,"Time":"2026-06-19 03:52:49.211","Info":"{\"act\":\"BACK\",\"adbinput\":false,\"aid\":\"g0a25\",\"allowFuzzing\":true,\"clear\":false,\"editable\":false,\"jAction\":\"\",\"pos\":[0,0,0,0],\"rawinput\":false,\"sid\":\"\",\"text\":\"\",\"throttle\":50,\"waitTime\":0,\"widget\":\"\"}","Screenshot":""}
{"Type":"Monkey","MonkeyStepsCount":23,"Time":"2026-06-19 03:52:49.618","Info":"{\"act\":\"CLICK\",\"adbinput\":false,\"aid\":\"g0a15\",\"allowFuzzing\":true,\"clear\":false,\"editable\":false,\"jAction\":\"\",\"pos\":[0,132,1080,286],\"rawinput\":false,\"sid\":\"\",\"text\":\"\",\"throttle\":76,\"waitTime\":0,\"widget\":\"{\\\"bounds\\\":\\\"[0,132][1080,286]\\\",\\\"class\\\":\\\"android.view.ViewGroup\\\",\\\"content-desc\\\":\\\"\\\",\\\"index\\\":0,\\\"resource-id\\\":\\\"net.gsantner.markor_test:id\/toolbar\\\",\\\"text\\\":\\\"\\\"}\"}","Screenshot":""}
{"Type":"Monkey","MonkeyStepsCount":24,"Time":"2026-06-19 03:52:50.008","Info":"{\"act\":\"LONG_CLICK\",\"adbinput\":false,\"aid\":\"g0a24\",\"allowFuzzing\":true,\"clear\":false,\"editable\":false,\"jAction\":\"\",\"pos\":[969,143,1080,275],\"rawinput\":false,\"sid\":\"\",\"text\":\"\",\"throttle\":76,\"waitTime\":0,\"widget\":\"{\\\"bounds\\\":\\\"[969,143][1080,275]\\\",\\\"class\\\":\\\"android.widget.ImageView\\\",\\\"content-desc\\\":\\\"More options\\\",\\\"index\\\":0,\\\"resource-id\\\":\\\"\\\",\\\"text\\\":\\\"\\\"}\"}","Screenshot":""}
