{"Type":"Monkey","MonkeyStepsCount":1,"Time":"2026-04-11 13:53:34.056","Info":"{\"act\":\"SCROLL_LEFT_RIGHT\",\"adbinput\":false,\"aid\":\"g0a5\",\"allowFuzzing\":true,\"clear\":false,\"editable\":false,\"jAction\":\"\",\"pos\":[0,0,1080,2280],\"rawinput\":false,\"sid\":\"\",\"text\":\"\",\"throttle\":94,\"waitTime\":0,\"widget\":\"{\\\"bounds\\\":\\\"[0,0][1080,2280]\\\",\\\"class\\\":\\\"android.widget.FrameLayout\\\",\\\"content-desc\\\":\\\"\\\",\\\"index\\\":0,\\\"resource-id\\\":\\\"\\\",\\\"text\\\":\\\"\\\"}\"}","Screenshot":""}
{"Type":"ScriptInfo","MonkeyStepsCount":1,"Time":"2026-04-11 13:53:34.688","Info":"{\"propName\":\"omni949.OmniNotesBugTest.test_create_note_with_tags\",\"startStepsCount\":1,\"state\":\"start\"}","Screenshot":""}
{"Type":"Script","MonkeyStepsCount":1,"Time":"2026-04-11 13:53:34.875","Info":"{\"jsonrpc\": \"2.0\", \"id\": 1, \"method\": \"click\", \"params\": [957.0, 2024.5]}","Screenshot":""}
{"Type":"Script","MonkeyStepsCount":1,"Time":"2026-04-11 13:53:43.584","Info":"{\"jsonrpc\": \"2.0\", \"id\": 1, \"method\": \"click\", \"params\": [957.5, 1832.5]}","Screenshot":""}
{"Type":"Script","MonkeyStepsCount":1,"Time":"2026-04-11 13:53:44.372","Info":"{\"jsonrpc\": \"2.0\", \"id\": 1, \"method\": \"setText\", \"params\": [{\"mask\": 2097152, \"childOrSibling\": [], \"childOrSiblingSelector\": [], \"resourceId\": \"it.feio.android.omninotes.alpha:id\/detail_title\"}, \"vYeHvsu2\"]}","Screenshot":""}
{"Type":"Script","MonkeyStepsCount":1,"Time":"2026-04-11 13:53:44.541","Info":"{\"jsonrpc\": \"2.0\", \"id\": 1, \"method\": \"setText\", \"params\": [{\"mask\": 2097152, \"childOrSibling\": [], \"childOrSiblingSelector\": [], \"resourceId\": \"it.feio.android.omninotes.alpha:id\/detail_content\"}, \"#tag1 #tag2\"]}","Screenshot":""}
{"Type":"Script","MonkeyStepsCount":1,"Time":"2026-04-11 13:53:45.200","Info":"{\"jsonrpc\": \"2.0\", \"id\": 1, \"method\": \"pressKey\", \"params\": [\"back\"]}","Screenshot":""}
{"Type":"ScriptInfo","MonkeyStepsCount":1,"Time":"2026-04-11 13:53:45.820","Info":"{\"propName\":\"omni949.OmniNotesBugTest.test_create_note_with_tags\",\"startStepsCount\":1,\"state\":\"pass\"}","Screenshot":""}
{"Type":"ScriptInfo","MonkeyStepsCount":1,"Time":"2026-04-11 13:53:46.124","Info":"{\"propName\":\"omni949.OmniNotesBugTest.test_create_note_with_tags\",\"startStepsCount\":1,\"state\":\"start\"}","Screenshot":""}
{"Type":"Script","MonkeyStepsCount":1,"Time":"2026-04-11 13:53:46.291","Info":"{\"jsonrpc\": \"2.0\", \"id\": 1, \"method\": \"click\", \"params\": [957.0, 2024.5]}","Screenshot":""}
{"Type":"Script","MonkeyStepsCount":1,"Time":"2026-04-11 13:53:47.236","Info":"{\"jsonrpc\": \"2.0\", \"id\": 1, \"method\": \"click\", \"params\": [957.5, 1832.5]}","Screenshot":""}
{"Type":"Script","MonkeyStepsCount":1,"Time":"2026-04-11 13:53:48.014","Info":"{\"jsonrpc\": \"2.0\", \"id\": 1, \"method\": \"setText\", \"params\": [{\"mask\": 2097152, \"childOrSibling\": [], \"childOrSiblingSelector\": [], \"resourceId\": \"it.feio.android.omninotes.alpha:id\/detail_title\"}, \"7v0z\"]}","Screenshot":""}
{"Type":"Script","MonkeyStepsCount":1,"Time":"2026-04-11 13:53:48.159","Info":"{\"jsonrpc\": \"2.0\", \"id\": 1, \"method\": \"setText\", \"params\": [{\"mask\": 2097152, \"childOrSibling\": [], \"childOrSiblingSelector\": [], \"resourceId\": \"it.feio.android.omninotes.alpha:id\/detail_content\"}, \"#tag1 #tag2\"]}","Screenshot":""}
{"Type":"Script","MonkeyStepsCount":1,"Time":"2026-04-11 13:53:48.794","Info":"{\"jsonrpc\": \"2.0\", \"id\": 1, \"method\": \"pressKey\", \"params\": [\"back\"]}","Screenshot":""}
{"Type":"ScriptInfo","MonkeyStepsCount":1,"Time":"2026-04-11 13:53:49.413","Info":"{\"propName\":\"omni949.OmniNotesBugTest.test_create_note_with_tags\",\"startStepsCount\":1,\"state\":\"pass\"}","Screenshot":""}
{"Type":"Monkey","MonkeyStepsCount":2,"Time":"2026-04-11 13:53:49.686","Info":"{\"act\":\"CLICK\",\"adbinput\":false,\"aid\":\"g0a7\",\"allowFuzzing\":true,\"clear\":false,\"editable\":false,\"jAction\":\"\",\"pos\":[705,94,837,226],\"rawinput\":false,\"sid\":\"\",\"text\":\"\",\"throttle\":97,\"waitTime\":0,\"widget\":\"{\\\"bounds\\\":\\\"[705,94][837,226]\\\",\\\"class\\\":\\\"android.widget.Button\\\",\\\"content-desc\\\":\\\"Search\\\",\\\"index\\\":0,\\\"resource-id\\\":\\\"it.feio.android.omninotes.alpha:id\/menu_search\\\",\\\"text\\\":\\\"\\\"}\"}","Screenshot":""}
{"Type":"ScriptInfo","MonkeyStepsCount":2,"Time":"2026-04-11 13:53:49.987","Info":"{\"propName\":\"omni949.OmniNotesBugTest.test_create_note_with_tags\",\"startStepsCount\":2,\"state\":\"start\"}","Screenshot":""}
{"Type":"Script","MonkeyStepsCount":2,"Time":"2026-04-11 13:53:50.457","Info":"{\"jsonrpc\": \"2.0\", \"id\": 1, \"method\": \"click\", \"params\": [957.0, 2024.5]}","Screenshot":""}
{"Type":"Script","MonkeyStepsCount":2,"Time":"2026-04-11 13:53:51.332","Info":"{\"jsonrpc\": \"2.0\", \"id\": 1, \"method\": \"click\", \"params\": [957.5, 1832.5]}","Screenshot":""}
{"Type":"Script","MonkeyStepsCount":2,"Time":"2026-04-11 13:53:52.111","Info":"{\"jsonrpc\": \"2.0\", \"id\": 1, \"method\": \"setText\", \"params\": [{\"mask\": 2097152, \"childOrSibling\": [], \"childOrSiblingSelector\": [], \"resourceId\": \"it.feio.android.omninotes.alpha:id\/detail_title\"}, \"RaD544\"]}","Screenshot":""}
{"Type":"Script","MonkeyStepsCount":2,"Time":"2026-04-11 13:53:52.362","Info":"{\"jsonrpc\": \"2.0\", \"id\": 1, \"method\": \"setText\", \"params\": [{\"mask\": 2097152, \"childOrSibling\": [], \"childOrSiblingSelector\": [], \"resourceId\": \"it.feio.android.omninotes.alpha:id\/detail_content\"}, \"#tag1 #tag2\"]}","Screenshot":""}
{"Type":"Script","MonkeyStepsCount":2,"Time":"2026-04-11 13:53:53.017","Info":"{\"jsonrpc\": \"2.0\", \"id\": 1, \"method\": \"pressKey\", \"params\": [\"back\"]}","Screenshot":""}
{"Type":"ScriptInfo","MonkeyStepsCount":2,"Time":"2026-04-11 13:53:53.640","Info":"{\"propName\":\"omni949.OmniNotesBugTest.test_create_note_with_tags\",\"startStepsCount\":2,\"state\":\"pass\"}","Screenshot":""}
{"Type":"ScriptInfo","MonkeyStepsCount":2,"Time":"2026-04-11 13:53:53.929","Info":"{\"propName\":\"omni949.OmniNotesBugTest.test_edit_note\",\"startStepsCount\":2,\"state\":\"start\"}","Screenshot":""}
{"Type":"Script","MonkeyStepsCount":2,"Time":"2026-04-11 13:53:54.976","Info":"{\"jsonrpc\": \"2.0\", \"id\": 1, \"method\": \"click\", \"params\": [536.0, 308.5]}","Screenshot":""}
{"Type":"ScriptInfo","MonkeyStepsCount":2,"Time":"2026-04-11 13:53:55.989","Info":"{\"propName\":\"omni949.OmniNotesBugTest.test_edit_note\",\"startStepsCount\":2,\"state\":\"pass\"}","Screenshot":""}
{"Type":"ScriptInfo","MonkeyStepsCount":2,"Time":"2026-04-11 13:53:56.560","Info":"{\"propName\":\"omni949.OmniNotesBugTest.test_remove_tag\",\"startStepsCount\":2,\"state\":\"start\"}","Screenshot":""}
{"Type":"Script","MonkeyStepsCount":2,"Time":"2026-04-11 13:53:56.718","Info":"{\"jsonrpc\": \"2.0\", \"id\": 1, \"method\": \"click\", \"params\": [771.0, 160.0]}","Screenshot":""}
{"Type":"Script","MonkeyStepsCount":2,"Time":"2026-04-11 13:53:57.967","Info":"{\"jsonrpc\": \"2.0\", \"id\": 1, \"method\": \"click\", \"params\": [360.5, 1039.0]}","Screenshot":""}
{"Type":"Script","MonkeyStepsCount":2,"Time":"2026-04-11 13:53:59.303","Info":"{\"jsonrpc\": \"2.0\", \"id\": 1, \"method\": \"click\", \"params\": [843.5, 1317.0]}","Screenshot":""}
{"Type":"Script","MonkeyStepsCount":2,"Time":"2026-04-11 13:54:00.665","Info":"{\"jsonrpc\": \"2.0\", \"id\": 1, \"method\": \"pressKey\", \"params\": [\"back\"]}","Screenshot":""}
{"Type":"ScriptInfo","MonkeyStepsCount":2,"Time":"2026-04-11 13:54:01.297","Info":"{\"propName\":\"omni949.OmniNotesBugTest.test_remove_tag\",\"startStepsCount\":2,\"state\":\"pass\"}","Screenshot":""}
{"Type":"ScriptInfo","MonkeyStepsCount":2,"Time":"2026-04-11 13:54:01.593","Info":"{\"propName\":\"omni949.OmniNotesBugTest.test_create_empty_category\",\"startStepsCount\":2,\"state\":\"start\"}","Screenshot":""}
{"Type":"Script","MonkeyStepsCount":2,"Time":"2026-04-11 13:54:01.763","Info":"{\"jsonrpc\": \"2.0\", \"id\": 1, \"method\": \"click\", \"params\": [957.0, 2024.5]}","Screenshot":""}
{"Type":"Script","MonkeyStepsCount":2,"Time":"2026-04-11 13:54:02.683","Info":"{\"jsonrpc\": \"2.0\", \"id\": 1, \"method\": \"click\", \"params\": [957.5, 1832.5]}","Screenshot":""}
{"Type":"Script","MonkeyStepsCount":2,"Time":"2026-04-11 13:54:03.521","Info":"{\"jsonrpc\": \"2.0\", \"id\": 1, \"method\": \"click\", \"params\": [639.0, 160.0]}","Screenshot":""}
{"Type":"Script","MonkeyStepsCount":2,"Time":"2026-04-11 13:54:04.331","Info":"{\"jsonrpc\": \"2.0\", \"id\": 1, \"method\": \"click\", \"params\": [768.5, 1191.0]}","Screenshot":""}
{"Type":"Script","MonkeyStepsCount":2,"Time":"2026-04-11 13:54:05.050","Info":"{\"jsonrpc\": \"2.0\", \"id\": 1, \"method\": \"setText\", \"params\": [{\"mask\": 2097153, \"childOrSibling\": [], \"childOrSiblingSelector\": [], \"resourceId\": \"it.feio.android.omninotes.alpha:id\/category_title\", \"text\": \"Title\"}, \"Y8rPcn\"]}","Screenshot":""}
{"Type":"Script","MonkeyStepsCount":2,"Time":"2026-04-11 13:54:05.833","Info":"{\"jsonrpc\": \"2.0\", \"id\": 1, \"method\": \"click\", \"params\": [659.5, 1385.5]}","Screenshot":""}
{"Type":"Script","MonkeyStepsCount":2,"Time":"2026-04-11 13:54:06.551","Info":"{\"jsonrpc\": \"2.0\", \"id\": 1, \"method\": \"pressKey\", \"params\": [\"back\"]}","Screenshot":""}
{"Type":"Script","MonkeyStepsCount":2,"Time":"2026-04-11 13:54:07.634","Info":"{\"jsonrpc\": \"2.0\", \"id\": 1, \"method\": \"click\", \"params\": [77.0, 160.0]}","Screenshot":""}
{"Type":"Script","MonkeyStepsCount":2,"Time":"2026-04-11 13:54:07.845","Info":"{\"jsonrpc\": \"2.0\", \"id\": 1, \"method\": \"pressKey\", \"params\": [\"back\"]}","Screenshot":""}
{"Type":"ScriptInfo","MonkeyStepsCount":2,"Time":"2026-04-11 13:54:08.529","Info":"{\"propName\":\"omni949.OmniNotesBugTest.test_create_empty_category\",\"startStepsCount\":2,\"state\":\"pass\"}","Screenshot":""}
{"Type":"Monkey","MonkeyStepsCount":3,"Time":"2026-04-11 13:54:08.841","Info":"{\"act\":\"SCROLL_RIGHT_LEFT\",\"adbinput\":false,\"aid\":\"g0a20\",\"allowFuzzing\":true,\"clear\":false,\"editable\":false,\"jAction\":\"\",\"pos\":[0,0,1080,2280],\"rawinput\":false,\"sid\":\"\",\"text\":\"\",\"throttle\":97,\"waitTime\":0,\"widget\":\"{\\\"bounds\\\":\\\"[0,0][1080,2280]\\\",\\\"class\\\":\\\"android.widget.FrameLayout\\\",\\\"content-desc\\\":\\\"\\\",\\\"index\\\":0,\\\"resource-id\\\":\\\"\\\",\\\"text\\\":\\\"\\\"}\"}","Screenshot":""}
{"Type":"Monkey","MonkeyStepsCount":4,"Time":"2026-04-11 13:54:09.514","Info":"{\"act\":\"CLICK\",\"adbinput\":false,\"aid\":\"g0a26\",\"allowFuzzing\":true,\"clear\":false,\"editable\":false,\"jAction\":\"\",\"pos\":[507,1631,573,1697],\"rawinput\":false,\"sid\":\"\",\"text\":\"\",\"throttle\":67,\"waitTime\":0,\"widget\":\"{\\\"bounds\\\":\\\"[507,1631][573,1697]\\\",\\\"class\\\":\\\"android.view.View\\\",\\\"content-desc\\\":\\\"Apps list\\\",\\\"index\\\":0,\\\"resource-id\\\":\\\"\\\",\\\"text\\\":\\\"\\\"}\"}","Screenshot":""}
{"Type":"ScriptInfo","MonkeyStepsCount":4,"Time":"2026-04-11 13:54:11.838","Info":"{\"propName\":\"omni949.OmniNotesBugTest.test_create_note_with_tags\",\"startStepsCount\":4,\"state\":\"start\"}","Screenshot":""}
{"Type":"Script","MonkeyStepsCount":4,"Time":"2026-04-11 13:54:11.960","Info":"{\"jsonrpc\": \"2.0\", \"id\": 1, \"method\": \"click\", \"params\": [957.0, 2024.5]}","Screenshot":""}
{"Type":"Script","MonkeyStepsCount":4,"Time":"2026-04-11 13:54:12.790","Info":"{\"jsonrpc\": \"2.0\", \"id\": 1, \"method\": \"click\", \"params\": [957.5, 1832.5]}","Screenshot":""}
{"Type":"Script","MonkeyStepsCount":4,"Time":"2026-04-11 13:54:13.528","Info":"{\"jsonrpc\": \"2.0\", \"id\": 1, \"method\": \"setText\", \"params\": [{\"mask\": 2097152, \"childOrSibling\": [], \"childOrSiblingSelector\": [], \"resourceId\": \"it.feio.android.omninotes.alpha:id\/detail_title\"}, \"zLdeCOIjrN\"]}","Screenshot":""}
{"Type":"Script","MonkeyStepsCount":4,"Time":"2026-04-11 13:54:13.682","Info":"{\"jsonrpc\": \"2.0\", \"id\": 1, \"method\": \"setText\", \"params\": [{\"mask\": 2097152, \"childOrSibling\": [], \"childOrSiblingSelector\": [], \"resourceId\": \"it.feio.android.omninotes.alpha:id\/detail_content\"}, \"#tag1 #tag2\"]}","Screenshot":""}
{"Type":"Script","MonkeyStepsCount":4,"Time":"2026-04-11 13:54:14.325","Info":"{\"jsonrpc\": \"2.0\", \"id\": 1, \"method\": \"pressKey\", \"params\": [\"back\"]}","Screenshot":""}
{"Type":"ScriptInfo","MonkeyStepsCount":4,"Time":"2026-04-11 13:54:14.946","Info":"{\"propName\":\"omni949.OmniNotesBugTest.test_create_note_with_tags\",\"startStepsCount\":4,\"state\":\"pass\"}","Screenshot":""}
{"Type":"ScriptInfo","MonkeyStepsCount":4,"Time":"2026-04-11 13:54:15.239","Info":"{\"propName\":\"omni949.OmniNotesBugTest.test_reduced_view\",\"startStepsCount\":4,\"state\":\"start\"}","Screenshot":""}
{"Type":"Script","MonkeyStepsCount":4,"Time":"2026-04-11 13:54:15.380","Info":"{\"jsonrpc\": \"2.0\", \"id\": 1, \"method\": \"click\", \"params\": [1024.5, 160.0]}","Screenshot":""}
{"Type":"Script","MonkeyStepsCount":4,"Time":"2026-04-11 13:54:16.323","Info":"{\"jsonrpc\": \"2.0\", \"id\": 1, \"method\": \"click\", \"params\": [799.5, 182.5]}","Screenshot":""}
{"Type":"Script","MonkeyStepsCount":4,"Time":"2026-04-11 13:54:17.153","Info":"{\"jsonrpc\": \"2.0\", \"id\": 1, \"method\": \"click\", \"params\": [1024.5, 160.0]}","Screenshot":""}
{"Type":"Script","MonkeyStepsCount":4,"Time":"2026-04-11 13:54:17.984","Info":"{\"jsonrpc\": \"2.0\", \"id\": 1, \"method\": \"click\", \"params\": [799.5, 182.5]}","Screenshot":""}
{"Type":"ScriptInfo","MonkeyStepsCount":4,"Time":"2026-04-11 13:54:18.649","Info":"{\"propName\":\"omni949.OmniNotesBugTest.test_reduced_view\",\"startStepsCount\":4,\"state\":\"pass\"}","Screenshot":""}
{"Type":"ScriptInfo","MonkeyStepsCount":4,"Time":"2026-04-11 13:54:18.926","Info":"{\"propName\":\"omni949.OmniNotesBugTest.test_data_setting\",\"startStepsCount\":4,\"state\":\"start\"}","Screenshot":""}
{"Type":"Script","MonkeyStepsCount":4,"Time":"2026-04-11 13:54:19.233","Info":"{\"jsonrpc\": \"2.0\", \"id\": 1, \"method\": \"click\", \"params\": [77.0, 160.0]}","Screenshot":""}
{"Type":"Script","MonkeyStepsCount":4,"Time":"2026-04-11 13:54:20.049","Info":"{\"jsonrpc\": \"2.0\", \"id\": 1, \"method\": \"click\", \"params\": [478.5, 770.0]}","Screenshot":""}
{"Type":"Script","MonkeyStepsCount":4,"Time":"2026-04-11 13:54:20.860","Info":"{\"jsonrpc\": \"2.0\", \"id\": 1, \"method\": \"click\", \"params\": [89.5, 451.5]}","Screenshot":""}
{"Type":"Script","MonkeyStepsCount":4,"Time":"2026-04-11 13:54:21.662","Info":"{\"jsonrpc\": \"2.0\", \"id\": 1, \"method\": \"click\", \"params\": [222.5, 310.5]}","Screenshot":""}
{"Type":"Script","MonkeyStepsCount":4,"Time":"2026-04-11 13:54:22.362","Info":"{\"jsonrpc\": \"2.0\", \"id\": 1, \"method\": \"pressKey\", \"params\": [\"back\"]}","Screenshot":""}
{"Type":"Script","MonkeyStepsCount":4,"Time":"2026-04-11 13:54:22.919","Info":"{\"jsonrpc\": \"2.0\", \"id\": 1, \"method\": \"pressKey\", \"params\": [\"back\"]}","Screenshot":""}
{"Type":"Script","MonkeyStepsCount":4,"Time":"2026-04-11 13:54:23.499","Info":"{\"jsonrpc\": \"2.0\", \"id\": 1, \"method\": \"pressKey\", \"params\": [\"back\"]}","Screenshot":""}
{"Type":"Script","MonkeyStepsCount":4,"Time":"2026-04-11 13:54:24.607","Info":"{\"jsonrpc\": \"2.0\", \"id\": 1, \"method\": \"pressKey\", \"params\": [\"back\"]}","Screenshot":""}
{"Type":"ScriptInfo","MonkeyStepsCount":4,"Time":"2026-04-11 13:54:25.161","Info":"{\"propName\":\"omni949.OmniNotesBugTest.test_data_setting\",\"startStepsCount\":4,\"state\":\"pass\"}","Screenshot":""}
{"Type":"ScriptInfo","MonkeyStepsCount":4,"Time":"2026-04-11 13:54:25.513","Info":"{\"propName\":\"omni949.OmniNotesBugTest.test_edit_note\",\"startStepsCount\":4,\"state\":\"start\"}","Screenshot":""}
{"Type":"Script","MonkeyStepsCount":4,"Time":"2026-04-11 13:54:26.223","Info":"{\"jsonrpc\": \"2.0\", \"id\": 1, \"method\": \"click\", \"params\": [536.0, 1208.5]}","Screenshot":""}
{"Type":"Script","MonkeyStepsCount":4,"Time":"2026-04-11 13:54:27.142","Info":"{\"jsonrpc\": \"2.0\", \"id\": 1, \"method\": \"setText\", \"params\": [{\"mask\": 2097152, \"childOrSibling\": [], \"childOrSiblingSelector\": [], \"resourceId\": \"it.feio.android.omninotes.alpha:id\/detail_content\"}, \"#tag1 #tag2\"]}","Screenshot":""}
{"Type":"Script","MonkeyStepsCount":4,"Time":"2026-04-11 13:54:28.287","Info":"{\"jsonrpc\": \"2.0\", \"id\": 1, \"method\": \"pressKey\", \"params\": [\"back\"]}","Screenshot":""}
{"Type":"Script","MonkeyStepsCount":4,"Time":"2026-04-11 13:54:29.864","Info":"{\"jsonrpc\": \"2.0\", \"id\": 1, \"method\": \"click\", \"params\": [185, 430]}","Screenshot":""}
{"Type":"Script","MonkeyStepsCount":4,"Time":"2026-04-11 13:54:31.199","Info":"{\"jsonrpc\": \"2.0\", \"id\": 1, \"method\": \"pressKey\", \"params\": [\"right\"]}","Screenshot":""}
{"Type":"ScriptInfo","MonkeyStepsCount":4,"Time":"2026-04-11 13:54:32.592","Info":"{\"propName\":\"omni949.OmniNotesBugTest.test_edit_note\",\"startStepsCount\":4,\"state\":\"pass\"}","Screenshot":""}
{"Type":"ScriptInfo","MonkeyStepsCount":4,"Time":"2026-04-11 13:54:33.158","Info":"{\"propName\":\"omni949.OmniNotesBugTest.test_remove_tag\",\"startStepsCount\":4,\"state\":\"start\"}","Screenshot":""}
{"Type":"Script","MonkeyStepsCount":4,"Time":"2026-04-11 13:54:33.363","Info":"{\"jsonrpc\": \"2.0\", \"id\": 1, \"method\": \"click\", \"params\": [771.0, 160.0]}","Screenshot":""}
{"Type":"Script","MonkeyStepsCount":4,"Time":"2026-04-11 13:54:34.697","Info":"{\"jsonrpc\": \"2.0\", \"id\": 1, \"method\": \"click\", \"params\": [360.5, 1039.0]}","Screenshot":""}
{"Type":"Script","MonkeyStepsCount":4,"Time":"2026-04-11 13:54:36.026","Info":"{\"jsonrpc\": \"2.0\", \"id\": 1, \"method\": \"click\", \"params\": [843.5, 1317.0]}","Screenshot":""}
{"Type":"Script","MonkeyStepsCount":4,"Time":"2026-04-11 13:54:37.346","Info":"{\"jsonrpc\": \"2.0\", \"id\": 1, \"method\": \"pressKey\", \"params\": [\"back\"]}","Screenshot":""}
{"Type":"ScriptInfo","MonkeyStepsCount":4,"Time":"2026-04-11 13:54:37.892","Info":"{\"propName\":\"omni949.OmniNotesBugTest.test_remove_tag\",\"startStepsCount\":4,\"state\":\"fail\"}","Screenshot":""}
{"Type":"ScriptInfo","MonkeyStepsCount":4,"Time":"2026-04-11 13:54:38.173","Info":"{\"propName\":\"omni949.OmniNotesBugTest.test_behavior_setting\",\"startStepsCount\":4,\"state\":\"start\"}","Screenshot":""}
{"Type":"Script","MonkeyStepsCount":4,"Time":"2026-04-11 13:54:38.505","Info":"{\"jsonrpc\": \"2.0\", \"id\": 1, \"method\": \"click\", \"params\": [77.0, 160.0]}","Screenshot":""}
{"Type":"Script","MonkeyStepsCount":4,"Time":"2026-04-11 13:54:39.385","Info":"{\"jsonrpc\": \"2.0\", \"id\": 1, \"method\": \"click\", \"params\": [478.5, 770.0]}","Screenshot":""}
{"Type":"Script","MonkeyStepsCount":4,"Time":"2026-04-11 13:54:40.231","Info":"{\"jsonrpc\": \"2.0\", \"id\": 1, \"method\": \"click\", \"params\": [140.5, 892.5]}","Screenshot":""}
{"Type":"Script","MonkeyStepsCount":4,"Time":"2026-04-11 13:54:41.030","Info":"{\"jsonrpc\": \"2.0\", \"id\": 1, \"method\": \"click\", \"params\": [972.0, 510.0]}","Screenshot":""}
{"Type":"Script","MonkeyStepsCount":4,"Time":"2026-04-11 13:54:41.883","Info":"{\"jsonrpc\": \"2.0\", \"id\": 1, \"method\": \"click\", \"params\": [972.0, 510.0]}","Screenshot":""}
{"Type":"Script","MonkeyStepsCount":4,"Time":"2026-04-11 13:54:42.611","Info":"{\"jsonrpc\": \"2.0\", \"id\": 1, \"method\": \"pressKey\", \"params\": [\"back\"]}","Screenshot":""}
{"Type":"Script","MonkeyStepsCount":4,"Time":"2026-04-11 13:54:43.202","Info":"{\"jsonrpc\": \"2.0\", \"id\": 1, \"method\": \"pressKey\", \"params\": [\"back\"]}","Screenshot":""}
{"Type":"Script","MonkeyStepsCount":4,"Time":"2026-04-11 13:54:44.311","Info":"{\"jsonrpc\": \"2.0\", \"id\": 1, \"method\": \"pressKey\", \"params\": [\"back\"]}","Screenshot":""}
{"Type":"ScriptInfo","MonkeyStepsCount":4,"Time":"2026-04-11 13:54:44.860","Info":"{\"propName\":\"omni949.OmniNotesBugTest.test_behavior_setting\",\"startStepsCount\":4,\"state\":\"pass\"}","Screenshot":""}
{"Type":"ScriptInfo","MonkeyStepsCount":4,"Time":"2026-04-11 13:54:45.168","Info":"{\"propName\":\"omni949.OmniNotesBugTest.test_reduced_view\",\"startStepsCount\":4,\"state\":\"start\"}","Screenshot":""}
{"Type":"Script","MonkeyStepsCount":4,"Time":"2026-04-11 13:54:45.350","Info":"{\"jsonrpc\": \"2.0\", \"id\": 1, \"method\": \"click\", \"params\": [1024.5, 160.0]}","Screenshot":""}
{"Type":"Script","MonkeyStepsCount":4,"Time":"2026-04-11 13:54:46.223","Info":"{\"jsonrpc\": \"2.0\", \"id\": 1, \"method\": \"click\", \"params\": [799.5, 182.5]}","Screenshot":""}
{"Type":"Script","MonkeyStepsCount":4,"Time":"2026-04-11 13:54:47.094","Info":"{\"jsonrpc\": \"2.0\", \"id\": 1, \"method\": \"click\", \"params\": [1024.5, 160.0]}","Screenshot":""}
{"Type":"Script","MonkeyStepsCount":4,"Time":"2026-04-11 13:54:47.876","Info":"{\"jsonrpc\": \"2.0\", \"id\": 1, \"method\": \"click\", \"params\": [799.5, 182.5]}","Screenshot":""}
{"Type":"ScriptInfo","MonkeyStepsCount":4,"Time":"2026-04-11 13:54:48.523","Info":"{\"propName\":\"omni949.OmniNotesBugTest.test_reduced_view\",\"startStepsCount\":4,\"state\":\"pass\"}","Screenshot":""}
{"Type":"Monkey","MonkeyStepsCount":5,"Time":"2026-04-11 13:54:48.812","Info":"{\"act\":\"LONG_CLICK\",\"adbinput\":false,\"aid\":\"g0a1\",\"allowFuzzing\":true,\"clear\":false,\"editable\":false,\"jAction\":\"\",\"pos\":[856,1923,1058,2126],\"rawinput\":false,\"sid\":\"\",\"text\":\"\",\"throttle\":78,\"waitTime\":0,\"widget\":\"{\\\"bounds\\\":\\\"[856,1923][1058,2126]\\\",\\\"class\\\":\\\"android.widget.ImageButton\\\",\\\"content-desc\\\":\\\"\\\",\\\"index\\\":6,\\\"resource-id\\\":\\\"it.feio.android.omninotes.alpha:id\/fab_expand_menu_button\\\",\\\"text\\\":\\\"\\\"}\"}","Screenshot":""}
{"Type":"ScriptInfo","MonkeyStepsCount":5,"Time":"2026-04-11 13:54:50.428","Info":"{\"propName\":\"omni949.OmniNotesBugTest.test_delete_note\",\"startStepsCount\":5,\"state\":\"start\"}","Screenshot":""}
{"Type":"Script","MonkeyStepsCount":5,"Time":"2026-04-11 13:54:50.682","Info":"{\"jsonrpc\": \"2.0\", \"id\": 1, \"method\": \"click\", \"params\": [1024.5, 160.0]}","Screenshot":""}
{"Type":"ScriptInfo","MonkeyStepsCount":5,"Time":"2026-04-11 13:55:13.298","Info":"{\"propName\":\"omni949.OmniNotesBugTest.test_delete_note\",\"startStepsCount\":5,\"state\":\"error\"}","Screenshot":""}
{"Type":"Monkey","MonkeyStepsCount":6,"Time":"2026-04-11 13:55:13.575","Info":"{\"act\":\"CLICK\",\"adbinput\":false,\"aid\":\"g0a30\",\"allowFuzzing\":true,\"clear\":false,\"editable\":false,\"jAction\":\"\",\"pos\":[530,117,1025,249],\"rawinput\":false,\"sid\":\"\",\"text\":\"\",\"throttle\":78,\"waitTime\":0,\"widget\":\"{\\\"bounds\\\":\\\"[530,117][1025,249]\\\",\\\"class\\\":\\\"android.widget.LinearLayout\\\",\\\"content-desc\\\":\\\"\\\",\\\"index\\\":0,\\\"resource-id\\\":\\\"\\\",\\\"text\\\":\\\"\\\"}\"}","Screenshot":""}
{"Type":"Monkey","MonkeyStepsCount":7,"Time":"2026-04-11 13:55:14.065","Info":"{\"act\":\"CLICK\",\"adbinput\":false,\"aid\":\"g0a41\",\"allowFuzzing\":true,\"clear\":false,\"editable\":false,\"jAction\":\"\",\"pos\":[573,94,705,226],\"rawinput\":false,\"sid\":\"\",\"text\":\"\",\"throttle\":44,\"waitTime\":0,\"widget\":\"{\\\"bounds\\\":\\\"[573,94][705,226]\\\",\\\"class\\\":\\\"android.widget.Button\\\",\\\"content-desc\\\":\\\"Category\\\",\\\"index\\\":1,\\\"resource-id\\\":\\\"it.feio.android.omninotes.alpha:id\/menu_category\\\",\\\"text\\\":\\\"\\\"}\"}","Screenshot":""}
{"Type":"Monkey","MonkeyStepsCount":8,"Time":"2026-04-11 13:55:14.600","Info":"{\"act\":\"CLICK\",\"adbinput\":false,\"aid\":\"g0a2\",\"allowFuzzing\":true,\"clear\":false,\"editable\":false,\"jAction\":\"\",\"pos\":[0,83,154,237],\"rawinput\":false,\"sid\":\"\",\"text\":\"\",\"throttle\":44,\"waitTime\":0,\"widget\":\"{\\\"bounds\\\":\\\"[0,83][154,237]\\\",\\\"class\\\":\\\"android.widget.ImageButton\\\",\\\"content-desc\\\":\\\"drawer open\\\",\\\"index\\\":0,\\\"resource-id\\\":\\\"\\\",\\\"text\\\":\\\"\\\"}\"}","Screenshot":""}
{"Type":"ScriptInfo","MonkeyStepsCount":8,"Time":"2026-04-11 13:55:15.106","Info":"{\"propName\":\"omni949.OmniNotesBugTest.test_reduced_view\",\"startStepsCount\":8,\"state\":\"start\"}","Screenshot":""}
{"Type":"Script","MonkeyStepsCount":8,"Time":"2026-04-11 13:55:15.257","Info":"{\"jsonrpc\": \"2.0\", \"id\": 1, \"method\": \"click\", \"params\": [1024.5, 160.0]}","Screenshot":""}
{"Type":"Script","MonkeyStepsCount":8,"Time":"2026-04-11 13:55:16.521","Info":"{\"jsonrpc\": \"2.0\", \"id\": 1, \"method\": \"click\", \"params\": [799.5, 182.5]}","Screenshot":""}
{"Type":"Script","MonkeyStepsCount":8,"Time":"2026-04-11 13:55:17.296","Info":"{\"jsonrpc\": \"2.0\", \"id\": 1, \"method\": \"click\", \"params\": [1024.5, 160.0]}","Screenshot":""}
{"Type":"Script","MonkeyStepsCount":8,"Time":"2026-04-11 13:55:18.075","Info":"{\"jsonrpc\": \"2.0\", \"id\": 1, \"method\": \"click\", \"params\": [799.5, 182.5]}","Screenshot":""}
{"Type":"ScriptInfo","MonkeyStepsCount":8,"Time":"2026-04-11 13:55:18.765","Info":"{\"propName\":\"omni949.OmniNotesBugTest.test_reduced_view\",\"startStepsCount\":8,\"state\":\"pass\"}","Screenshot":""}
{"Type":"ScriptInfo","MonkeyStepsCount":8,"Time":"2026-04-11 13:55:19.037","Info":"{\"propName\":\"omni949.OmniNotesBugTest.test_reduced_view\",\"startStepsCount\":8,\"state\":\"start\"}","Screenshot":""}
{"Type":"Script","MonkeyStepsCount":8,"Time":"2026-04-11 13:55:19.230","Info":"{\"jsonrpc\": \"2.0\", \"id\": 1, \"method\": \"click\", \"params\": [1024.5, 160.0]}","Screenshot":""}
{"Type":"Script","MonkeyStepsCount":8,"Time":"2026-04-11 13:55:20.135","Info":"{\"jsonrpc\": \"2.0\", \"id\": 1, \"method\": \"click\", \"params\": [799.5, 182.5]}","Screenshot":""}
{"Type":"Script","MonkeyStepsCount":8,"Time":"2026-04-11 13:55:20.961","Info":"{\"jsonrpc\": \"2.0\", \"id\": 1, \"method\": \"click\", \"params\": [1024.5, 160.0]}","Screenshot":""}
{"Type":"Script","MonkeyStepsCount":8,"Time":"2026-04-11 13:55:21.779","Info":"{\"jsonrpc\": \"2.0\", \"id\": 1, \"method\": \"click\", \"params\": [799.5, 182.5]}","Screenshot":""}
{"Type":"ScriptInfo","MonkeyStepsCount":8,"Time":"2026-04-11 13:55:22.487","Info":"{\"propName\":\"omni949.OmniNotesBugTest.test_reduced_view\",\"startStepsCount\":8,\"state\":\"pass\"}","Screenshot":""}
{"Type":"Monkey","MonkeyStepsCount":9,"Time":"2026-04-11 13:55:22.806","Info":"{\"act\":\"LONG_CLICK\",\"adbinput\":false,\"aid\":\"g0a9\",\"allowFuzzing\":true,\"clear\":false,\"editable\":false,\"jAction\":\"\",\"pos\":[837,94,969,226],\"rawinput\":false,\"sid\":\"\",\"text\":\"\",\"throttle\":21,\"waitTime\":0,\"widget\":\"{\\\"bounds\\\":\\\"[837,94][969,226]\\\",\\\"class\\\":\\\"android.widget.Button\\\",\\\"content-desc\\\":\\\"Sort\\\",\\\"index\\\":1,\\\"resource-id\\\":\\\"it.feio.android.omninotes.alpha:id\/menu_sort\\\",\\\"text\\\":\\\"\\\"}\"}","Screenshot":""}
{"Type":"Monkey","MonkeyStepsCount":10,"Time":"2026-04-11 13:55:24.119","Info":"{\"act\":\"SCROLL_RIGHT_LEFT\",\"adbinput\":false,\"aid\":\"g0a6\",\"allowFuzzing\":true,\"clear\":false,\"editable\":false,\"jAction\":\"\",\"pos\":[0,0,1080,2280],\"rawinput\":false,\"sid\":\"\",\"text\":\"\",\"throttle\":29,\"waitTime\":0,\"widget\":\"{\\\"bounds\\\":\\\"[0,0][1080,2280]\\\",\\\"class\\\":\\\"android.widget.FrameLayout\\\",\\\"content-desc\\\":\\\"\\\",\\\"index\\\":0,\\\"resource-id\\\":\\\"\\\",\\\"text\\\":\\\"\\\"}\"}","Screenshot":""}
{"Type":"ScriptInfo","MonkeyStepsCount":10,"Time":"2026-04-11 13:55:24.916","Info":"{\"propName\":\"omni949.OmniNotesBugTest.test_reduced_view\",\"startStepsCount\":10,\"state\":\"start\"}","Screenshot":""}
{"Type":"Script","MonkeyStepsCount":10,"Time":"2026-04-11 13:55:25.452","Info":"{\"jsonrpc\": \"2.0\", \"id\": 1, \"method\": \"click\", \"params\": [1024.5, 160.0]}","Screenshot":""}
{"Type":"Script","MonkeyStepsCount":10,"Time":"2026-04-11 13:55:26.334","Info":"{\"jsonrpc\": \"2.0\", \"id\": 1, \"method\": \"click\", \"params\": [799.5, 182.5]}","Screenshot":""}
{"Type":"Script","MonkeyStepsCount":10,"Time":"2026-04-11 13:55:27.201","Info":"{\"jsonrpc\": \"2.0\", \"id\": 1, \"method\": \"click\", \"params\": [1024.5, 160.0]}","Screenshot":""}
{"Type":"Script","MonkeyStepsCount":10,"Time":"2026-04-11 13:55:28.051","Info":"{\"jsonrpc\": \"2.0\", \"id\": 1, \"method\": \"click\", \"params\": [799.5, 182.5]}","Screenshot":""}
{"Type":"ScriptInfo","MonkeyStepsCount":10,"Time":"2026-04-11 13:55:28.705","Info":"{\"propName\":\"omni949.OmniNotesBugTest.test_reduced_view\",\"startStepsCount\":10,\"state\":\"pass\"}","Screenshot":""}
{"Type":"ScriptInfo","MonkeyStepsCount":10,"Time":"2026-04-11 13:55:28.992","Info":"{\"propName\":\"omni949.OmniNotesBugTest.test_edit_note\",\"startStepsCount\":10,\"state\":\"start\"}","Screenshot":""}
{"Type":"Script","MonkeyStepsCount":10,"Time":"2026-04-11 13:55:29.781","Info":"{\"jsonrpc\": \"2.0\", \"id\": 1, \"method\": \"click\", \"params\": [536.0, 1208.5]}","Screenshot":""}
{"Type":"Script","MonkeyStepsCount":10,"Time":"2026-04-11 13:55:30.670","Info":"{\"jsonrpc\": \"2.0\", \"id\": 1, \"method\": \"setText\", \"params\": [{\"mask\": 2097152, \"childOrSibling\": [], \"childOrSiblingSelector\": [], \"resourceId\": \"it.feio.android.omninotes.alpha:id\/detail_content\"}, \"#tag1 #tag2\"]}","Screenshot":""}
{"Type":"Script","MonkeyStepsCount":10,"Time":"2026-04-11 13:55:31.816","Info":"{\"jsonrpc\": \"2.0\", \"id\": 1, \"method\": \"pressKey\", \"params\": [\"back\"]}","Screenshot":""}
{"Type":"Script","MonkeyStepsCount":10,"Time":"2026-04-11 13:55:33.390","Info":"{\"jsonrpc\": \"2.0\", \"id\": 1, \"method\": \"click\", \"params\": [185, 430]}","Screenshot":""}
{"Type":"Script","MonkeyStepsCount":10,"Time":"2026-04-11 13:55:34.706","Info":"{\"jsonrpc\": \"2.0\", \"id\": 1, \"method\": \"pressKey\", \"params\": [\"right\"]}","Screenshot":""}
{"Type":"ScriptInfo","MonkeyStepsCount":10,"Time":"2026-04-11 13:55:36.083","Info":"{\"propName\":\"omni949.OmniNotesBugTest.test_edit_note\",\"startStepsCount\":10,\"state\":\"pass\"}","Screenshot":""}
{"Type":"ScriptInfo","MonkeyStepsCount":10,"Time":"2026-04-11 13:55:36.718","Info":"{\"propName\":\"omni949.OmniNotesBugTest.test_remove_tag\",\"startStepsCount\":10,\"state\":\"start\"}","Screenshot":""}
{"Type":"Script","MonkeyStepsCount":10,"Time":"2026-04-11 13:55:36.845","Info":"{\"jsonrpc\": \"2.0\", \"id\": 1, \"method\": \"click\", \"params\": [771.0, 160.0]}","Screenshot":""}
{"Type":"Script","MonkeyStepsCount":10,"Time":"2026-04-11 13:55:38.153","Info":"{\"jsonrpc\": \"2.0\", \"id\": 1, \"method\": \"click\", \"params\": [360.5, 1039.0]}","Screenshot":""}
{"Type":"Script","MonkeyStepsCount":10,"Time":"2026-04-11 13:55:39.465","Info":"{\"jsonrpc\": \"2.0\", \"id\": 1, \"method\": \"click\", \"params\": [843.5, 1317.0]}","Screenshot":""}
{"Type":"Script","MonkeyStepsCount":10,"Time":"2026-04-11 13:55:40.839","Info":"{\"jsonrpc\": \"2.0\", \"id\": 1, \"method\": \"pressKey\", \"params\": [\"back\"]}","Screenshot":""}
{"Type":"ScriptInfo","MonkeyStepsCount":10,"Time":"2026-04-11 13:55:41.415","Info":"{\"propName\":\"omni949.OmniNotesBugTest.test_remove_tag\",\"startStepsCount\":10,\"state\":\"fail\"}","Screenshot":""}
