{"Type":"Monkey","MonkeyStepsCount":1,"Time":"2026-06-19 10:42:36.118","Info":"{\"act\":\"LONG_CLICK\",\"adbinput\":false,\"aid\":\"g0a21\",\"allowFuzzing\":true,\"clear\":false,\"editable\":false,\"jAction\":\"\",\"pos\":[870,73,975,199],\"rawinput\":false,\"sid\":\"\",\"text\":\"\",\"throttle\":26,\"waitTime\":0,\"widget\":\"{\\\"bounds\\\":\\\"[870,73][975,199]\\\",\\\"class\\\":\\\"android.widget.TextView\\\",\\\"content-desc\\\":\\\"Search\\\",\\\"index\\\":2,\\\"resource-id\\\":\\\"net.gsantner.markor_test:id\/action_search\\\",\\\"text\\\":\\\"\\\"}\"}","Screenshot":""}
{"Type":"Monkey","MonkeyStepsCount":2,"Time":"2026-06-19 10:42:37.460","Info":"{\"act\":\"CLICK\",\"adbinput\":false,\"aid\":\"g0a20\",\"allowFuzzing\":true,\"clear\":false,\"editable\":false,\"jAction\":\"\",\"pos\":[870,73,975,199],\"rawinput\":false,\"sid\":\"\",\"text\":\"\",\"throttle\":70,\"waitTime\":0,\"widget\":\"{\\\"bounds\\\":\\\"[870,73][975,199]\\\",\\\"class\\\":\\\"android.widget.TextView\\\",\\\"content-desc\\\":\\\"Search\\\",\\\"index\\\":2,\\\"resource-id\\\":\\\"net.gsantner.markor_test:id\/action_search\\\",\\\"text\\\":\\\"\\\"}\"}","Screenshot":""}
{"Type":"Monkey","MonkeyStepsCount":3,"Time":"2026-06-19 10:42:38.032","Info":"{\"act\":\"CLICK\",\"adbinput\":false,\"aid\":\"g0a20\",\"allowFuzzing\":true,\"clear\":false,\"editable\":false,\"jAction\":\"\",\"pos\":[870,73,975,199],\"rawinput\":false,\"sid\":\"\",\"text\":\"\",\"throttle\":62,\"waitTime\":0,\"widget\":\"{\\\"bounds\\\":\\\"[870,73][975,199]\\\",\\\"class\\\":\\\"android.widget.TextView\\\",\\\"content-desc\\\":\\\"Search\\\",\\\"index\\\":2,\\\"resource-id\\\":\\\"net.gsantner.markor_test:id\/action_search\\\",\\\"text\\\":\\\"\\\"}\"}","Screenshot":""}
{"Type":"Monkey","MonkeyStepsCount":4,"Time":"2026-06-19 10:42:38.394","Info":"{\"act\":\"SCROLL_BOTTOM_UP\",\"adbinput\":false,\"aid\":\"g0a15\",\"allowFuzzing\":true,\"clear\":false,\"editable\":false,\"jAction\":\"\",\"pos\":[0,210,1080,1647],\"rawinput\":false,\"sid\":\"\",\"text\":\"\",\"throttle\":62,\"waitTime\":0,\"widget\":\"{\\\"bounds\\\":\\\"[0,210][1080,1647]\\\",\\\"class\\\":\\\"androidx.recyclerview.widget.RecyclerView\\\",\\\"content-desc\\\":\\\"\\\",\\\"index\\\":0,\\\"resource-id\\\":\\\"\\\",\\\"text\\\":\\\"\\\"}\"}","Screenshot":""}
{"Type":"Monkey","MonkeyStepsCount":5,"Time":"2026-06-19 10:42:39.132","Info":"{\"act\":\"LONG_CLICK\",\"adbinput\":false,\"aid\":\"g0a3\",\"allowFuzzing\":true,\"clear\":false,\"editable\":false,\"jAction\":\"\",\"pos\":[0,210,1080,348],\"rawinput\":false,\"sid\":\"\",\"text\":\"\",\"throttle\":47,\"waitTime\":0,\"widget\":\"{\\\"bounds\\\":\\\"[0,210][1080,348]\\\",\\\"class\\\":\\\"android.widget.LinearLayout\\\",\\\"content-desc\\\":\\\"File a.md 6\/19\/2026, 10:03\\\",\\\"index\\\":0,\\\"resource-id\\\":\\\"net.gsantner.markor_test:id\/opoc_filesystem_item__root\\\",\\\"text\\\":\\\"\\\"}\"}","Screenshot":""}
{"Type":"Monkey","MonkeyStepsCount":6,"Time":"2026-06-19 10:42:40.645","Info":"{\"act\":\"LONG_CLICK\",\"adbinput\":false,\"aid\":\"g0a32\",\"allowFuzzing\":true,\"clear\":false,\"editable\":false,\"jAction\":\"\",\"pos\":[765,73,870,199],\"rawinput\":false,\"sid\":\"\",\"text\":\"\",\"throttle\":28,\"waitTime\":0,\"widget\":\"{\\\"bounds\\\":\\\"[765,73][870,199]\\\",\\\"class\\\":\\\"android.widget.TextView\\\",\\\"content-desc\\\":\\\"Details\\\",\\\"index\\\":2,\\\"resource-id\\\":\\\"net.gsantner.markor_test:id\/action_info_selected_item\\\",\\\"text\\\":\\\"\\\"}\"}","Screenshot":""}
{"Type":"Monkey","MonkeyStepsCount":7,"Time":"2026-06-19 10:42:41.958","Info":"{\"act\":\"CLICK\",\"adbinput\":false,\"aid\":\"g0a34\",\"allowFuzzing\":true,\"clear\":false,\"editable\":false,\"jAction\":\"\",\"pos\":[660,73,765,199],\"rawinput\":false,\"sid\":\"\",\"text\":\"\",\"throttle\":27,\"waitTime\":0,\"widget\":\"{\\\"bounds\\\":\\\"[660,73][765,199]\\\",\\\"class\\\":\\\"android.widget.TextView\\\",\\\"content-desc\\\":\\\"Rename\\\",\\\"index\\\":1,\\\"resource-id\\\":\\\"net.gsantner.markor_test:id\/action_rename_selected_item\\\",\\\"text\\\":\\\"\\\"}\"}","Screenshot":""}
{"Type":"Monkey","MonkeyStepsCount":8,"Time":"2026-06-19 10:42:42.361","Info":"{\"act\":\"LONG_CLICK\",\"adbinput\":false,\"aid\":\"g0a39\",\"allowFuzzing\":true,\"clear\":false,\"editable\":true,\"jAction\":\"\",\"pos\":[260,863,820,1020],\"rawinput\":false,\"sid\":\"\",\"text\":\"a.md\",\"throttle\":92,\"waitTime\":0,\"widget\":\"{\\\"bounds\\\":\\\"[260,863][820,1020]\\\",\\\"class\\\":\\\"android.widget.EditText\\\",\\\"content-desc\\\":\\\"\\\",\\\"index\\\":1,\\\"resource-id\\\":\\\"net.gsantner.markor_test:id\/new_name\\\",\\\"text\\\":\\\"a.md\\\"}\"}","Screenshot":""}
{"Type":"Monkey","MonkeyStepsCount":9,"Time":"2026-06-19 10:42:44.236","Info":"{\"act\":\"CLICK\",\"adbinput\":false,\"aid\":\"g0a42\",\"allowFuzzing\":true,\"clear\":false,\"editable\":false,\"jAction\":\"\",\"pos\":[335,999,451,1104],\"rawinput\":false,\"sid\":\"\",\"text\":\"\",\"throttle\":97,\"waitTime\":0,\"widget\":\"{\\\"bounds\\\":\\\"[335,999][451,1104]\\\",\\\"class\\\":\\\"android.view.View\\\",\\\"content-desc\\\":\\\"\\\",\\\"index\\\":0,\\\"resource-id\\\":\\\"android:id\/selection_end_handle\\\",\\\"text\\\":\\\"\\\"}\"}","Screenshot":""}
{"Type":"Monkey","MonkeyStepsCount":10,"Time":"2026-06-19 10:42:44.735","Info":"{\"act\":\"CLICK\",\"adbinput\":false,\"aid\":\"g0a43\",\"allowFuzzing\":true,\"clear\":false,\"editable\":false,\"jAction\":\"\",\"pos\":[218,795,360,921],\"rawinput\":false,\"sid\":\"\",\"text\":\"\",\"throttle\":56,\"waitTime\":0,\"widget\":\"{\\\"bounds\\\":\\\"[218,795][360,921]\\\",\\\"class\\\":\\\"android.widget.LinearLayout\\\",\\\"content-desc\\\":\\\"Cut\\\",\\\"index\\\":0,\\\"resource-id\\\":\\\"\\\",\\\"text\\\":\\\"\\\"}\"}","Screenshot":""}
{"Type":"Monkey","MonkeyStepsCount":11,"Time":"2026-06-19 10:42:45.284","Info":"{\"act\":\"SCROLL_LEFT_RIGHT\",\"adbinput\":false,\"aid\":\"g0a10\",\"allowFuzzing\":true,\"clear\":false,\"editable\":false,\"jAction\":\"\",\"pos\":[176,774,915,942],\"rawinput\":false,\"sid\":\"\",\"text\":\"\",\"throttle\":70,\"waitTime\":0,\"widget\":\"{\\\"bounds\\\":\\\"[176,774][915,942]\\\",\\\"class\\\":\\\"android.widget.FrameLayout\\\",\\\"content-desc\\\":\\\"\\\",\\\"index\\\":0,\\\"resource-id\\\":\\\"\\\",\\\"text\\\":\\\"\\\"}\"}","Screenshot":""}
{"Type":"Monkey","MonkeyStepsCount":12,"Time":"2026-06-19 10:42:45.959","Info":"{\"act\":\"CLICK\",\"adbinput\":false,\"aid\":\"g0a38\",\"allowFuzzing\":true,\"clear\":false,\"editable\":true,\"jAction\":\"\",\"pos\":[260,863,820,1020],\"rawinput\":false,\"sid\":\"\",\"text\":\"LQQ_moO86k.md\",\"throttle\":70,\"waitTime\":0,\"widget\":\"{\\\"bounds\\\":\\\"[260,863][820,1020]\\\",\\\"class\\\":\\\"android.widget.EditText\\\",\\\"content-desc\\\":\\\"\\\",\\\"index\\\":1,\\\"resource-id\\\":\\\"net.gsantner.markor_test:id\/new_name\\\",\\\"text\\\":\\\"Enterthenameofyourfolder\\\"}\"}","Screenshot":""}
{"Type":"Monkey","MonkeyStepsCount":13,"Time":"2026-06-19 10:42:48.640","Info":"{\"act\":\"CLICK\",\"adbinput\":false,\"aid\":\"g0a41\",\"allowFuzzing\":true,\"clear\":false,\"editable\":false,\"jAction\":\"\",\"pos\":[662,1073,830,1199],\"rawinput\":false,\"sid\":\"\",\"text\":\"\",\"throttle\":13,\"waitTime\":0,\"widget\":\"{\\\"bounds\\\":\\\"[662,1073][830,1199]\\\",\\\"class\\\":\\\"android.widget.Button\\\",\\\"content-desc\\\":\\\"\\\",\\\"index\\\":1,\\\"resource-id\\\":\\\"android:id\/button1\\\",\\\"text\\\":\\\"OK\\\"}\"}","Screenshot":""}
{"Type":"Monkey","MonkeyStepsCount":14,"Time":"2026-06-19 10:42:49.035","Info":"{\"act\":\"SCROLL_RIGHT_LEFT\",\"adbinput\":false,\"aid\":\"g0a11\",\"allowFuzzing\":true,\"clear\":false,\"editable\":false,\"jAction\":\"\",\"pos\":[176,604,960,1277],\"rawinput\":false,\"sid\":\"\",\"text\":\"\",\"throttle\":22,\"waitTime\":0,\"widget\":\"{\\\"bounds\\\":\\\"[176,604][960,1277]\\\",\\\"class\\\":\\\"android.widget.FrameLayout\\\",\\\"content-desc\\\":\\\"\\\",\\\"index\\\":0,\\\"resource-id\\\":\\\"\\\",\\\"text\\\":\\\"\\\"}\"}","Screenshot":""}
{"Type":"Monkey","MonkeyStepsCount":15,"Time":"2026-06-19 10:42:49.658","Info":"{\"act\":\"SCROLL_LEFT_RIGHT\",\"adbinput\":false,\"aid\":\"g0a10\",\"allowFuzzing\":true,\"clear\":false,\"editable\":false,\"jAction\":\"\",\"pos\":[120,580,960,1277],\"rawinput\":false,\"sid\":\"\",\"text\":\"\",\"throttle\":22,\"waitTime\":0,\"widget\":\"{\\\"bounds\\\":\\\"[120,580][960,1277]\\\",\\\"class\\\":\\\"android.widget.FrameLayout\\\",\\\"content-desc\\\":\\\"\\\",\\\"index\\\":0,\\\"resource-id\\\":\\\"\\\",\\\"text\\\":\\\"\\\"}\"}","Screenshot":""}
{"Type":"Monkey","MonkeyStepsCount":16,"Time":"2026-06-19 10:42:50.278","Info":"{\"act\":\"CLICK\",\"adbinput\":false,\"aid\":\"g0a40\",\"allowFuzzing\":true,\"clear\":false,\"editable\":false,\"jAction\":\"\",\"pos\":[516,1098,718,1224],\"rawinput\":false,\"sid\":\"\",\"text\":\"\",\"throttle\":10,\"waitTime\":0,\"widget\":\"{\\\"bounds\\\":\\\"[516,1098][718,1224]\\\",\\\"class\\\":\\\"android.widget.Button\\\",\\\"content-desc\\\":\\\"\\\",\\\"index\\\":0,\\\"resource-id\\\":\\\"android:id\/button2\\\",\\\"text\\\":\\\"CANCEL\\\"}\"}","Screenshot":""}
{"Type":"Monkey","MonkeyStepsCount":17,"Time":"2026-06-19 10:42:50.613","Info":"{\"act\":\"CLICK\",\"adbinput\":false,\"aid\":\"g0a36\",\"allowFuzzing\":true,\"clear\":false,\"editable\":false,\"jAction\":\"\",\"pos\":[555,73,660,199],\"rawinput\":false,\"sid\":\"\",\"text\":\"\",\"throttle\":10,\"waitTime\":0,\"widget\":\"{\\\"bounds\\\":\\\"[555,73][660,199]\\\",\\\"class\\\":\\\"android.widget.TextView\\\",\\\"content-desc\\\":\\\"Favourite\\\",\\\"index\\\":0,\\\"resource-id\\\":\\\"net.gsantner.markor_test:id\/action_favourite\\\",\\\"text\\\":\\\"\\\"}\"}","Screenshot":""}
{"Type":"Monkey","MonkeyStepsCount":18,"Time":"2026-06-19 10:42:50.927","Info":"{\"act\":\"CLICK\",\"adbinput\":false,\"aid\":\"g0a33\",\"allowFuzzing\":true,\"clear\":false,\"editable\":false,\"jAction\":\"\",\"pos\":[870,73,975,199],\"rawinput\":false,\"sid\":\"\",\"text\":\"\",\"throttle\":10,\"waitTime\":0,\"widget\":\"{\\\"bounds\\\":\\\"[870,73][975,199]\\\",\\\"class\\\":\\\"android.widget.TextView\\\",\\\"content-desc\\\":\\\"Delete\\\",\\\"index\\\":3,\\\"resource-id\\\":\\\"net.gsantner.markor_test:id\/action_delete_selected_items\\\",\\\"text\\\":\\\"\\\"}\"}","Screenshot":""}
{"Type":"Monkey","MonkeyStepsCount":19,"Time":"2026-06-19 10:42:51.220","Info":"{\"act\":\"CLICK\",\"adbinput\":false,\"aid\":\"g0a41\",\"allowFuzzing\":true,\"clear\":false,\"editable\":false,\"jAction\":\"\",\"pos\":[718,1086,886,1212],\"rawinput\":false,\"sid\":\"\",\"text\":\"\",\"throttle\":10,\"waitTime\":0,\"widget\":\"{\\\"bounds\\\":\\\"[718,1086][886,1212]\\\",\\\"class\\\":\\\"android.widget.Button\\\",\\\"content-desc\\\":\\\"\\\",\\\"index\\\":1,\\\"resource-id\\\":\\\"android:id\/button1\\\",\\\"text\\\":\\\"OK\\\"}\"}","Screenshot":""}
{"Type":"ScriptInfo","MonkeyStepsCount":19,"Time":"2026-06-19 10:42:51.780","Info":"{\"propName\":\"markor2250.Markor.test_create_new_folder\",\"startStepsCount\":19,\"state\":\"start\"}","Screenshot":""}
{"Type":"Script","MonkeyStepsCount":19,"Time":"2026-06-19 10:42:52.143","Info":"{\"jsonrpc\": \"2.0\", \"id\": 1, \"method\": \"click\", \"params\": [964.5, 1531.5]}","Screenshot":""}
{"Type":"Script","MonkeyStepsCount":19,"Time":"2026-06-19 10:42:54.358","Info":"{\"jsonrpc\": \"2.0\", \"id\": 1, \"method\": \"setText\", \"params\": [{\"mask\": 10485760, \"childOrSibling\": [], \"childOrSiblingSelector\": [], \"resourceId\": \"net.gsantner.markor_test:id\/new_file_dialog__name\", \"index\": 0}, \"X0t\"]}","Screenshot":""}
{"Type":"Script","MonkeyStepsCount":19,"Time":"2026-06-19 10:42:55.464","Info":"{\"jsonrpc\": \"2.0\", \"id\": 1, \"method\": \"setText\", \"params\": [{\"mask\": 10485760, \"childOrSibling\": [], \"childOrSiblingSelector\": [], \"resourceId\": \"net.gsantner.markor_test:id\/new_file_dialog__name\", \"index\": 0}, \"pljc\"]}","Screenshot":""}
{"Type":"Script","MonkeyStepsCount":19,"Time":"2026-06-19 10:42:56.640","Info":"{\"jsonrpc\": \"2.0\", \"id\": 1, \"method\": \"click\", \"params\": [172.0, 1271.0]}","Screenshot":""}
{"Type":"Script","MonkeyStepsCount":19,"Time":"2026-06-19 10:42:57.790","Info":"{\"jsonrpc\": \"2.0\", \"id\": 1, \"method\": \"pressKey\", \"params\": [\"back\"]}","Screenshot":""}
{"Type":"ScriptInfo","MonkeyStepsCount":19,"Time":"2026-06-19 10:42:58.209","Info":"{\"propName\":\"markor2250.Markor.test_create_new_folder\",\"startStepsCount\":19,\"state\":\"pass\"}","Screenshot":""}
{"Type":"ScriptInfo","MonkeyStepsCount":19,"Time":"2026-06-19 10:42:58.537","Info":"{\"propName\":\"markor2250.Markor.test_create_note\",\"startStepsCount\":19,\"state\":\"start\"}","Screenshot":""}
{"Type":"Script","MonkeyStepsCount":19,"Time":"2026-06-19 10:42:58.853","Info":"{\"jsonrpc\": \"2.0\", \"id\": 1, \"method\": \"click\", \"params\": [712.5, 136.0]}","Screenshot":""}
{"Type":"Script","MonkeyStepsCount":19,"Time":"2026-06-19 10:43:00.142","Info":"{\"jsonrpc\": \"2.0\", \"id\": 1, \"method\": \"click\", \"params\": [778.0, 891.5]}","Screenshot":""}
{"Type":"Script","MonkeyStepsCount":19,"Time":"2026-06-19 10:43:01.453","Info":"{\"jsonrpc\": \"2.0\", \"id\": 1, \"method\": \"click\", \"params\": [964.5, 1531.5]}","Screenshot":""}
{"Type":"Script","MonkeyStepsCount":19,"Time":"2026-06-19 10:43:02.664","Info":"{\"jsonrpc\": \"2.0\", \"id\": 1, \"method\": \"setText\", \"params\": [{\"mask\": 2097152, \"childOrSibling\": [], \"childOrSiblingSelector\": [], \"resourceId\": \"net.gsantner.markor_test:id\/new_file_dialog__name\"}, \"BYCj1LA7qW\"]}","Screenshot":""}
{"Type":"Script","MonkeyStepsCount":19,"Time":"2026-06-19 10:43:03.867","Info":"{\"jsonrpc\": \"2.0\", \"id\": 1, \"method\": \"click\", \"params\": [922.0, 1271.0]}","Screenshot":""}
{"Type":"Script","MonkeyStepsCount":19,"Time":"2026-06-19 10:43:05.009","Info":"{\"jsonrpc\": \"2.0\", \"id\": 1, \"method\": \"pressKey\", \"params\": [\"back\"]}","Screenshot":""}
{"Type":"ScriptInfo","MonkeyStepsCount":19,"Time":"2026-06-19 10:43:05.366","Info":"{\"propName\":\"markor2250.Markor.test_create_note\",\"startStepsCount\":19,\"state\":\"pass\"}","Screenshot":""}
{"Type":"ScriptInfo","MonkeyStepsCount":19,"Time":"2026-06-19 10:43:06.069","Info":"{\"propName\":\"markor2250.Markor.test_create_note\",\"startStepsCount\":19,\"state\":\"start\"}","Screenshot":""}
{"Type":"Script","MonkeyStepsCount":19,"Time":"2026-06-19 10:43:06.293","Info":"{\"jsonrpc\": \"2.0\", \"id\": 1, \"method\": \"click\", \"params\": [712.5, 186.0]}","Screenshot":""}
{"Type":"Script","MonkeyStepsCount":19,"Time":"2026-06-19 10:43:07.941","Info":"{\"jsonrpc\": \"2.0\", \"id\": 1, \"method\": \"click\", \"params\": [778.0, 891.5]}","Screenshot":""}
{"Type":"Script","MonkeyStepsCount":19,"Time":"2026-06-19 10:43:09.263","Info":"{\"jsonrpc\": \"2.0\", \"id\": 1, \"method\": \"click\", \"params\": [964.5, 1531.5]}","Screenshot":""}
{"Type":"Script","MonkeyStepsCount":19,"Time":"2026-06-19 10:43:10.484","Info":"{\"jsonrpc\": \"2.0\", \"id\": 1, \"method\": \"setText\", \"params\": [{\"mask\": 2097152, \"childOrSibling\": [], \"childOrSiblingSelector\": [], \"resourceId\": \"net.gsantner.markor_test:id\/new_file_dialog__name\"}, \"D8PvslM\"]}","Screenshot":""}
{"Type":"Script","MonkeyStepsCount":19,"Time":"2026-06-19 10:43:11.705","Info":"{\"jsonrpc\": \"2.0\", \"id\": 1, \"method\": \"click\", \"params\": [922.0, 1271.0]}","Screenshot":""}
{"Type":"Script","MonkeyStepsCount":19,"Time":"2026-06-19 10:43:12.846","Info":"{\"jsonrpc\": \"2.0\", \"id\": 1, \"method\": \"pressKey\", \"params\": [\"back\"]}","Screenshot":""}
{"Type":"ScriptInfo","MonkeyStepsCount":19,"Time":"2026-06-19 10:43:13.175","Info":"{\"propName\":\"markor2250.Markor.test_create_note\",\"startStepsCount\":19,\"state\":\"pass\"}","Screenshot":""}
{"Type":"Monkey","MonkeyStepsCount":20,"Time":"2026-06-19 10:43:13.517","Info":"{\"act\":\"SCROLL_BOTTOM_UP\",\"adbinput\":false,\"aid\":\"g0a15\",\"allowFuzzing\":true,\"clear\":false,\"editable\":false,\"jAction\":\"\",\"pos\":[54,210,1026,1647],\"rawinput\":false,\"sid\":\"\",\"text\":\"\",\"throttle\":21,\"waitTime\":0,\"widget\":\"{\\\"bounds\\\":\\\"[54,210][1026,1647]\\\",\\\"class\\\":\\\"androidx.recyclerview.widget.RecyclerView\\\",\\\"content-desc\\\":\\\"\\\",\\\"index\\\":0,\\\"resource-id\\\":\\\"\\\",\\\"text\\\":\\\"\\\"}\"}","Screenshot":""}
{"Type":"ScriptInfo","MonkeyStepsCount":20,"Time":"2026-06-19 10:43:14.346","Info":"{\"propName\":\"markor2250.Markor.test_search_note\",\"startStepsCount\":20,\"state\":\"start\"}","Screenshot":""}
{"Type":"Script","MonkeyStepsCount":20,"Time":"2026-06-19 10:43:14.579","Info":"{\"jsonrpc\": \"2.0\", \"id\": 1, \"method\": \"click\", \"params\": [922.5, 136.0]}","Screenshot":""}
{"Type":"Script","MonkeyStepsCount":20,"Time":"2026-06-19 10:43:15.822","Info":"{\"jsonrpc\": \"2.0\", \"id\": 1, \"method\": \"setText\", \"params\": [{\"mask\": 17, \"childOrSibling\": [], \"childOrSiblingSelector\": [], \"className\": \"android.widget.EditText\", \"text\": \"Search\"}, \"BYCj1LA7qW\"]}","Screenshot":""}
{"Type":"Script","MonkeyStepsCount":20,"Time":"2026-06-19 10:43:17.068","Info":"{\"jsonrpc\": \"2.0\", \"id\": 1, \"method\": \"click\", \"params\": [775.0, 1300.0]}","Screenshot":""}
{"Type":"Script","MonkeyStepsCount":20,"Time":"2026-06-19 10:43:18.230","Info":"{\"jsonrpc\": \"2.0\", \"id\": 1, \"method\": \"pressKey\", \"params\": [\"back\"]}","Screenshot":""}
{"Type":"ScriptInfo","MonkeyStepsCount":20,"Time":"2026-06-19 10:43:20.289","Info":"{\"propName\":\"markor2250.Markor.test_search_note\",\"startStepsCount\":20,\"state\":\"pass\"}","Screenshot":""}
{"Type":"ScriptInfo","MonkeyStepsCount":20,"Time":"2026-06-19 10:43:20.609","Info":"{\"propName\":\"markor2250.Markor.test_modify_note\",\"startStepsCount\":20,\"state\":\"start\"}","Screenshot":""}
{"Type":"Script","MonkeyStepsCount":20,"Time":"2026-06-19 10:43:20.787","Info":"{\"jsonrpc\": \"2.0\", \"id\": 1, \"method\": \"click\", \"params\": [712.5, 136.0]}","Screenshot":""}
{"Type":"Script","MonkeyStepsCount":20,"Time":"2026-06-19 10:43:22.077","Info":"{\"jsonrpc\": \"2.0\", \"id\": 1, \"method\": \"click\", \"params\": [778.0, 891.5]}","Screenshot":""}
{"Type":"Script","MonkeyStepsCount":20,"Time":"2026-06-19 10:43:24.675","Info":"{\"jsonrpc\": \"2.0\", \"id\": 1, \"method\": \"click\", \"params\": [301.5, 672.5]}","Screenshot":""}
{"Type":"Script","MonkeyStepsCount":20,"Time":"2026-06-19 10:43:25.887","Info":"{\"jsonrpc\": \"2.0\", \"id\": 1, \"method\": \"setText\", \"params\": [{\"mask\": 2097152, \"childOrSibling\": [], \"childOrSiblingSelector\": [], \"resourceId\": \"net.gsantner.markor_test:id\/document__fragment__edit__highlighting_editor\"}, \"y7Fgm2uXy\"]}","Screenshot":""}
{"Type":"Script","MonkeyStepsCount":20,"Time":"2026-06-19 10:43:26.964","Info":"{\"jsonrpc\": \"2.0\", \"id\": 1, \"method\": \"pressKey\", \"params\": [\"back\"]}","Screenshot":""}
{"Type":"Script","MonkeyStepsCount":20,"Time":"2026-06-19 10:43:28.126","Info":"{\"jsonrpc\": \"2.0\", \"id\": 1, \"method\": \"click\", \"params\": [301.5, 672.5]}","Screenshot":""}
{"Type":"Script","MonkeyStepsCount":20,"Time":"2026-06-19 10:43:29.463","Info":"{\"jsonrpc\": \"2.0\", \"id\": 1, \"method\": \"pressKey\", \"params\": [\"back\"]}","Screenshot":""}
{"Type":"ScriptInfo","MonkeyStepsCount":20,"Time":"2026-06-19 10:43:30.714","Info":"{\"propName\":\"markor2250.Markor.test_modify_note\",\"startStepsCount\":20,\"state\":\"pass\"}","Screenshot":""}
{"Type":"ScriptInfo","MonkeyStepsCount":20,"Time":"2026-06-19 10:43:31.041","Info":"{\"propName\":\"markor2250.Markor.test_create_new_folder\",\"startStepsCount\":20,\"state\":\"start\"}","Screenshot":""}
{"Type":"Script","MonkeyStepsCount":20,"Time":"2026-06-19 10:43:31.290","Info":"{\"jsonrpc\": \"2.0\", \"id\": 1, \"method\": \"click\", \"params\": [964.5, 1531.5]}","Screenshot":""}
{"Type":"Script","MonkeyStepsCount":20,"Time":"2026-06-19 10:43:33.513","Info":"{\"jsonrpc\": \"2.0\", \"id\": 1, \"method\": \"setText\", \"params\": [{\"mask\": 10485760, \"childOrSibling\": [], \"childOrSiblingSelector\": [], \"resourceId\": \"net.gsantner.markor_test:id\/new_file_dialog__name\", \"index\": 0}, \"soW9\"]}","Screenshot":""}
{"Type":"Script","MonkeyStepsCount":20,"Time":"2026-06-19 10:43:34.558","Info":"{\"jsonrpc\": \"2.0\", \"id\": 1, \"method\": \"setOrientation\", \"params\": [\"left\"]}","Screenshot":""}
{"Type":"Script","MonkeyStepsCount":20,"Time":"2026-06-19 10:43:35.596","Info":"{\"jsonrpc\": \"2.0\", \"id\": 1, \"method\": \"setOrientation\", \"params\": [\"natural\"]}","Screenshot":""}
{"Type":"Script","MonkeyStepsCount":20,"Time":"2026-06-19 10:43:37.049","Info":"{\"jsonrpc\": \"2.0\", \"id\": 1, \"method\": \"setText\", \"params\": [{\"mask\": 10485760, \"childOrSibling\": [], \"childOrSiblingSelector\": [], \"resourceId\": \"net.gsantner.markor_test:id\/new_file_dialog__name\", \"index\": 0}, \"bgw2ZoRN0m\"]}","Screenshot":""}
{"Type":"Script","MonkeyStepsCount":20,"Time":"2026-06-19 10:43:39.549","Info":"{\"jsonrpc\": \"2.0\", \"id\": 1, \"method\": \"click\", \"params\": [172.0, 1271.0]}","Screenshot":""}
{"Type":"Script","MonkeyStepsCount":20,"Time":"2026-06-19 10:43:40.704","Info":"{\"jsonrpc\": \"2.0\", \"id\": 1, \"method\": \"pressKey\", \"params\": [\"back\"]}","Screenshot":""}
{"Type":"Script","MonkeyStepsCount":20,"Time":"2026-06-19 10:43:41.142","Info":"{\"jsonrpc\": \"2.0\", \"id\": 1, \"method\": \"swipe\", \"params\": [500, 1600, 500, 800, 55]}","Screenshot":""}
{"Type":"Script","MonkeyStepsCount":20,"Time":"2026-06-19 10:43:43.676","Info":"{\"jsonrpc\": \"2.0\", \"id\": 1, \"method\": \"swipe\", \"params\": [500, 1600, 500, 800, 55]}","Screenshot":""}
{"Type":"Script","MonkeyStepsCount":20,"Time":"2026-06-19 10:43:46.001","Info":"{\"jsonrpc\": \"2.0\", \"id\": 1, \"method\": \"swipe\", \"params\": [500, 1600, 500, 800, 55]}","Screenshot":""}
{"Type":"Script","MonkeyStepsCount":20,"Time":"2026-06-19 10:43:48.258","Info":"{\"jsonrpc\": \"2.0\", \"id\": 1, \"method\": \"swipe\", \"params\": [500, 800, 500, 1600, 55]}","Screenshot":""}
{"Type":"Script","MonkeyStepsCount":20,"Time":"2026-06-19 10:43:50.706","Info":"{\"jsonrpc\": \"2.0\", \"id\": 1, \"method\": \"swipe\", \"params\": [500, 800, 500, 1600, 55]}","Screenshot":""}
{"Type":"ScriptInfo","MonkeyStepsCount":20,"Time":"2026-06-19 10:43:53.285","Info":"{\"propName\":\"markor2250.Markor.test_create_new_folder\",\"startStepsCount\":20,\"state\":\"fail\"}","Screenshot":""}
{"Type":"ScriptInfo","MonkeyStepsCount":20,"Time":"2026-06-19 10:43:53.597","Info":"{\"propName\":\"markor2250.Markor.test_create_new_folder\",\"startStepsCount\":20,\"state\":\"start\"}","Screenshot":""}
{"Type":"Script","MonkeyStepsCount":20,"Time":"2026-06-19 10:43:53.738","Info":"{\"jsonrpc\": \"2.0\", \"id\": 1, \"method\": \"click\", \"params\": [964.5, 1531.5]}","Screenshot":""}
{"Type":"Script","MonkeyStepsCount":20,"Time":"2026-06-19 10:43:55.931","Info":"{\"jsonrpc\": \"2.0\", \"id\": 1, \"method\": \"setText\", \"params\": [{\"mask\": 10485760, \"childOrSibling\": [], \"childOrSiblingSelector\": [], \"resourceId\": \"net.gsantner.markor_test:id\/new_file_dialog__name\", \"index\": 0}, \"Dy1iG5\"]}","Screenshot":""}
{"Type":"Script","MonkeyStepsCount":20,"Time":"2026-06-19 10:43:57.007","Info":"{\"jsonrpc\": \"2.0\", \"id\": 1, \"method\": \"setOrientation\", \"params\": [\"left\"]}","Screenshot":""}
{"Type":"Script","MonkeyStepsCount":20,"Time":"2026-06-19 10:43:58.071","Info":"{\"jsonrpc\": \"2.0\", \"id\": 1, \"method\": \"setOrientation\", \"params\": [\"natural\"]}","Screenshot":""}
{"Type":"Script","MonkeyStepsCount":20,"Time":"2026-06-19 10:43:59.402","Info":"{\"jsonrpc\": \"2.0\", \"id\": 1, \"method\": \"setText\", \"params\": [{\"mask\": 10485760, \"childOrSibling\": [], \"childOrSiblingSelector\": [], \"resourceId\": \"net.gsantner.markor_test:id\/new_file_dialog__name\", \"index\": 0}, \"uE6KQ\"]}","Screenshot":""}
{"Type":"Script","MonkeyStepsCount":20,"Time":"2026-06-19 10:44:01.380","Info":"{\"jsonrpc\": \"2.0\", \"id\": 1, \"method\": \"click\", \"params\": [172.0, 1271.0]}","Screenshot":""}
{"Type":"Script","MonkeyStepsCount":20,"Time":"2026-06-19 10:44:02.523","Info":"{\"jsonrpc\": \"2.0\", \"id\": 1, \"method\": \"pressKey\", \"params\": [\"back\"]}","Screenshot":""}
{"Type":"Script","MonkeyStepsCount":20,"Time":"2026-06-19 10:44:02.667","Info":"{\"jsonrpc\": \"2.0\", \"id\": 1, \"method\": \"swipe\", \"params\": [500, 1600, 500, 800, 55]}","Screenshot":""}
{"Type":"Script","MonkeyStepsCount":20,"Time":"2026-06-19 10:44:05.280","Info":"{\"jsonrpc\": \"2.0\", \"id\": 1, \"method\": \"swipe\", \"params\": [500, 1600, 500, 800, 55]}","Screenshot":""}
{"Type":"Script","MonkeyStepsCount":20,"Time":"2026-06-19 10:44:07.720","Info":"{\"jsonrpc\": \"2.0\", \"id\": 1, \"method\": \"swipe\", \"params\": [500, 1600, 500, 800, 55]}","Screenshot":""}
{"Type":"Script","MonkeyStepsCount":20,"Time":"2026-06-19 10:44:09.985","Info":"{\"jsonrpc\": \"2.0\", \"id\": 1, \"method\": \"swipe\", \"params\": [500, 800, 500, 1600, 55]}","Screenshot":""}
{"Type":"Script","MonkeyStepsCount":20,"Time":"2026-06-19 10:44:12.349","Info":"{\"jsonrpc\": \"2.0\", \"id\": 1, \"method\": \"swipe\", \"params\": [500, 800, 500, 1600, 55]}","Screenshot":""}
{"Type":"ScriptInfo","MonkeyStepsCount":20,"Time":"2026-06-19 10:44:14.984","Info":"{\"propName\":\"markor2250.Markor.test_create_new_folder\",\"startStepsCount\":20,\"state\":\"fail\"}","Screenshot":""}
{"Type":"Monkey","MonkeyStepsCount":21,"Time":"2026-06-19 10:44:15.315","Info":"{\"act\":\"LONG_CLICK\",\"adbinput\":false,\"aid\":\"g0a3\",\"allowFuzzing\":true,\"clear\":false,\"editable\":false,\"jAction\":\"\",\"pos\":[0,210,1080,351],\"rawinput\":false,\"sid\":\"\",\"text\":\"\",\"throttle\":58,\"waitTime\":0,\"widget\":\"{\\\"bounds\\\":\\\"[0,210][1080,351]\\\",\\\"class\\\":\\\"android.widget.LinearLayout\\\",\\\"content-desc\\\":\\\"Folder .. \/storage\/emulated\/0\/Documents\\\",\\\"index\\\":0,\\\"resource-id\\\":\\\"net.gsantner.markor_test:id\/opoc_filesystem_item__root\\\",\\\"text\\\":\\\"\\\"}\"}","Screenshot":""}
{"Type":"ScriptInfo","MonkeyStepsCount":21,"Time":"2026-06-19 10:44:16.655","Info":"{\"propName\":\"markor2250.Markor.test_create_new_folder\",\"startStepsCount\":21,\"state\":\"start\"}","Screenshot":""}
{"Type":"Script","MonkeyStepsCount":21,"Time":"2026-06-19 10:44:16.814","Info":"{\"jsonrpc\": \"2.0\", \"id\": 1, \"method\": \"click\", \"params\": [964.5, 1531.5]}","Screenshot":""}
{"Type":"Script","MonkeyStepsCount":21,"Time":"2026-06-19 10:44:19.048","Info":"{\"jsonrpc\": \"2.0\", \"id\": 1, \"method\": \"setText\", \"params\": [{\"mask\": 10485760, \"childOrSibling\": [], \"childOrSiblingSelector\": [], \"resourceId\": \"net.gsantner.markor_test:id\/new_file_dialog__name\", \"index\": 0}, \"VcW_blcMJ\"]}","Screenshot":""}
{"Type":"Script","MonkeyStepsCount":21,"Time":"2026-06-19 10:44:20.080","Info":"{\"jsonrpc\": \"2.0\", \"id\": 1, \"method\": \"setOrientation\", \"params\": [\"left\"]}","Screenshot":""}
{"Type":"Script","MonkeyStepsCount":21,"Time":"2026-06-19 10:44:21.145","Info":"{\"jsonrpc\": \"2.0\", \"id\": 1, \"method\": \"setOrientation\", \"params\": [\"natural\"]}","Screenshot":""}
{"Type":"Script","MonkeyStepsCount":21,"Time":"2026-06-19 10:44:22.551","Info":"{\"jsonrpc\": \"2.0\", \"id\": 1, \"method\": \"setText\", \"params\": [{\"mask\": 10485760, \"childOrSibling\": [], \"childOrSiblingSelector\": [], \"resourceId\": \"net.gsantner.markor_test:id\/new_file_dialog__name\", \"index\": 0}, \"uqi\"]}","Screenshot":""}
{"Type":"Script","MonkeyStepsCount":21,"Time":"2026-06-19 10:44:24.503","Info":"{\"jsonrpc\": \"2.0\", \"id\": 1, \"method\": \"click\", \"params\": [172.0, 1271.0]}","Screenshot":""}
{"Type":"Script","MonkeyStepsCount":21,"Time":"2026-06-19 10:44:25.681","Info":"{\"jsonrpc\": \"2.0\", \"id\": 1, \"method\": \"pressKey\", \"params\": [\"back\"]}","Screenshot":""}
{"Type":"Script","MonkeyStepsCount":21,"Time":"2026-06-19 10:44:25.837","Info":"{\"jsonrpc\": \"2.0\", \"id\": 1, \"method\": \"swipe\", \"params\": [500, 1600, 500, 800, 55]}","Screenshot":""}
{"Type":"Script","MonkeyStepsCount":21,"Time":"2026-06-19 10:44:28.559","Info":"{\"jsonrpc\": \"2.0\", \"id\": 1, \"method\": \"swipe\", \"params\": [500, 1600, 500, 800, 55]}","Screenshot":""}
{"Type":"Script","MonkeyStepsCount":21,"Time":"2026-06-19 10:44:31.039","Info":"{\"jsonrpc\": \"2.0\", \"id\": 1, \"method\": \"swipe\", \"params\": [500, 1600, 500, 800, 55]}","Screenshot":""}
{"Type":"Script","MonkeyStepsCount":21,"Time":"2026-06-19 10:44:33.436","Info":"{\"jsonrpc\": \"2.0\", \"id\": 1, \"method\": \"swipe\", \"params\": [500, 1600, 500, 800, 55]}","Screenshot":""}
{"Type":"Script","MonkeyStepsCount":21,"Time":"2026-06-19 10:44:35.794","Info":"{\"jsonrpc\": \"2.0\", \"id\": 1, \"method\": \"swipe\", \"params\": [500, 800, 500, 1600, 55]}","Screenshot":""}
{"Type":"Script","MonkeyStepsCount":21,"Time":"2026-06-19 10:44:38.186","Info":"{\"jsonrpc\": \"2.0\", \"id\": 1, \"method\": \"swipe\", \"params\": [500, 800, 500, 1600, 55]}","Screenshot":""}
{"Type":"Script","MonkeyStepsCount":21,"Time":"2026-06-19 10:44:40.604","Info":"{\"jsonrpc\": \"2.0\", \"id\": 1, \"method\": \"swipe\", \"params\": [500, 800, 500, 1600, 55]}","Screenshot":""}
{"Type":"ScriptInfo","MonkeyStepsCount":21,"Time":"2026-06-19 10:44:43.273","Info":"{\"propName\":\"markor2250.Markor.test_create_new_folder\",\"startStepsCount\":21,\"state\":\"fail\"}","Screenshot":""}
{"Type":"ScriptInfo","MonkeyStepsCount":21,"Time":"2026-06-19 10:44:43.587","Info":"{\"propName\":\"markor2250.Markor.test_create_new_folder\",\"startStepsCount\":21,\"state\":\"start\"}","Screenshot":""}
{"Type":"Script","MonkeyStepsCount":21,"Time":"2026-06-19 10:44:43.759","Info":"{\"jsonrpc\": \"2.0\", \"id\": 1, \"method\": \"click\", \"params\": [964.5, 1531.5]}","Screenshot":""}
{"Type":"Script","MonkeyStepsCount":21,"Time":"2026-06-19 10:44:46.009","Info":"{\"jsonrpc\": \"2.0\", \"id\": 1, \"method\": \"setText\", \"params\": [{\"mask\": 10485760, \"childOrSibling\": [], \"childOrSiblingSelector\": [], \"resourceId\": \"net.gsantner.markor_test:id\/new_file_dialog__name\", \"index\": 0}, \"TBVaBEv\"]}","Screenshot":""}
{"Type":"Script","MonkeyStepsCount":21,"Time":"2026-06-19 10:44:47.084","Info":"{\"jsonrpc\": \"2.0\", \"id\": 1, \"method\": \"setOrientation\", \"params\": [\"left\"]}","Screenshot":""}
{"Type":"Script","MonkeyStepsCount":21,"Time":"2026-06-19 10:44:48.145","Info":"{\"jsonrpc\": \"2.0\", \"id\": 1, \"method\": \"setOrientation\", \"params\": [\"natural\"]}","Screenshot":""}
{"Type":"Script","MonkeyStepsCount":21,"Time":"2026-06-19 10:44:49.508","Info":"{\"jsonrpc\": \"2.0\", \"id\": 1, \"method\": \"setText\", \"params\": [{\"mask\": 10485760, \"childOrSibling\": [], \"childOrSiblingSelector\": [], \"resourceId\": \"net.gsantner.markor_test:id\/new_file_dialog__name\", \"index\": 0}, \"n7XVvm9nuY\"]}","Screenshot":""}
{"Type":"Script","MonkeyStepsCount":21,"Time":"2026-06-19 10:44:51.483","Info":"{\"jsonrpc\": \"2.0\", \"id\": 1, \"method\": \"click\", \"params\": [172.0, 1271.0]}","Screenshot":""}
{"Type":"Script","MonkeyStepsCount":21,"Time":"2026-06-19 10:44:52.639","Info":"{\"jsonrpc\": \"2.0\", \"id\": 1, \"method\": \"pressKey\", \"params\": [\"back\"]}","Screenshot":""}
{"Type":"Script","MonkeyStepsCount":21,"Time":"2026-06-19 10:44:52.766","Info":"{\"jsonrpc\": \"2.0\", \"id\": 1, \"method\": \"swipe\", \"params\": [500, 1600, 500, 800, 55]}","Screenshot":""}
{"Type":"Script","MonkeyStepsCount":21,"Time":"2026-06-19 10:44:55.355","Info":"{\"jsonrpc\": \"2.0\", \"id\": 1, \"method\": \"swipe\", \"params\": [500, 1600, 500, 800, 55]}","Screenshot":""}
{"Type":"Script","MonkeyStepsCount":21,"Time":"2026-06-19 10:44:57.775","Info":"{\"jsonrpc\": \"2.0\", \"id\": 1, \"method\": \"swipe\", \"params\": [500, 1600, 500, 800, 55]}","Screenshot":""}
{"Type":"Script","MonkeyStepsCount":21,"Time":"2026-06-19 10:45:00.292","Info":"{\"jsonrpc\": \"2.0\", \"id\": 1, \"method\": \"swipe\", \"params\": [500, 1600, 500, 800, 55]}","Screenshot":""}
{"Type":"Script","MonkeyStepsCount":21,"Time":"2026-06-19 10:45:03.054","Info":"{\"jsonrpc\": \"2.0\", \"id\": 1, \"method\": \"swipe\", \"params\": [500, 1600, 500, 800, 55]}","Screenshot":""}
{"Type":"Script","MonkeyStepsCount":21,"Time":"2026-06-19 10:45:05.362","Info":"{\"jsonrpc\": \"2.0\", \"id\": 1, \"method\": \"swipe\", \"params\": [500, 800, 500, 1600, 55]}","Screenshot":""}
{"Type":"Script","MonkeyStepsCount":21,"Time":"2026-06-19 10:45:07.803","Info":"{\"jsonrpc\": \"2.0\", \"id\": 1, \"method\": \"swipe\", \"params\": [500, 800, 500, 1600, 55]}","Screenshot":""}
{"Type":"Script","MonkeyStepsCount":21,"Time":"2026-06-19 10:45:10.372","Info":"{\"jsonrpc\": \"2.0\", \"id\": 1, \"method\": \"swipe\", \"params\": [500, 800, 500, 1600, 55]}","Screenshot":""}
{"Type":"Script","MonkeyStepsCount":21,"Time":"2026-06-19 10:45:12.972","Info":"{\"jsonrpc\": \"2.0\", \"id\": 1, \"method\": \"swipe\", \"params\": [500, 800, 500, 1600, 55]}","Screenshot":""}
{"Type":"ScriptInfo","MonkeyStepsCount":21,"Time":"2026-06-19 10:45:15.563","Info":"{\"propName\":\"markor2250.Markor.test_create_new_folder\",\"startStepsCount\":21,\"state\":\"fail\"}","Screenshot":""}
{"Type":"ScriptInfo","MonkeyStepsCount":21,"Time":"2026-06-19 10:45:15.875","Info":"{\"propName\":\"markor2250.Markor.test_create_new_folder\",\"startStepsCount\":21,\"state\":\"start\"}","Screenshot":""}
{"Type":"Script","MonkeyStepsCount":21,"Time":"2026-06-19 10:45:16.077","Info":"{\"jsonrpc\": \"2.0\", \"id\": 1, \"method\": \"click\", \"params\": [964.5, 1531.5]}","Screenshot":""}
{"Type":"Script","MonkeyStepsCount":21,"Time":"2026-06-19 10:45:18.255","Info":"{\"jsonrpc\": \"2.0\", \"id\": 1, \"method\": \"setText\", \"params\": [{\"mask\": 10485760, \"childOrSibling\": [], \"childOrSiblingSelector\": [], \"resourceId\": \"net.gsantner.markor_test:id\/new_file_dialog__name\", \"index\": 0}, \"AOetW\"]}","Screenshot":""}
{"Type":"Script","MonkeyStepsCount":21,"Time":"2026-06-19 10:45:19.361","Info":"{\"jsonrpc\": \"2.0\", \"id\": 1, \"method\": \"setOrientation\", \"params\": [\"left\"]}","Screenshot":""}
{"Type":"Script","MonkeyStepsCount":21,"Time":"2026-06-19 10:45:20.435","Info":"{\"jsonrpc\": \"2.0\", \"id\": 1, \"method\": \"setOrientation\", \"params\": [\"natural\"]}","Screenshot":""}
{"Type":"Script","MonkeyStepsCount":21,"Time":"2026-06-19 10:45:21.875","Info":"{\"jsonrpc\": \"2.0\", \"id\": 1, \"method\": \"setText\", \"params\": [{\"mask\": 10485760, \"childOrSibling\": [], \"childOrSiblingSelector\": [], \"resourceId\": \"net.gsantner.markor_test:id\/new_file_dialog__name\", \"index\": 0}, \"YD6fhZZ\"]}","Screenshot":""}
{"Type":"Script","MonkeyStepsCount":21,"Time":"2026-06-19 10:45:23.664","Info":"{\"jsonrpc\": \"2.0\", \"id\": 1, \"method\": \"click\", \"params\": [172.0, 1271.0]}","Screenshot":""}
{"Type":"Script","MonkeyStepsCount":21,"Time":"2026-06-19 10:45:24.809","Info":"{\"jsonrpc\": \"2.0\", \"id\": 1, \"method\": \"pressKey\", \"params\": [\"back\"]}","Screenshot":""}
{"Type":"Script","MonkeyStepsCount":21,"Time":"2026-06-19 10:45:24.980","Info":"{\"jsonrpc\": \"2.0\", \"id\": 1, \"method\": \"swipe\", \"params\": [500, 1600, 500, 800, 55]}","Screenshot":""}
{"Type":"Script","MonkeyStepsCount":21,"Time":"2026-06-19 10:45:27.554","Info":"{\"jsonrpc\": \"2.0\", \"id\": 1, \"method\": \"swipe\", \"params\": [500, 1600, 500, 800, 55]}","Screenshot":""}
{"Type":"Script","MonkeyStepsCount":21,"Time":"2026-06-19 10:45:30.273","Info":"{\"jsonrpc\": \"2.0\", \"id\": 1, \"method\": \"swipe\", \"params\": [500, 1600, 500, 800, 55]}","Screenshot":""}
{"Type":"Script","MonkeyStepsCount":21,"Time":"2026-06-19 10:45:32.628","Info":"{\"jsonrpc\": \"2.0\", \"id\": 1, \"method\": \"swipe\", \"params\": [500, 1600, 500, 800, 55]}","Screenshot":""}
{"Type":"Script","MonkeyStepsCount":21,"Time":"2026-06-19 10:45:34.923","Info":"{\"jsonrpc\": \"2.0\", \"id\": 1, \"method\": \"swipe\", \"params\": [500, 800, 500, 1600, 55]}","Screenshot":""}
{"Type":"Script","MonkeyStepsCount":21,"Time":"2026-06-19 10:45:37.296","Info":"{\"jsonrpc\": \"2.0\", \"id\": 1, \"method\": \"swipe\", \"params\": [500, 800, 500, 1600, 55]}","Screenshot":""}
{"Type":"Script","MonkeyStepsCount":21,"Time":"2026-06-19 10:45:39.764","Info":"{\"jsonrpc\": \"2.0\", \"id\": 1, \"method\": \"swipe\", \"params\": [500, 800, 500, 1600, 55]}","Screenshot":""}
{"Type":"ScriptInfo","MonkeyStepsCount":21,"Time":"2026-06-19 10:45:42.479","Info":"{\"propName\":\"markor2250.Markor.test_create_new_folder\",\"startStepsCount\":21,\"state\":\"fail\"}","Screenshot":""}
