{"Type":"Monkey","MonkeyStepsCount":1,"Time":"2026-04-11 09:09:32.790","Info":"{\"act\":\"SCROLL_BOTTOM_UP\",\"adbinput\":false,\"aid\":\"g0a4\",\"allowFuzzing\":true,\"clear\":false,\"editable\":false,\"jAction\":\"\",\"pos\":[0,0,1080,2280],\"rawinput\":false,\"sid\":\"\",\"text\":\"\",\"throttle\":11,\"waitTime\":0,\"widget\":\"{\\\"bounds\\\":\\\"[0,0][1080,2280]\\\",\\\"class\\\":\\\"android.widget.FrameLayout\\\",\\\"content-desc\\\":\\\"\\\",\\\"index\\\":0,\\\"resource-id\\\":\\\"\\\",\\\"text\\\":\\\"\\\"}\"}","Screenshot":""}
{"Type":"ScriptInfo","MonkeyStepsCount":1,"Time":"2026-04-11 09:09:33.331","Info":"{\"propName\":\"omni937.Omninotes937.test_create_note_with_tag_text_in_content\",\"startStepsCount\":1,\"state\":\"start\"}","Screenshot":""}
{"Type":"Script","MonkeyStepsCount":1,"Time":"2026-04-11 09:09:33.481","Info":"{\"jsonrpc\": \"2.0\", \"id\": 1, \"method\": \"click\", \"params\": [957.0, 2024.5]}","Screenshot":""}
{"Type":"Script","MonkeyStepsCount":1,"Time":"2026-04-11 09:09:34.350","Info":"{\"jsonrpc\": \"2.0\", \"id\": 1, \"method\": \"click\", \"params\": [957.5, 1832.5]}","Screenshot":""}
{"Type":"Script","MonkeyStepsCount":1,"Time":"2026-04-11 09:09:35.153","Info":"{\"jsonrpc\": \"2.0\", \"id\": 1, \"method\": \"setText\", \"params\": [{\"mask\": 2097152, \"childOrSibling\": [], \"childOrSiblingSelector\": [], \"resourceId\": \"it.feio.android.omninotes.alpha:id\/detail_title\"}, \"uq13FyAFBR\"]}","Screenshot":""}
{"Type":"Script","MonkeyStepsCount":1,"Time":"2026-04-11 09:09:35.359","Info":"{\"jsonrpc\": \"2.0\", \"id\": 1, \"method\": \"setText\", \"params\": [{\"mask\": 2097152, \"childOrSibling\": [], \"childOrSiblingSelector\": [], \"resourceId\": \"it.feio.android.omninotes.alpha:id\/detail_content\"}, \"#9vx\"]}","Screenshot":""}
{"Type":"Script","MonkeyStepsCount":1,"Time":"2026-04-11 09:09:36.028","Info":"{\"jsonrpc\": \"2.0\", \"id\": 1, \"method\": \"pressKey\", \"params\": [\"back\"]}","Screenshot":""}
{"Type":"ScriptInfo","MonkeyStepsCount":1,"Time":"2026-04-11 09:09:38.144","Info":"{\"propName\":\"omni937.Omninotes937.test_create_note_with_tag_text_in_content\",\"startStepsCount\":1,\"state\":\"pass\"}","Screenshot":""}
{"Type":"Monkey","MonkeyStepsCount":2,"Time":"2026-04-11 09:09:38.463","Info":"{\"act\":\"LONG_CLICK\",\"adbinput\":false,\"aid\":\"g0a9\",\"allowFuzzing\":true,\"clear\":false,\"editable\":false,\"jAction\":\"\",\"pos\":[837,94,969,226],\"rawinput\":false,\"sid\":\"\",\"text\":\"\",\"throttle\":31,\"waitTime\":0,\"widget\":\"{\\\"bounds\\\":\\\"[837,94][969,226]\\\",\\\"class\\\":\\\"android.widget.Button\\\",\\\"content-desc\\\":\\\"Sort\\\",\\\"index\\\":1,\\\"resource-id\\\":\\\"it.feio.android.omninotes.alpha:id\/menu_sort\\\",\\\"text\\\":\\\"\\\"}\"}","Screenshot":""}
{"Type":"ScriptInfo","MonkeyStepsCount":2,"Time":"2026-04-11 09:09:39.781","Info":"{\"propName\":\"omni937.Omninotes937.test_create_note_with_tag_text_in_content\",\"startStepsCount\":2,\"state\":\"start\"}","Screenshot":""}
{"Type":"Script","MonkeyStepsCount":2,"Time":"2026-04-11 09:09:39.968","Info":"{\"jsonrpc\": \"2.0\", \"id\": 1, \"method\": \"click\", \"params\": [957.0, 2024.5]}","Screenshot":""}
{"Type":"Script","MonkeyStepsCount":2,"Time":"2026-04-11 09:09:40.912","Info":"{\"jsonrpc\": \"2.0\", \"id\": 1, \"method\": \"click\", \"params\": [957.5, 1832.5]}","Screenshot":""}
{"Type":"Script","MonkeyStepsCount":2,"Time":"2026-04-11 09:09:41.664","Info":"{\"jsonrpc\": \"2.0\", \"id\": 1, \"method\": \"setText\", \"params\": [{\"mask\": 2097152, \"childOrSibling\": [], \"childOrSiblingSelector\": [], \"resourceId\": \"it.feio.android.omninotes.alpha:id\/detail_title\"}, \"HpEgbLcDF\"]}","Screenshot":""}
{"Type":"Script","MonkeyStepsCount":2,"Time":"2026-04-11 09:09:41.834","Info":"{\"jsonrpc\": \"2.0\", \"id\": 1, \"method\": \"setText\", \"params\": [{\"mask\": 2097152, \"childOrSibling\": [], \"childOrSiblingSelector\": [], \"resourceId\": \"it.feio.android.omninotes.alpha:id\/detail_content\"}, \"#lmj\"]}","Screenshot":""}
{"Type":"Script","MonkeyStepsCount":2,"Time":"2026-04-11 09:09:42.450","Info":"{\"jsonrpc\": \"2.0\", \"id\": 1, \"method\": \"pressKey\", \"params\": [\"back\"]}","Screenshot":""}
{"Type":"ScriptInfo","MonkeyStepsCount":2,"Time":"2026-04-11 09:09:44.539","Info":"{\"propName\":\"omni937.Omninotes937.test_create_note_with_tag_text_in_content\",\"startStepsCount\":2,\"state\":\"pass\"}","Screenshot":""}
{"Type":"ScriptInfo","MonkeyStepsCount":2,"Time":"2026-04-11 09:09:44.838","Info":"{\"propName\":\"omni937.Omninotes937.test_search_by_empty_tag_selection\",\"startStepsCount\":2,\"state\":\"start\"}","Screenshot":""}
{"Type":"Script","MonkeyStepsCount":2,"Time":"2026-04-11 09:09:45.002","Info":"{\"jsonrpc\": \"2.0\", \"id\": 1, \"method\": \"click\", \"params\": [771.0, 160.0]}","Screenshot":""}
{"Type":"Script","MonkeyStepsCount":2,"Time":"2026-04-11 09:09:46.353","Info":"{\"jsonrpc\": \"2.0\", \"id\": 1, \"method\": \"click\", \"params\": [1014.0, 160.0]}","Screenshot":""}
{"Type":"Script","MonkeyStepsCount":2,"Time":"2026-04-11 09:09:47.130","Info":"{\"jsonrpc\": \"2.0\", \"id\": 1, \"method\": \"click\", \"params\": [843.5, 1250.0]}","Screenshot":""}
{"Type":"Script","MonkeyStepsCount":2,"Time":"2026-04-11 09:09:48.145","Info":"{\"jsonrpc\": \"2.0\", \"id\": 1, \"method\": \"click\", \"params\": [77.0, 160.0]}","Screenshot":""}
{"Type":"ScriptInfo","MonkeyStepsCount":2,"Time":"2026-04-11 09:09:48.358","Info":"{\"propName\":\"omni937.Omninotes937.test_search_by_empty_tag_selection\",\"startStepsCount\":2,\"state\":\"pass\"}","Screenshot":""}
{"Type":"ScriptInfo","MonkeyStepsCount":2,"Time":"2026-04-11 09:09:48.688","Info":"{\"propName\":\"omni937.Omninotes937.test_data_setting\",\"startStepsCount\":2,\"state\":\"start\"}","Screenshot":""}
{"Type":"Script","MonkeyStepsCount":2,"Time":"2026-04-11 09:09:48.937","Info":"{\"jsonrpc\": \"2.0\", \"id\": 1, \"method\": \"click\", \"params\": [77.0, 160.0]}","Screenshot":""}
{"Type":"Script","MonkeyStepsCount":2,"Time":"2026-04-11 09:09:49.746","Info":"{\"jsonrpc\": \"2.0\", \"id\": 1, \"method\": \"click\", \"params\": [478.5, 639.0]}","Screenshot":""}
{"Type":"Script","MonkeyStepsCount":2,"Time":"2026-04-11 09:09:50.606","Info":"{\"jsonrpc\": \"2.0\", \"id\": 1, \"method\": \"click\", \"params\": [89.5, 451.5]}","Screenshot":""}
{"Type":"Script","MonkeyStepsCount":2,"Time":"2026-04-11 09:09:51.362","Info":"{\"jsonrpc\": \"2.0\", \"id\": 1, \"method\": \"click\", \"params\": [222.5, 310.5]}","Screenshot":""}
{"Type":"Script","MonkeyStepsCount":2,"Time":"2026-04-11 09:09:52.075","Info":"{\"jsonrpc\": \"2.0\", \"id\": 1, \"method\": \"pressKey\", \"params\": [\"back\"]}","Screenshot":""}
{"Type":"Script","MonkeyStepsCount":2,"Time":"2026-04-11 09:09:52.663","Info":"{\"jsonrpc\": \"2.0\", \"id\": 1, \"method\": \"pressKey\", \"params\": [\"back\"]}","Screenshot":""}
{"Type":"Script","MonkeyStepsCount":2,"Time":"2026-04-11 09:09:53.226","Info":"{\"jsonrpc\": \"2.0\", \"id\": 1, \"method\": \"pressKey\", \"params\": [\"back\"]}","Screenshot":""}
{"Type":"Script","MonkeyStepsCount":2,"Time":"2026-04-11 09:09:54.368","Info":"{\"jsonrpc\": \"2.0\", \"id\": 1, \"method\": \"pressKey\", \"params\": [\"back\"]}","Screenshot":""}
{"Type":"ScriptInfo","MonkeyStepsCount":2,"Time":"2026-04-11 09:09:54.938","Info":"{\"propName\":\"omni937.Omninotes937.test_data_setting\",\"startStepsCount\":2,\"state\":\"pass\"}","Screenshot":""}
{"Type":"ScriptInfo","MonkeyStepsCount":2,"Time":"2026-04-11 09:09:55.243","Info":"{\"propName\":\"omni937.Omninotes937.test_reduced_view\",\"startStepsCount\":2,\"state\":\"start\"}","Screenshot":""}
{"Type":"Script","MonkeyStepsCount":2,"Time":"2026-04-11 09:09:55.396","Info":"{\"jsonrpc\": \"2.0\", \"id\": 1, \"method\": \"click\", \"params\": [1024.5, 160.0]}","Screenshot":""}
{"Type":"Script","MonkeyStepsCount":2,"Time":"2026-04-11 09:09:56.167","Info":"{\"jsonrpc\": \"2.0\", \"id\": 1, \"method\": \"click\", \"params\": [799.5, 182.5]}","Screenshot":""}
{"Type":"Script","MonkeyStepsCount":2,"Time":"2026-04-11 09:09:57.008","Info":"{\"jsonrpc\": \"2.0\", \"id\": 1, \"method\": \"click\", \"params\": [1024.5, 160.0]}","Screenshot":""}
{"Type":"Script","MonkeyStepsCount":2,"Time":"2026-04-11 09:09:57.767","Info":"{\"jsonrpc\": \"2.0\", \"id\": 1, \"method\": \"click\", \"params\": [799.5, 182.5]}","Screenshot":""}
{"Type":"ScriptInfo","MonkeyStepsCount":2,"Time":"2026-04-11 09:09:58.417","Info":"{\"propName\":\"omni937.Omninotes937.test_reduced_view\",\"startStepsCount\":2,\"state\":\"pass\"}","Screenshot":""}
{"Type":"ScriptInfo","MonkeyStepsCount":2,"Time":"2026-04-11 09:09:58.692","Info":"{\"propName\":\"omni937.Omninotes937.test_behavior_setting\",\"startStepsCount\":2,\"state\":\"start\"}","Screenshot":""}
{"Type":"Script","MonkeyStepsCount":2,"Time":"2026-04-11 09:09:58.977","Info":"{\"jsonrpc\": \"2.0\", \"id\": 1, \"method\": \"click\", \"params\": [77.0, 160.0]}","Screenshot":""}
{"Type":"Script","MonkeyStepsCount":2,"Time":"2026-04-11 09:09:59.828","Info":"{\"jsonrpc\": \"2.0\", \"id\": 1, \"method\": \"click\", \"params\": [478.5, 639.0]}","Screenshot":""}
{"Type":"Script","MonkeyStepsCount":2,"Time":"2026-04-11 09:10:00.732","Info":"{\"jsonrpc\": \"2.0\", \"id\": 1, \"method\": \"click\", \"params\": [140.5, 892.5]}","Screenshot":""}
{"Type":"Script","MonkeyStepsCount":2,"Time":"2026-04-11 09:10:01.545","Info":"{\"jsonrpc\": \"2.0\", \"id\": 1, \"method\": \"click\", \"params\": [972.0, 510.0]}","Screenshot":""}
{"Type":"Script","MonkeyStepsCount":2,"Time":"2026-04-11 09:10:02.326","Info":"{\"jsonrpc\": \"2.0\", \"id\": 1, \"method\": \"click\", \"params\": [972.0, 510.0]}","Screenshot":""}
{"Type":"Script","MonkeyStepsCount":2,"Time":"2026-04-11 09:10:02.999","Info":"{\"jsonrpc\": \"2.0\", \"id\": 1, \"method\": \"pressKey\", \"params\": [\"back\"]}","Screenshot":""}
{"Type":"Script","MonkeyStepsCount":2,"Time":"2026-04-11 09:10:03.561","Info":"{\"jsonrpc\": \"2.0\", \"id\": 1, \"method\": \"pressKey\", \"params\": [\"back\"]}","Screenshot":""}
{"Type":"Script","MonkeyStepsCount":2,"Time":"2026-04-11 09:10:04.669","Info":"{\"jsonrpc\": \"2.0\", \"id\": 1, \"method\": \"pressKey\", \"params\": [\"back\"]}","Screenshot":""}
{"Type":"ScriptInfo","MonkeyStepsCount":2,"Time":"2026-04-11 09:10:05.243","Info":"{\"propName\":\"omni937.Omninotes937.test_behavior_setting\",\"startStepsCount\":2,\"state\":\"pass\"}","Screenshot":""}
{"Type":"ScriptInfo","MonkeyStepsCount":2,"Time":"2026-04-11 09:10:05.549","Info":"{\"propName\":\"omni937.Omninotes937.test_search_by_empty_tag_selection\",\"startStepsCount\":2,\"state\":\"start\"}","Screenshot":""}
{"Type":"Script","MonkeyStepsCount":2,"Time":"2026-04-11 09:10:05.682","Info":"{\"jsonrpc\": \"2.0\", \"id\": 1, \"method\": \"click\", \"params\": [771.0, 160.0]}","Screenshot":""}
{"Type":"Script","MonkeyStepsCount":2,"Time":"2026-04-11 09:10:07.041","Info":"{\"jsonrpc\": \"2.0\", \"id\": 1, \"method\": \"click\", \"params\": [1014.0, 160.0]}","Screenshot":""}
{"Type":"Script","MonkeyStepsCount":2,"Time":"2026-04-11 09:10:07.833","Info":"{\"jsonrpc\": \"2.0\", \"id\": 1, \"method\": \"click\", \"params\": [843.5, 1250.0]}","Screenshot":""}
{"Type":"Script","MonkeyStepsCount":2,"Time":"2026-04-11 09:10:08.760","Info":"{\"jsonrpc\": \"2.0\", \"id\": 1, \"method\": \"click\", \"params\": [77.0, 160.0]}","Screenshot":""}
{"Type":"ScriptInfo","MonkeyStepsCount":2,"Time":"2026-04-11 09:10:08.978","Info":"{\"propName\":\"omni937.Omninotes937.test_search_by_empty_tag_selection\",\"startStepsCount\":2,\"state\":\"pass\"}","Screenshot":""}
{"Type":"ScriptInfo","MonkeyStepsCount":2,"Time":"2026-04-11 09:10:09.291","Info":"{\"propName\":\"omni937.Omninotes937.test_create_note_with_tag_text_in_content\",\"startStepsCount\":2,\"state\":\"start\"}","Screenshot":""}
{"Type":"Script","MonkeyStepsCount":2,"Time":"2026-04-11 09:10:09.438","Info":"{\"jsonrpc\": \"2.0\", \"id\": 1, \"method\": \"click\", \"params\": [957.0, 2024.5]}","Screenshot":""}
{"Type":"Script","MonkeyStepsCount":2,"Time":"2026-04-11 09:10:10.282","Info":"{\"jsonrpc\": \"2.0\", \"id\": 1, \"method\": \"click\", \"params\": [957.5, 1832.5]}","Screenshot":""}
{"Type":"Script","MonkeyStepsCount":2,"Time":"2026-04-11 09:10:11.052","Info":"{\"jsonrpc\": \"2.0\", \"id\": 1, \"method\": \"setText\", \"params\": [{\"mask\": 2097152, \"childOrSibling\": [], \"childOrSiblingSelector\": [], \"resourceId\": \"it.feio.android.omninotes.alpha:id\/detail_title\"}, \"gapvN4G1P\"]}","Screenshot":""}
{"Type":"Script","MonkeyStepsCount":2,"Time":"2026-04-11 09:10:11.302","Info":"{\"jsonrpc\": \"2.0\", \"id\": 1, \"method\": \"click\", \"params\": [771.0, 160.0]}","Screenshot":""}
{"Type":"Script","MonkeyStepsCount":2,"Time":"2026-04-11 09:10:12.091","Info":"{\"jsonrpc\": \"2.0\", \"id\": 1, \"method\": \"click\", \"params\": [209.0, 1106.0]}","Screenshot":""}
{"Type":"Script","MonkeyStepsCount":2,"Time":"2026-04-11 09:10:12.954","Info":"{\"jsonrpc\": \"2.0\", \"id\": 1, \"method\": \"click\", \"params\": [843.5, 1250.0]}","Screenshot":""}
{"Type":"Script","MonkeyStepsCount":2,"Time":"2026-04-11 09:10:14.154","Info":"{\"jsonrpc\": \"2.0\", \"id\": 1, \"method\": \"pressKey\", \"params\": [\"back\"]}","Screenshot":""}
{"Type":"ScriptInfo","MonkeyStepsCount":2,"Time":"2026-04-11 09:10:16.265","Info":"{\"propName\":\"omni937.Omninotes937.test_create_note_with_tag_text_in_content\",\"startStepsCount\":2,\"state\":\"pass\"}","Screenshot":""}
{"Type":"ScriptInfo","MonkeyStepsCount":2,"Time":"2026-04-11 09:10:16.547","Info":"{\"propName\":\"omni937.Omninotes937.test_reduced_view\",\"startStepsCount\":2,\"state\":\"start\"}","Screenshot":""}
{"Type":"Script","MonkeyStepsCount":2,"Time":"2026-04-11 09:10:16.711","Info":"{\"jsonrpc\": \"2.0\", \"id\": 1, \"method\": \"click\", \"params\": [1024.5, 160.0]}","Screenshot":""}
{"Type":"Script","MonkeyStepsCount":2,"Time":"2026-04-11 09:10:17.528","Info":"{\"jsonrpc\": \"2.0\", \"id\": 1, \"method\": \"click\", \"params\": [799.5, 182.5]}","Screenshot":""}
{"Type":"Script","MonkeyStepsCount":2,"Time":"2026-04-11 09:10:18.392","Info":"{\"jsonrpc\": \"2.0\", \"id\": 1, \"method\": \"click\", \"params\": [1024.5, 160.0]}","Screenshot":""}
{"Type":"Script","MonkeyStepsCount":2,"Time":"2026-04-11 09:10:19.679","Info":"{\"jsonrpc\": \"2.0\", \"id\": 1, \"method\": \"click\", \"params\": [799.5, 182.5]}","Screenshot":""}
{"Type":"ScriptInfo","MonkeyStepsCount":2,"Time":"2026-04-11 09:10:20.412","Info":"{\"propName\":\"omni937.Omninotes937.test_reduced_view\",\"startStepsCount\":2,\"state\":\"pass\"}","Screenshot":""}
{"Type":"ScriptInfo","MonkeyStepsCount":2,"Time":"2026-04-11 09:10:20.706","Info":"{\"propName\":\"omni937.Omninotes937.test_search_by_empty_tag_selection\",\"startStepsCount\":2,\"state\":\"start\"}","Screenshot":""}
{"Type":"Script","MonkeyStepsCount":2,"Time":"2026-04-11 09:10:20.881","Info":"{\"jsonrpc\": \"2.0\", \"id\": 1, \"method\": \"click\", \"params\": [771.0, 160.0]}","Screenshot":""}
{"Type":"Script","MonkeyStepsCount":2,"Time":"2026-04-11 09:10:22.182","Info":"{\"jsonrpc\": \"2.0\", \"id\": 1, \"method\": \"click\", \"params\": [1014.0, 160.0]}","Screenshot":""}
{"Type":"Script","MonkeyStepsCount":2,"Time":"2026-04-11 09:10:22.923","Info":"{\"jsonrpc\": \"2.0\", \"id\": 1, \"method\": \"click\", \"params\": [843.5, 1250.0]}","Screenshot":""}
{"Type":"Script","MonkeyStepsCount":2,"Time":"2026-04-11 09:10:23.816","Info":"{\"jsonrpc\": \"2.0\", \"id\": 1, \"method\": \"click\", \"params\": [77.0, 160.0]}","Screenshot":""}
{"Type":"ScriptInfo","MonkeyStepsCount":2,"Time":"2026-04-11 09:10:24.025","Info":"{\"propName\":\"omni937.Omninotes937.test_search_by_empty_tag_selection\",\"startStepsCount\":2,\"state\":\"pass\"}","Screenshot":""}
{"Type":"Monkey","MonkeyStepsCount":3,"Time":"2026-04-11 09:10:24.353","Info":"{\"act\":\"SCROLL_LEFT_RIGHT\",\"adbinput\":false,\"aid\":\"g0a5\",\"allowFuzzing\":true,\"clear\":false,\"editable\":false,\"jAction\":\"\",\"pos\":[0,0,1080,2280],\"rawinput\":false,\"sid\":\"\",\"text\":\"\",\"throttle\":52,\"waitTime\":0,\"widget\":\"{\\\"bounds\\\":\\\"[0,0][1080,2280]\\\",\\\"class\\\":\\\"android.widget.FrameLayout\\\",\\\"content-desc\\\":\\\"\\\",\\\"index\\\":0,\\\"resource-id\\\":\\\"\\\",\\\"text\\\":\\\"\\\"}\"}","Screenshot":""}
{"Type":"ScriptInfo","MonkeyStepsCount":3,"Time":"2026-04-11 09:10:24.987","Info":"{\"propName\":\"omni937.Omninotes937.test_reduced_view\",\"startStepsCount\":3,\"state\":\"start\"}","Screenshot":""}
{"Type":"Script","MonkeyStepsCount":3,"Time":"2026-04-11 09:10:25.493","Info":"{\"jsonrpc\": \"2.0\", \"id\": 1, \"method\": \"click\", \"params\": [1024.5, 160.0]}","Screenshot":""}
{"Type":"Script","MonkeyStepsCount":3,"Time":"2026-04-11 09:10:26.324","Info":"{\"jsonrpc\": \"2.0\", \"id\": 1, \"method\": \"click\", \"params\": [799.5, 182.5]}","Screenshot":""}
{"Type":"Script","MonkeyStepsCount":3,"Time":"2026-04-11 09:10:27.276","Info":"{\"jsonrpc\": \"2.0\", \"id\": 1, \"method\": \"click\", \"params\": [1024.5, 160.0]}","Screenshot":""}
{"Type":"Script","MonkeyStepsCount":3,"Time":"2026-04-11 09:10:28.120","Info":"{\"jsonrpc\": \"2.0\", \"id\": 1, \"method\": \"click\", \"params\": [799.5, 182.5]}","Screenshot":""}
{"Type":"ScriptInfo","MonkeyStepsCount":3,"Time":"2026-04-11 09:10:28.768","Info":"{\"propName\":\"omni937.Omninotes937.test_reduced_view\",\"startStepsCount\":3,\"state\":\"pass\"}","Screenshot":""}
{"Type":"ScriptInfo","MonkeyStepsCount":3,"Time":"2026-04-11 09:10:29.040","Info":"{\"propName\":\"omni937.Omninotes937.test_search_by_empty_tag_selection\",\"startStepsCount\":3,\"state\":\"start\"}","Screenshot":""}
{"Type":"Script","MonkeyStepsCount":3,"Time":"2026-04-11 09:10:29.227","Info":"{\"jsonrpc\": \"2.0\", \"id\": 1, \"method\": \"click\", \"params\": [771.0, 160.0]}","Screenshot":""}
{"Type":"Script","MonkeyStepsCount":3,"Time":"2026-04-11 09:10:30.558","Info":"{\"jsonrpc\": \"2.0\", \"id\": 1, \"method\": \"click\", \"params\": [1014.0, 160.0]}","Screenshot":""}
{"Type":"Script","MonkeyStepsCount":3,"Time":"2026-04-11 09:10:31.420","Info":"{\"jsonrpc\": \"2.0\", \"id\": 1, \"method\": \"click\", \"params\": [843.5, 1250.0]}","Screenshot":""}
{"Type":"Script","MonkeyStepsCount":3,"Time":"2026-04-11 09:10:32.391","Info":"{\"jsonrpc\": \"2.0\", \"id\": 1, \"method\": \"click\", \"params\": [77.0, 160.0]}","Screenshot":""}
{"Type":"ScriptInfo","MonkeyStepsCount":3,"Time":"2026-04-11 09:10:32.580","Info":"{\"propName\":\"omni937.Omninotes937.test_search_by_empty_tag_selection\",\"startStepsCount\":3,\"state\":\"pass\"}","Screenshot":""}
{"Type":"ScriptInfo","MonkeyStepsCount":3,"Time":"2026-04-11 09:10:32.934","Info":"{\"propName\":\"omni937.Omninotes937.test_create_note_with_tag_text_in_content\",\"startStepsCount\":3,\"state\":\"start\"}","Screenshot":""}
{"Type":"Script","MonkeyStepsCount":3,"Time":"2026-04-11 09:10:33.106","Info":"{\"jsonrpc\": \"2.0\", \"id\": 1, \"method\": \"click\", \"params\": [957.0, 2024.5]}","Screenshot":""}
{"Type":"Script","MonkeyStepsCount":3,"Time":"2026-04-11 09:10:33.891","Info":"{\"jsonrpc\": \"2.0\", \"id\": 1, \"method\": \"click\", \"params\": [957.5, 1832.5]}","Screenshot":""}
{"Type":"Script","MonkeyStepsCount":3,"Time":"2026-04-11 09:10:34.656","Info":"{\"jsonrpc\": \"2.0\", \"id\": 1, \"method\": \"setText\", \"params\": [{\"mask\": 2097152, \"childOrSibling\": [], \"childOrSiblingSelector\": [], \"resourceId\": \"it.feio.android.omninotes.alpha:id\/detail_title\"}, \"XTGOnsci3\"]}","Screenshot":""}
{"Type":"Script","MonkeyStepsCount":3,"Time":"2026-04-11 09:10:34.914","Info":"{\"jsonrpc\": \"2.0\", \"id\": 1, \"method\": \"click\", \"params\": [771.0, 160.0]}","Screenshot":""}
{"Type":"Script","MonkeyStepsCount":3,"Time":"2026-04-11 09:10:35.763","Info":"{\"jsonrpc\": \"2.0\", \"id\": 1, \"method\": \"click\", \"params\": [209.0, 1106.0]}","Screenshot":""}
{"Type":"Script","MonkeyStepsCount":3,"Time":"2026-04-11 09:10:36.545","Info":"{\"jsonrpc\": \"2.0\", \"id\": 1, \"method\": \"click\", \"params\": [843.5, 1250.0]}","Screenshot":""}
{"Type":"Script","MonkeyStepsCount":3,"Time":"2026-04-11 09:10:37.711","Info":"{\"jsonrpc\": \"2.0\", \"id\": 1, \"method\": \"pressKey\", \"params\": [\"back\"]}","Screenshot":""}
{"Type":"ScriptInfo","MonkeyStepsCount":3,"Time":"2026-04-11 09:10:39.848","Info":"{\"propName\":\"omni937.Omninotes937.test_create_note_with_tag_text_in_content\",\"startStepsCount\":3,\"state\":\"pass\"}","Screenshot":""}
{"Type":"Monkey","MonkeyStepsCount":4,"Time":"2026-04-11 09:10:40.139","Info":"{\"act\":\"CLICK\",\"adbinput\":false,\"aid\":\"g0a0\",\"allowFuzzing\":true,\"clear\":false,\"editable\":false,\"jAction\":\"\",\"pos\":[856,1923,1058,2126],\"rawinput\":false,\"sid\":\"\",\"text\":\"\",\"throttle\":12,\"waitTime\":0,\"widget\":\"{\\\"bounds\\\":\\\"[856,1923][1058,2126]\\\",\\\"class\\\":\\\"android.widget.ImageButton\\\",\\\"content-desc\\\":\\\"\\\",\\\"index\\\":6,\\\"resource-id\\\":\\\"it.feio.android.omninotes.alpha:id\/fab_expand_menu_button\\\",\\\"text\\\":\\\"\\\"}\"}","Screenshot":""}
{"Type":"Monkey","MonkeyStepsCount":5,"Time":"2026-04-11 09:10:40.482","Info":"{\"act\":\"CLICK\",\"adbinput\":false,\"aid\":\"g0a17\",\"allowFuzzing\":true,\"clear\":false,\"editable\":false,\"jAction\":\"\",\"pos\":[878,1356,1037,1515],\"rawinput\":false,\"sid\":\"\",\"text\":\"\",\"throttle\":12,\"waitTime\":0,\"widget\":\"{\\\"bounds\\\":\\\"[878,1356][1037,1515]\\\",\\\"class\\\":\\\"android.widget.ImageButton\\\",\\\"content-desc\\\":\\\"\\\",\\\"index\\\":1,\\\"resource-id\\\":\\\"it.feio.android.omninotes.alpha:id\/fab_camera\\\",\\\"text\\\":\\\"\\\"}\"}","Screenshot":""}
{"Type":"ScriptInfo","MonkeyStepsCount":5,"Time":"2026-04-11 09:10:40.813","Info":"{\"propName\":\"omni937.Omninotes937.test_search_by_empty_tag_selection\",\"startStepsCount\":5,\"state\":\"start\"}","Screenshot":""}
{"Type":"Script","MonkeyStepsCount":5,"Time":"2026-04-11 09:10:41.016","Info":"{\"jsonrpc\": \"2.0\", \"id\": 1, \"method\": \"click\", \"params\": [771.0, 160.0]}","Screenshot":""}
{"Type":"Script","MonkeyStepsCount":5,"Time":"2026-04-11 09:10:42.337","Info":"{\"jsonrpc\": \"2.0\", \"id\": 1, \"method\": \"click\", \"params\": [1014.0, 160.0]}","Screenshot":""}
{"Type":"Script","MonkeyStepsCount":5,"Time":"2026-04-11 09:10:43.181","Info":"{\"jsonrpc\": \"2.0\", \"id\": 1, \"method\": \"click\", \"params\": [843.5, 1250.0]}","Screenshot":""}
{"Type":"Script","MonkeyStepsCount":5,"Time":"2026-04-11 09:10:44.165","Info":"{\"jsonrpc\": \"2.0\", \"id\": 1, \"method\": \"click\", \"params\": [77.0, 160.0]}","Screenshot":""}
{"Type":"ScriptInfo","MonkeyStepsCount":5,"Time":"2026-04-11 09:10:44.390","Info":"{\"propName\":\"omni937.Omninotes937.test_search_by_empty_tag_selection\",\"startStepsCount\":5,\"state\":\"fail\"}","Screenshot":""}
{"Type":"Monkey","MonkeyStepsCount":6,"Time":"2026-04-11 09:10:44.695","Info":"{\"act\":\"CLICK\",\"adbinput\":false,\"aid\":\"g0a11\",\"allowFuzzing\":true,\"clear\":false,\"editable\":false,\"jAction\":\"\",\"pos\":[969,94,1080,226],\"rawinput\":false,\"sid\":\"\",\"text\":\"\",\"throttle\":60,\"waitTime\":0,\"widget\":\"{\\\"bounds\\\":\\\"[969,94][1080,226]\\\",\\\"class\\\":\\\"android.widget.ImageView\\\",\\\"content-desc\\\":\\\"More options\\\",\\\"index\\\":2,\\\"resource-id\\\":\\\"\\\",\\\"text\\\":\\\"\\\"}\"}","Screenshot":""}
{"Type":"Monkey","MonkeyStepsCount":7,"Time":"2026-04-11 09:10:45.041","Info":"{\"act\":\"SCROLL_BOTTOM_UP\",\"adbinput\":false,\"aid\":\"g0a4\",\"allowFuzzing\":true,\"clear\":false,\"editable\":false,\"jAction\":\"\",\"pos\":[530,95,1025,227],\"rawinput\":false,\"sid\":\"\",\"text\":\"\",\"throttle\":18,\"waitTime\":0,\"widget\":\"{\\\"bounds\\\":\\\"[530,95][1025,227]\\\",\\\"class\\\":\\\"android.widget.FrameLayout\\\",\\\"content-desc\\\":\\\"\\\",\\\"index\\\":0,\\\"resource-id\\\":\\\"\\\",\\\"text\\\":\\\"\\\"}\"}","Screenshot":""}
{"Type":"Monkey","MonkeyStepsCount":8,"Time":"2026-04-11 09:10:45.623","Info":"{\"act\":\"SCROLL_LEFT_RIGHT\",\"adbinput\":false,\"aid\":\"g0a5\",\"allowFuzzing\":true,\"clear\":false,\"editable\":false,\"jAction\":\"\",\"pos\":[530,95,1025,227],\"rawinput\":false,\"sid\":\"\",\"text\":\"\",\"throttle\":18,\"waitTime\":0,\"widget\":\"{\\\"bounds\\\":\\\"[530,95][1025,227]\\\",\\\"class\\\":\\\"android.widget.FrameLayout\\\",\\\"content-desc\\\":\\\"\\\",\\\"index\\\":0,\\\"resource-id\\\":\\\"\\\",\\\"text\\\":\\\"\\\"}\"}","Screenshot":""}
{"Type":"Monkey","MonkeyStepsCount":9,"Time":"2026-04-11 09:10:46.182","Info":"{\"act\":\"CLICK\",\"adbinput\":false,\"aid\":\"g0a19\",\"allowFuzzing\":true,\"clear\":false,\"editable\":false,\"jAction\":\"\",\"pos\":[530,117,1025,227],\"rawinput\":false,\"sid\":\"\",\"text\":\"\",\"throttle\":64,\"waitTime\":0,\"widget\":\"{\\\"bounds\\\":\\\"[530,117][1025,227]\\\",\\\"class\\\":\\\"android.widget.LinearLayout\\\",\\\"content-desc\\\":\\\"\\\",\\\"index\\\":0,\\\"resource-id\\\":\\\"\\\",\\\"text\\\":\\\"\\\"}\"}","Screenshot":""}
{"Type":"ScriptInfo","MonkeyStepsCount":9,"Time":"2026-04-11 09:10:46.573","Info":"{\"propName\":\"omni937.Omninotes937.test_reduced_view\",\"startStepsCount\":9,\"state\":\"start\"}","Screenshot":""}
{"Type":"Script","MonkeyStepsCount":9,"Time":"2026-04-11 09:10:46.737","Info":"{\"jsonrpc\": \"2.0\", \"id\": 1, \"method\": \"click\", \"params\": [1024.5, 160.0]}","Screenshot":""}
{"Type":"Script","MonkeyStepsCount":9,"Time":"2026-04-11 09:10:56.971","Info":"{\"jsonrpc\": \"2.0\", \"id\": 1, \"method\": \"click\", \"params\": [802.5, 181.5]}","Screenshot":""}
{"Type":"Script","MonkeyStepsCount":9,"Time":"2026-04-11 09:10:57.747","Info":"{\"jsonrpc\": \"2.0\", \"id\": 1, \"method\": \"click\", \"params\": [1024.5, 160.0]}","Screenshot":""}
{"Type":"Script","MonkeyStepsCount":9,"Time":"2026-04-11 09:10:58.580","Info":"{\"jsonrpc\": \"2.0\", \"id\": 1, \"method\": \"click\", \"params\": [799.5, 182.5]}","Screenshot":""}
{"Type":"ScriptInfo","MonkeyStepsCount":9,"Time":"2026-04-11 09:10:59.233","Info":"{\"propName\":\"omni937.Omninotes937.test_reduced_view\",\"startStepsCount\":9,\"state\":\"pass\"}","Screenshot":""}
{"Type":"ScriptInfo","MonkeyStepsCount":9,"Time":"2026-04-11 09:10:59.549","Info":"{\"propName\":\"omni937.Omninotes937.test_reduced_view\",\"startStepsCount\":9,\"state\":\"start\"}","Screenshot":""}
{"Type":"Script","MonkeyStepsCount":9,"Time":"2026-04-11 09:10:59.694","Info":"{\"jsonrpc\": \"2.0\", \"id\": 1, \"method\": \"click\", \"params\": [1024.5, 160.0]}","Screenshot":""}
{"Type":"Script","MonkeyStepsCount":9,"Time":"2026-04-11 09:11:00.525","Info":"{\"jsonrpc\": \"2.0\", \"id\": 1, \"method\": \"click\", \"params\": [799.5, 182.5]}","Screenshot":""}
{"Type":"Script","MonkeyStepsCount":9,"Time":"2026-04-11 09:11:01.351","Info":"{\"jsonrpc\": \"2.0\", \"id\": 1, \"method\": \"click\", \"params\": [1024.5, 160.0]}","Screenshot":""}
{"Type":"Script","MonkeyStepsCount":9,"Time":"2026-04-11 09:11:02.229","Info":"{\"jsonrpc\": \"2.0\", \"id\": 1, \"method\": \"click\", \"params\": [799.5, 182.5]}","Screenshot":""}
{"Type":"ScriptInfo","MonkeyStepsCount":9,"Time":"2026-04-11 09:11:02.901","Info":"{\"propName\":\"omni937.Omninotes937.test_reduced_view\",\"startStepsCount\":9,\"state\":\"pass\"}","Screenshot":""}
{"Type":"ScriptInfo","MonkeyStepsCount":9,"Time":"2026-04-11 09:11:03.197","Info":"{\"propName\":\"omni937.Omninotes937.test_reduced_view\",\"startStepsCount\":9,\"state\":\"start\"}","Screenshot":""}
{"Type":"Script","MonkeyStepsCount":9,"Time":"2026-04-11 09:11:03.416","Info":"{\"jsonrpc\": \"2.0\", \"id\": 1, \"method\": \"click\", \"params\": [1024.5, 160.0]}","Screenshot":""}
{"Type":"Script","MonkeyStepsCount":9,"Time":"2026-04-11 09:11:04.188","Info":"{\"jsonrpc\": \"2.0\", \"id\": 1, \"method\": \"click\", \"params\": [799.5, 182.5]}","Screenshot":""}
{"Type":"Script","MonkeyStepsCount":9,"Time":"2026-04-11 09:11:05.060","Info":"{\"jsonrpc\": \"2.0\", \"id\": 1, \"method\": \"click\", \"params\": [1024.5, 160.0]}","Screenshot":""}
{"Type":"Script","MonkeyStepsCount":9,"Time":"2026-04-11 09:11:05.874","Info":"{\"jsonrpc\": \"2.0\", \"id\": 1, \"method\": \"click\", \"params\": [799.5, 182.5]}","Screenshot":""}
{"Type":"ScriptInfo","MonkeyStepsCount":9,"Time":"2026-04-11 09:11:06.532","Info":"{\"propName\":\"omni937.Omninotes937.test_reduced_view\",\"startStepsCount\":9,\"state\":\"pass\"}","Screenshot":""}
{"Type":"ScriptInfo","MonkeyStepsCount":9,"Time":"2026-04-11 09:11:06.848","Info":"{\"propName\":\"omni937.Omninotes937.test_reduced_view\",\"startStepsCount\":9,\"state\":\"start\"}","Screenshot":""}
{"Type":"Script","MonkeyStepsCount":9,"Time":"2026-04-11 09:11:07.036","Info":"{\"jsonrpc\": \"2.0\", \"id\": 1, \"method\": \"click\", \"params\": [1024.5, 160.0]}","Screenshot":""}
{"Type":"Script","MonkeyStepsCount":9,"Time":"2026-04-11 09:11:07.836","Info":"{\"jsonrpc\": \"2.0\", \"id\": 1, \"method\": \"click\", \"params\": [799.5, 182.5]}","Screenshot":""}
{"Type":"Script","MonkeyStepsCount":9,"Time":"2026-04-11 09:11:08.638","Info":"{\"jsonrpc\": \"2.0\", \"id\": 1, \"method\": \"click\", \"params\": [1024.5, 160.0]}","Screenshot":""}
{"Type":"Script","MonkeyStepsCount":9,"Time":"2026-04-11 09:11:09.452","Info":"{\"jsonrpc\": \"2.0\", \"id\": 1, \"method\": \"click\", \"params\": [799.5, 182.5]}","Screenshot":""}
{"Type":"ScriptInfo","MonkeyStepsCount":9,"Time":"2026-04-11 09:11:10.107","Info":"{\"propName\":\"omni937.Omninotes937.test_reduced_view\",\"startStepsCount\":9,\"state\":\"pass\"}","Screenshot":""}
{"Type":"ScriptInfo","MonkeyStepsCount":9,"Time":"2026-04-11 09:11:10.425","Info":"{\"propName\":\"omni937.Omninotes937.test_reduced_view\",\"startStepsCount\":9,\"state\":\"start\"}","Screenshot":""}
{"Type":"Script","MonkeyStepsCount":9,"Time":"2026-04-11 09:11:10.565","Info":"{\"jsonrpc\": \"2.0\", \"id\": 1, \"method\": \"click\", \"params\": [1024.5, 160.0]}","Screenshot":""}
{"Type":"Script","MonkeyStepsCount":9,"Time":"2026-04-11 09:11:11.460","Info":"{\"jsonrpc\": \"2.0\", \"id\": 1, \"method\": \"click\", \"params\": [799.5, 182.5]}","Screenshot":""}
{"Type":"Script","MonkeyStepsCount":9,"Time":"2026-04-11 09:11:12.262","Info":"{\"jsonrpc\": \"2.0\", \"id\": 1, \"method\": \"click\", \"params\": [1024.5, 160.0]}","Screenshot":""}
{"Type":"Script","MonkeyStepsCount":9,"Time":"2026-04-11 09:11:13.043","Info":"{\"jsonrpc\": \"2.0\", \"id\": 1, \"method\": \"click\", \"params\": [799.5, 182.5]}","Screenshot":""}
{"Type":"ScriptInfo","MonkeyStepsCount":9,"Time":"2026-04-11 09:11:13.730","Info":"{\"propName\":\"omni937.Omninotes937.test_reduced_view\",\"startStepsCount\":9,\"state\":\"pass\"}","Screenshot":""}
{"Type":"ScriptInfo","MonkeyStepsCount":9,"Time":"2026-04-11 09:11:14.012","Info":"{\"propName\":\"omni937.Omninotes937.test_reduced_view\",\"startStepsCount\":9,\"state\":\"start\"}","Screenshot":""}
{"Type":"Script","MonkeyStepsCount":9,"Time":"2026-04-11 09:11:14.155","Info":"{\"jsonrpc\": \"2.0\", \"id\": 1, \"method\": \"click\", \"params\": [1024.5, 160.0]}","Screenshot":""}
{"Type":"Script","MonkeyStepsCount":9,"Time":"2026-04-11 09:11:14.954","Info":"{\"jsonrpc\": \"2.0\", \"id\": 1, \"method\": \"click\", \"params\": [799.5, 182.5]}","Screenshot":""}
{"Type":"Script","MonkeyStepsCount":9,"Time":"2026-04-11 09:11:15.740","Info":"{\"jsonrpc\": \"2.0\", \"id\": 1, \"method\": \"click\", \"params\": [1024.5, 160.0]}","Screenshot":""}
{"Type":"Script","MonkeyStepsCount":9,"Time":"2026-04-11 09:11:16.484","Info":"{\"jsonrpc\": \"2.0\", \"id\": 1, \"method\": \"click\", \"params\": [799.5, 182.5]}","Screenshot":""}
{"Type":"ScriptInfo","MonkeyStepsCount":9,"Time":"2026-04-11 09:11:17.184","Info":"{\"propName\":\"omni937.Omninotes937.test_reduced_view\",\"startStepsCount\":9,\"state\":\"pass\"}","Screenshot":""}
{"Type":"ScriptInfo","MonkeyStepsCount":9,"Time":"2026-04-11 09:11:17.478","Info":"{\"propName\":\"omni937.Omninotes937.test_search_by_empty_tag_selection\",\"startStepsCount\":9,\"state\":\"start\"}","Screenshot":""}
{"Type":"Script","MonkeyStepsCount":9,"Time":"2026-04-11 09:11:17.646","Info":"{\"jsonrpc\": \"2.0\", \"id\": 1, \"method\": \"click\", \"params\": [771.0, 160.0]}","Screenshot":""}
{"Type":"Script","MonkeyStepsCount":9,"Time":"2026-04-11 09:11:18.966","Info":"{\"jsonrpc\": \"2.0\", \"id\": 1, \"method\": \"click\", \"params\": [1014.0, 160.0]}","Screenshot":""}
{"Type":"Script","MonkeyStepsCount":9,"Time":"2026-04-11 09:11:19.795","Info":"{\"jsonrpc\": \"2.0\", \"id\": 1, \"method\": \"click\", \"params\": [843.5, 1250.0]}","Screenshot":""}
{"Type":"Script","MonkeyStepsCount":9,"Time":"2026-04-11 09:11:20.732","Info":"{\"jsonrpc\": \"2.0\", \"id\": 1, \"method\": \"click\", \"params\": [77.0, 160.0]}","Screenshot":""}
{"Type":"ScriptInfo","MonkeyStepsCount":9,"Time":"2026-04-11 09:11:20.914","Info":"{\"propName\":\"omni937.Omninotes937.test_search_by_empty_tag_selection\",\"startStepsCount\":9,\"state\":\"fail\"}","Screenshot":""}
{"Type":"Monkey","MonkeyStepsCount":10,"Time":"2026-04-11 09:11:21.283","Info":"{\"act\":\"LONG_CLICK\",\"adbinput\":false,\"aid\":\"g0a12\",\"allowFuzzing\":true,\"clear\":false,\"editable\":false,\"jAction\":\"\",\"pos\":[969,94,1080,226],\"rawinput\":false,\"sid\":\"\",\"text\":\"\",\"throttle\":51,\"waitTime\":0,\"widget\":\"{\\\"bounds\\\":\\\"[969,94][1080,226]\\\",\\\"class\\\":\\\"android.widget.ImageView\\\",\\\"content-desc\\\":\\\"More options\\\",\\\"index\\\":2,\\\"resource-id\\\":\\\"\\\",\\\"text\\\":\\\"\\\"}\"}","Screenshot":""}
{"Type":"ScriptInfo","MonkeyStepsCount":10,"Time":"2026-04-11 09:11:22.621","Info":"{\"propName\":\"omni937.Omninotes937.test_reduced_view\",\"startStepsCount\":10,\"state\":\"start\"}","Screenshot":""}
{"Type":"Script","MonkeyStepsCount":10,"Time":"2026-04-11 09:11:22.761","Info":"{\"jsonrpc\": \"2.0\", \"id\": 1, \"method\": \"click\", \"params\": [1024.5, 160.0]}","Screenshot":""}
{"Type":"Script","MonkeyStepsCount":10,"Time":"2026-04-11 09:11:23.594","Info":"{\"jsonrpc\": \"2.0\", \"id\": 1, \"method\": \"click\", \"params\": [799.5, 182.5]}","Screenshot":""}
{"Type":"Script","MonkeyStepsCount":10,"Time":"2026-04-11 09:11:24.469","Info":"{\"jsonrpc\": \"2.0\", \"id\": 1, \"method\": \"click\", \"params\": [1024.5, 160.0]}","Screenshot":""}
{"Type":"Script","MonkeyStepsCount":10,"Time":"2026-04-11 09:11:25.268","Info":"{\"jsonrpc\": \"2.0\", \"id\": 1, \"method\": \"click\", \"params\": [799.5, 182.5]}","Screenshot":""}
{"Type":"ScriptInfo","MonkeyStepsCount":10,"Time":"2026-04-11 09:11:25.917","Info":"{\"propName\":\"omni937.Omninotes937.test_reduced_view\",\"startStepsCount\":10,\"state\":\"pass\"}","Screenshot":""}
{"Type":"ScriptInfo","MonkeyStepsCount":10,"Time":"2026-04-11 09:11:26.249","Info":"{\"propName\":\"omni937.Omninotes937.test_search_by_empty_tag_selection\",\"startStepsCount\":10,\"state\":\"start\"}","Screenshot":""}
{"Type":"Script","MonkeyStepsCount":10,"Time":"2026-04-11 09:11:26.404","Info":"{\"jsonrpc\": \"2.0\", \"id\": 1, \"method\": \"click\", \"params\": [771.0, 160.0]}","Screenshot":""}
{"Type":"Script","MonkeyStepsCount":10,"Time":"2026-04-11 09:11:27.709","Info":"{\"jsonrpc\": \"2.0\", \"id\": 1, \"method\": \"click\", \"params\": [1014.0, 160.0]}","Screenshot":""}
{"Type":"Script","MonkeyStepsCount":10,"Time":"2026-04-11 09:11:28.526","Info":"{\"jsonrpc\": \"2.0\", \"id\": 1, \"method\": \"click\", \"params\": [843.5, 1250.0]}","Screenshot":""}
{"Type":"Script","MonkeyStepsCount":10,"Time":"2026-04-11 09:11:29.451","Info":"{\"jsonrpc\": \"2.0\", \"id\": 1, \"method\": \"click\", \"params\": [77.0, 160.0]}","Screenshot":""}
{"Type":"ScriptInfo","MonkeyStepsCount":10,"Time":"2026-04-11 09:11:29.630","Info":"{\"propName\":\"omni937.Omninotes937.test_search_by_empty_tag_selection\",\"startStepsCount\":10,\"state\":\"fail\"}","Screenshot":""}
{"Type":"ScriptInfo","MonkeyStepsCount":10,"Time":"2026-04-11 09:11:29.997","Info":"{\"propName\":\"omni937.Omninotes937.test_search_by_empty_tag_selection\",\"startStepsCount\":10,\"state\":\"start\"}","Screenshot":""}
{"Type":"Script","MonkeyStepsCount":10,"Time":"2026-04-11 09:11:30.151","Info":"{\"jsonrpc\": \"2.0\", \"id\": 1, \"method\": \"click\", \"params\": [771.0, 160.0]}","Screenshot":""}
{"Type":"Script","MonkeyStepsCount":10,"Time":"2026-04-11 09:11:31.474","Info":"{\"jsonrpc\": \"2.0\", \"id\": 1, \"method\": \"click\", \"params\": [1014.0, 160.0]}","Screenshot":""}
{"Type":"Script","MonkeyStepsCount":10,"Time":"2026-04-11 09:11:32.270","Info":"{\"jsonrpc\": \"2.0\", \"id\": 1, \"method\": \"click\", \"params\": [843.5, 1250.0]}","Screenshot":""}
{"Type":"Script","MonkeyStepsCount":10,"Time":"2026-04-11 09:11:33.183","Info":"{\"jsonrpc\": \"2.0\", \"id\": 1, \"method\": \"click\", \"params\": [77.0, 160.0]}","Screenshot":""}
{"Type":"ScriptInfo","MonkeyStepsCount":10,"Time":"2026-04-11 09:11:33.342","Info":"{\"propName\":\"omni937.Omninotes937.test_search_by_empty_tag_selection\",\"startStepsCount\":10,\"state\":\"fail\"}","Screenshot":""}
