{"Type":"Monkey","MonkeyStepsCount":1,"Time":"2026-04-09 09:20:03.131","Info":"{\"act\":\"SCROLL_RIGHT_LEFT\",\"adbinput\":false,\"aid\":\"g0a13\",\"allowFuzzing\":true,\"clear\":false,\"editable\":false,\"jAction\":\"\",\"pos\":[0,435,1080,2148],\"rawinput\":false,\"sid\":\"\",\"text\":\"\",\"throttle\":26,\"waitTime\":0,\"widget\":\"{\\\"bounds\\\":\\\"[0,435][1080,2148]\\\",\\\"class\\\":\\\"androidx.viewpager.widget.ViewPager\\\",\\\"content-desc\\\":\\\"\\\",\\\"index\\\":0,\\\"resource-id\\\":\\\"com.amaze.filemanager.debug:id\/pager\\\",\\\"text\\\":\\\"\\\"}\"}","Screenshot":""}
{"Type":"Monkey","MonkeyStepsCount":2,"Time":"2026-04-09 09:20:04.866","Info":"{\"act\":\"CLICK\",\"adbinput\":false,\"aid\":\"g0a1\",\"allowFuzzing\":true,\"clear\":false,\"editable\":false,\"jAction\":\"\",\"pos\":[0,83,154,237],\"rawinput\":false,\"sid\":\"\",\"text\":\"\",\"throttle\":13,\"waitTime\":0,\"widget\":\"{\\\"bounds\\\":\\\"[0,83][154,237]\\\",\\\"class\\\":\\\"android.widget.ImageButton\\\",\\\"content-desc\\\":\\\"Navigate up\\\",\\\"index\\\":0,\\\"resource-id\\\":\\\"\\\",\\\"text\\\":\\\"\\\"}\"}","Screenshot":""}
{"Type":"ScriptInfo","MonkeyStepsCount":2,"Time":"2026-04-09 09:20:06.733","Info":"{\"propName\":\"amaze3991.Amaze3991.test_modify_file\",\"startStepsCount\":2,\"state\":\"start\"}","Screenshot":""}
{"Type":"Script","MonkeyStepsCount":2,"Time":"2026-04-09 09:20:07.178","Info":"{\"jsonrpc\": \"2.0\", \"id\": 1, \"method\": \"click\", \"params\": [903.0, 160.0]}","Screenshot":""}
{"Type":"Script","MonkeyStepsCount":2,"Time":"2026-04-09 09:20:09.012","Info":"{\"jsonrpc\": \"2.0\", \"id\": 1, \"method\": \"click\", \"params\": [771.0, 160.0]}","Screenshot":""}
{"Type":"Script","MonkeyStepsCount":2,"Time":"2026-04-09 09:20:09.934","Info":"{\"jsonrpc\": \"2.0\", \"id\": 1, \"method\": \"setText\", \"params\": [{\"mask\": 2097152, \"childOrSibling\": [], \"childOrSiblingSelector\": [], \"resourceId\": \"com.amaze.filemanager.debug:id\/search_edit_text\"}, \"A.txt\"]}","Screenshot":""}
{"Type":"Script","MonkeyStepsCount":2,"Time":"2026-04-09 09:20:12.873","Info":"{\"jsonrpc\": \"2.0\", \"id\": 1, \"method\": \"click\", \"params\": [540.0, 364.5]}","Screenshot":""}
{"Type":"Script","MonkeyStepsCount":2,"Time":"2026-04-09 09:20:16.498","Info":"{\"jsonrpc\": \"2.0\", \"id\": 1, \"method\": \"click\", \"params\": [545.5, 821.5]}","Screenshot":""}
{"Type":"Script","MonkeyStepsCount":2,"Time":"2026-04-09 09:20:18.656","Info":"{\"jsonrpc\": \"2.0\", \"id\": 1, \"method\": \"click\", \"params\": [389.0, 1838.5]}","Screenshot":""}
{"Type":"Script","MonkeyStepsCount":2,"Time":"2026-04-09 09:20:20.204","Info":"{\"jsonrpc\": \"2.0\", \"id\": 1, \"method\": \"setText\", \"params\": [{\"mask\": 2097152, \"childOrSibling\": [], \"childOrSiblingSelector\": [], \"resourceId\": \"com.amaze.filemanager.debug:id\/textEditorMainEditText\"}, \"Sojdwf6ondER4aP_uEdYKaDkxkEmtGHSjZu7v76poeuptwaPc6ol87lcUiQJA1VP6zZrtf\"]}","Screenshot":""}
{"Type":"Script","MonkeyStepsCount":2,"Time":"2026-04-09 09:20:21.054","Info":"{\"jsonrpc\": \"2.0\", \"id\": 1, \"method\": \"pressKey\", \"params\": [\"back\"]}","Screenshot":""}
{"Type":"Script","MonkeyStepsCount":2,"Time":"2026-04-09 09:20:22.083","Info":"{\"jsonrpc\": \"2.0\", \"id\": 1, \"method\": \"click\", \"params\": [843.5, 1251.0]}","Screenshot":""}
{"Type":"Script","MonkeyStepsCount":2,"Time":"2026-04-09 09:20:23.826","Info":"{\"jsonrpc\": \"2.0\", \"id\": 1, \"method\": \"click\", \"params\": [771.0, 160.0]}","Screenshot":""}
{"Type":"Script","MonkeyStepsCount":2,"Time":"2026-04-09 09:20:25.703","Info":"{\"jsonrpc\": \"2.0\", \"id\": 1, \"method\": \"setText\", \"params\": [{\"mask\": 2097152, \"childOrSibling\": [], \"childOrSiblingSelector\": [], \"resourceId\": \"com.amaze.filemanager.debug:id\/search_edit_text\"}, \"A.txt\"]}","Screenshot":""}
{"Type":"Script","MonkeyStepsCount":2,"Time":"2026-04-09 09:20:28.531","Info":"{\"jsonrpc\": \"2.0\", \"id\": 1, \"method\": \"click\", \"params\": [540.0, 606.5]}","Screenshot":""}
{"Type":"Script","MonkeyStepsCount":2,"Time":"2026-04-09 09:20:31.837","Info":"{\"jsonrpc\": \"2.0\", \"id\": 1, \"method\": \"click\", \"params\": [545.5, 821.5]}","Screenshot":""}
{"Type":"Script","MonkeyStepsCount":2,"Time":"2026-04-09 09:20:34.188","Info":"{\"jsonrpc\": \"2.0\", \"id\": 1, \"method\": \"click\", \"params\": [934.0, 1351.5]}","Screenshot":""}
{"Type":"Script","MonkeyStepsCount":2,"Time":"2026-04-09 09:20:35.602","Info":"{\"jsonrpc\": \"2.0\", \"id\": 1, \"method\": \"pressKey\", \"params\": [\"back\"]}","Screenshot":""}
{"Type":"ScriptInfo","MonkeyStepsCount":2,"Time":"2026-04-09 09:20:37.220","Info":"{\"propName\":\"amaze3991.Amaze3991.test_modify_file\",\"startStepsCount\":2,\"state\":\"pass\"}","Screenshot":""}
{"Type":"ScriptInfo","MonkeyStepsCount":2,"Time":"2026-04-09 09:20:38.625","Info":"{\"propName\":\"amaze3991.Amaze3991.test_check_recent_file\",\"startStepsCount\":2,\"state\":\"start\"}","Screenshot":""}
{"Type":"Script","MonkeyStepsCount":2,"Time":"2026-04-09 09:20:38.656","Info":"{\"jsonrpc\": \"2.0\", \"id\": 1, \"method\": \"click\", \"params\": [79, 154]}","Screenshot":""}
{"Type":"Script","MonkeyStepsCount":2,"Time":"2026-04-09 09:20:40.791","Info":"{\"jsonrpc\": \"2.0\", \"id\": 1, \"method\": \"click\", \"params\": [418.0, 1730.0]}","Screenshot":""}
{"Type":"Script","MonkeyStepsCount":2,"Time":"2026-04-09 09:20:42.514","Info":"{\"jsonrpc\": \"2.0\", \"id\": 1, \"method\": \"pressKey\", \"params\": [\"back\"]}","Screenshot":""}
{"Type":"ScriptInfo","MonkeyStepsCount":2,"Time":"2026-04-09 09:20:42.676","Info":"{\"propName\":\"amaze3991.Amaze3991.test_check_recent_file\",\"startStepsCount\":2,\"state\":\"pass\"}","Screenshot":""}
{"Type":"Monkey","MonkeyStepsCount":3,"Time":"2026-04-09 09:20:43.599","Info":"{\"act\":\"CLICK\",\"adbinput\":false,\"aid\":\"g0a23\",\"allowFuzzing\":true,\"clear\":false,\"editable\":false,\"jAction\":\"\",\"pos\":[969,94,1080,226],\"rawinput\":false,\"sid\":\"\",\"text\":\"\",\"throttle\":84,\"waitTime\":0,\"widget\":\"{\\\"bounds\\\":\\\"[969,94][1080,226]\\\",\\\"class\\\":\\\"android.widget.ImageView\\\",\\\"content-desc\\\":\\\"More options\\\",\\\"index\\\":2,\\\"resource-id\\\":\\\"\\\",\\\"text\\\":\\\"\\\"}\"}","Screenshot":""}
{"Type":"Monkey","MonkeyStepsCount":4,"Time":"2026-04-09 09:20:44.009","Info":"{\"act\":\"SCROLL_TOP_DOWN\",\"adbinput\":false,\"aid\":\"g0a6\",\"allowFuzzing\":true,\"clear\":false,\"editable\":false,\"jAction\":\"\",\"pos\":[530,94,981,798],\"rawinput\":false,\"sid\":\"\",\"text\":\"\",\"throttle\":53,\"waitTime\":0,\"widget\":\"{\\\"bounds\\\":\\\"[530,94][981,798]\\\",\\\"class\\\":\\\"android.widget.FrameLayout\\\",\\\"content-desc\\\":\\\"\\\",\\\"index\\\":0,\\\"resource-id\\\":\\\"\\\",\\\"text\\\":\\\"\\\"}\"}","Screenshot":""}
{"Type":"Monkey","MonkeyStepsCount":5,"Time":"2026-04-09 09:20:44.621","Info":"{\"act\":\"SCROLL_TOP_DOWN\",\"adbinput\":false,\"aid\":\"g0a6\",\"allowFuzzing\":true,\"clear\":false,\"editable\":false,\"jAction\":\"\",\"pos\":[530,94,981,798],\"rawinput\":false,\"sid\":\"\",\"text\":\"\",\"throttle\":53,\"waitTime\":0,\"widget\":\"{\\\"bounds\\\":\\\"[530,94][981,798]\\\",\\\"class\\\":\\\"android.widget.FrameLayout\\\",\\\"content-desc\\\":\\\"\\\",\\\"index\\\":0,\\\"resource-id\\\":\\\"\\\",\\\"text\\\":\\\"\\\"}\"}","Screenshot":""}
{"Type":"Monkey","MonkeyStepsCount":6,"Time":"2026-04-09 09:20:45.464","Info":"{\"act\":\"SCROLL_BOTTOM_UP\",\"adbinput\":false,\"aid\":\"g0a7\",\"allowFuzzing\":true,\"clear\":false,\"editable\":false,\"jAction\":\"\",\"pos\":[530,94,981,798],\"rawinput\":false,\"sid\":\"\",\"text\":\"\",\"throttle\":40,\"waitTime\":0,\"widget\":\"{\\\"bounds\\\":\\\"[530,94][981,798]\\\",\\\"class\\\":\\\"android.widget.FrameLayout\\\",\\\"content-desc\\\":\\\"\\\",\\\"index\\\":0,\\\"resource-id\\\":\\\"\\\",\\\"text\\\":\\\"\\\"}\"}","Screenshot":""}
{"Type":"Monkey","MonkeyStepsCount":7,"Time":"2026-04-09 09:20:46.272","Info":"{\"act\":\"SCROLL_RIGHT_LEFT\",\"adbinput\":false,\"aid\":\"g0a9\",\"allowFuzzing\":true,\"clear\":false,\"editable\":false,\"jAction\":\"\",\"pos\":[530,94,981,798],\"rawinput\":false,\"sid\":\"\",\"text\":\"\",\"throttle\":28,\"waitTime\":0,\"widget\":\"{\\\"bounds\\\":\\\"[530,94][981,798]\\\",\\\"class\\\":\\\"android.widget.FrameLayout\\\",\\\"content-desc\\\":\\\"\\\",\\\"index\\\":0,\\\"resource-id\\\":\\\"\\\",\\\"text\\\":\\\"\\\"}\"}","Screenshot":""}
{"Type":"Monkey","MonkeyStepsCount":8,"Time":"2026-04-09 09:20:46.962","Info":"{\"act\":\"CLICK\",\"adbinput\":false,\"aid\":\"g0a26\",\"allowFuzzing\":true,\"clear\":false,\"editable\":false,\"jAction\":\"\",\"pos\":[530,94,981,226],\"rawinput\":false,\"sid\":\"\",\"text\":\"\",\"throttle\":28,\"waitTime\":0,\"widget\":\"{\\\"bounds\\\":\\\"[530,94][981,226]\\\",\\\"class\\\":\\\"android.widget.LinearLayout\\\",\\\"content-desc\\\":\\\"\\\",\\\"index\\\":0,\\\"resource-id\\\":\\\"\\\",\\\"text\\\":\\\"\\\"}\"}","Screenshot":""}
{"Type":"Monkey","MonkeyStepsCount":9,"Time":"2026-04-09 09:20:47.872","Info":"{\"act\":\"SCROLL_RIGHT_LEFT\",\"adbinput\":false,\"aid\":\"g0a9\",\"allowFuzzing\":true,\"clear\":false,\"editable\":false,\"jAction\":\"\",\"pos\":[541,94,992,402],\"rawinput\":false,\"sid\":\"\",\"text\":\"\",\"throttle\":32,\"waitTime\":0,\"widget\":\"{\\\"bounds\\\":\\\"[541,94][992,402]\\\",\\\"class\\\":\\\"android.widget.FrameLayout\\\",\\\"content-desc\\\":\\\"\\\",\\\"index\\\":0,\\\"resource-id\\\":\\\"\\\",\\\"text\\\":\\\"\\\"}\"}","Screenshot":""}
{"Type":"Monkey","MonkeyStepsCount":10,"Time":"2026-04-09 09:20:48.611","Info":"{\"act\":\"SCROLL_TOP_DOWN\",\"adbinput\":false,\"aid\":\"g0a6\",\"allowFuzzing\":true,\"clear\":false,\"editable\":false,\"jAction\":\"\",\"pos\":[541,94,992,402],\"rawinput\":false,\"sid\":\"\",\"text\":\"\",\"throttle\":16,\"waitTime\":0,\"widget\":\"{\\\"bounds\\\":\\\"[541,94][992,402]\\\",\\\"class\\\":\\\"android.widget.FrameLayout\\\",\\\"content-desc\\\":\\\"\\\",\\\"index\\\":0,\\\"resource-id\\\":\\\"\\\",\\\"text\\\":\\\"\\\"}\"}","Screenshot":""}
{"Type":"Monkey","MonkeyStepsCount":11,"Time":"2026-04-09 09:20:49.298","Info":"{\"act\":\"CLICK\",\"adbinput\":false,\"aid\":\"g0a27\",\"allowFuzzing\":true,\"clear\":false,\"editable\":false,\"jAction\":\"\",\"pos\":[541,94,992,226],\"rawinput\":false,\"sid\":\"\",\"text\":\"\",\"throttle\":35,\"waitTime\":0,\"widget\":\"{\\\"bounds\\\":\\\"[541,94][992,226]\\\",\\\"class\\\":\\\"android.widget.FrameLayout\\\",\\\"content-desc\\\":\\\"\\\",\\\"index\\\":0,\\\"resource-id\\\":\\\"\\\",\\\"text\\\":\\\"\\\"}\"}","Screenshot":""}
{"Type":"Monkey","MonkeyStepsCount":12,"Time":"2026-04-09 09:20:49.684","Info":"{\"act\":\"SCROLL_BOTTOM_UP\",\"adbinput\":false,\"aid\":\"g0a7\",\"allowFuzzing\":true,\"clear\":false,\"editable\":false,\"jAction\":\"\",\"pos\":[541,94,992,402],\"rawinput\":false,\"sid\":\"\",\"text\":\"\",\"throttle\":35,\"waitTime\":0,\"widget\":\"{\\\"bounds\\\":\\\"[541,94][992,402]\\\",\\\"class\\\":\\\"android.widget.FrameLayout\\\",\\\"content-desc\\\":\\\"\\\",\\\"index\\\":0,\\\"resource-id\\\":\\\"\\\",\\\"text\\\":\\\"\\\"}\"}","Screenshot":""}
{"Type":"Monkey","MonkeyStepsCount":13,"Time":"2026-04-09 09:20:50.367","Info":"{\"act\":\"SCROLL_LEFT_RIGHT\",\"adbinput\":false,\"aid\":\"g0a8\",\"allowFuzzing\":true,\"clear\":false,\"editable\":false,\"jAction\":\"\",\"pos\":[541,94,992,402],\"rawinput\":false,\"sid\":\"\",\"text\":\"\",\"throttle\":33,\"waitTime\":0,\"widget\":\"{\\\"bounds\\\":\\\"[541,94][992,402]\\\",\\\"class\\\":\\\"android.widget.FrameLayout\\\",\\\"content-desc\\\":\\\"\\\",\\\"index\\\":0,\\\"resource-id\\\":\\\"\\\",\\\"text\\\":\\\"\\\"}\"}","Screenshot":""}
{"Type":"Monkey","MonkeyStepsCount":14,"Time":"2026-04-09 09:20:51.549","Info":"{\"act\":\"CLICK\",\"adbinput\":false,\"aid\":\"g0a28\",\"allowFuzzing\":true,\"clear\":false,\"editable\":false,\"jAction\":\"\",\"pos\":[143,798,231,930],\"rawinput\":false,\"sid\":\"\",\"text\":\"\",\"throttle\":33,\"waitTime\":0,\"widget\":\"{\\\"bounds\\\":\\\"[143,798][231,930]\\\",\\\"class\\\":\\\"android.widget.RadioButton\\\",\\\"content-desc\\\":\\\"\\\",\\\"index\\\":0,\\\"resource-id\\\":\\\"com.amaze.filemanager.debug:id\/md_control\\\",\\\"text\\\":\\\"\\\"}\"}","Screenshot":""}
{"Type":"Monkey","MonkeyStepsCount":15,"Time":"2026-04-09 09:20:52.305","Info":"{\"act\":\"CLICK\",\"adbinput\":false,\"aid\":\"g0a30\",\"allowFuzzing\":true,\"clear\":false,\"editable\":false,\"jAction\":\"\",\"pos\":[121,1348,469,1436],\"rawinput\":false,\"sid\":\"\",\"text\":\"\",\"throttle\":13,\"waitTime\":0,\"widget\":\"{\\\"bounds\\\":\\\"[121,1348][469,1436]\\\",\\\"class\\\":\\\"android.widget.CheckBox\\\",\\\"content-desc\\\":\\\"\\\",\\\"index\\\":2,\\\"resource-id\\\":\\\"com.amaze.filemanager.debug:id\/md_promptCheckbox\\\",\\\"text\\\":\\\"Onlythisfolder\\\"}\"}","Screenshot":""}
{"Type":"Monkey","MonkeyStepsCount":16,"Time":"2026-04-09 09:20:52.802","Info":"{\"act\":\"CLICK\",\"adbinput\":false,\"aid\":\"g0a29\",\"allowFuzzing\":true,\"clear\":false,\"editable\":false,\"jAction\":\"\",\"pos\":[385,1458,667,1524],\"rawinput\":false,\"sid\":\"\",\"text\":\"\",\"throttle\":72,\"waitTime\":0,\"widget\":\"{\\\"bounds\\\":\\\"[385,1458][667,1524]\\\",\\\"class\\\":\\\"android.widget.TextView\\\",\\\"content-desc\\\":\\\"\\\",\\\"index\\\":2,\\\"resource-id\\\":\\\"com.amaze.filemanager.debug:id\/md_buttonDefaultNegative\\\",\\\"text\\\":\\\"ASCENDING\\\"}\"}","Screenshot":""}
{"Type":"Monkey","MonkeyStepsCount":17,"Time":"2026-04-09 09:20:53.765","Info":"{\"act\":\"CLICK\",\"adbinput\":false,\"aid\":\"g0a18\",\"allowFuzzing\":true,\"clear\":false,\"editable\":false,\"jAction\":\"\",\"pos\":[843,1898,1063,2142],\"rawinput\":false,\"sid\":\"\",\"text\":\"\",\"throttle\":53,\"waitTime\":0,\"widget\":\"{\\\"bounds\\\":\\\"[843,1898][1063,2142]\\\",\\\"class\\\":\\\"android.widget.ImageButton\\\",\\\"content-desc\\\":\\\"\\\",\\\"index\\\":0,\\\"resource-id\\\":\\\"com.amaze.filemanager.debug:id\/sd_main_fab\\\",\\\"text\\\":\\\"\\\"}\"}","Screenshot":""}
{"Type":"Monkey","MonkeyStepsCount":18,"Time":"2026-04-09 09:20:54.326","Info":"{\"act\":\"CLICK\",\"adbinput\":false,\"aid\":\"g0a35\",\"allowFuzzing\":true,\"clear\":false,\"editable\":false,\"jAction\":\"\",\"pos\":[0,83,1080,2148],\"rawinput\":false,\"sid\":\"\",\"text\":\"\",\"throttle\":53,\"waitTime\":0,\"widget\":\"{\\\"bounds\\\":\\\"[0,83][1080,2148]\\\",\\\"class\\\":\\\"android.widget.RelativeLayout\\\",\\\"content-desc\\\":\\\"\\\",\\\"index\\\":0,\\\"resource-id\\\":\\\"com.amaze.filemanager.debug:id\/fabs_overlay_layout\\\",\\\"text\\\":\\\"\\\"}\"}","Screenshot":""}
{"Type":"Monkey","MonkeyStepsCount":19,"Time":"2026-04-09 09:20:54.824","Info":"{\"act\":\"CLICK\",\"adbinput\":false,\"aid\":\"g0a22\",\"allowFuzzing\":true,\"clear\":false,\"editable\":false,\"jAction\":\"\",\"pos\":[926,614,1036,724],\"rawinput\":false,\"sid\":\"\",\"text\":\"\",\"throttle\":29,\"waitTime\":0,\"widget\":\"{\\\"bounds\\\":\\\"[926,614][1036,724]\\\",\\\"class\\\":\\\"android.widget.ImageButton\\\",\\\"content-desc\\\":\\\"Properties\\\",\\\"index\\\":2,\\\"resource-id\\\":\\\"com.amaze.filemanager.debug:id\/properties\\\",\\\"text\\\":\\\"\\\"}\"}","Screenshot":""}
{"Type":"Monkey","MonkeyStepsCount":20,"Time":"2026-04-09 09:20:55.338","Info":"{\"act\":\"SCROLL_LEFT_RIGHT\",\"adbinput\":false,\"aid\":\"g0a8\",\"allowFuzzing\":true,\"clear\":false,\"editable\":false,\"jAction\":\"\",\"pos\":[541,724,992,1692],\"rawinput\":false,\"sid\":\"\",\"text\":\"\",\"throttle\":83,\"waitTime\":0,\"widget\":\"{\\\"bounds\\\":\\\"[541,724][992,1692]\\\",\\\"class\\\":\\\"android.widget.FrameLayout\\\",\\\"content-desc\\\":\\\"\\\",\\\"index\\\":0,\\\"resource-id\\\":\\\"\\\",\\\"text\\\":\\\"\\\"}\"}","Screenshot":""}
{"Type":"Monkey","MonkeyStepsCount":21,"Time":"2026-04-09 09:20:55.970","Info":"{\"act\":\"SCROLL_LEFT_RIGHT\",\"adbinput\":false,\"aid\":\"g0a8\",\"allowFuzzing\":true,\"clear\":false,\"editable\":false,\"jAction\":\"\",\"pos\":[541,724,992,1692],\"rawinput\":false,\"sid\":\"\",\"text\":\"\",\"throttle\":83,\"waitTime\":0,\"widget\":\"{\\\"bounds\\\":\\\"[541,724][992,1692]\\\",\\\"class\\\":\\\"android.widget.FrameLayout\\\",\\\"content-desc\\\":\\\"\\\",\\\"index\\\":0,\\\"resource-id\\\":\\\"\\\",\\\"text\\\":\\\"\\\"}\"}","Screenshot":""}
{"Type":"Monkey","MonkeyStepsCount":22,"Time":"2026-04-09 09:20:56.904","Info":"{\"act\":\"CLICK\",\"adbinput\":false,\"aid\":\"g0a38\",\"allowFuzzing\":true,\"clear\":false,\"editable\":true,\"jAction\":\"\",\"pos\":[143,1067,915,1191],\"rawinput\":false,\"sid\":\"\",\"text\":\"Sort By\",\"throttle\":83,\"waitTime\":0,\"widget\":\"{\\\"bounds\\\":\\\"[143,1067][915,1191]\\\",\\\"class\\\":\\\"android.widget.EditText\\\",\\\"content-desc\\\":\\\"\\\",\\\"index\\\":0,\\\"resource-id\\\":\\\"com.amaze.filemanager.debug:id\/singleedittext_input\\\",\\\"text\\\":\\\"Android\\\"}\"}","Screenshot":""}
{"Type":"Monkey","MonkeyStepsCount":23,"Time":"2026-04-09 09:20:57.475","Info":"{\"act\":\"CLICK\",\"adbinput\":false,\"aid\":\"g0a31\",\"allowFuzzing\":true,\"clear\":false,\"editable\":false,\"jAction\":\"\",\"pos\":[772,1213,915,1279],\"rawinput\":false,\"sid\":\"\",\"text\":\"\",\"throttle\":11,\"waitTime\":0,\"widget\":\"{\\\"bounds\\\":\\\"[772,1213][915,1279]\\\",\\\"class\\\":\\\"android.widget.TextView\\\",\\\"content-desc\\\":\\\"\\\",\\\"index\\\":3,\\\"resource-id\\\":\\\"com.amaze.filemanager.debug:id\/md_buttonDefaultPositive\\\",\\\"text\\\":\\\"SAVE\\\"}\"}","Screenshot":""}
{"Type":"ScriptInfo","MonkeyStepsCount":23,"Time":"2026-04-09 09:20:59.141","Info":"{\"propName\":\"amaze3991.Amaze3991.test_create_folder\",\"startStepsCount\":23,\"state\":\"start\"}","Screenshot":""}
{"Type":"Script","MonkeyStepsCount":23,"Time":"2026-04-09 09:21:00.023","Info":"{\"jsonrpc\": \"2.0\", \"id\": 1, \"method\": \"click\", \"params\": [953.0, 2020.0]}","Screenshot":""}
{"Type":"Script","MonkeyStepsCount":23,"Time":"2026-04-09 09:21:02.962","Info":"{\"jsonrpc\": \"2.0\", \"id\": 1, \"method\": \"click\", \"params\": [746.0, 1525.5]}","Screenshot":""}
{"Type":"Script","MonkeyStepsCount":23,"Time":"2026-04-09 09:21:03.876","Info":"{\"jsonrpc\": \"2.0\", \"id\": 1, \"method\": \"setText\", \"params\": [{\"mask\": 2097153, \"childOrSibling\": [], \"childOrSiblingSelector\": [], \"resourceId\": \"com.amaze.filemanager.debug:id\/singleedittext_input\", \"text\": \"Enter Name\"}, \"test_dO\"]}","Screenshot":""}
{"Type":"Script","MonkeyStepsCount":23,"Time":"2026-04-09 09:21:04.643","Info":"{\"jsonrpc\": \"2.0\", \"id\": 1, \"method\": \"click\", \"params\": [839.0, 1246.0]}","Screenshot":""}
{"Type":"Script","MonkeyStepsCount":23,"Time":"2026-04-09 09:21:05.392","Info":"{\"jsonrpc\": \"2.0\", \"id\": 1, \"method\": \"swipe\", \"params\": [600, 500, 600, 1800, 55]}","Screenshot":""}
{"Type":"Script","MonkeyStepsCount":23,"Time":"2026-04-09 09:21:09.039","Info":"{\"jsonrpc\": \"2.0\", \"id\": 1, \"method\": \"swipe\", \"params\": [500, 1850, 500, 250, 55]}","Screenshot":""}
{"Type":"Script","MonkeyStepsCount":23,"Time":"2026-04-09 09:21:12.914","Info":"{\"jsonrpc\": \"2.0\", \"id\": 1, \"method\": \"swipe\", \"params\": [500, 1850, 500, 250, 55]}","Screenshot":""}
{"Type":"Script","MonkeyStepsCount":23,"Time":"2026-04-09 09:21:16.798","Info":"{\"jsonrpc\": \"2.0\", \"id\": 1, \"method\": \"swipe\", \"params\": [500, 1850, 500, 250, 55]}","Screenshot":""}
{"Type":"Script","MonkeyStepsCount":23,"Time":"2026-04-09 09:21:20.920","Info":"{\"jsonrpc\": \"2.0\", \"id\": 1, \"method\": \"swipe\", \"params\": [500, 1850, 500, 250, 55]}","Screenshot":""}
{"Type":"Script","MonkeyStepsCount":23,"Time":"2026-04-09 09:21:25.013","Info":"{\"jsonrpc\": \"2.0\", \"id\": 1, \"method\": \"swipe\", \"params\": [500, 1850, 500, 250, 55]}","Screenshot":""}
{"Type":"Script","MonkeyStepsCount":23,"Time":"2026-04-09 09:21:29.328","Info":"{\"jsonrpc\": \"2.0\", \"id\": 1, \"method\": \"swipe\", \"params\": [500, 1850, 500, 250, 55]}","Screenshot":""}
{"Type":"Script","MonkeyStepsCount":23,"Time":"2026-04-09 09:21:32.239","Info":"{\"jsonrpc\": \"2.0\", \"id\": 1, \"method\": \"swipe\", \"params\": [500, 1850, 500, 250, 55]}","Screenshot":""}
{"Type":"Script","MonkeyStepsCount":23,"Time":"2026-04-09 09:21:34.855","Info":"{\"jsonrpc\": \"2.0\", \"id\": 1, \"method\": \"swipe\", \"params\": [500, 1850, 500, 250, 55]}","Screenshot":""}
{"Type":"Script","MonkeyStepsCount":23,"Time":"2026-04-09 09:21:37.547","Info":"{\"jsonrpc\": \"2.0\", \"id\": 1, \"method\": \"swipe\", \"params\": [500, 1850, 500, 250, 55]}","Screenshot":""}
{"Type":"Script","MonkeyStepsCount":23,"Time":"2026-04-09 09:21:40.136","Info":"{\"jsonrpc\": \"2.0\", \"id\": 1, \"method\": \"swipe\", \"params\": [500, 1850, 500, 250, 55]}","Screenshot":""}
{"Type":"Script","MonkeyStepsCount":23,"Time":"2026-04-09 09:21:42.793","Info":"{\"jsonrpc\": \"2.0\", \"id\": 1, \"method\": \"swipe\", \"params\": [600, 500, 600, 1800, 55]}","Screenshot":""}
{"Type":"ScriptInfo","MonkeyStepsCount":23,"Time":"2026-04-09 09:21:45.332","Info":"{\"propName\":\"amaze3991.Amaze3991.test_create_folder\",\"startStepsCount\":23,\"state\":\"pass\"}","Screenshot":""}
{"Type":"ScriptInfo","MonkeyStepsCount":23,"Time":"2026-04-09 09:21:45.688","Info":"{\"propName\":\"amaze3991.Amaze3991.test_modify_file\",\"startStepsCount\":23,\"state\":\"start\"}","Screenshot":""}
{"Type":"Script","MonkeyStepsCount":23,"Time":"2026-04-09 09:21:45.881","Info":"{\"jsonrpc\": \"2.0\", \"id\": 1, \"method\": \"click\", \"params\": [903.0, 160.0]}","Screenshot":""}
{"Type":"Script","MonkeyStepsCount":23,"Time":"2026-04-09 09:21:46.787","Info":"{\"jsonrpc\": \"2.0\", \"id\": 1, \"method\": \"click\", \"params\": [771.0, 160.0]}","Screenshot":""}
{"Type":"Script","MonkeyStepsCount":23,"Time":"2026-04-09 09:21:47.686","Info":"{\"jsonrpc\": \"2.0\", \"id\": 1, \"method\": \"setText\", \"params\": [{\"mask\": 2097152, \"childOrSibling\": [], \"childOrSiblingSelector\": [], \"resourceId\": \"com.amaze.filemanager.debug:id\/search_edit_text\"}, \"A.txt\"]}","Screenshot":""}
{"Type":"Script","MonkeyStepsCount":23,"Time":"2026-04-09 09:21:50.169","Info":"{\"jsonrpc\": \"2.0\", \"id\": 1, \"method\": \"click\", \"params\": [540.0, 606.5]}","Screenshot":""}
{"Type":"Script","MonkeyStepsCount":23,"Time":"2026-04-09 09:21:53.782","Info":"{\"jsonrpc\": \"2.0\", \"id\": 1, \"method\": \"click\", \"params\": [545.5, 821.5]}","Screenshot":""}
{"Type":"Script","MonkeyStepsCount":23,"Time":"2026-04-09 09:21:55.267","Info":"{\"jsonrpc\": \"2.0\", \"id\": 1, \"method\": \"setText\", \"params\": [{\"mask\": 2097152, \"childOrSibling\": [], \"childOrSiblingSelector\": [], \"resourceId\": \"com.amaze.filemanager.debug:id\/textEditorMainEditText\"}, \"CvxLDAU4xSrVEOnA8hmM6QE4IoZS1_9RgqkH77X0yEg7EQHTmeFpZYTBqNDHQt03ea6QID4x\"]}","Screenshot":""}
{"Type":"Script","MonkeyStepsCount":23,"Time":"2026-04-09 09:21:56.199","Info":"{\"jsonrpc\": \"2.0\", \"id\": 1, \"method\": \"pressKey\", \"params\": [\"back\"]}","Screenshot":""}
{"Type":"Script","MonkeyStepsCount":23,"Time":"2026-04-09 09:21:57.154","Info":"{\"jsonrpc\": \"2.0\", \"id\": 1, \"method\": \"click\", \"params\": [843.5, 1251.0]}","Screenshot":""}
{"Type":"Script","MonkeyStepsCount":23,"Time":"2026-04-09 09:21:59.104","Info":"{\"jsonrpc\": \"2.0\", \"id\": 1, \"method\": \"click\", \"params\": [771.0, 160.0]}","Screenshot":""}
{"Type":"Script","MonkeyStepsCount":23,"Time":"2026-04-09 09:22:00.806","Info":"{\"jsonrpc\": \"2.0\", \"id\": 1, \"method\": \"setText\", \"params\": [{\"mask\": 2097152, \"childOrSibling\": [], \"childOrSiblingSelector\": [], \"resourceId\": \"com.amaze.filemanager.debug:id\/search_edit_text\"}, \"A.txt\"]}","Screenshot":""}
{"Type":"Script","MonkeyStepsCount":23,"Time":"2026-04-09 09:22:03.476","Info":"{\"jsonrpc\": \"2.0\", \"id\": 1, \"method\": \"click\", \"params\": [540.0, 606.5]}","Screenshot":""}
{"Type":"Script","MonkeyStepsCount":23,"Time":"2026-04-09 09:22:06.539","Info":"{\"jsonrpc\": \"2.0\", \"id\": 1, \"method\": \"click\", \"params\": [545.5, 821.5]}","Screenshot":""}
{"Type":"Script","MonkeyStepsCount":23,"Time":"2026-04-09 09:22:08.003","Info":"{\"jsonrpc\": \"2.0\", \"id\": 1, \"method\": \"pressKey\", \"params\": [\"back\"]}","Screenshot":""}
{"Type":"ScriptInfo","MonkeyStepsCount":23,"Time":"2026-04-09 09:22:09.483","Info":"{\"propName\":\"amaze3991.Amaze3991.test_modify_file\",\"startStepsCount\":23,\"state\":\"pass\"}","Screenshot":""}
{"Type":"ScriptInfo","MonkeyStepsCount":23,"Time":"2026-04-09 09:22:10.763","Info":"{\"propName\":\"amaze3991.Amaze3991.test_check_recent_file\",\"startStepsCount\":23,\"state\":\"start\"}","Screenshot":""}
{"Type":"Script","MonkeyStepsCount":23,"Time":"2026-04-09 09:22:10.808","Info":"{\"jsonrpc\": \"2.0\", \"id\": 1, \"method\": \"click\", \"params\": [79, 154]}","Screenshot":""}
{"Type":"Script","MonkeyStepsCount":23,"Time":"2026-04-09 09:22:12.731","Info":"{\"jsonrpc\": \"2.0\", \"id\": 1, \"method\": \"click\", \"params\": [418.0, 1730.0]}","Screenshot":""}
{"Type":"Script","MonkeyStepsCount":23,"Time":"2026-04-09 09:22:14.422","Info":"{\"jsonrpc\": \"2.0\", \"id\": 1, \"method\": \"pressKey\", \"params\": [\"back\"]}","Screenshot":""}
{"Type":"ScriptInfo","MonkeyStepsCount":23,"Time":"2026-04-09 09:22:14.651","Info":"{\"propName\":\"amaze3991.Amaze3991.test_check_recent_file\",\"startStepsCount\":23,\"state\":\"pass\"}","Screenshot":""}
{"Type":"ScriptInfo","MonkeyStepsCount":23,"Time":"2026-04-09 09:22:15.410","Info":"{\"propName\":\"amaze3991.Amaze3991.test_modify_file\",\"startStepsCount\":23,\"state\":\"start\"}","Screenshot":""}
{"Type":"Script","MonkeyStepsCount":23,"Time":"2026-04-09 09:22:15.585","Info":"{\"jsonrpc\": \"2.0\", \"id\": 1, \"method\": \"click\", \"params\": [903.0, 160.0]}","Screenshot":""}
{"Type":"Script","MonkeyStepsCount":23,"Time":"2026-04-09 09:22:16.502","Info":"{\"jsonrpc\": \"2.0\", \"id\": 1, \"method\": \"click\", \"params\": [771.0, 160.0]}","Screenshot":""}
{"Type":"Script","MonkeyStepsCount":23,"Time":"2026-04-09 09:22:17.418","Info":"{\"jsonrpc\": \"2.0\", \"id\": 1, \"method\": \"setText\", \"params\": [{\"mask\": 2097152, \"childOrSibling\": [], \"childOrSiblingSelector\": [], \"resourceId\": \"com.amaze.filemanager.debug:id\/search_edit_text\"}, \"A.txt\"]}","Screenshot":""}
{"Type":"Script","MonkeyStepsCount":23,"Time":"2026-04-09 09:22:19.723","Info":"{\"jsonrpc\": \"2.0\", \"id\": 1, \"method\": \"click\", \"params\": [540.0, 606.5]}","Screenshot":""}
{"Type":"Script","MonkeyStepsCount":23,"Time":"2026-04-09 09:22:23.556","Info":"{\"jsonrpc\": \"2.0\", \"id\": 1, \"method\": \"click\", \"params\": [545.5, 821.5]}","Screenshot":""}
{"Type":"Script","MonkeyStepsCount":23,"Time":"2026-04-09 09:22:25.111","Info":"{\"jsonrpc\": \"2.0\", \"id\": 1, \"method\": \"setText\", \"params\": [{\"mask\": 2097152, \"childOrSibling\": [], \"childOrSiblingSelector\": [], \"resourceId\": \"com.amaze.filemanager.debug:id\/textEditorMainEditText\"}, \"Q0Jzvjflg3LSdNIAIPrFMfcIIJe88B\"]}","Screenshot":""}
{"Type":"Script","MonkeyStepsCount":23,"Time":"2026-04-09 09:22:25.996","Info":"{\"jsonrpc\": \"2.0\", \"id\": 1, \"method\": \"pressKey\", \"params\": [\"back\"]}","Screenshot":""}
{"Type":"Script","MonkeyStepsCount":23,"Time":"2026-04-09 09:22:26.997","Info":"{\"jsonrpc\": \"2.0\", \"id\": 1, \"method\": \"click\", \"params\": [843.5, 1251.0]}","Screenshot":""}
{"Type":"Script","MonkeyStepsCount":23,"Time":"2026-04-09 09:22:28.802","Info":"{\"jsonrpc\": \"2.0\", \"id\": 1, \"method\": \"click\", \"params\": [771.0, 160.0]}","Screenshot":""}
{"Type":"Script","MonkeyStepsCount":23,"Time":"2026-04-09 09:22:30.482","Info":"{\"jsonrpc\": \"2.0\", \"id\": 1, \"method\": \"setText\", \"params\": [{\"mask\": 2097152, \"childOrSibling\": [], \"childOrSiblingSelector\": [], \"resourceId\": \"com.amaze.filemanager.debug:id\/search_edit_text\"}, \"A.txt\"]}","Screenshot":""}
{"Type":"Script","MonkeyStepsCount":23,"Time":"2026-04-09 09:22:33.089","Info":"{\"jsonrpc\": \"2.0\", \"id\": 1, \"method\": \"click\", \"params\": [540.0, 606.5]}","Screenshot":""}
{"Type":"Script","MonkeyStepsCount":23,"Time":"2026-04-09 09:22:36.110","Info":"{\"jsonrpc\": \"2.0\", \"id\": 1, \"method\": \"click\", \"params\": [545.5, 821.5]}","Screenshot":""}
{"Type":"Script","MonkeyStepsCount":23,"Time":"2026-04-09 09:22:37.643","Info":"{\"jsonrpc\": \"2.0\", \"id\": 1, \"method\": \"pressKey\", \"params\": [\"back\"]}","Screenshot":""}
{"Type":"ScriptInfo","MonkeyStepsCount":23,"Time":"2026-04-09 09:22:39.131","Info":"{\"propName\":\"amaze3991.Amaze3991.test_modify_file\",\"startStepsCount\":23,\"state\":\"pass\"}","Screenshot":""}
{"Type":"ScriptInfo","MonkeyStepsCount":23,"Time":"2026-04-09 09:22:40.318","Info":"{\"propName\":\"amaze3991.Amaze3991.test_check_recent_file\",\"startStepsCount\":23,\"state\":\"start\"}","Screenshot":""}
{"Type":"Script","MonkeyStepsCount":23,"Time":"2026-04-09 09:22:40.336","Info":"{\"jsonrpc\": \"2.0\", \"id\": 1, \"method\": \"click\", \"params\": [79, 154]}","Screenshot":""}
{"Type":"Script","MonkeyStepsCount":23,"Time":"2026-04-09 09:22:42.473","Info":"{\"jsonrpc\": \"2.0\", \"id\": 1, \"method\": \"click\", \"params\": [418.0, 1730.0]}","Screenshot":""}
{"Type":"Script","MonkeyStepsCount":23,"Time":"2026-04-09 09:22:44.126","Info":"{\"jsonrpc\": \"2.0\", \"id\": 1, \"method\": \"pressKey\", \"params\": [\"back\"]}","Screenshot":""}
{"Type":"ScriptInfo","MonkeyStepsCount":23,"Time":"2026-04-09 09:22:44.346","Info":"{\"propName\":\"amaze3991.Amaze3991.test_check_recent_file\",\"startStepsCount\":23,\"state\":\"pass\"}","Screenshot":""}
{"Type":"ScriptInfo","MonkeyStepsCount":23,"Time":"2026-04-09 09:22:45.128","Info":"{\"propName\":\"amaze3991.Amaze3991.test_delete_file\",\"startStepsCount\":23,\"state\":\"start\"}","Screenshot":""}
{"Type":"Script","MonkeyStepsCount":23,"Time":"2026-04-09 09:22:45.161","Info":"{\"jsonrpc\": \"2.0\", \"id\": 1, \"method\": \"click\", \"params\": [79, 154]}","Screenshot":""}
{"Type":"Script","MonkeyStepsCount":23,"Time":"2026-04-09 09:22:45.835","Info":"{\"jsonrpc\": \"2.0\", \"id\": 1, \"method\": \"swipe\", \"params\": [500, 1850, 500, 250, 55]}","Screenshot":""}
{"Type":"Script","MonkeyStepsCount":23,"Time":"2026-04-09 09:22:49.610","Info":"{\"jsonrpc\": \"2.0\", \"id\": 1, \"method\": \"click\", \"params\": [418.0, 1111.0]}","Screenshot":""}
{"Type":"Script","MonkeyStepsCount":23,"Time":"2026-04-09 09:22:51.364","Info":"{\"jsonrpc\": \"2.0\", \"id\": 1, \"method\": \"click\", \"params\": [540.0, 1071.0]}","Screenshot":""}
{"Type":"Script","MonkeyStepsCount":23,"Time":"2026-04-09 09:22:52.281","Info":"{\"jsonrpc\": \"2.0\", \"id\": 1, \"method\": \"pressKey\", \"params\": [\"back\"]}","Screenshot":""}
{"Type":"Script","MonkeyStepsCount":23,"Time":"2026-04-09 09:22:54.049","Info":"{\"jsonrpc\": \"2.0\", \"id\": 1, \"method\": \"click\", \"params\": [272.0, 1039.5, 500]}","Screenshot":""}
{"Type":"Script","MonkeyStepsCount":23,"Time":"2026-04-09 09:22:55.354","Info":"{\"jsonrpc\": \"2.0\", \"id\": 1, \"method\": \"click\", \"params\": [771.0, 160.0]}","Screenshot":""}
{"Type":"Script","MonkeyStepsCount":23,"Time":"2026-04-09 09:22:56.273","Info":"{\"jsonrpc\": \"2.0\", \"id\": 1, \"method\": \"click\", \"params\": [377.0, 1275.0]}","Screenshot":""}
{"Type":"Script","MonkeyStepsCount":23,"Time":"2026-04-09 09:22:57.155","Info":"{\"jsonrpc\": \"2.0\", \"id\": 1, \"method\": \"click\", \"params\": [841.5, 1396.0]}","Screenshot":""}
{"Type":"Script","MonkeyStepsCount":23,"Time":"2026-04-09 09:22:57.826","Info":"{\"jsonrpc\": \"2.0\", \"id\": 1, \"method\": \"swipe\", \"params\": [600, 500, 600, 1800, 55]}","Screenshot":""}
{"Type":"Script","MonkeyStepsCount":23,"Time":"2026-04-09 09:23:01.475","Info":"{\"jsonrpc\": \"2.0\", \"id\": 1, \"method\": \"swipe\", \"params\": [500, 1850, 500, 250, 55]}","Screenshot":""}
{"Type":"Script","MonkeyStepsCount":23,"Time":"2026-04-09 09:23:04.389","Info":"{\"jsonrpc\": \"2.0\", \"id\": 1, \"method\": \"swipe\", \"params\": [500, 1850, 500, 250, 55]}","Screenshot":""}
{"Type":"Script","MonkeyStepsCount":23,"Time":"2026-04-09 09:23:07.135","Info":"{\"jsonrpc\": \"2.0\", \"id\": 1, \"method\": \"swipe\", \"params\": [500, 1850, 500, 250, 55]}","Screenshot":""}
{"Type":"Script","MonkeyStepsCount":23,"Time":"2026-04-09 09:23:09.765","Info":"{\"jsonrpc\": \"2.0\", \"id\": 1, \"method\": \"pressKey\", \"params\": [\"back\"]}","Screenshot":""}
{"Type":"Script","MonkeyStepsCount":23,"Time":"2026-04-09 09:23:11.166","Info":"{\"jsonrpc\": \"2.0\", \"id\": 1, \"method\": \"click\", \"params\": [903.0, 160.0]}","Screenshot":""}
{"Type":"ScriptInfo","MonkeyStepsCount":23,"Time":"2026-04-09 09:23:11.890","Info":"{\"propName\":\"amaze3991.Amaze3991.test_delete_file\",\"startStepsCount\":23,\"state\":\"pass\"}","Screenshot":""}
{"Type":"ScriptInfo","MonkeyStepsCount":23,"Time":"2026-04-09 09:23:12.211","Info":"{\"propName\":\"amaze3991.Amaze3991.test_create_file\",\"startStepsCount\":23,\"state\":\"start\"}","Screenshot":""}
{"Type":"Script","MonkeyStepsCount":23,"Time":"2026-04-09 09:23:12.418","Info":"{\"jsonrpc\": \"2.0\", \"id\": 1, \"method\": \"click\", \"params\": [953.0, 2020.0]}","Screenshot":""}
{"Type":"Script","MonkeyStepsCount":23,"Time":"2026-04-09 09:23:13.376","Info":"{\"jsonrpc\": \"2.0\", \"id\": 1, \"method\": \"click\", \"params\": [770.0, 1674.5]}","Screenshot":""}
{"Type":"Script","MonkeyStepsCount":23,"Time":"2026-04-09 09:23:14.310","Info":"{\"jsonrpc\": \"2.0\", \"id\": 1, \"method\": \"setText\", \"params\": [{\"mask\": 2097153, \"childOrSibling\": [], \"childOrSiblingSelector\": [], \"resourceId\": \"com.amaze.filemanager.debug:id\/singleedittext_input\", \"text\": \".txt\"}, \"fo5Yp.txt\"]}","Screenshot":""}
{"Type":"Script","MonkeyStepsCount":23,"Time":"2026-04-09 09:23:15.288","Info":"{\"jsonrpc\": \"2.0\", \"id\": 1, \"method\": \"click\", \"params\": [839.0, 1246.0]}","Screenshot":""}
{"Type":"ScriptInfo","MonkeyStepsCount":23,"Time":"2026-04-09 09:23:15.964","Info":"{\"propName\":\"amaze3991.Amaze3991.test_create_file\",\"startStepsCount\":23,\"state\":\"pass\"}","Screenshot":""}
{"Type":"ScriptInfo","MonkeyStepsCount":23,"Time":"2026-04-09 09:23:16.534","Info":"{\"propName\":\"amaze3991.Amaze3991.test_check_recent_file\",\"startStepsCount\":23,\"state\":\"start\"}","Screenshot":""}
{"Type":"Script","MonkeyStepsCount":23,"Time":"2026-04-09 09:23:16.563","Info":"{\"jsonrpc\": \"2.0\", \"id\": 1, \"method\": \"click\", \"params\": [79, 154]}","Screenshot":""}
{"Type":"Script","MonkeyStepsCount":23,"Time":"2026-04-09 09:23:17.399","Info":"{\"jsonrpc\": \"2.0\", \"id\": 1, \"method\": \"click\", \"params\": [418.0, 583.0]}","Screenshot":""}
{"Type":"Script","MonkeyStepsCount":23,"Time":"2026-04-09 09:23:19.048","Info":"{\"jsonrpc\": \"2.0\", \"id\": 1, \"method\": \"swipe\", \"params\": [500, 1850, 500, 250, 55]}","Screenshot":""}
{"Type":"Script","MonkeyStepsCount":23,"Time":"2026-04-09 09:23:21.927","Info":"{\"jsonrpc\": \"2.0\", \"id\": 1, \"method\": \"swipe\", \"params\": [500, 1850, 500, 250, 55]}","Screenshot":""}
{"Type":"Script","MonkeyStepsCount":23,"Time":"2026-04-09 09:23:24.886","Info":"{\"jsonrpc\": \"2.0\", \"id\": 1, \"method\": \"swipe\", \"params\": [500, 1850, 500, 250, 55]}","Screenshot":""}
{"Type":"Script","MonkeyStepsCount":23,"Time":"2026-04-09 09:23:27.921","Info":"{\"jsonrpc\": \"2.0\", \"id\": 1, \"method\": \"swipe\", \"params\": [500, 1850, 500, 250, 55]}","Screenshot":""}
{"Type":"Script","MonkeyStepsCount":23,"Time":"2026-04-09 09:23:30.969","Info":"{\"jsonrpc\": \"2.0\", \"id\": 1, \"method\": \"pressKey\", \"params\": [\"back\"]}","Screenshot":""}
{"Type":"ScriptInfo","MonkeyStepsCount":23,"Time":"2026-04-09 09:23:32.169","Info":"{\"propName\":\"amaze3991.Amaze3991.test_check_recent_file\",\"startStepsCount\":23,\"state\":\"fail\"}","Screenshot":""}
{"Type":"Monkey","MonkeyStepsCount":24,"Time":"2026-04-09 09:23:32.503","Info":"{\"act\":\"CLICK\",\"adbinput\":false,\"aid\":\"g0a17\",\"allowFuzzing\":true,\"clear\":false,\"editable\":false,\"jAction\":\"\",\"pos\":[837,94,969,226],\"rawinput\":false,\"sid\":\"\",\"text\":\"\",\"throttle\":64,\"waitTime\":0,\"widget\":\"{\\\"bounds\\\":\\\"[837,94][969,226]\\\",\\\"class\\\":\\\"android.widget.Button\\\",\\\"content-desc\\\":\\\"Home\\\",\\\"index\\\":1,\\\"resource-id\\\":\\\"com.amaze.filemanager.debug:id\/home\\\",\\\"text\\\":\\\"\\\"}\"}","Screenshot":""}
{"Type":"ScriptInfo","MonkeyStepsCount":24,"Time":"2026-04-09 09:23:33.333","Info":"{\"propName\":\"amaze3991.Amaze3991.test_create_file\",\"startStepsCount\":24,\"state\":\"start\"}","Screenshot":""}
{"Type":"Script","MonkeyStepsCount":24,"Time":"2026-04-09 09:23:33.551","Info":"{\"jsonrpc\": \"2.0\", \"id\": 1, \"method\": \"click\", \"params\": [953.0, 2020.0]}","Screenshot":""}
{"Type":"Script","MonkeyStepsCount":24,"Time":"2026-04-09 09:23:34.380","Info":"{\"jsonrpc\": \"2.0\", \"id\": 1, \"method\": \"click\", \"params\": [770.0, 1674.5]}","Screenshot":""}
{"Type":"Script","MonkeyStepsCount":24,"Time":"2026-04-09 09:23:35.143","Info":"{\"jsonrpc\": \"2.0\", \"id\": 1, \"method\": \"setText\", \"params\": [{\"mask\": 2097153, \"childOrSibling\": [], \"childOrSiblingSelector\": [], \"resourceId\": \"com.amaze.filemanager.debug:id\/singleedittext_input\", \"text\": \".txt\"}, \"ijk9e.txt\"]}","Screenshot":""}
{"Type":"Script","MonkeyStepsCount":24,"Time":"2026-04-09 09:23:36.137","Info":"{\"jsonrpc\": \"2.0\", \"id\": 1, \"method\": \"click\", \"params\": [839.0, 1246.0]}","Screenshot":""}
{"Type":"ScriptInfo","MonkeyStepsCount":24,"Time":"2026-04-09 09:23:36.850","Info":"{\"propName\":\"amaze3991.Amaze3991.test_create_file\",\"startStepsCount\":24,\"state\":\"pass\"}","Screenshot":""}
{"Type":"ScriptInfo","MonkeyStepsCount":24,"Time":"2026-04-09 09:23:37.323","Info":"{\"propName\":\"amaze3991.Amaze3991.test_check_recent_file\",\"startStepsCount\":24,\"state\":\"start\"}","Screenshot":""}
{"Type":"Script","MonkeyStepsCount":24,"Time":"2026-04-09 09:23:37.381","Info":"{\"jsonrpc\": \"2.0\", \"id\": 1, \"method\": \"click\", \"params\": [79, 154]}","Screenshot":""}
{"Type":"Script","MonkeyStepsCount":24,"Time":"2026-04-09 09:23:38.235","Info":"{\"jsonrpc\": \"2.0\", \"id\": 1, \"method\": \"click\", \"params\": [418.0, 583.0]}","Screenshot":""}
{"Type":"Script","MonkeyStepsCount":24,"Time":"2026-04-09 09:23:39.844","Info":"{\"jsonrpc\": \"2.0\", \"id\": 1, \"method\": \"swipe\", \"params\": [500, 1850, 500, 250, 55]}","Screenshot":""}
{"Type":"Script","MonkeyStepsCount":24,"Time":"2026-04-09 09:23:42.714","Info":"{\"jsonrpc\": \"2.0\", \"id\": 1, \"method\": \"swipe\", \"params\": [500, 1850, 500, 250, 55]}","Screenshot":""}
{"Type":"Script","MonkeyStepsCount":24,"Time":"2026-04-09 09:23:45.361","Info":"{\"jsonrpc\": \"2.0\", \"id\": 1, \"method\": \"swipe\", \"params\": [500, 1850, 500, 250, 55]}","Screenshot":""}
{"Type":"Script","MonkeyStepsCount":24,"Time":"2026-04-09 09:23:48.137","Info":"{\"jsonrpc\": \"2.0\", \"id\": 1, \"method\": \"swipe\", \"params\": [500, 1850, 500, 250, 55]}","Screenshot":""}
{"Type":"Script","MonkeyStepsCount":24,"Time":"2026-04-09 09:23:50.932","Info":"{\"jsonrpc\": \"2.0\", \"id\": 1, \"method\": \"pressKey\", \"params\": [\"back\"]}","Screenshot":""}
{"Type":"ScriptInfo","MonkeyStepsCount":24,"Time":"2026-04-09 09:23:52.092","Info":"{\"propName\":\"amaze3991.Amaze3991.test_check_recent_file\",\"startStepsCount\":24,\"state\":\"fail\"}","Screenshot":""}
{"Type":"Monkey","MonkeyStepsCount":25,"Time":"2026-04-09 09:23:52.395","Info":"{\"act\":\"SCROLL_BOTTOM_UP\",\"adbinput\":false,\"aid\":\"g0a7\",\"allowFuzzing\":true,\"clear\":false,\"editable\":false,\"jAction\":\"\",\"pos\":[0,0,1080,2280],\"rawinput\":false,\"sid\":\"\",\"text\":\"\",\"throttle\":14,\"waitTime\":0,\"widget\":\"{\\\"bounds\\\":\\\"[0,0][1080,2280]\\\",\\\"class\\\":\\\"android.widget.FrameLayout\\\",\\\"content-desc\\\":\\\"\\\",\\\"index\\\":0,\\\"resource-id\\\":\\\"\\\",\\\"text\\\":\\\"\\\"}\"}","Screenshot":""}
{"Type":"Monkey","MonkeyStepsCount":26,"Time":"2026-04-09 09:23:54.234","Info":"{\"act\":\"SCROLL_TOP_DOWN\",\"adbinput\":false,\"aid\":\"g0a6\",\"allowFuzzing\":true,\"clear\":false,\"editable\":false,\"jAction\":\"\",\"pos\":[0,0,1080,2280],\"rawinput\":false,\"sid\":\"\",\"text\":\"\",\"throttle\":85,\"waitTime\":0,\"widget\":\"{\\\"bounds\\\":\\\"[0,0][1080,2280]\\\",\\\"class\\\":\\\"android.widget.FrameLayout\\\",\\\"content-desc\\\":\\\"\\\",\\\"index\\\":0,\\\"resource-id\\\":\\\"\\\",\\\"text\\\":\\\"\\\"}\"}","Screenshot":""}
{"Type":"Monkey","MonkeyStepsCount":27,"Time":"2026-04-09 09:23:55.990","Info":"{\"act\":\"LONG_CLICK\",\"adbinput\":false,\"aid\":\"g0a24\",\"allowFuzzing\":true,\"clear\":false,\"editable\":false,\"jAction\":\"\",\"pos\":[969,94,1080,226],\"rawinput\":false,\"sid\":\"\",\"text\":\"\",\"throttle\":71,\"waitTime\":0,\"widget\":\"{\\\"bounds\\\":\\\"[969,94][1080,226]\\\",\\\"class\\\":\\\"android.widget.ImageView\\\",\\\"content-desc\\\":\\\"More options\\\",\\\"index\\\":2,\\\"resource-id\\\":\\\"\\\",\\\"text\\\":\\\"\\\"}\"}","Screenshot":""}
{"Type":"Monkey","MonkeyStepsCount":28,"Time":"2026-04-09 09:23:58.296","Info":"{\"act\":\"CLICK\",\"adbinput\":false,\"aid\":\"g0a21\",\"allowFuzzing\":true,\"clear\":false,\"editable\":false,\"jAction\":\"\",\"pos\":[705,94,837,226],\"rawinput\":false,\"sid\":\"\",\"text\":\"\",\"throttle\":76,\"waitTime\":0,\"widget\":\"{\\\"bounds\\\":\\\"[705,94][837,226]\\\",\\\"class\\\":\\\"android.widget.Button\\\",\\\"content-desc\\\":\\\"Search\\\",\\\"index\\\":0,\\\"resource-id\\\":\\\"com.amaze.filemanager.debug:id\/search\\\",\\\"text\\\":\\\"\\\"}\"}","Screenshot":""}
{"Type":"Monkey","MonkeyStepsCount":29,"Time":"2026-04-09 09:23:59.719","Info":"{\"act\":\"CLICK\",\"adbinput\":false,\"aid\":\"g0a41\",\"allowFuzzing\":true,\"clear\":false,\"editable\":false,\"jAction\":\"\",\"pos\":[942,155,1008,221],\"rawinput\":false,\"sid\":\"\",\"text\":\"\",\"throttle\":76,\"waitTime\":0,\"widget\":\"{\\\"bounds\\\":\\\"[942,155][1008,221]\\\",\\\"class\\\":\\\"android.widget.ImageView\\\",\\\"content-desc\\\":\\\"\\\",\\\"index\\\":2,\\\"resource-id\\\":\\\"com.amaze.filemanager.debug:id\/search_close_btn\\\",\\\"text\\\":\\\"\\\"}\"}","Screenshot":""}
{"Type":"Monkey","MonkeyStepsCount":30,"Time":"2026-04-09 09:24:01.065","Info":"{\"act\":\"CLICK\",\"adbinput\":false,\"aid\":\"g0a42\",\"allowFuzzing\":true,\"clear\":false,\"editable\":true,\"jAction\":\"\",\"pos\":[182,111,898,265],\"rawinput\":false,\"sid\":\"\",\"text\":\"87 folders and 30 files\",\"throttle\":44,\"waitTime\":0,\"widget\":\"{\\\"bounds\\\":\\\"[182,111][898,265]\\\",\\\"class\\\":\\\"android.widget.EditText\\\",\\\"content-desc\\\":\\\"\\\",\\\"index\\\":1,\\\"resource-id\\\":\\\"com.amaze.filemanager.debug:id\/search_edit_text\\\",\\\"text\\\":\\\"Typetosearch…\\\"}\"}","Screenshot":""}
{"Type":"Monkey","MonkeyStepsCount":31,"Time":"2026-04-09 09:24:02.452","Info":"{\"act\":\"LONG_CLICK\",\"adbinput\":false,\"aid\":\"g0a43\",\"allowFuzzing\":true,\"clear\":false,\"editable\":true,\"jAction\":\"\",\"pos\":[182,111,898,265],\"rawinput\":false,\"sid\":\"\",\"text\":\"Amaze Debug\",\"throttle\":41,\"waitTime\":0,\"widget\":\"{\\\"bounds\\\":\\\"[182,111][898,265]\\\",\\\"class\\\":\\\"android.widget.EditText\\\",\\\"content-desc\\\":\\\"\\\",\\\"index\\\":1,\\\"resource-id\\\":\\\"com.amaze.filemanager.debug:id\/search_edit_text\\\",\\\"text\\\":\\\"Typetosearch…\\\"}\"}","Screenshot":""}
{"Type":"Monkey","MonkeyStepsCount":32,"Time":"2026-04-09 09:24:04.206","Info":"{\"act\":\"CLICK\",\"adbinput\":false,\"aid\":\"g0a44\",\"allowFuzzing\":true,\"clear\":false,\"editable\":false,\"jAction\":\"\",\"pos\":[28,111,1052,529],\"rawinput\":false,\"sid\":\"\",\"text\":\"\",\"throttle\":76,\"waitTime\":0,\"widget\":\"{\\\"bounds\\\":\\\"[28,111][1052,529]\\\",\\\"class\\\":\\\"android.widget.ScrollView\\\",\\\"content-desc\\\":\\\"\\\",\\\"index\\\":4,\\\"resource-id\\\":\\\"com.amaze.filemanager.debug:id\/search_view\\\",\\\"text\\\":\\\"\\\"}\"}","Screenshot":""}
{"Type":"Monkey","MonkeyStepsCount":33,"Time":"2026-04-09 09:24:04.622","Info":"{\"act\":\"CLICK\",\"adbinput\":false,\"aid\":\"g0a40\",\"allowFuzzing\":true,\"clear\":false,\"editable\":false,\"jAction\":\"\",\"pos\":[72,375,221,507],\"rawinput\":false,\"sid\":\"\",\"text\":\"\",\"throttle\":82,\"waitTime\":0,\"widget\":\"{\\\"bounds\\\":\\\"[72,375][221,507]\\\",\\\"class\\\":\\\"android.widget.Button\\\",\\\"content-desc\\\":\\\"\\\",\\\"index\\\":0,\\\"resource-id\\\":\\\"\\\",\\\"text\\\":\\\"A.txt\\\"}\"}","Screenshot":""}
{"Type":"Monkey","MonkeyStepsCount":34,"Time":"2026-04-09 09:24:05.115","Info":"{\"act\":\"CLICK\",\"adbinput\":false,\"aid\":\"g0a47\",\"allowFuzzing\":true,\"clear\":false,\"editable\":false,\"jAction\":\"\",\"pos\":[728,684,1041,750],\"rawinput\":false,\"sid\":\"\",\"text\":\"\",\"throttle\":82,\"waitTime\":0,\"widget\":\"{\\\"bounds\\\":\\\"[728,684][1041,750]\\\",\\\"class\\\":\\\"android.widget.Button\\\",\\\"content-desc\\\":\\\"\\\",\\\"index\\\":8,\\\"resource-id\\\":\\\"com.amaze.filemanager.debug:id\/searchResultsSortButton\\\",\\\"text\\\":\\\"Relevance\\\"}\"}","Screenshot":""}
{"Type":"Monkey","MonkeyStepsCount":35,"Time":"2026-04-09 09:24:05.852","Info":"{\"act\":\"CLICK\",\"adbinput\":false,\"aid\":\"g0a28\",\"allowFuzzing\":true,\"clear\":false,\"editable\":false,\"jAction\":\"\",\"pos\":[143,776,231,908],\"rawinput\":false,\"sid\":\"\",\"text\":\"\",\"throttle\":74,\"waitTime\":0,\"widget\":\"{\\\"bounds\\\":\\\"[143,776][231,908]\\\",\\\"class\\\":\\\"android.widget.RadioButton\\\",\\\"content-desc\\\":\\\"\\\",\\\"index\\\":0,\\\"resource-id\\\":\\\"com.amaze.filemanager.debug:id\/md_control\\\",\\\"text\\\":\\\"\\\"}\"}","Screenshot":""}
{"Type":"Monkey","MonkeyStepsCount":36,"Time":"2026-04-09 09:24:06.312","Info":"{\"act\":\"CLICK\",\"adbinput\":false,\"aid\":\"g0a31\",\"allowFuzzing\":true,\"clear\":false,\"editable\":false,\"jAction\":\"\",\"pos\":[667,1480,915,1546],\"rawinput\":false,\"sid\":\"\",\"text\":\"\",\"throttle\":14,\"waitTime\":0,\"widget\":\"{\\\"bounds\\\":\\\"[667,1480][915,1546]\\\",\\\"class\\\":\\\"android.widget.TextView\\\",\\\"content-desc\\\":\\\"\\\",\\\"index\\\":3,\\\"resource-id\\\":\\\"com.amaze.filemanager.debug:id\/md_buttonDefaultPositive\\\",\\\"text\\\":\\\"DESCENDING\\\"}\"}","Screenshot":""}
{"Type":"Monkey","MonkeyStepsCount":37,"Time":"2026-04-09 09:24:07.869","Info":"{\"act\":\"CLICK\",\"adbinput\":false,\"aid\":\"g0a46\",\"allowFuzzing\":true,\"clear\":false,\"editable\":false,\"jAction\":\"\",\"pos\":[28,529,1052,684],\"rawinput\":false,\"sid\":\"\",\"text\":\"\",\"throttle\":14,\"waitTime\":0,\"widget\":\"{\\\"bounds\\\":\\\"[28,529][1052,684]\\\",\\\"class\\\":\\\"android.widget.TextView\\\",\\\"content-desc\\\":\\\"\\\",\\\"index\\\":5,\\\"resource-id\\\":\\\"com.amaze.filemanager.debug:id\/searchDeepSearchTV\\\",\\\"text\\\":\\\"Notfindingwhatyou'relookingfor?TryIndexedSearch!\\\"}\"}","Screenshot":""}
{"Type":"Monkey","MonkeyStepsCount":38,"Time":"2026-04-09 09:24:09.217","Info":"{\"act\":\"CLICK\",\"adbinput\":false,\"aid\":\"g0a46\",\"allowFuzzing\":true,\"clear\":false,\"editable\":false,\"jAction\":\"\",\"pos\":[28,529,1052,684],\"rawinput\":false,\"sid\":\"\",\"text\":\"\",\"throttle\":20,\"waitTime\":0,\"widget\":\"{\\\"bounds\\\":\\\"[28,529][1052,684]\\\",\\\"class\\\":\\\"android.widget.TextView\\\",\\\"content-desc\\\":\\\"\\\",\\\"index\\\":5,\\\"resource-id\\\":\\\"com.amaze.filemanager.debug:id\/searchDeepSearchTV\\\",\\\"text\\\":\\\"Notfindingwhatyou'relookingfor?TryDeepSearch!\\\"}\"}","Screenshot":""}
{"Type":"Monkey","MonkeyStepsCount":39,"Time":"2026-04-09 09:24:10.481","Info":"{\"act\":\"CLICK\",\"adbinput\":false,\"aid\":\"g0a45\",\"allowFuzzing\":true,\"clear\":false,\"editable\":false,\"jAction\":\"\",\"pos\":[72,155,138,221],\"rawinput\":false,\"sid\":\"\",\"text\":\"\",\"throttle\":91,\"waitTime\":0,\"widget\":\"{\\\"bounds\\\":\\\"[72,155][138,221]\\\",\\\"class\\\":\\\"android.widget.ImageView\\\",\\\"content-desc\\\":\\\"\\\",\\\"index\\\":0,\\\"resource-id\\\":\\\"com.amaze.filemanager.debug:id\/img_view_back\\\",\\\"text\\\":\\\"\\\"}\"}","Screenshot":""}
{"Type":"ScriptInfo","MonkeyStepsCount":39,"Time":"2026-04-09 09:24:11.972","Info":"{\"propName\":\"amaze3991.Amaze3991.test_create_file\",\"startStepsCount\":39,\"state\":\"start\"}","Screenshot":""}
{"Type":"Script","MonkeyStepsCount":39,"Time":"2026-04-09 09:24:13.243","Info":"{\"jsonrpc\": \"2.0\", \"id\": 1, \"method\": \"click\", \"params\": [953.0, 2020.0]}","Screenshot":""}
{"Type":"Script","MonkeyStepsCount":39,"Time":"2026-04-09 09:24:15.755","Info":"{\"jsonrpc\": \"2.0\", \"id\": 1, \"method\": \"click\", \"params\": [770.0, 1674.5]}","Screenshot":""}
{"Type":"Script","MonkeyStepsCount":39,"Time":"2026-04-09 09:24:16.548","Info":"{\"jsonrpc\": \"2.0\", \"id\": 1, \"method\": \"setText\", \"params\": [{\"mask\": 2097153, \"childOrSibling\": [], \"childOrSiblingSelector\": [], \"resourceId\": \"com.amaze.filemanager.debug:id\/singleedittext_input\", \"text\": \".txt\"}, \"kA1.txt\"]}","Screenshot":""}
{"Type":"Script","MonkeyStepsCount":39,"Time":"2026-04-09 09:24:17.525","Info":"{\"jsonrpc\": \"2.0\", \"id\": 1, \"method\": \"click\", \"params\": [839.0, 1246.0]}","Screenshot":""}
{"Type":"ScriptInfo","MonkeyStepsCount":39,"Time":"2026-04-09 09:24:18.265","Info":"{\"propName\":\"amaze3991.Amaze3991.test_create_file\",\"startStepsCount\":39,\"state\":\"pass\"}","Screenshot":""}
{"Type":"ScriptInfo","MonkeyStepsCount":39,"Time":"2026-04-09 09:24:18.689","Info":"{\"propName\":\"amaze3991.Amaze3991.test_check_recent_file\",\"startStepsCount\":39,\"state\":\"start\"}","Screenshot":""}
{"Type":"Script","MonkeyStepsCount":39,"Time":"2026-04-09 09:24:18.740","Info":"{\"jsonrpc\": \"2.0\", \"id\": 1, \"method\": \"click\", \"params\": [79, 154]}","Screenshot":""}
{"Type":"Script","MonkeyStepsCount":39,"Time":"2026-04-09 09:24:19.598","Info":"{\"jsonrpc\": \"2.0\", \"id\": 1, \"method\": \"click\", \"params\": [418.0, 583.0]}","Screenshot":""}
{"Type":"Script","MonkeyStepsCount":39,"Time":"2026-04-09 09:24:21.262","Info":"{\"jsonrpc\": \"2.0\", \"id\": 1, \"method\": \"swipe\", \"params\": [500, 1850, 500, 250, 55]}","Screenshot":""}
{"Type":"Script","MonkeyStepsCount":39,"Time":"2026-04-09 09:24:24.199","Info":"{\"jsonrpc\": \"2.0\", \"id\": 1, \"method\": \"swipe\", \"params\": [500, 1850, 500, 250, 55]}","Screenshot":""}
{"Type":"Script","MonkeyStepsCount":39,"Time":"2026-04-09 09:24:27.063","Info":"{\"jsonrpc\": \"2.0\", \"id\": 1, \"method\": \"swipe\", \"params\": [500, 1850, 500, 250, 55]}","Screenshot":""}
{"Type":"Script","MonkeyStepsCount":39,"Time":"2026-04-09 09:24:29.896","Info":"{\"jsonrpc\": \"2.0\", \"id\": 1, \"method\": \"pressKey\", \"params\": [\"back\"]}","Screenshot":""}
{"Type":"ScriptInfo","MonkeyStepsCount":39,"Time":"2026-04-09 09:24:31.068","Info":"{\"propName\":\"amaze3991.Amaze3991.test_check_recent_file\",\"startStepsCount\":39,\"state\":\"fail\"}","Screenshot":""}
{"Type":"ScriptInfo","MonkeyStepsCount":39,"Time":"2026-04-09 09:24:31.374","Info":"{\"propName\":\"amaze3991.Amaze3991.test_modify_file\",\"startStepsCount\":39,\"state\":\"start\"}","Screenshot":""}
{"Type":"Script","MonkeyStepsCount":39,"Time":"2026-04-09 09:24:31.565","Info":"{\"jsonrpc\": \"2.0\", \"id\": 1, \"method\": \"click\", \"params\": [903.0, 160.0]}","Screenshot":""}
{"Type":"Script","MonkeyStepsCount":39,"Time":"2026-04-09 09:24:32.449","Info":"{\"jsonrpc\": \"2.0\", \"id\": 1, \"method\": \"click\", \"params\": [771.0, 160.0]}","Screenshot":""}
{"Type":"Script","MonkeyStepsCount":39,"Time":"2026-04-09 09:24:33.292","Info":"{\"jsonrpc\": \"2.0\", \"id\": 1, \"method\": \"setText\", \"params\": [{\"mask\": 2097152, \"childOrSibling\": [], \"childOrSiblingSelector\": [], \"resourceId\": \"com.amaze.filemanager.debug:id\/search_edit_text\"}, \"A.txt\"]}","Screenshot":""}
{"Type":"Script","MonkeyStepsCount":39,"Time":"2026-04-09 09:24:35.691","Info":"{\"jsonrpc\": \"2.0\", \"id\": 1, \"method\": \"click\", \"params\": [540.0, 606.5]}","Screenshot":""}
{"Type":"Script","MonkeyStepsCount":39,"Time":"2026-04-09 09:24:39.256","Info":"{\"jsonrpc\": \"2.0\", \"id\": 1, \"method\": \"click\", \"params\": [545.5, 821.5]}","Screenshot":""}
{"Type":"Script","MonkeyStepsCount":39,"Time":"2026-04-09 09:24:40.795","Info":"{\"jsonrpc\": \"2.0\", \"id\": 1, \"method\": \"setText\", \"params\": [{\"mask\": 2097152, \"childOrSibling\": [], \"childOrSiblingSelector\": [], \"resourceId\": \"com.amaze.filemanager.debug:id\/textEditorMainEditText\"}, \"HUYWJ55\"]}","Screenshot":""}
{"Type":"Script","MonkeyStepsCount":39,"Time":"2026-04-09 09:24:41.665","Info":"{\"jsonrpc\": \"2.0\", \"id\": 1, \"method\": \"pressKey\", \"params\": [\"back\"]}","Screenshot":""}
{"Type":"Script","MonkeyStepsCount":39,"Time":"2026-04-09 09:24:42.649","Info":"{\"jsonrpc\": \"2.0\", \"id\": 1, \"method\": \"click\", \"params\": [843.5, 1251.0]}","Screenshot":""}
{"Type":"Script","MonkeyStepsCount":39,"Time":"2026-04-09 09:24:44.425","Info":"{\"jsonrpc\": \"2.0\", \"id\": 1, \"method\": \"click\", \"params\": [771.0, 160.0]}","Screenshot":""}
{"Type":"Script","MonkeyStepsCount":39,"Time":"2026-04-09 09:24:46.105","Info":"{\"jsonrpc\": \"2.0\", \"id\": 1, \"method\": \"setText\", \"params\": [{\"mask\": 2097152, \"childOrSibling\": [], \"childOrSiblingSelector\": [], \"resourceId\": \"com.amaze.filemanager.debug:id\/search_edit_text\"}, \"A.txt\"]}","Screenshot":""}
{"Type":"Script","MonkeyStepsCount":39,"Time":"2026-04-09 09:24:49.414","Info":"{\"jsonrpc\": \"2.0\", \"id\": 1, \"method\": \"click\", \"params\": [540.0, 606.5]}","Screenshot":""}
{"Type":"Script","MonkeyStepsCount":39,"Time":"2026-04-09 09:24:52.512","Info":"{\"jsonrpc\": \"2.0\", \"id\": 1, \"method\": \"click\", \"params\": [545.5, 821.5]}","Screenshot":""}
{"Type":"Script","MonkeyStepsCount":39,"Time":"2026-04-09 09:24:54.054","Info":"{\"jsonrpc\": \"2.0\", \"id\": 1, \"method\": \"pressKey\", \"params\": [\"back\"]}","Screenshot":""}
{"Type":"ScriptInfo","MonkeyStepsCount":39,"Time":"2026-04-09 09:24:55.639","Info":"{\"propName\":\"amaze3991.Amaze3991.test_modify_file\",\"startStepsCount\":39,\"state\":\"pass\"}","Screenshot":""}
{"Type":"ScriptInfo","MonkeyStepsCount":39,"Time":"2026-04-09 09:24:56.913","Info":"{\"propName\":\"amaze3991.Amaze3991.test_check_recent_file\",\"startStepsCount\":39,\"state\":\"start\"}","Screenshot":""}
{"Type":"Script","MonkeyStepsCount":39,"Time":"2026-04-09 09:24:56.946","Info":"{\"jsonrpc\": \"2.0\", \"id\": 1, \"method\": \"click\", \"params\": [79, 154]}","Screenshot":""}
{"Type":"Script","MonkeyStepsCount":39,"Time":"2026-04-09 09:24:58.662","Info":"{\"jsonrpc\": \"2.0\", \"id\": 1, \"method\": \"click\", \"params\": [418.0, 583.0]}","Screenshot":""}
{"Type":"Script","MonkeyStepsCount":39,"Time":"2026-04-09 09:25:00.412","Info":"{\"jsonrpc\": \"2.0\", \"id\": 1, \"method\": \"pressKey\", \"params\": [\"back\"]}","Screenshot":""}
{"Type":"ScriptInfo","MonkeyStepsCount":39,"Time":"2026-04-09 09:25:00.627","Info":"{\"propName\":\"amaze3991.Amaze3991.test_check_recent_file\",\"startStepsCount\":39,\"state\":\"pass\"}","Screenshot":""}
{"Type":"ScriptInfo","MonkeyStepsCount":39,"Time":"2026-04-09 09:25:01.434","Info":"{\"propName\":\"amaze3991.Amaze3991.test_create_file\",\"startStepsCount\":39,\"state\":\"start\"}","Screenshot":""}
{"Type":"Script","MonkeyStepsCount":39,"Time":"2026-04-09 09:25:01.637","Info":"{\"jsonrpc\": \"2.0\", \"id\": 1, \"method\": \"click\", \"params\": [953.0, 2020.0]}","Screenshot":""}
{"Type":"Script","MonkeyStepsCount":39,"Time":"2026-04-09 09:25:02.499","Info":"{\"jsonrpc\": \"2.0\", \"id\": 1, \"method\": \"click\", \"params\": [770.0, 1674.5]}","Screenshot":""}
{"Type":"Script","MonkeyStepsCount":39,"Time":"2026-04-09 09:25:03.278","Info":"{\"jsonrpc\": \"2.0\", \"id\": 1, \"method\": \"setText\", \"params\": [{\"mask\": 2097153, \"childOrSibling\": [], \"childOrSiblingSelector\": [], \"resourceId\": \"com.amaze.filemanager.debug:id\/singleedittext_input\", \"text\": \".txt\"}, \"Q7xiYP.txt\"]}","Screenshot":""}
{"Type":"Script","MonkeyStepsCount":39,"Time":"2026-04-09 09:25:04.275","Info":"{\"jsonrpc\": \"2.0\", \"id\": 1, \"method\": \"click\", \"params\": [839.0, 1246.0]}","Screenshot":""}
{"Type":"ScriptInfo","MonkeyStepsCount":39,"Time":"2026-04-09 09:25:04.987","Info":"{\"propName\":\"amaze3991.Amaze3991.test_create_file\",\"startStepsCount\":39,\"state\":\"pass\"}","Screenshot":""}
